<!--
  PLAN-ROMM-001 X3 (AC-XUI-02): the RomM game library page (10-foot, Game-Pass style, per
  docs/wireframes/romm-xbox-library.svg): a count header + search box + read-only machine
  indicator, a virtualized cover-tile grid, an A-Z jump strip, a selected-game bar (slot +
  download progress), and the A/Y/X/B action bar. Auto-connects on open (scan + csdb-bridge as
  the Xbox user); the connection panel only surfaces when auto-connect could not sign in. Inert
  on the net10.0 fallback (the code-behind is #if HAS_UWP-guarded).
-->
<Page
    x:Class="ViceSharp.Xbox.Views.LibraryPage"
    xmlns="http://schemas.microsoft.com/winfx/2006/xaml/presentation"
    xmlns:x="http://schemas.microsoft.com/winfx/2006/xaml"
    xmlns:lvm="using:ViceSharp.Library.ViewModels"
    RequiresPointer="Never"
    Background="#F00A0A0A">
---
<!--
  PLAN-ROMM-001 X3 (AC-XUI-02): the RomM game library page (10-foot, Game-Pass style, per
  docs/wireframes/romm-xbox-library.svg): a count header + search box + read-only machine
  indicator, a virtualized cover-tile grid, an A-Z jump strip, a selected-game bar (slot +
  download progress), and the A/Y/X/B action bar. Auto-connects on open (scan + csdb-bridge as
  the Xbox user); the connection panel only surfaces when auto-connect could not sign in. Inert
  on the net10.0 fallback (the code-behind is #if HAS_UWP-guarded).
-->
<Page
    x:Class="ViceSharp.Xbox.Views.LibraryPage"
    xmlns="http://schemas.microsoft.com/winfx/2006/xaml/presentation"
    xmlns:x="http://schemas.microsoft.com/winfx/2006/xaml"
    xmlns:lvm="using:ViceSharp.Library.ViewModels"
    RequiresPointer="Never"
    Background="#F00A0A0A">
--- lengths ---
7392
7392


<!--
  PLAN-ROMM-001 X3 (AC-XUI-02): the RomM game library page (10-foot, Game-Pass style, per
  docs/wireframes/romm-xbox-library.svg): a count header + search box + read-only machine
  indicator, a virtualized cover-tile grid, an A-Z jump strip, a selected-game bar (slot +
  download progress), and the A/Y/X/B action bar. Auto-connects on open (scan + csdb-bridge as
  the Xbox user); the connection panel only surfaces when auto-connect could not sign in. Inert
  on the net10.0 fallback (the code-behind is #if HAS_UWP-guarded).
-->
<Page
    x:Class="ViceSharp.Xbox.Views.LibraryPage"
    xmlns="http://schemas.microsoft.com/winfx/2006/xaml/presentation"
    xmlns:x="http://schemas.microsoft.com/winfx/2006/xaml"
