
---
---other vpl---
==== colodore_vic.vpl ====
==== mike-ntsc.vpl ====
==== mike-pal.vpl ====
==== PALette.vpl ====
==== vice.vpl ====
Name
----
basic-901486-01.bin
chargen-901460-02.bin
chargen-901460-03.bin
colodore_vic.vpl
default.vrs
gtk3_pos_de.vkm
gtk3_pos_it.vkm
gtk3_pos.vkm
gtk3_sym_de.vkm
gtk3_sym_fr.vkm
gtk3_sym_it.vkm
gtk3_sym.vkm
kernal.901486-02.bin
kernal.901486-06.bin
kernal.901486-07.bin
Makefile
Makefile.am
Makefile.in
mike-ntsc.vpl
mike-pal.vpl
PALette.vpl
sdl_pos_de.vkm
sdl_pos_fi.vkm
sdl_pos_fr.vkm
sdl_pos_uk.vkm
sdl_pos.vkm
sdl_sym_de.vkm
sdl_sym_uk.vkm
sdl_sym.vkm
vice.vpl
#
# VICE Palette file: PALette_6561-101_v1
#
# Syntax:
# Red Green Blue Dither
#
# TYPE:VIC
# NAME:PALette 6561-101_v1 (by Tobias)

# Black
00 00 00

# White
FF FF FF

# Red
97 2A 2E

# Cyan
64 E3 DE

# Purple
AD 3C BF

# Green
5C DC 54

# Blue
40 32 B9

# Yellow
D7 E7 45

# Orange
BA 6A 24

# Light Orange
E1 B9 96

# Light Red
DA A3 A5

# Light Cyan
B6 F6 F3

# Light Purple
DE A6 E8

# Light Green
B2 F3 AF

# Light Blue
A6 9E E2

# Light Yellow
F4 FC AB
#
# VICE Palette file
#
# Syntax:
# Red Green Blue
#
# VIC palette based on http://www.colodore.com/
#
# TYPE:VIC
# NAME:Colodore (PAL)

00 00 00
ff ff ff
6d 23 27
a0 fe f8
8e 3c 97
7e da 75
25 23 90
ff ff 86
a4 64 3b
ff c8 a1
f2 a7 ab
db ff ff
ff b4 ff
d7 ff ce
9d 9a ff
ff ff c9
#
# VICE Palette file
#
# Syntax:
# Red Green Blue
#
# TYPE:VIC
# NAME:Mike (NTSC)

#
00 00 00

#
FF FF FF

#
F9 11 37

#
35 F9 F6

#
FF 3C C6

#
3C ED A9

#
0F 57 F7

#
FE E9 63

#
FB 62 44

#
FB BF DE

#
F3 AC E5

#
A8 EA DD

#
E6 B8 F7

#
AB DD A4

#
6A B3 E7

#
F7 DA A5

#
# VICE Palette file
#
# Syntax:
# Red Green Blue
#
# TYPE:VIC
# NAME:Mike (PAL)

# Black
00 00 00

# White
FF FF FF

# Red
B6 1F 21

# Cyan
4D F0 FF

# Purple
B4 3F FF

# Green
44 E2 37

# Blue
1A 34 FF

# Yellow
DC D7 1B

# Orange
CA 54 00

# Light Orange
E9 B0 72

# Light Red
E7 92 93

# Light Cyan
9A F7 FD

# Light Purple
E0 9F FF

# Light Green
8F E4 93

# Light Blue
82 90 FF

# Light Yellow
E5 DE 85
#
# VICE Palette file: PALette_6561-101_v1
#
# Syntax:
# Red Green Blue Dither
#
# TYPE:VIC
# NAME:PALette 6561-101_v1 (by Tobias)

# Black
00 00 00

# White
FF FF FF

# Red
97 2A 2E

# Cyan
64 E3 DE

# Purple
AD 3C BF

# Green
5C DC 54

# Blue
40 32 B9

# Yellow
D7 E7 45

# Orange
BA 6A 24

# Light Orange
E1 B9 96

# Light Red
DA A3 A5

# Light Cyan
B6 F6 F3

# Light Purple
DE A6 E8

# Light Green
B2 F3 AF

# Light Blue
A6 9E E2

# Light Yellow
F4 FC AB
#
# VICE Palette file
#
# Syntax:
# Red Green Blue
#
# TYPE:VIC
# NAME:original VICE palette

# Black
00 00 00

# White
FF FF FF

# Red
F0 00 00

# Cyan
00 F0 F0

# Purple
60 00 60

# Green
00 A0 00

# Blue
00 00 F0

# Yellow
D0 D0 00

# Orange
C0 A0 00

# Light Orange
FF A0 00

# Pink
F0 80 80

# Light Cyan
00 FF FF

# Light Purple
FF 00 FF

# Light Green
00 FF 00

# Light Blue
00 A0 FF

# Light Yellow
FF FF 00

