UNINSTALL1=0
STILL: ViceSharp 1.3.1 {E09486F5-A078-4EFB-9D6B-A937F07A9F51}
Remove-Item: A positional parameter cannot be found that accepts argument 'Files\ViceSharp'.
REMOVED_DIR
16:29:31 [DBG]   Determining projects to restore...
16:29:31 [DBG]   All projects are up-to-date for restore.
16:30:39 [DBG]   ViceSharp.Installer -> F:\GitHub\vice-sharp\installer\bin\x64\Release\ViceSharp.msi
16:30:39 [DBG] 
16:30:39 [DBG] Build succeeded.
16:30:39 [DBG]     0 Warning(s)
16:30:39 [DBG]     0 Error(s)
16:30:39 [DBG] 
16:30:39 [DBG] Time Elapsed 00:01:08.65
16:30:39 [INF] MSI ready: F:\GitHub\vice-sharp\artifacts\installer\ViceSharp.msi (40,341,504 bytes)
​
╬═══════════════
║ InstallMsi
╬══════
​
16:30:39 [INF] Installing F:\GitHub\vice-sharp\artifacts\installer\ViceSharp.msi via gsudo.exe -> msiexec /qn (will trigger UAC prompt)
16:30:44 [INF] InstallMsi complete (exit 0)
​
╬══════════════════════
║ Errors & Warnings
╬═════════════
​
[WRN] PublishMsi: C:\Users\kingd\.nuget\packages\avalonia\12.0.5\lib\net10.0\Avalonia.DesignerSupport.dll : warning IL2104: Assembly 'Avalonia.DesignerSupport' produced trim warnings. For more information see https://aka.ms/il2104 [F:\GitHub\vice-sharp\src\ViceSharp.Avalonia\ViceSharp.Avalonia.csproj]
[WRN] PublishMsi: C:\Users\kingd\.nuget\packages\grpc.aspnetcore.server.reflection\2.80.0\lib\net10.0\Grpc.AspNetCore.Server.Reflection.dll : warning IL2104: Assembly 'Grpc.AspNetCore.Server.Reflection' produced trim warnings. For more information see https://aka.ms/il2104 [F:\GitHub\vice-sharp\src\ViceSharp.Avalonia\ViceSharp.Avalonia.csproj]
[WRN] PublishMsi: C:\Users\kingd\.nuget\packages\microsoft.aspnetcore.app.runtime.win-x64\10.0.10\runtimes\win-x64\lib\net10.0\Microsoft.AspNetCore.Components.dll : warning IL2104: Assembly 'Microsoft.AspNetCore.Components' produced trim warnings. For more information see https://aka.ms/il2104 [F:\GitHub\vice-sharp\src\ViceSharp.Avalonia\ViceSharp.Avalonia.csproj]
[WRN] PublishMsi: C:\Users\kingd\.nuget\packages\microsoft.aspnetcore.app.runtime.win-x64\10.0.10\runtimes\win-x64\lib\net10.0\Microsoft.AspNetCore.Components.Endpoints.dll : warning IL2104: Assembly 'Microsoft.AspNetCore.Components.Endpoints' produced trim warnings. For more information see https://aka.ms/il2104 [F:\GitHub\vice-sharp\src\ViceSharp.Avalonia\ViceSharp.Avalonia.csproj]
[WRN] PublishMsi: C:\Users\kingd\.nuget\packages\microsoft.aspnetcore.app.runtime.win-x64\10.0.10\runtimes\win-x64\lib\net10.0\Microsoft.AspNetCore.Components.Server.dll : warning IL2104: Assembly 'Microsoft.AspNetCore.Components.Server' produced trim warnings. For more information see https://aka.ms/il2104 [F:\GitHub\vice-sharp\src\ViceSharp.Avalonia\ViceSharp.Avalonia.csproj]
[WRN] PublishMsi: C:\Users\kingd\.nuget\packages\microsoft.aspnetcore.app.runtime.win-x64\10.0.10\runtimes\win-x64\lib\net10.0\Microsoft.AspNetCore.Mvc.Core.dll : warning IL2104: Assembly 'Microsoft.AspNetCore.Mvc.Core' produced trim warnings. For more information see https://aka.ms/il2104 [F:\GitHub\vice-sharp\src\ViceSharp.Avalonia\ViceSharp.Avalonia.csproj]
[WRN] PublishMsi: C:\Users\kingd\.nuget\packages\microsoft.aspnetcore.app.runtime.win-x64\10.0.10\runtimes\win-x64\lib\net10.0\Microsoft.AspNetCore.Mvc.DataAnnotations.dll : warning IL2104: Assembly 'Microsoft.AspNetCore.Mvc.DataAnnotations' produced trim warnings. For more information see https://aka.ms/il2104 [F:\GitHub\vice-sharp\src\ViceSharp.Avalonia\ViceSharp.Avalonia.csproj]
[WRN] PublishMsi: C:\Users\kingd\.nuget\packages\microsoft.aspnetcore.app.runtime.win-x64\10.0.10\runtimes\win-x64\lib\net10.0\Microsoft.AspNetCore.Mvc.dll : warning IL2104: Assembly 'Microsoft.AspNetCore.Mvc' produced trim warnings. For more information see https://aka.ms/il2104 [F:\GitHub\vice-sharp\src\ViceSharp.Avalonia\ViceSharp.Avalonia.csproj]
[WRN] PublishMsi: C:\Users\kingd\.nuget\packages\microsoft.aspnetcore.app.runtime.win-x64\10.0.10\runtimes\win-x64\lib\net10.0\Microsoft.AspNetCore.Mvc.Formatters.Xml.dll : warning IL2104: Assembly 'Microsoft.AspNetCore.Mvc.Formatters.Xml' produced trim warnings. For more information see https://aka.ms/il2104 [F:\GitHub\vice-sharp\src\ViceSharp.Avalonia\ViceSharp.Avalonia.csproj]
[WRN] PublishMsi: C:\Users\kingd\.nuget\packages\microsoft.aspnetcore.app.runtime.win-x64\10.0.10\runtimes\win-x64\lib\net10.0\Microsoft.AspNetCore.Mvc.Razor.dll : warning IL2104: Assembly 'Microsoft.AspNetCore.Mvc.Razor' produced trim warnings. For more information see https://aka.ms/il2104 [F:\GitHub\vice-sharp\src\ViceSharp.Avalonia\ViceSharp.Avalonia.csproj]
[WRN] PublishMsi: C:\Users\kingd\.nuget\packages\microsoft.aspnetcore.app.runtime.win-x64\10.0.10\runtimes\win-x64\lib\net10.0\Microsoft.AspNetCore.Mvc.RazorPages.dll : warning IL2104: Assembly 'Microsoft.AspNetCore.Mvc.RazorPages' produced trim warnings. For more information see https://aka.ms/il2104 [F:\GitHub\vice-sharp\src\ViceSharp.Avalonia\ViceSharp.Avalonia.csproj]
[WRN] PublishMsi: C:\Users\kingd\.nuget\packages\microsoft.aspnetcore.app.runtime.win-x64\10.0.10\runtimes\win-x64\lib\net10.0\Microsoft.AspNetCore.Mvc.TagHelpers.dll : warning IL2104: Assembly 'Microsoft.AspNetCore.Mvc.TagHelpers' produced trim warnings. For more information see https://aka.ms/il2104 [F:\GitHub\vice-sharp\src\ViceSharp.Avalonia\ViceSharp.Avalonia.csproj]
[WRN] PublishMsi: C:\Users\kingd\.nuget\packages\microsoft.aspnetcore.app.runtime.win-x64\10.0.10\runtimes\win-x64\lib\net10.0\Microsoft.AspNetCore.Mvc.ViewFeatures.dll : warning IL2104: Assembly 'Microsoft.AspNetCore.Mvc.ViewFeatures' produced trim warnings. For more information see https://aka.ms/il2104 [F:\GitHub\vice-sharp\src\ViceSharp.Avalonia\ViceSharp.Avalonia.csproj]
[WRN] PublishMsi: C:\Users\kingd\.nuget\packages\microsoft.aspnetcore.app.runtime.win-x64\10.0.10\runtimes\win-x64\lib\net10.0\Microsoft.JSInterop.dll : warning IL2104: Assembly 'Microsoft.JSInterop' produced trim warnings. For more information see https://aka.ms/il2104 [F:\GitHub\vice-sharp\src\ViceSharp.Avalonia\ViceSharp.Avalonia.csproj]
[WRN] PublishMsi: C:\Users\kingd\.nuget\packages\sharpninja.avalonia.remotecontrol.runtime\0.7.4\lib\net10.0\Avalonia.RemoteControl.Runtime.dll : warning IL2104: Assembly 'Avalonia.RemoteControl.Runtime' produced trim warnings. For more information see https://aka.ms/il2104 [F:\GitHub\vice-sharp\src\ViceSharp.Avalonia\ViceSharp.Avalonia.csproj]
[WRN] PublishMsi: C:\Users\kingd\.nuget\packages\yamldotnet\18.1.0\lib\net10.0\YamlDotNet.dll : warning IL2104: Assembly 'YamlDotNet' produced trim warnings. For more information see https://aka.ms/il2104 [F:\GitHub\vice-sharp\src\ViceSharp.Avalonia\ViceSharp.Avalonia.csproj]
​
═══════════════════════════════════════
Target             Status      Duration
───────────────────────────────────────
Restore            Succeeded       0:02
PublishMsi         Succeeded       2:13
InstallMsi         Succeeded       0:04
───────────────────────────────────────
Total                              2:21
═══════════════════════════════════════
​
Build succeeded on 8/11/2026 4:30:44 PM. ＼（＾ᴗ＾）／
EXIT=0 LOG=docs\_deploy-desktop-2026-08-11_162817b.log
