
   DIV first=20753
C:\Users\kingd\AppData\Local\Temp\grok-goal-7d45b1115e21\implementer\vic20-everycycle-diverge-20753.log:17:c=20749 
nPC=$FDAF mPC=$FDAF nA=$00 mA=$00 nX=$04 mX=$04 nY=$00 mY=$00 nS=$FD mS=$FD nP=$26 mP=$26 dbgCyc=2 op=$E6 bound=False 
trail=1 fullBr=False mis=False
C:\Users\kingd\AppData\Local\Temp\grok-goal-7d45b1115e21\implementer\vic20-everycycle-diverge-20753.log:18:c=20750 
nPC=$FDB1 mPC=$FDB1 nA=$00 mA=$00 nX=$04 mX=$04 nY=$00 mY=$00 nS=$FD mS=$FD nP=$26 mP=$26 dbgCyc=1 op=$E6 bound=False 
trail=1 fullBr=False mis=False
C:\Users\kingd\AppData\Local\Temp\grok-goal-7d45b1115e21\implementer\vic20-everycycle-diverge-20753.log:19:c=20751 
nPC=$FDB1 mPC=$FDB1 nA=$00 mA=$00 nX=$04 mX=$04 nY=$00 mY=$00 nS=$FD mS=$FD nP=$26 mP=$26 dbgCyc=0 op=$E6 bound=True 
trail=1 fullBr=False mis=False
C:\Users\kingd\AppData\Local\Temp\grok-goal-7d45b1115e21\implementer\vic20-everycycle-diverge-20753.log:20:c=20752 
nPC=$FDB1 mPC=$FDB1 nA=$00 mA=$00 nX=$04 mX=$04 nY=$00 mY=$00 nS=$FD mS=$FD nP=$26 mP=$26 dbgCyc=1 op=$D0 bound=False 
trail=2 fullBr=False mis=False
C:\Users\kingd\AppData\Local\Temp\grok-goal-7d45b1115e21\implementer\vic20-everycycle-diverge-20753.log:21:c=20753 
nPC=$FDB1 mPC=$FDB3 nA=$00 mA=$00 nX=$04 mX=$04 nY=$00 mY=$00 nS=$FD mS=$FD nP=$26 mP=$26 dbgCyc=0 op=$D0 bound=True 
trail=2 fullBr=False mis=True
C:\Users\kingd\AppData\Local\Temp\grok-goal-7d45b1115e21\implementer\vic20-everycycle-diverge-20753.log:22:c=20754 
nPC=$FDB3 mPC=$FDB3 nA=$00 mA=$00 nX=$04 mX=$04 nY=$00 mY=$00 nS=$FD mS=$FD nP=$26 mP=$26 dbgCyc=4 op=$E6 bound=False 
trail=1 fullBr=False mis=False
C:\Users\kingd\AppData\Local\Temp\grok-goal-7d45b1115e21\implementer\vic20-everycycle-diverge-20753.log:23:c=20755 
nPC=$FDB3 mPC=$FDB3 nA=$00 mA=$00 nX=$04 mX=$04 nY=$00 mY=$00 nS=$FD mS=$FD nP=$26 mP=$26 dbgCyc=3 op=$E6 bound=False 
trail=1 fullBr=False mis=False
C:\Users\kingd\AppData\Local\Temp\grok-goal-7d45b1115e21\implementer\vic20-everycycle-diverge-20753.log:24:c=20756 
nPC=$FDB3 mPC=$FDB5 nA=$00 mA=$00 nX=$04 mX=$04 nY=$00 mY=$00 nS=$FD mS=$FD nP=$26 mP=$26 dbgCyc=2 op=$E6 bound=False 
trail=1 fullBr=False mis=True
C:\Users\kingd\AppData\Local\Temp\grok-goal-7d45b1115e21\implementer\vic20-everycycle-diverge-20753.log:25:c=20757 
nPC=$FDB5 mPC=$FDB5 nA=$00 mA=$00 nX=$04 mX=$04 nY=$00 mY=$00 nS=$FD mS=$FD nP=$24 mP=$24 dbgCyc=1 op=$E6 bound=False 
trail=1 fullBr=False mis=False
C:\Users\kingd\AppData\Local\Temp\grok-goal-7d45b1115e21\implementer\vic20-everycycle-diverge-20753.log:26:c=20758 
nPC=$FDB5 mPC=$FDB5 nA=$00 mA=$00 nX=$04 mX=$04 nY=$00 mY=$00 nS=$FD mS=$FD nP=$24 mP=$24 dbgCyc=0 op=$E6 bound=True 
trail=1 fullBr=False mis=False
C:\Users\kingd\AppData\Local\Temp\grok-goal-7d45b1115e21\implementer\vic20-everycycle-diverge-20753.log:27:c=20759 
nPC=$FDB5 mPC=$FDB5 nA=$00 mA=$00 nX=$04 mX=$04 nY=$00 mY=$00 nS=$FD mS=$FD nP=$24 mP=$24 dbgCyc=5 op=$20 bound=False 
trail=3 fullBr=False mis=False
C:\Users\kingd\AppData\Local\Temp\grok-goal-7d45b1115e21\implementer\vic20-everycycle-diverge-20753.log:28:c=20760 
nPC=$FDB5 mPC=$FDB5 nA=$00 mA=$00 nX=$04 mX=$04 nY=$00 mY=$00 nS=$FD mS=$FD nP=$24 mP=$24 dbgCyc=4 op=$20 bound=False 
trail=3 fullBr=False mis=False
C:\Users\kingd\AppData\Local\Temp\grok-goal-7d45b1115e21\implementer\vic20-everycycle-diverge-20753.log:29:c=20761 
nPC=$FDB5 mPC=$FDB7 nA=$00 mA=$00 nX=$04 mX=$04 nY=$00 mY=$00 nS=$FD mS=$FC nP=$24 mP=$24 dbgCyc=3 op=$20 bound=False 
trail=3 fullBr=False mis=True
C:\Users\kingd\AppData\Local\Temp\grok-goal-7d45b1115e21\implementer\vic20-everycycle-diverge-20753.log:30:c=20762 
nPC=$FDB7 mPC=$FDB7 nA=$00 mA=$00 nX=$04 mX=$04 nY=$00 mY=$00 nS=$FC mS=$FB nP=$24 mP=$24 dbgCyc=2 op=$20 bound=False 
trail=3 fullBr=False mis=True
C:\Users\kingd\AppData\Local\Temp\grok-goal-7d45b1115e21\implementer\vic20-everycycle-diverge-20753.log:31:c=20763 
nPC=$FDB7 mPC=$FDB7 nA=$00 mA=$00 nX=$04 mX=$04 nY=$00 mY=$00 nS=$FB mS=$FB nP=$24 mP=$24 dbgCyc=1 op=$20 bound=False 
trail=3 fullBr=False mis=False
C:\Users\kingd\AppData\Local\Temp\grok-goal-7d45b1115e21\implementer\vic20-everycycle-diverge-20753.log:32:c=20764 
nPC=$FDB7 mPC=$FE91 nA=$00 mA=$00 nX=$04 mX=$04 nY=$00 mY=$00 nS=$FB mS=$FB nP=$24 mP=$24 dbgCyc=0 op=$20 bound=False 
trail=3 fullBr=False mis=True
C:\Users\kingd\AppData\Local\Temp\grok-goal-7d45b1115e21\implementer\vic20-everycycle-diverge-20753.log:33:c=20765 
nPC=$FE91 mPC=$FE91 nA=$00 mA=$00 nX=$04 mX=$04 nY=$00 mY=$00 nS=$FB mS=$FB nP=$24 mP=$24 dbgCyc=4 op=$B1 bound=False 
trail=4 fullBr=False mis=False
C:\Users\kingd\AppData\Local\Temp\grok-goal-7d45b1115e21\implementer\vic20-everycycle-diverge-20753.log:34:c=20766 
nPC=$FE91 mPC=$FE91 nA=$00 mA=$00 nX=$04 mX=$04 nY=$00 mY=$00 nS=$FB mS=$FB nP=$24 mP=$24 dbgCyc=3 op=$B1 bound=False 
trail=4 fullBr=False mis=False
C:\Users\kingd\AppData\Local\Temp\grok-goal-7d45b1115e21\implementer\vic20-everycycle-diverge-20753.log:35:c=20767 
nPC=$FE91 mPC=$FE91 nA=$00 mA=$00 nX=$04 mX=$04 nY=$00 mY=$00 nS=$FB mS=$FB nP=$24 mP=$24 dbgCyc=2 op=$B1 bound=False 
trail=4 fullBr=False mis=False
C:\Users\kingd\AppData\Local\Temp\grok-goal-7d45b1115e21\implementer\vic20-everycycle-diverge-20753.log:36:c=20768 
nPC=$FE91 mPC=$FE91 nA=$00 mA=$00 nX=$04 mX=$04 nY=$00 mY=$00 nS=$FB mS=$FB nP=$24 mP=$24 dbgCyc=1 op=$B1 bound=False 
trail=4 fullBr=False mis=False
C:\Users\kingd\AppData\Local\Temp\grok-goal-7d45b1115e21\implementer\vic20-everycycle-diverge-20753.log:37:c=20769 
nPC=$FE91 mPC=$FE93 nA=$05 mA=$05 nX=$04 mX=$04 nY=$00 mY=$00 nS=$FB mS=$FB nP=$24 mP=$24 dbgCyc=0 op=$B1 bound=True 
trail=4 fullBr=False mis=True
C:\Users\kingd\AppData\Local\Temp\grok-goal-7d45b1115e21\implementer\vic20-everycycle-diverge-20753.log:38:c=20770 
nPC=$FE93 mPC=$FE93 nA=$05 mA=$05 nX=$04 mX=$04 nY=$00 mY=$00 nS=$FB mS=$FB nP=$24 mP=$24 dbgCyc=1 op=$AA bound=False 
trail=1 fullBr=False mis=False
C:\Users\kingd\AppData\Local\Temp\grok-goal-7d45b1115e21\implementer\vic20-everycycle-diverge-20753.log:39:c=20771 
nPC=$FE93 mPC=$FE94 nA=$05 mA=$05 nX=$04 mX=$05 nY=$00 mY=$00 nS=$FB mS=$FB nP=$24 mP=$24 dbgCyc=0 op=$AA bound=True 
trail=1 fullBr=False mis=True
C:\Users\kingd\AppData\Local\Temp\grok-goal-7d45b1115e21\implementer\vic20-everycycle-diverge-20753.log:40:c=20772 
nPC=$FE94 mPC=$FE94 nA=$05 mA=$05 nX=$05 mX=$05 nY=$00 mY=$00 nS=$FB mS=$FB nP=$24 mP=$24 dbgCyc=1 op=$A9 bound=False 
trail=0 fullBr=False mis=False
C:\Users\kingd\AppData\Local\Temp\grok-goal-7d45b1115e21\implementer\vic20-everycycle-diverge-20753.log:41:c=20773 
nPC=$FE94 mPC=$FE96 nA=$05 mA=$55 nX=$05 mX=$05 nY=$00 mY=$00 nS=$FB mS=$FB nP=$24 mP=$24 dbgCyc=0 op=$A9 bound=True 
trail=0 fullBr=False mis=True

