Test run for F:\GitHub\vice-sharp\tests\ViceSharp.TestHarness\bin\Release\net10.0\ViceSharp.TestHarness.dll (.NETCoreApp,Version=v10.0)
A total of 1 test files matched the specified pattern.
[xUnit.net 00:00:04.25]     ViceSharp.TestHarness.Vic20.Vic20DivergeProbe.EveryCycle_CpuRegs_Match_TwoSecondPal [FAIL]
  Failed ViceSharp.TestHarness.Vic20.Vic20DivergeProbe.EveryCycle_CpuRegs_Match_TwoSecondPal [2 s]
  Error Message:
   DIV first=541183 matchedCycles=541182 budget=2216810
c=541172 nPC=$DC61 mPC=$DC61 nA=$9B mA=$9B nX=$61 mX=$61 nY=$00 mY=$00 nS=$F7 mS=$F7 nP=$22 mP=$22 dbgCyc=1 op=$B1 trail=1 nonOvlR=True nonOvlF=True dly=False stg=True irq=0 mis=False
c=541173 nPC=$DC63 mPC=$DC63 nA=$9B mA=$9B nX=$61 mX=$61 nY=$00 mY=$00 nS=$F7 mS=$F7 nP=$A0 mP=$A0 dbgCyc=0 op=$B1 trail=1 nonOvlR=True nonOvlF=True dly=False stg=False irq=0 mis=False
c=541174 nPC=$DC63 mPC=$DC63 nA=$9B mA=$9B nX=$61 mX=$61 nY=$00 mY=$00 nS=$F7 mS=$F7 nP=$A0 mP=$A0 dbgCyc=1 op=$C8 trail=1 nonOvlR=True nonOvlF=True dly=False stg=False irq=0 mis=False
c=541175 nPC=$DC64 mPC=$DC64 nA=$9B mA=$9B nX=$61 mX=$61 nY=$01 mY=$01 nS=$F7 mS=$F7 nP=$20 mP=$20 dbgCyc=0 op=$C8 trail=1 nonOvlR=True nonOvlF=True dly=False stg=False irq=0 mis=False
c=541176 nPC=$DC64 mPC=$DC64 nA=$9B mA=$9B nX=$61 mX=$61 nY=$01 mY=$01 nS=$F7 mS=$F7 nP=$20 mP=$20 dbgCyc=1 op=$AA trail=0 nonOvlR=True nonOvlF=True dly=False stg=False irq=0 mis=False
c=541177 nPC=$DC65 mPC=$DC65 nA=$9B mA=$9B nX=$9B mX=$9B nY=$01 mY=$01 nS=$F7 mS=$F7 nP=$A0 mP=$A0 dbgCyc=0 op=$AA trail=0 nonOvlR=True nonOvlF=True dly=False stg=False irq=0 mis=False
c=541178 nPC=$DC65 mPC=$DC65 nA=$9B mA=$9B nX=$9B mX=$9B nY=$01 mY=$01 nS=$F7 mS=$F7 nP=$A0 mP=$A0 dbgCyc=1 op=$F0 trail=0 nonOvlR=True nonOvlF=True dly=False stg=False irq=0 mis=False
c=541179 nPC=$DC67 mPC=$DC67 nA=$9B mA=$9B nX=$9B mX=$9B nY=$01 mY=$01 nS=$F7 mS=$F7 nP=$A0 mP=$A0 dbgCyc=0 op=$F0 trail=0 nonOvlR=True nonOvlF=True dly=False stg=False irq=0 mis=False
c=541180 nPC=$DC67 mPC=$DC67 nA=$9B mA=$9B nX=$9B mX=$9B nY=$01 mY=$01 nS=$F7 mS=$F7 nP=$A0 mP=$A0 dbgCyc=4 op=$B1 trail=1 nonOvlR=True nonOvlF=True dly=False stg=False irq=0 mis=False
c=541181 nPC=$DC67 mPC=$DC67 nA=$9B mA=$9B nX=$9B mX=$9B nY=$01 mY=$01 nS=$F7 mS=$F7 nP=$A0 mP=$A0 dbgCyc=3 op=$B1 trail=1 nonOvlR=True nonOvlF=True dly=False stg=False irq=0 mis=False
c=541182 nPC=$DC67 mPC=$DC67 nA=$9B mA=$9B nX=$9B mX=$9B nY=$01 mY=$01 nS=$F7 mS=$F7 nP=$A0 mP=$A0 dbgCyc=2 op=$B1 trail=1 nonOvlR=True nonOvlF=True dly=False stg=False irq=0 mis=False
c=541183 nPC=$DC67 mPC=$DC67 nA=$3E mA=$9B nX=$9B mX=$9B nY=$01 mY=$01 nS=$F7 mS=$F7 nP=$A0 mP=$A0 dbgCyc=1 op=$B1 trail=1 nonOvlR=True nonOvlF=True dly=False stg=True irq=0 mis=True
bus: m$C1=$00 m$C2=$20 n$C1=$00 n$C2=$20 m$C3=$6D m$C4=$FD n$C3=$6D n$C4=$FD m$0314=$BF n$0314=$BF

  Stack Trace:
     at ViceSharp.TestHarness.Vic20.Vic20DivergeProbe.RunEveryCycle(Int32 budget) in F:\GitHub\vice-sharp\tests\ViceSharp.TestHarness\Vic20\Vic20DivergeProbe.cs:line 123
   at ViceSharp.TestHarness.Vic20.Vic20DivergeProbe.EveryCycle_CpuRegs_Match_TwoSecondPal() in F:\GitHub\vice-sharp\tests\ViceSharp.TestHarness\Vic20\Vic20DivergeProbe.cs:line 47
   at System.Reflection.MethodBaseInvoker.InterpretedInvoke_Method(Object obj, IntPtr* args)
   at System.Reflection.MethodBaseInvoker.InvokeWithNoArgs(Object obj, BindingFlags invokeAttr)

Failed!  - Failed:     1, Passed:     0, Skipped:     0, Total:     1, Duration: 2 s - ViceSharp.TestHarness.dll (net10.0)
2S_EXIT=1
