[33mf45bbc2[m docs(grok): archive session transcript, plan, and goal plan
[33m85396c8[m feat(vic20): Phase A pixel index lockstep scaffolding (AC-PX-02 red)
[33md20d340[m docs: refresh for cancelled Xbox/Store and FE3/pixel status

FullName                                                                                             Length
--------                                                                                             ------
F:\GitHub\vice-sharp\docs\grok\2026-08-11-vic20-exact-session                                        
F:\GitHub\vice-sharp\docs\grok\README.md                                                             923
F:\GitHub\vice-sharp\docs\grok\2026-08-11-vic20-exact-session\goal                                   
F:\GitHub\vice-sharp\docs\grok\2026-08-11-vic20-exact-session\chat_history.jsonl                     2175124
F:\GitHub\vice-sharp\docs\grok\2026-08-11-vic20-exact-session\plan.md                                23805
F:\GitHub\vice-sharp\docs\grok\2026-08-11-vic20-exact-session\TRANSCRIPT.md                          1027810
F:\GitHub\vice-sharp\docs\grok\2026-08-11-vic20-exact-session\goal\goal-classifier-32799c5b1a25-2.md 15513
F:\GitHub\vice-sharp\docs\grok\2026-08-11-vic20-exact-session\goal\goal-classifier-607a2dad3956-2.md 15865
F:\GitHub\vice-sharp\docs\grok\2026-08-11-vic20-exact-session\goal\goal-classifier-7d45b1115e21-2.md 12185
F:\GitHub\vice-sharp\docs\grok\2026-08-11-vic20-exact-session\goal\goal-classifier-a8b508754f9e-2.md 23567
F:\GitHub\vice-sharp\docs\grok\2026-08-11-vic20-exact-session\goal\goal-classifier-c660a9d0ca87-2.md 15747
F:\GitHub\vice-sharp\docs\grok\2026-08-11-vic20-exact-session\goal\goal-classifier-f7270d7293dd-1.md 10754
F:\GitHub\vice-sharp\docs\grok\2026-08-11-vic20-exact-session\goal\plan.baseline.md                  6872
F:\GitHub\vice-sharp\docs\grok\2026-08-11-vic20-exact-session\goal\plan.md                           6872
F:\GitHub\vice-sharp\docs\grok\2026-08-11-vic20-exact-session\goal\state.json                        5870

