
FullName                                                                                                      Length La
                                                                                                                     st
                                                                                                                     Wr
                                                                                                                     it
                                                                                                                     eT
                                                                                                                     im
                                                                                                                     e
--------                                                                                                      ------ --
C:\Users\kingd\.grok\sessions\F%3A%5CGitHub%5Cvice-sharp\019fd0df-383d-7fc0-9f0a-69785afd78ed\goal\plan.md      6872 8.
C:\Users\kingd\.grok\sessions\F%3A%5CGitHub%5Cvice-sharp\019fd0df-383d-7fc0-9f0a-69785afd78ed\plan.md          23805 8.
C:\Users\kingd\.grok\sessions\F%3A%5CGitHub%5CBBCrawler\019ff13a-2cf0-7120-bfef-fcbc946845f4\plan.md           19634 8.
C:\Users\kingd\.grok\sessions\F%3A%5CGitHub%5CMcpServer\019fdc74-8449-78f0-a2e3-75c36e736036\plan.md           14347 8.
C:\Users\kingd\.grok\sessions\F%3A%5CGitHub%5CMcpServer\019fdc74-8449-78f0-a2e3-75c36e736036\goal\plan.md       2210 8.
C:\Users\kingd\.grok\sessions\F%3A%5CGitHub%5Cvice-sharp\019fd336-74ea-7913-8042-400cc918967f\plan.md          14862 8.
C:\Users\kingd\.grok\sessions\F%3A%5CGitHub%5CGrokOS\019fc207-f629-7fe3-afb8-02d6bf8f5c85\plan.md              38639 8.
C:\Users\kingd\.grok\sessions\F%3A%5CGitHub%5CMouseKeyProxy\019f4985-dfd4-70e2-884a-42eabb494faf\goal\plan.md   5455 7.
C:\Users\kingd\.grok\sessions\F%3A%5CGitHub%5CMcpServer\019f9998-438c-7420-961c-8e51ba13460e\plan.md           16449 7.
C:\Users\kingd\.grok\sessions\F%3A%5CGitHub%5CRomM\019f62b7-d505-78e0-95da-9132f7506df7\goal\plan.md            6059 7.
C:\Users\kingd\.grok\sessions\F%3A%5CGitHub%5CRomM\019f62b7-d505-78e0-95da-9132f7506df7\plan.md                28147 7.
C:\Users\kingd\.grok\sessions\F%3A%5CGitHub%5CImageArchive\019f61f6-979d-7d51-89e1-3d5ce1c855f6\plan.md        11370 7.
C:\Users\kingd\.grok\sessions\F%3A%5CGitHub%5CImageArchive\019f61f6-979d-7d51-89e1-3d5ce1c855f6\goal\plan.md    6874 7.
C:\Users\kingd\.grok\sessions\F%3A%5CGitHub%5CEternalX.Blazor\019f5c91-feb2-7791-96ac-d2574b3fec15\plan.md     16195 7.
C:\Users\kingd\.grok\sessions\F%3A%5CGitHub%5Cvice-sharp\019fd0df-383d-7fc0-9f0a-69785afd78ed\goal                   8.
C:\Users\kingd\.grok\sessions\F%3A%5CGitHub%5Cvice-sharp\019fd0df-383d-7fc0-9f0a-69785afd78ed\goal\goal-clas.  23567 8.
C:\Users\kingd\.grok\sessions\F%3A%5CGitHub%5CMouseKeyProxy\019f4985-dfd4-70e2-884a-42eabb494faf\goal                8.
C:\Users\kingd\.grok\sessions\F%3A%5CGitHub%5CMcpServer\019fdc74-8449-78f0-a2e3-75c36e736036\goal                    8.
C:\Users\kingd\.grok\sessions\F%3A%5CGitHub%5CMcpServer\019fdc74-8449-78f0-a2e3-75c36e736036\goal\goal-class.  23815 8.
C:\Users\kingd\.grok\sessions\F%3A%5CGitHub%5Cvice-sharp\019fd0df-383d-7fc0-9f0a-69785afd78ed\goal\goal-clas.  10754 8.
C:\Users\kingd\.grok\sessions\F%3A%5CGitHub%5Cvice-sharp\019fd0df-383d-7fc0-9f0a-69785afd78ed\goal\goal-clas.  15747 8.
C:\Users\kingd\.grok\sessions\F%3A%5CGitHub%5Cvice-sharp\019fd0df-383d-7fc0-9f0a-69785afd78ed\goal\goal-clas.  12185 8.
C:\Users\kingd\.grok\sessions\F%3A%5CGitHub%5Cvice-sharp\019fd0df-383d-7fc0-9f0a-69785afd78ed\goal\goal-clas.  15865 8.
C:\Users\kingd\.grok\sessions\F%3A%5CGitHub%5Cvice-sharp\019fd0df-383d-7fc0-9f0a-69785afd78ed\goal\goal-clas.  15513 8.
C:\Users\kingd\.grok\sessions\F%3A%5CGitHub%5CMouseKeyProxy\019f4985-dfd4-70e2-884a-42eabb494faf\goal\goal-c.  14802 7.
C:\Users\kingd\.grok\sessions\F%3A%5CGitHub%5CRomM\019f62b7-d505-78e0-95da-9132f7506df7\goal\goal-classifier.  18354 7.
C:\Users\kingd\.grok\sessions\F%3A%5CGitHub%5CRomM\019f62b7-d505-78e0-95da-9132f7506df7\goal                         7.
C:\Users\kingd\.grok\sessions\F%3A%5CGitHub%5CImageArchive\019f61f6-979d-7d51-89e1-3d5ce1c855f6\goal\goal-cl.  19052 7.
C:\Users\kingd\.grok\sessions\F%3A%5CGitHub%5CImageArchive\019f61f6-979d-7d51-89e1-3d5ce1c855f6\goal                 7.
C:\Users\kingd\.grok\sessions\F%3A%5CGitHub%5CImageArchive\019f61f6-979d-7d51-89e1-3d5ce1c855f6\goal\goal-cl.   9445 7.

