Test run for F:\GitHub\vice-sharp\tests\ViceSharp.TestHarness\bin\Release\net10.0\ViceSharp.TestHarness.dll (.NETCoreApp,Version=v10.0)
A total of 1 test files matched the specified pattern.
[xUnit.net 00:00:04.53]     ViceSharp.TestHarness.Vic20.Vic20DivergeProbe.EveryCycle_CpuRegs_Match_TwoSecondPal [FAIL]
  Failed ViceSharp.TestHarness.Vic20.Vic20DivergeProbe.EveryCycle_CpuRegs_Match_TwoSecondPal [2 s]
  Error Message:
   DIV first=541209 matchedCycles=541208 budget=2216810
c=541198 nPC=$DC94 mPC=$DC94 nA=$20 mA=$20 nX=$9B mX=$9B nY=$01 mY=$01 nS=$F7 mS=$F7 nP=$21 mP=$21 dbgCyc=0 op=$A5 trail=2 nonOvlR=True nonOvlF=True dly=False stg=False irq=0 mis=False
c=541199 nPC=$DC94 mPC=$DC94 nA=$20 mA=$20 nX=$9B mX=$9B nY=$01 mY=$01 nS=$F7 mS=$F7 nP=$21 mP=$21 dbgCyc=1 op=$90 trail=1 nonOvlR=True nonOvlF=True dly=False stg=False irq=0 mis=False
c=541200 nPC=$DC96 mPC=$DC96 nA=$20 mA=$20 nX=$9B mX=$9B nY=$01 mY=$01 nS=$F7 mS=$F7 nP=$21 mP=$21 dbgCyc=0 op=$90 trail=1 nonOvlR=True nonOvlF=True dly=False stg=False irq=0 mis=False
c=541201 nPC=$DC96 mPC=$DC96 nA=$20 mA=$20 nX=$9B mX=$9B nY=$01 mY=$01 nS=$F7 mS=$F7 nP=$21 mP=$21 dbgCyc=1 op=$49 trail=1 nonOvlR=True nonOvlF=True dly=False stg=False irq=0 mis=False
c=541202 nPC=$DC98 mPC=$DC98 nA=$DF mA=$DF nX=$9B mX=$9B nY=$01 mY=$01 nS=$F7 mS=$F7 nP=$A1 mP=$A1 dbgCyc=0 op=$49 trail=1 nonOvlR=True nonOvlF=True dly=False stg=False irq=0 mis=False
c=541203 nPC=$DC98 mPC=$DC98 nA=$DF mA=$DF nX=$9B mX=$9B nY=$01 mY=$01 nS=$F7 mS=$F7 nP=$A1 mP=$A1 dbgCyc=2 op=$4C trail=1 nonOvlR=True nonOvlF=True dly=False stg=False irq=0 mis=False
c=541204 nPC=$DC98 mPC=$DC98 nA=$DF mA=$DF nX=$9B mX=$9B nY=$01 mY=$01 nS=$F7 mS=$F7 nP=$A1 mP=$A1 dbgCyc=1 op=$4C trail=1 nonOvlR=True nonOvlF=True dly=False stg=False irq=0 mis=False
c=541205 nPC=$DC31 mPC=$DC31 nA=$DF mA=$DF nX=$9B mX=$9B nY=$01 mY=$01 nS=$F7 mS=$F7 nP=$A1 mP=$A1 dbgCyc=0 op=$4C trail=1 nonOvlR=True nonOvlF=True dly=False stg=False irq=0 mis=False
c=541206 nPC=$DC31 mPC=$DC31 nA=$DF mA=$DF nX=$9B mX=$9B nY=$01 mY=$01 nS=$F7 mS=$F7 nP=$A1 mP=$A1 dbgCyc=1 op=$2A trail=1 nonOvlR=True nonOvlF=True dly=False stg=False irq=0 mis=False
c=541207 nPC=$DC32 mPC=$DC32 nA=$BF mA=$BF nX=$9B mX=$9B nY=$01 mY=$01 nS=$F7 mS=$F7 nP=$A1 mP=$A1 dbgCyc=0 op=$2A trail=1 nonOvlR=True nonOvlF=True dly=False stg=False irq=0 mis=False
c=541208 nPC=$DC32 mPC=$DC32 nA=$BF mA=$BF nX=$9B mX=$9B nY=$01 mY=$01 nS=$F7 mS=$F7 nP=$A1 mP=$A1 dbgCyc=1 op=$A9 trail=0 nonOvlR=True nonOvlF=True dly=False stg=False irq=0 mis=False
c=541209 nPC=$DC34 mPC=$DC32 nA=$FF mA=$BF nX=$9B mX=$9B nY=$01 mY=$01 nS=$F7 mS=$F7 nP=$A1 mP=$A1 dbgCyc=0 op=$A9 trail=0 nonOvlR=True nonOvlF=True dly=False stg=False irq=0 mis=True
bus: m$C1=$00 m$C2=$20 n$C1=$00 n$C2=$20 m$C3=$6D m$C4=$FD n$C3=$6D n$C4=$FD m$0314=$BF n$0314=$BF

  Stack Trace:
     at ViceSharp.TestHarness.Vic20.Vic20DivergeProbe.RunEveryCycle(Int32 budget) in F:\GitHub\vice-sharp\tests\ViceSharp.TestHarness\Vic20\Vic20DivergeProbe.cs:line 123
   at ViceSharp.TestHarness.Vic20.Vic20DivergeProbe.EveryCycle_CpuRegs_Match_TwoSecondPal() in F:\GitHub\vice-sharp\tests\ViceSharp.TestHarness\Vic20\Vic20DivergeProbe.cs:line 47
   at System.Reflection.MethodBaseInvoker.InterpretedInvoke_Method(Object obj, IntPtr* args)
   at System.Reflection.MethodBaseInvoker.InvokeWithNoArgs(Object obj, BindingFlags invokeAttr)

Failed!  - Failed:     1, Passed:     0, Skipped:     0, Total:     1, Duration: 2 s - ViceSharp.TestHarness.dll (net10.0)
2S_EXIT=1
