mtime=08/07/2026 08:12:06 len=28497
2026-08-07 00:15:25.210 [Information] Video: perf: FPS 0.0 EMU 0.0 PAL 1.11MHz PAR 0.94 (interval 10.0ms)
2026-08-07 00:15:30.294 [Information] Video: perf: FPS 0.0 EMU 0.0 PAL 1.11MHz PAR 0.94 (interval 10.0ms)
2026-08-07 00:15:35.379 [Information] Video: perf: FPS 0.0 EMU 0.0 PAL 1.11MHz PAR 0.94 (interval 10.0ms)
2026-08-07 00:15:40.452 [Information] Video: perf: FPS 0.0 EMU 0.0 PAL 1.11MHz PAR 0.94 (interval 10.0ms)
2026-08-07 00:15:45.533 [Information] Video: perf: FPS 0.0 EMU 0.0 PAL 1.11MHz PAR 0.94 (interval 10.0ms)
2026-08-07 00:15:50.616 [Information] Video: perf: FPS 0.0 EMU 0.0 PAL 1.11MHz PAR 0.94 (interval 10.0ms)
2026-08-07 00:15:55.696 [Information] Video: perf: FPS 0.0 EMU 0.0 PAL 1.11MHz PAR 0.94 (interval 10.0ms)
2026-08-07 00:16:00.779 [Information] Video: perf: FPS 0.0 EMU 0.0 PAL 1.11MHz PAR 0.94 (interval 10.0ms)
2026-08-07 00:16:05.855 [Information] Video: perf: FPS 0.0 EMU 0.0 PAL 1.11MHz PAR 0.94 (interval 10.0ms)
2026-08-07 00:16:10.936 [Information] Video: perf: FPS 0.0 EMU 0.0 PAL 1.11MHz PAR 0.94 (interval 10.0ms)
2026-08-07 00:16:16.020 [Information] Video: perf: FPS 0.0 EMU 0.0 PAL 1.11MHz PAR 0.94 (interval 10.0ms)
2026-08-07 00:16:21.101 [Information] Video: perf: FPS 0.0 EMU 0.0 PAL 1.11MHz PAR 0.94 (interval 10.0ms)
2026-08-07 00:16:26.181 [Information] Video: perf: FPS 0.0 EMU 0.0 PAL 1.11MHz PAR 0.94 (interval 10.0ms)
2026-08-07 00:16:31.263 [Information] Video: perf: FPS 0.0 EMU 0.0 PAL 1.11MHz PAR 0.94 (interval 10.0ms)
2026-08-07 00:16:36.344 [Information] Video: perf: FPS 0.0 EMU 0.0 PAL 1.11MHz PAR 0.94 (interval 10.0ms)
2026-08-07 00:16:41.425 [Information] Video: perf: FPS 0.0 EMU 0.0 PAL 1.11MHz PAR 0.94 (interval 10.0ms)
2026-08-07 00:16:46.505 [Information] Video: perf: FPS 0.0 EMU 0.0 PAL 1.11MHz PAR 0.94 (interval 10.0ms)
2026-08-07 00:16:51.583 [Information] Video: perf: FPS 0.0 EMU 0.0 PAL 1.11MHz PAR 0.94 (interval 10.0ms)
2026-08-07 00:16:56.680 [Information] Video: perf: FPS 0.0 EMU 0.0 PAL 1.11MHz PAR 0.94 (interval 10.0ms)
2026-08-07 00:17:01.752 [Information] Video: perf: FPS 0.0 EMU 0.0 PAL 1.11MHz PAR 0.94 (interval 10.0ms)
2026-08-07 00:17:06.823 [Information] Video: perf: FPS 0.0 EMU 0.0 PAL 1.11MHz PAR 0.94 (interval 10.0ms)
2026-08-07 00:17:11.906 [Information] Video: perf: FPS 0.0 EMU 0.0 PAL 1.11MHz PAR 0.94 (interval 10.0ms)
2026-08-07 00:17:16.984 [Information] Video: perf: FPS 0.0 EMU 0.0 PAL 1.11MHz PAR 0.94 (interval 10.0ms)
2026-08-07 00:17:22.069 [Information] Video: perf: FPS 0.0 EMU 0.0 PAL 1.11MHz PAR 0.94 (interval 10.0ms)
2026-08-07 00:17:27.150 [Information] Video: perf: FPS 0.0 EMU 0.0 PAL 1.11MHz PAR 0.94 (interval 10.0ms)
2026-08-07 00:17:32.237 [Information] Video: perf: FPS 0.0 EMU 0.0 PAL 1.11MHz PAR 0.94 (interval 10.0ms)
2026-08-07 00:17:37.316 [Information] Video: perf: FPS 0.0 EMU 0.0 PAL 1.11MHz PAR 0.94 (interval 10.0ms)
2026-08-07 00:17:42.390 [Information] Video: perf: FPS 0.0 EMU 0.0 PAL 1.11MHz PAR 0.94 (interval 10.0ms)
2026-08-07 00:17:47.472 [Information] Video: perf: FPS 0.0 EMU 0.0 PAL 1.11MHz PAR 0.94 (interval 10.0ms)
2026-08-07 00:17:52.552 [Information] Video: perf: FPS 0.0 EMU 0.0 PAL 1.11MHz PAR 0.94 (interval 10.0ms)
2026-08-07 00:17:57.637 [Information] Video: perf: FPS 0.0 EMU 0.0 PAL 1.11MHz PAR 0.94 (interval 10.0ms)
2026-08-07 00:18:02.712 [Information] Video: perf: FPS 0.0 EMU 0.0 PAL 1.11MHz PAR 0.94 (interval 10.0ms)
2026-08-07 00:18:07.793 [Information] Video: perf: FPS 0.0 EMU 0.0 PAL 1.11MHz PAR 0.94 (interval 10.0ms)
2026-08-07 00:18:12.874 [Information] Video: perf: FPS 0.0 EMU 0.0 PAL 1.11MHz PAR 0.94 (interval 10.0ms)
2026-08-07 00:18:17.954 [Information] Video: perf: FPS 0.0 EMU 0.0 PAL 1.11MHz PAR 0.94 (interval 10.0ms)
2026-08-07 00:18:23.053 [Information] Video: perf: FPS 0.0 EMU 0.0 PAL 1.11MHz PAR 0.94 (interval 10.0ms)
2026-08-07 00:18:28.131 [Information] Video: perf: FPS 0.0 EMU 0.0 PAL 1.11MHz PAR 0.94 (interval 10.0ms)
2026-08-07 00:18:33.211 [Information] Video: perf: FPS 0.0 EMU 0.0 PAL 1.11MHz PAR 0.94 (interval 10.0ms)
2026-08-07 00:18:38.278 [Information] Video: perf: FPS 0.0 EMU 0.0 PAL 1.11MHz PAR 0.94 (interval 10.0ms)
2026-08-07 00:18:43.354 [Information] Video: perf: FPS 0.0 EMU 0.0 PAL 1.11MHz PAR 0.94 (interval 10.0ms)
2026-08-07 00:18:48.440 [Information] Video: perf: FPS 0.0 EMU 0.0 PAL 1.11MHz PAR 0.94 (interval 10.0ms)
2026-08-07 00:18:53.521 [Information] Video: perf: FPS 0.0 EMU 0.0 PAL 1.11MHz PAR 0.94 (interval 10.0ms)
2026-08-07 00:18:58.598 [Information] Video: perf: FPS 0.0 EMU 0.0 PAL 1.11MHz PAR 0.94 (interval 10.0ms)
2026-08-07 00:19:03.684 [Information] Video: perf: FPS 0.0 EMU 0.0 PAL 1.11MHz PAR 0.94 (interval 10.0ms)
2026-08-07 00:19:08.761 [Information] Video: perf: FPS 0.0 EMU 0.0 PAL 1.11MHz PAR 0.94 (interval 10.0ms)
2026-08-07 00:19:13.844 [Information] Video: perf: FPS 0.0 EMU 0.0 PAL 1.11MHz PAR 0.94 (interval 10.0ms)
2026-08-07 00:19:18.925 [Information] Video: perf: FPS 0.0 EMU 0.0 PAL 1.11MHz PAR 0.94 (interval 10.0ms)
2026-08-07 00:19:24.008 [Information] Video: perf: FPS 0.0 EMU 0.0 PAL 1.11MHz PAR 0.94 (interval 10.0ms)
2026-08-07 00:19:29.086 [Information] Video: perf: FPS 0.0 EMU 0.0 PAL 1.11MHz PAR 0.94 (interval 10.0ms)
2026-08-07 00:19:34.166 [Information] Video: perf: FPS 0.0 EMU 0.0 PAL 1.11MHz PAR 0.94 (interval 10.0ms)
2026-08-07 00:19:39.245 [Information] Video: perf: FPS 0.0 EMU 0.0 PAL 1.11MHz PAR 0.94 (interval 10.0ms)
2026-08-07 00:19:44.326 [Information] Video: perf: FPS 0.0 EMU 0.0 PAL 1.11MHz PAR 0.94 (interval 10.0ms)
2026-08-07 00:19:49.407 [Information] Video: perf: FPS 0.0 EMU 0.0 PAL 1.11MHz PAR 0.94 (interval 10.0ms)
2026-08-07 00:19:54.486 [Information] Video: perf: FPS 0.0 EMU 0.0 PAL 1.11MHz PAR 0.94 (interval 10.0ms)
2026-08-07 00:19:59.569 [Information] Video: perf: FPS 0.0 EMU 0.0 PAL 1.11MHz PAR 0.94 (interval 10.0ms)
2026-08-07 00:20:04.647 [Information] Video: perf: FPS 0.0 EMU 0.0 PAL 1.11MHz PAR 0.94 (interval 10.0ms)
2026-08-07 00:20:09.726 [Information] Video: perf: FPS 0.0 EMU 0.0 PAL 1.11MHz PAR 0.94 (interval 10.0ms)
2026-08-07 00:20:14.806 [Information] Video: perf: FPS 0.0 EMU 0.0 PAL 1.11MHz PAR 0.94 (interval 10.0ms)
2026-08-07 00:20:19.890 [Information] Video: perf: FPS 0.0 EMU 0.0 PAL 1.11MHz PAR 0.94 (interval 10.0ms)
2026-08-07 00:20:24.974 [Information] Video: perf: FPS 0.0 EMU 0.0 PAL 1.11MHz PAR 0.94 (interval 10.0ms)
2026-08-07 00:20:30.068 [Information] Video: perf: FPS 0.0 EMU 0.0 PAL 1.11MHz PAR 0.94 (interval 10.0ms)
2026-08-07 08:07:11.287 [Information] Video: perf: FPS 0.0 EMU 0.0 PAL 1.11MHz PAR 0.94 (interval 10.0ms)
2026-08-07 08:07:16.371 [Information] Video: perf: FPS 0.0 EMU 0.0 PAL 1.11MHz PAR 0.94 (interval 10.0ms)
2026-08-07 08:07:21.447 [Information] Video: perf: FPS 0.0 EMU 0.0 PAL 1.11MHz PAR 0.94 (interval 10.0ms)
2026-08-07 08:07:26.539 [Information] Video: perf: FPS 0.0 EMU 0.0 PAL 1.11MHz PAR 0.94 (interval 10.0ms)
2026-08-07 08:07:31.607 [Information] Video: perf: FPS 0.0 EMU 0.0 PAL 1.11MHz PAR 0.94 (interval 10.0ms)
2026-08-07 08:07:36.701 [Information] Video: perf: FPS 0.0 EMU 0.0 PAL 1.11MHz PAR 0.94 (interval 10.0ms)
2026-08-07 08:07:41.782 [Information] Video: perf: FPS 0.0 EMU 0.0 PAL 1.11MHz PAR 0.94 (interval 10.0ms)
2026-08-07 08:07:46.857 [Information] Video: perf: FPS 0.0 EMU 0.0 PAL 1.11MHz PAR 0.94 (interval 10.0ms)
2026-08-07 08:07:51.930 [Information] Video: perf: FPS 0.0 EMU 0.0 PAL 1.11MHz PAR 0.94 (interval 10.0ms)
2026-08-07 08:07:57.009 [Information] Video: perf: FPS 0.0 EMU 0.0 PAL 1.11MHz PAR 0.94 (interval 10.0ms)
2026-08-07 08:08:02.091 [Information] Video: perf: FPS 0.0 EMU 0.0 PAL 1.11MHz PAR 0.94 (interval 10.0ms)
2026-08-07 08:08:07.175 [Information] Video: perf: FPS 0.0 EMU 0.0 PAL 1.11MHz PAR 0.94 (interval 10.0ms)
2026-08-07 08:08:12.268 [Information] Video: perf: FPS 0.0 EMU 0.0 PAL 1.11MHz PAR 0.94 (interval 10.0ms)
2026-08-07 08:08:17.345 [Information] Video: perf: FPS 0.0 EMU 0.0 PAL 1.11MHz PAR 0.94 (interval 10.0ms)
2026-08-07 08:08:22.434 [Information] Video: perf: FPS 0.0 EMU 0.0 PAL 1.11MHz PAR 0.94 (interval 10.0ms)
2026-08-07 08:08:27.495 [Information] Video: perf: FPS 0.0 EMU 0.0 PAL 1.11MHz PAR 0.94 (interval 10.0ms)
2026-08-07 08:08:32.573 [Information] Video: perf: FPS 0.0 EMU 0.0 PAL 1.11MHz PAR 0.94 (interval 10.0ms)
2026-08-07 08:08:37.666 [Information] Video: perf: FPS 0.0 EMU 0.0 PAL 1.11MHz PAR 0.94 (interval 10.0ms)
2026-08-07 08:08:42.758 [Information] Video: perf: FPS 0.0 EMU 0.0 PAL 1.11MHz PAR 0.94 (interval 10.0ms)
2026-08-07 08:08:47.844 [Information] Video: perf: FPS 0.0 EMU 0.0 PAL 1.11MHz PAR 0.94 (interval 10.0ms)
2026-08-07 08:08:52.926 [Information] Video: perf: FPS 0.0 EMU 0.0 PAL 1.11MHz PAR 0.94 (interval 10.0ms)
2026-08-07 08:08:58.009 [Information] Video: perf: FPS 0.0 EMU 0.0 PAL 1.11MHz PAR 0.94 (interval 10.0ms)
2026-08-07 08:09:03.104 [Information] Video: perf: FPS 0.0 EMU 0.0 PAL 1.11MHz PAR 0.94 (interval 10.0ms)
2026-08-07 08:09:08.186 [Information] Video: perf: FPS 0.0 EMU 0.0 PAL 1.11MHz PAR 0.94 (interval 10.0ms)
2026-08-07 08:09:13.265 [Information] Video: perf: FPS 0.0 EMU 0.0 PAL 1.11MHz PAR 0.94 (interval 10.0ms)
2026-08-07 08:09:18.347 [Information] Video: perf: FPS 0.0 EMU 0.0 PAL 1.11MHz PAR 0.94 (interval 10.0ms)
2026-08-07 08:09:23.424 [Information] Video: perf: FPS 0.0 EMU 0.0 PAL 1.11MHz PAR 0.94 (interval 10.0ms)
2026-08-07 08:09:28.525 [Information] Video: perf: FPS 0.0 EMU 0.0 PAL 1.11MHz PAR 0.94 (interval 10.0ms)
2026-08-07 08:09:33.620 [Information] Video: perf: FPS 0.0 EMU 0.0 PAL 1.11MHz PAR 0.94 (interval 10.0ms)
2026-08-07 08:09:38.702 [Information] Video: perf: FPS 0.0 EMU 0.0 PAL 1.11MHz PAR 0.94 (interval 10.0ms)
2026-08-07 08:09:43.780 [Information] Video: perf: FPS 0.0 EMU 0.0 PAL 1.11MHz PAR 0.94 (interval 10.0ms)
2026-08-07 08:09:48.882 [Information] Video: perf: FPS 0.0 EMU 0.0 PAL 1.11MHz PAR 0.94 (interval 10.0ms)
2026-08-07 08:09:53.958 [Information] Video: perf: FPS 0.0 EMU 0.0 PAL 1.11MHz PAR 0.94 (interval 10.0ms)
2026-08-07 08:09:59.030 [Information] Video: perf: FPS 0.0 EMU 0.0 PAL 1.11MHz PAR 0.94 (interval 10.0ms)
2026-08-07 08:10:04.122 [Information] Video: perf: FPS 0.0 EMU 0.0 PAL 1.11MHz PAR 0.94 (interval 10.0ms)
2026-08-07 08:10:09.216 [Information] Video: perf: FPS 0.0 EMU 0.0 PAL 1.11MHz PAR 0.94 (interval 10.0ms)
2026-08-07 08:10:14.295 [Information] Video: perf: FPS 0.0 EMU 0.0 PAL 1.11MHz PAR 0.94 (interval 10.0ms)
2026-08-07 08:10:19.377 [Information] Video: perf: FPS 0.0 EMU 0.0 PAL 1.11MHz PAR 0.94 (interval 10.0ms)
2026-08-07 08:10:24.454 [Information] Video: perf: FPS 0.0 EMU 0.0 PAL 1.11MHz PAR 0.94 (interval 10.0ms)
2026-08-07 08:10:29.551 [Information] Video: perf: FPS 0.0 EMU 0.0 PAL 1.11MHz PAR 0.94 (interval 10.0ms)
2026-08-07 08:10:34.631 [Information] Video: perf: FPS 0.0 EMU 0.0 PAL 1.11MHz PAR 0.94 (interval 10.0ms)
2026-08-07 08:10:39.719 [Information] Video: perf: FPS 0.0 EMU 0.0 PAL 1.11MHz PAR 0.94 (interval 10.0ms)
2026-08-07 08:10:44.793 [Information] Video: perf: FPS 0.0 EMU 0.0 PAL 1.11MHz PAR 0.94 (interval 10.0ms)
2026-08-07 08:10:49.874 [Information] Video: perf: FPS 0.0 EMU 0.0 PAL 1.11MHz PAR 0.94 (interval 10.0ms)
2026-08-07 08:10:54.952 [Information] Video: perf: FPS 0.0 EMU 0.0 PAL 1.11MHz PAR 0.94 (interval 10.0ms)
2026-08-07 08:11:00.038 [Information] Video: perf: FPS 0.0 EMU 0.0 PAL 1.11MHz PAR 0.94 (interval 10.0ms)
2026-08-07 08:11:05.117 [Information] Video: perf: FPS 0.0 EMU 0.0 PAL 1.11MHz PAR 0.94 (interval 10.0ms)
2026-08-07 08:11:10.197 [Information] Video: perf: FPS 0.0 EMU 0.0 PAL 1.11MHz PAR 0.94 (interval 10.0ms)
2026-08-07 08:11:15.270 [Information] Video: perf: FPS 0.0 EMU 0.0 PAL 1.11MHz PAR 0.94 (interval 10.0ms)
2026-08-07 08:11:20.349 [Information] Video: perf: FPS 0.0 EMU 0.0 PAL 1.11MHz PAR 0.94 (interval 10.0ms)
2026-08-07 08:11:25.454 [Information] Video: perf: FPS 0.0 EMU 0.0 PAL 1.11MHz PAR 0.94 (interval 10.0ms)
2026-08-07 08:11:30.532 [Information] Video: perf: FPS 0.0 EMU 0.0 PAL 1.11MHz PAR 0.94 (interval 10.0ms)
2026-08-07 08:11:35.617 [Information] Video: perf: FPS 0.0 EMU 0.0 PAL 1.11MHz PAR 0.94 (interval 10.0ms)
2026-08-07 08:11:40.693 [Information] Video: perf: FPS 0.0 EMU 0.0 PAL 1.11MHz PAR 0.94 (interval 10.0ms)
2026-08-07 08:11:45.772 [Information] Video: perf: FPS 0.0 EMU 0.0 PAL 1.11MHz PAR 0.94 (interval 10.0ms)
2026-08-07 08:11:50.853 [Information] Video: perf: FPS 0.0 EMU 0.0 PAL 1.11MHz PAR 0.94 (interval 10.0ms)
2026-08-07 08:11:55.931 [Information] Video: perf: FPS 0.0 EMU 0.0 PAL 1.11MHz PAR 0.94 (interval 10.0ms)
2026-08-07 08:12:01.012 [Information] Video: perf: FPS 0.0 EMU 0.0 PAL 1.11MHz PAR 0.94 (interval 10.0ms)
2026-08-07 08:12:06.095 [Information] Video: perf: FPS 0.0 EMU 0.0 PAL 1.11MHz PAR 0.94 (interval 10.0ms)
---settings---
{
  "ProfileId": "vic20",
  "Limiter": {
    "RatePercent": 100,
    "IsEnabled": true,
    "PacingStrategy": "vice"
  },
  "Display": {
    "Renderer": "host",
    "Palette": "vice",
    "ShowBorder": true,
    "MaintainAspectRatio": true,
    "Scale": "fit-window",
    "CropMode": "visible-area",
    "AspectMode": "vice-pixel-aspect"
  },
  "Input": {
    "KeyboardMapId": "c64:gtk3_pos",
    "PrimaryJoystickPort": 1,
    "SwapJoystickPorts": false,
    "Mode": "keyboard-joystick"
  },
  "Audio": {
    "Mode": "enabled"
  },
  "Resources": {
    "Mode": "auto-detect"
  },
  "Vic20MemorySpec": "none",
  "FileSystemIecRootPath": "",
  "FileSystemIecUnit": 9,
  "Vic20ExpansionCartKind": "none",
  "Vic20ExpansionWriteBack": false,
  "Vic20ExpansionConfigPreset": "start"
}
