
Name
----
ViceSharp.Abstractions
ViceSharp.AdhocHelper
ViceSharp.Architectures
ViceSharp.Avalonia
ViceSharp.Chips
ViceSharp.Console
ViceSharp.Core
ViceSharp.Core.Package
ViceSharp.Host
ViceSharp.Host.Android
ViceSharp.Host.InProcess
ViceSharp.Host.iOS
ViceSharp.Host.MacOS
ViceSharp.Host.Xbox
ViceSharp.Launcher
ViceSharp.Library.ViewModels
ViceSharp.Monitor
ViceSharp.Protocol
ViceSharp.RomFetch
ViceSharp.RomM
ViceSharp.SourceGen
ViceSharp.Xbox
ViceSharp.Xbox.Input
ViceSharp.Xbox.ViewModels

