[feat/xbox-uwp-app 611b36e] feat(xbox): model picker ROM readiness status [FEAT-XROMPICK-001]
 3 files changed, 104 insertions(+)
  ViceSharp.Chips -> F:\GitHub\vice-sharp\src\ViceSharp.Chips\bin\Release\net10.0\ViceSharp.Chips.dll
  ViceSharp.Xbox.Input -> F:\GitHub\vice-sharp\src\ViceSharp.Xbox.Input\bin\Release\net10.0\ViceSharp.Xbox.Input.dll
  ViceSharp.Core -> F:\GitHub\vice-sharp\src\ViceSharp.Core\bin\Release\net10.0\ViceSharp.Core.dll
  ViceSharp.Xbox.ViewModels -> F:\GitHub\vice-sharp\src\ViceSharp.Xbox.ViewModels\bin\Release\net10.0\ViceSharp.Xbox.ViewModels.dll
  ViceSharp.Monitor -> F:\GitHub\vice-sharp\src\ViceSharp.Monitor\bin\Release\net10.0\ViceSharp.Monitor.dll
  ViceSharp.Architectures -> F:\GitHub\vice-sharp\src\ViceSharp.Architectures\bin\Release\net10.0\ViceSharp.Architectures.dll
  ViceSharp.Launcher -> F:\GitHub\vice-sharp\src\ViceSharp.Launcher\bin\Release\net10.0\ViceSharp.Launcher.dll
  ViceSharp.Benchmarks -> F:\GitHub\vice-sharp\tests\ViceSharp.Benchmarks\bin\Release\net10.0\ViceSharp.Benchmarks.dll
  ViceSharp.Host.InProcess -> F:\GitHub\vice-sharp\src\ViceSharp.Host.InProcess\bin\Release\net10.0\ViceSharp.Host.InProcess.dll
  ViceSharp.Console -> F:\GitHub\vice-sharp\src\ViceSharp.Console\bin\Release\net10.0\ViceSharp.Console.dll
  ViceSharp.Xbox -> F:\GitHub\vice-sharp\src\ViceSharp.Xbox\bin\Release\net10.0\ViceSharp.Xbox.dll
  ViceSharp.Host -> F:\GitHub\vice-sharp\src\ViceSharp.Host\bin\Release\net10.0\ViceSharp.Host.dll
  ViceSharp.AdhocHelper -> F:\GitHub\vice-sharp\src\ViceSharp.AdhocHelper\bin\Release\net10.0\ViceSharp.AdhocHelper.dll
  ViceSharp.Avalonia -> F:\GitHub\vice-sharp\src\ViceSharp.Avalonia\bin\Release\net10.0\ViceSharp.Avalonia.dll
  ViceSharp.Host.MacOS -> F:\GitHub\vice-sharp\src\ViceSharp.Host.MacOS\bin\Release\net10.0\ViceSharp.Host.MacOS.dll
  ViceSharp.TestHarness -> F:\GitHub\vice-sharp\tests\ViceSharp.TestHarness\bin\Release\net10.0\ViceSharp.TestHarness.dll
Test run for F:\GitHub\vice-sharp\tests\ViceSharp.TestHarness\bin\Release\net10.0\ViceSharp.TestHarness.dll (.NETCoreApp,Version=v10.0)
A total of 1 test files matched the specified pattern.

Passed!  - Failed:     0, Passed:   507, Skipped:     0, Total:   507, Duration: 7 s - ViceSharp.TestHarness.dll (net10.0)
