
docs\2s-adc-2026-08-06.log:7:c=518745 nPC=$E820 mPC=$E820 nA=$13 mA=$13 nX=$18 mX=$18 nY=$00 mY=$00 nS=$F2 mS=$F2 
nP=$B0 mP=$B0 dbgCyc=0 op=$EA trail=0 nonOvlR=False nonOvlF=False dly=False stg=False irq=0 mis=False
docs\2s-adc-2026-08-06.log:8:c=518746 nPC=$E821 mPC=$E821 nA=$13 mA=$13 nX=$18 mX=$18 nY=$00 mY=$00 nS=$F2 mS=$F2 
nP=$B0 mP=$B0 dbgCyc=1 op=$EA trail=0 nonOvlR=False nonOvlF=False dly=False stg=False irq=0 mis=False
docs\2s-adc-2026-08-06.log:9:c=518747 nPC=$E821 mPC=$E821 nA=$13 mA=$13 nX=$18 mX=$18 nY=$00 mY=$00 nS=$F2 mS=$F2 
nP=$B0 mP=$B0 dbgCyc=0 op=$EA trail=0 nonOvlR=False nonOvlF=False dly=False stg=False irq=0 mis=False
docs\2s-adc-2026-08-06.log:10:c=518748 nPC=$E822 mPC=$E822 nA=$13 mA=$13 nX=$18 mX=$18 nY=$00 mY=$00 nS=$F2 mS=$F2 
nP=$B0 mP=$B0 dbgCyc=1 op=$EA trail=0 nonOvlR=False nonOvlF=False dly=False stg=False irq=0 mis=False
docs\2s-adc-2026-08-06.log:11:c=518749 nPC=$E822 mPC=$E822 nA=$13 mA=$13 nX=$18 mX=$18 nY=$00 mY=$00 nS=$F2 mS=$F2 
nP=$B0 mP=$B0 dbgCyc=0 op=$EA trail=0 nonOvlR=False nonOvlF=False dly=False stg=False irq=0 mis=False
docs\2s-adc-2026-08-06.log:12:c=518750 nPC=$E823 mPC=$E823 nA=$13 mA=$13 nX=$18 mX=$18 nY=$00 mY=$00 nS=$F2 mS=$F2 
nP=$B0 mP=$B0 dbgCyc=1 op=$C9 trail=0 nonOvlR=False nonOvlF=False dly=False stg=False irq=0 mis=False
docs\2s-adc-2026-08-06.log:13:c=518751 nPC=$E823 mPC=$E823 nA=$13 mA=$13 nX=$18 mX=$18 nY=$00 mY=$00 nS=$F2 mS=$F2 
nP=$B0 mP=$B0 dbgCyc=0 op=$C9 trail=0 nonOvlR=False nonOvlF=False dly=False stg=False irq=0 mis=False
docs\2s-adc-2026-08-06.log:14:c=518752 nPC=$E825 mPC=$E825 nA=$13 mA=$13 nX=$18 mX=$18 nY=$00 mY=$00 nS=$F2 mS=$F2 
nP=$B0 mP=$B0 dbgCyc=2 op=$90 trail=0 nonOvlR=False nonOvlF=False dly=False stg=False irq=0 mis=False
docs\2s-adc-2026-08-06.log:15:c=518753 nPC=$E825 mPC=$E825 nA=$13 mA=$13 nX=$18 mX=$18 nY=$00 mY=$00 nS=$F2 mS=$F2 
nP=$B0 mP=$B0 dbgCyc=1 op=$90 trail=0 nonOvlR=False nonOvlF=False dly=False stg=False irq=0 mis=False
docs\2s-adc-2026-08-06.log:16:c=518754 nPC=$E827 mPC=$E827 nA=$13 mA=$13 nX=$18 mX=$18 nY=$00 mY=$00 nS=$F2 mS=$F2 
nP=$B0 mP=$B0 dbgCyc=0 op=$90 trail=0 nonOvlR=False nonOvlF=False dly=False stg=False irq=0 mis=False
docs\2s-adc-2026-08-06.log:17:c=518755 nPC=$E82A mPC=$E82A nA=$13 mA=$13 nX=$18 mX=$18 nY=$00 mY=$00 nS=$F2 mS=$F2 
nP=$B0 mP=$B0 dbgCyc=1 op=$C9 trail=1 nonOvlR=True nonOvlF=True dly=False stg=False irq=0 mis=False
docs\2s-adc-2026-08-06.log:18:c=518756 nPC=$E82A mPC=$E82C nA=$13 mA=$13 nX=$18 mX=$18 nY=$00 mY=$00 nS=$F2 mS=$F2 
nP=$B0 mP=$31 dbgCyc=0 op=$C9 trail=1 nonOvlR=True nonOvlF=True dly=False stg=False irq=0 mis=True
docs\2s-adc2-2026-08-06.log:7:c=540220 nPC=$D925 mPC=$D925 nA=$01 mA=$01 nX=$0D mX=$0D nY=$00 mY=$00 nS=$F9 mS=$F9 
nP=$22 mP=$22 dbgCyc=4 op=$26 trail=3 nonOvlR=True nonOvlF=True dly=False stg=False irq=0 mis=False
docs\2s-adc2-2026-08-06.log:8:c=540221 nPC=$D925 mPC=$D925 nA=$01 mA=$01 nX=$0D mX=$0D nY=$00 mY=$00 nS=$F9 mS=$F9 
nP=$22 mP=$22 dbgCyc=3 op=$26 trail=3 nonOvlR=True nonOvlF=True dly=False stg=False irq=0 mis=False
docs\2s-adc2-2026-08-06.log:9:c=540222 nPC=$D927 mPC=$D927 nA=$01 mA=$01 nX=$0D mX=$0D nY=$00 mY=$00 nS=$F9 mS=$F9 
nP=$A1 mP=$A1 dbgCyc=2 op=$26 trail=3 nonOvlR=True nonOvlF=True dly=False stg=False irq=0 mis=False
docs\2s-adc2-2026-08-06.log:10:c=540223 nPC=$D927 mPC=$D927 nA=$01 mA=$01 nX=$0D mX=$0D nY=$00 mY=$00 nS=$F9 mS=$F9 
nP=$A1 mP=$A1 dbgCyc=1 op=$26 trail=3 nonOvlR=True nonOvlF=True dly=False stg=False irq=0 mis=False
docs\2s-adc2-2026-08-06.log:11:c=540224 nPC=$D927 mPC=$D927 nA=$01 mA=$01 nX=$0D mX=$0D nY=$00 mY=$00 nS=$F9 mS=$F9 
nP=$A1 mP=$A1 dbgCyc=0 op=$26 trail=3 nonOvlR=True nonOvlF=True dly=False stg=False irq=0 mis=False
docs\2s-adc2-2026-08-06.log:12:c=540225 nPC=$D927 mPC=$D927 nA=$01 mA=$01 nX=$0D mX=$0D nY=$00 mY=$00 nS=$F9 mS=$F9 
nP=$A1 mP=$A1 dbgCyc=4 op=$26 trail=3 nonOvlR=True nonOvlF=True dly=False stg=False irq=0 mis=False
docs\2s-adc2-2026-08-06.log:13:c=540226 nPC=$D927 mPC=$D927 nA=$01 mA=$01 nX=$0D mX=$0D nY=$00 mY=$00 nS=$F9 mS=$F9 
nP=$A1 mP=$A1 dbgCyc=3 op=$26 trail=3 nonOvlR=True nonOvlF=True dly=False stg=False irq=0 mis=False
docs\2s-adc2-2026-08-06.log:14:c=540227 nPC=$D929 mPC=$D929 nA=$01 mA=$01 nX=$0D mX=$0D nY=$00 mY=$00 nS=$F9 mS=$F9 
nP=$20 mP=$20 dbgCyc=2 op=$26 trail=3 nonOvlR=True nonOvlF=True dly=False stg=False irq=0 mis=False
docs\2s-adc2-2026-08-06.log:15:c=540228 nPC=$D929 mPC=$D929 nA=$01 mA=$01 nX=$0D mX=$0D nY=$00 mY=$00 nS=$F9 mS=$F9 
nP=$20 mP=$20 dbgCyc=1 op=$26 trail=3 nonOvlR=True nonOvlF=True dly=False stg=False irq=0 mis=False
docs\2s-adc2-2026-08-06.log:16:c=540229 nPC=$D929 mPC=$D929 nA=$01 mA=$01 nX=$0D mX=$0D nY=$00 mY=$00 nS=$F9 mS=$F9 
nP=$20 mP=$20 dbgCyc=0 op=$26 trail=3 nonOvlR=True nonOvlF=True dly=False stg=False irq=0 mis=False
docs\2s-adc2-2026-08-06.log:17:c=540230 nPC=$D929 mPC=$D929 nA=$01 mA=$01 nX=$0D mX=$0D nY=$00 mY=$00 nS=$F9 mS=$F9 
nP=$20 mP=$20 dbgCyc=2 op=$10 trail=3 nonOvlR=True nonOvlF=True dly=False stg=False irq=0 mis=False
docs\2s-adc2-2026-08-06.log:18:c=540231 nPC=$D92B mPC=$D929 nA=$01 mA=$01 nX=$0D mX=$0D nY=$00 mY=$00 nS=$F9 mS=$F9 
nP=$20 mP=$20 dbgCyc=1 op=$10 trail=3 nonOvlR=True nonOvlF=True dly=False stg=False irq=0 mis=True
docs\2s-and-imm-2026-08-06.log:7:c=559237 nPC=$FF7D mPC=$FF7D nA=$00 mA=$00 nX=$ED mX=$ED nY=$0A mY=$0A nS=$ED mS=$ED 
nP=$26 mP=$26 dbgCyc=0 op=$29 trail=1 nonOvlR=True nonOvlF=True dly=False stg=False irq=0 mis=False
docs\2s-and-imm-2026-08-06.log:8:c=559238 nPC=$FF7D mPC=$FF7D nA=$00 mA=$00 nX=$ED mX=$ED nY=$0A mY=$0A nS=$ED mS=$ED 
nP=$26 mP=$26 dbgCyc=2 op=$F0 trail=1 nonOvlR=True nonOvlF=True dly=False stg=False irq=0 mis=False
docs\2s-and-imm-2026-08-06.log:9:c=559239 nPC=$FF7F mPC=$FF7F nA=$00 mA=$00 nX=$ED mX=$ED nY=$0A mY=$0A nS=$ED mS=$ED 
nP=$26 mP=$26 dbgCyc=1 op=$F0 trail=1 nonOvlR=True nonOvlF=True dly=False stg=False irq=0 mis=False
docs\2s-and-imm-2026-08-06.log:10:c=559240 nPC=$FF82 mPC=$FF82 nA=$00 mA=$00 nX=$ED mX=$ED nY=$0A mY=$0A nS=$ED mS=$ED 
nP=$26 mP=$26 dbgCyc=0 op=$F0 trail=1 nonOvlR=True nonOvlF=True dly=False stg=False irq=0 mis=False
docs\2s-and-imm-2026-08-06.log:11:c=559241 nPC=$FF82 mPC=$FF82 nA=$00 mA=$00 nX=$ED mX=$ED nY=$0A mY=$0A nS=$ED mS=$ED 
nP=$26 mP=$26 dbgCyc=4 op=$6C trail=2 nonOvlR=True nonOvlF=True dly=False stg=False irq=0 mis=False
docs\2s-and-imm-2026-08-06.log:12:c=559242 nPC=$FF82 mPC=$FF82 nA=$00 mA=$00 nX=$ED mX=$ED nY=$0A mY=$0A nS=$ED mS=$ED 
nP=$26 mP=$26 dbgCyc=3 op=$6C trail=2 nonOvlR=True nonOvlF=True dly=False stg=False irq=0 mis=False
docs\2s-and-imm-2026-08-06.log:13:c=559243 nPC=$FF82 mPC=$FF82 nA=$00 mA=$00 nX=$ED mX=$ED nY=$0A mY=$0A nS=$ED mS=$ED 
nP=$26 mP=$26 dbgCyc=2 op=$6C trail=2 nonOvlR=True nonOvlF=True dly=False stg=False irq=0 mis=False
docs\2s-and-imm-2026-08-06.log:14:c=559244 nPC=$FF82 mPC=$FF82 nA=$00 mA=$00 nX=$ED mX=$ED nY=$0A mY=$0A nS=$ED mS=$ED 
nP=$26 mP=$26 dbgCyc=1 op=$6C trail=2 nonOvlR=True nonOvlF=True dly=False stg=False irq=0 mis=False
docs\2s-and-imm-2026-08-06.log:15:c=559245 nPC=$EABF mPC=$EABF nA=$00 mA=$00 nX=$ED mX=$ED nY=$0A mY=$0A nS=$ED mS=$ED 
nP=$26 mP=$26 dbgCyc=0 op=$6C trail=2 nonOvlR=True nonOvlF=True dly=False stg=False irq=0 mis=False
docs\2s-and-imm-2026-08-06.log:16:c=559246 nPC=$EABF mPC=$EABF nA=$00 mA=$00 nX=$ED mX=$ED nY=$0A mY=$0A nS=$ED mS=$ED 
nP=$26 mP=$26 dbgCyc=5 op=$20 trail=1 nonOvlR=True nonOvlF=True dly=False stg=False irq=0 mis=False
docs\2s-and-imm-2026-08-06.log:17:c=559247 nPC=$EABF mPC=$EABF nA=$00 mA=$00 nX=$ED mX=$ED nY=$0A mY=$0A nS=$ED mS=$ED 
nP=$26 mP=$26 dbgCyc=4 op=$20 trail=1 nonOvlR=True nonOvlF=True dly=False stg=False irq=0 mis=False
docs\2s-and-imm-2026-08-06.log:18:c=559248 nPC=$EAC1 mPC=$EABF nA=$00 mA=$00 nX=$ED mX=$ED nY=$0A mY=$0A nS=$EC mS=$ED 
nP=$26 mP=$26 dbgCyc=3 op=$20 trail=1 nonOvlR=True nonOvlF=True dly=False stg=False irq=0 mis=True
docs\2s-arm-bcc-2026-08-06.log:7:c=518745 nPC=$E820 mPC=$E820 nA=$13 mA=$13 nX=$18 mX=$18 nY=$00 mY=$00 nS=$F2 mS=$F2 
nP=$B0 mP=$B0 dbgCyc=0 op=$EA trail=0 nonOvlR=False nonOvlF=False dly=False stg=False irq=0 mis=False
docs\2s-arm-bcc-2026-08-06.log:8:c=518746 nPC=$E821 mPC=$E821 nA=$13 mA=$13 nX=$18 mX=$18 nY=$00 mY=$00 nS=$F2 mS=$F2 
nP=$B0 mP=$B0 dbgCyc=1 op=$EA trail=0 nonOvlR=False nonOvlF=False dly=False stg=False irq=0 mis=False
docs\2s-arm-bcc-2026-08-06.log:9:c=518747 nPC=$E821 mPC=$E821 nA=$13 mA=$13 nX=$18 mX=$18 nY=$00 mY=$00 nS=$F2 mS=$F2 
nP=$B0 mP=$B0 dbgCyc=0 op=$EA trail=0 nonOvlR=False nonOvlF=False dly=False stg=False irq=0 mis=False
docs\2s-arm-bcc-2026-08-06.log:10:c=518748 nPC=$E822 mPC=$E822 nA=$13 mA=$13 nX=$18 mX=$18 nY=$00 mY=$00 nS=$F2 mS=$F2 
nP=$B0 mP=$B0 dbgCyc=1 op=$EA trail=0 nonOvlR=False nonOvlF=False dly=False stg=False irq=0 mis=False

