
file=F:\GitHub\vice-sharp\native\vice\vice\data\VIC20\kernal.901486-02.bin len=8192 off=7492
Name
----
basic-901486-01.bin
chargen-901460-02.bin
chargen-901460-03.bin
colodore_vic.vpl
default.vrs
gtk3_pos_de.vkm
gtk3_pos_it.vkm
gtk3_pos.vkm
gtk3_sym_de.vkm
gtk3_sym_fr.vkm
gtk3_sym_it.vkm
gtk3_sym.vkm
kernal.901486-02.bin
kernal.901486-06.bin
kernal.901486-07.bin
Makefile
Makefile.am
Makefile.in
mike-ntsc.vpl
mike-pal.vpl
PALette.vpl
sdl_pos_de.vkm
sdl_pos_fi.vkm
sdl_pos_fr.vkm
sdl_pos_uk.vkm
sdl_pos.vkm
sdl_sym_de.vkm
sdl_sym_uk.vkm
sdl_sym.vkm
vice.vpl



DD 03 A0 D0 03 CA D0 F5 60 41 30 C3 C2 CD A2 6D

