Your branch is up to date with 'origin/main'.
Switched to branch 'main'
From https://github.com/sharpninja/vice-sharp
 * branch            main       -> FETCH_HEAD
Already up to date.
Merge made by the 'ort' strategy.
 .gitattributes                                     |    7 [32m+[m
 Directory.Build.props                              |   13 [32m+[m
 Directory.Packages.props                           |   10 [32m+[m
 GitVersion.yml                                     |    2 [32m+[m[31m-[m
 HANDOFF.md                                         |   18 [32m+[m[31m-[m
 THIRD_PARTY_NOTICES.md                             |   17 [32m+[m
 ViceSharp.slnx                                     |  190 [32m++[m[31m-[m
 azure-pipelines-xbox-store.yml                     |  152 [32m++[m
 build/Build.cs                                     |  384 [32m++++[m[31m-[m
 build/Set-StoreIdentity.ps1                        |   57 [32m+[m
 build/_build.csproj                                |    2 [32m+[m[31m-[m
 docs/plans/PLAN-ROMM-BDPv4.md                      |  404 [32m+++++[m
 docs/plans/PLAN-ROMM-phase-e-validation.md         |  127 [32m++[m
 docs/plans/PLAN-XBOXUWP-BDPv4.md                   |  490 [32m++++++[m
 docs/wireframes/romm-avalonia-details.svg          |   41 [32m+[m
 docs/wireframes/romm-avalonia-library.svg          |   56 [32m+[m
 docs/wireframes/romm-avalonia-lists.svg            |   62 [32m+[m
 docs/wireframes/romm-csdb-pairing.svg              |   61 [32m+[m
 docs/wireframes/romm-xbox-details.svg              |   39 [32m+[m
 docs/wireframes/romm-xbox-library.svg              |   60 [32m+[m
 docs/wireframes/romm-xbox-lists.svg                |   40 [32m+[m
 docs/xbox-store-publishing.md                      |   92 [32m++[m
 docs/xbox/dev-pc-validation-guide.md               |  105 [32m++[m
 docs/xbox/microsoft-store-publishing-checklist.md  |  110 [32m++[m
 docs/xbox/on-console-setup-runbook.md              |   93 [32m++[m
 .../AudioSampleConverter.cs                        |    2 [32m+[m[31m-[m
 src/ViceSharp.Abstractions/DriveModel.cs           |   23 [32m+[m
 src/ViceSharp.Abstractions/DriveModelCatalog.cs    |   23 [32m+[m
 .../IMachineKeyboardInput.cs                       |   12 [32m+[m
 .../MasterAudioControl.cs                          |   11 [32m+[m[31m-[m
 src/ViceSharp.Avalonia/MainWindow.axaml            |   16 [32m+[m[31m-[m
 src/ViceSharp.Avalonia/MainWindow.axaml.cs         |  221 [32m++[m[31m-[m
 src/ViceSharp.Avalonia/ViceSharp.Avalonia.csproj   |    7 [32m+[m
 src/ViceSharp.Avalonia/VideoSurface.cs             |  138 [32m+[m[31m-[m
 .../ViewModels/AttachPanelViewModel.cs             |  102 [32m+[m[31m-[m
 .../ViewModels/AvaloniaGameLauncher.cs             |   39 [32m+[m
 .../ViewModels/IGameLaunchTarget.cs                |   23 [32m+[m
 .../ViewModels/RomMLibraryViewModel.cs             |  606 [32m+++++++[m
 .../ViewModels/ShellViewModel.cs                   |   50 [32m+[m[31m-[m
 src/ViceSharp.Avalonia/Views/AttachPanelView.cs    |   45 [32m+[m[31m-[m
 src/ViceSharp.Avalonia/Views/CsdbView.cs           |  158 [32m++[m
 src/ViceSharp.Avalonia/Views/LibraryView.cs        |  329 [32m++++[m
 src/ViceSharp.Avalonia/Views/ListsView.cs          |  321 [32m++++[m
 src/ViceSharp.Chips/Cia/CiaSnapshotState.cs        |   34 [32m+[m
 src/ViceSharp.Chips/Cia/Mos6526.cs                 |   22 [32m+[m
 src/ViceSharp.Chips/IEC/D64FileSystem.cs           |   38 [32m+[m[31m-[m
 src/ViceSharp.Chips/IEC/D64Image.cs                |   11 [32m+[m[31m-[m
 src/ViceSharp.Chips/IEC/D64SingleFileBuilder.cs    |  151 [32m++[m
 src/ViceSharp.Chips/Tape/T64Image.cs               |  146 [32m++[m
 src/ViceSharp.Chips/VicIi/Mos6569.State.cs         |   21 [32m+[m
 src/ViceSharp.Chips/VicIi/VicSnapshotState.cs      |   31 [32m+[m
 src/ViceSharp.Chips/VicIi/VideoRenderer.cs         |   26 [32m+[m[31m-[m
 src/ViceSharp.Chips/ViceSharp.Chips.csproj         |    4 [32m+[m
 src/ViceSharp.Core/ArchitectureBuilder.cs          |    3 [32m+[m[31m-[m
 src/ViceSharp.Core/C64MemoryMap.cs                 |   20 [32m+[m[31m-[m
 src/ViceSharp.Core/Input/C64KeyboardMatrix.cs      |   77 [32m+[m[31m-[m
 .../Audio/AudioBackendFactory.cs                   |    8 [32m+[m[31m-[m
 .../Audio/ISourceVoiceDevice.cs                    |   55 [32m+[m
 .../Audio/WinMmAudioBackend.cs                     |    0
 .../Audio/XAudio2AudioMath.cs                      |  233 [32m+++[m
 .../Audio/XAudio2SourceVoiceBackend.cs             |  285 [32m++++[m
 .../Audio/XAudio2SourceVoiceDevice.cs              |  269 [32m++++[m
 .../Audio/XboxAudioBackendFactory.cs               |   77 [32m+[m
 .../Diagnostics/HostDiagnosticsState.cs            |    0
 .../Runtime/C64TrueDriveRigBuilder.cs              |    0
 .../Runtime/ConsoleEmulatorHost.cs                 |  521 [32m++++++[m
 .../Runtime/DefaultEmulatorRuntimeFactory.cs       |   13 [32m+[m
 .../Runtime/EmulatorRuntimeRegistry.cs             |    0
 .../Runtime/EmulatorRuntimeSession.cs              |    0
 .../Runtime/HostKeyboardAutomation.cs              |    0
 .../Runtime/IEmulatorRuntimeFactory.cs             |    0
 .../Runtime/IecBusActivityMonitor.cs               |    0
 .../Runtime/MachineSnapshotStager.cs               |  287 [32m++++[m
 .../Runtime/MinimalHostArchitectureDescriptor.cs   |    0
 .../Runtime/TickHistoryRecorder.cs                 |    0
 .../Services/CaptureServiceHost.cs                 |    0
 .../Services/DiagnosticsServiceHost.cs             |    0
 .../Services/EmulationGateStrategies.cs            |    0
 .../Services/EmulationPumpService.cs               |   18 [32m+[m[31m-[m
 .../Services/EmulatorHostService.cs                |    0
 .../Services/HostKeymapWritePath.cs                |   30 [32m+[m
 .../Services/HostProtocolMapper.cs                 |    0
 .../Services/IEmulationGate.cs                     |    0
 .../Services/InputServiceHost.cs                   |   33 [32m+[m[31m-[m
 .../Services/LocalVideoFrameSource.cs              |    0
 .../Services/MediaServiceHost.cs                   |   44 [32m+[m[31m-[m
 .../Services/MonitorServiceHost.cs                 |    0
 .../Services/PacingMath.cs                         |   89 [32m++[m
 .../Services/SemaphoreEmulationGate.cs             |   63 [32m+[m[31m-[m
 .../Services/SettingsServiceHost.cs                |    0
 .../Services/SnapshotServiceHost.cs                |  110 [32m++[m
 .../Services/ThreadAffinity.cs                     |    0
 .../Services/ViceEmulationGate.cs                  |    0
 .../Services/VideoServiceHost.cs                   |    0
 .../Services/XboxManagedFrameGate.cs               |  149 [32m++[m
 .../Settings/XboxUiPrefs.cs                        |   60 [32m+[m
 .../Settings/XboxUiStateStore.cs                   |  123 [32m++[m
 .../Startup/ILocalDataFolder.cs                    |   19 [32m+[m
 .../Startup/LocalDataFolder.cs                     |   27 [32m+[m
 .../Startup/XboxDataPathBridge.cs                  |   88 [32m++[m
 .../Startup/XboxDataPathResult.cs                  |   17 [32m+[m
 .../ViceSharp.Host.InProcess.csproj                |   28 [32m+[m
 src/ViceSharp.Host/Services/SnapshotServiceHost.cs |   74 [31m-[m
 src/ViceSharp.Host/ViceSharp.Host.csproj           |    1 [32m+[m
 src/ViceSharp.Library.ViewModels/AcquiredGame.cs   |   11 [32m+[m
 .../CollectionsViewModel.cs                        |   95 [32m++[m
 src/ViceSharp.Library.ViewModels/CoverRef.cs       |   10 [32m+[m
 .../CsdbDiscoveryViewModel.cs                      |   92 [32m++[m
 src/ViceSharp.Library.ViewModels/CsdbHit.cs        |   16 [32m+[m
 .../CsdbIngestResult.cs                            |    8 [32m+[m
 src/ViceSharp.Library.ViewModels/CsdbKind.cs       |   17 [32m+[m
 src/ViceSharp.Library.ViewModels/CsdbSelection.cs  |    6 [32m+[m
 src/ViceSharp.Library.ViewModels/DiscoveredRomM.cs |    9 [32m+[m
 src/ViceSharp.Library.ViewModels/GameGroup.cs      |   98 [32m++[m
 src/ViceSharp.Library.ViewModels/GameGrouper.cs    |   57 [32m+[m
 src/ViceSharp.Library.ViewModels/ICsdbGateway.cs   |   34 [32m+[m
 .../ICurrentMachineProvider.cs                     |   16 [32m+[m
 src/ViceSharp.Library.ViewModels/IGameLauncher.cs  |   25 [32m+[m
 .../ILibraryImageLoader.cs                         |   14 [32m+[m
 src/ViceSharp.Library.ViewModels/IRecentsStore.cs  |   28 [32m+[m
 .../IRomMCollectionsGateway.cs                     |   47 [32m+[m
 .../IRomMConnectionStore.cs                        |   22 [32m+[m
 src/ViceSharp.Library.ViewModels/IRomMDiscovery.cs |   21 [32m+[m
 .../IRomMLibraryGateway.cs                         |   51 [32m+[m
 .../IRomMServerProbe.cs                            |   19 [32m+[m
 src/ViceSharp.Library.ViewModels/LaunchOutcome.cs  |    6 [32m+[m
 .../LibraryBrowseViewModel.cs                      |  461 [32m++++++[m
 .../LibraryCollection.cs                           |   17 [32m+[m
 .../LibraryConnectionViewModel.cs                  |   50 [32m+[m
 src/ViceSharp.Library.ViewModels/LibraryMachine.cs |   23 [32m+[m
 .../LibraryObservableObject.cs                     |   79 [32m+[m
 src/ViceSharp.Library.ViewModels/LibraryOrder.cs   |   17 [32m+[m
 src/ViceSharp.Library.ViewModels/LibraryPage.cs    |   17 [32m+[m
 src/ViceSharp.Library.ViewModels/LibraryQuery.cs   |   20 [32m+[m
 .../MachinePlatformSlug.cs                         |   47 [32m+[m
 .../MediaExtensionMap.cs                           |   51 [32m+[m
 src/ViceSharp.Library.ViewModels/MediaKind.cs      |   20 [32m+[m
 src/ViceSharp.Library.ViewModels/MediaMapping.cs   |   13 [32m+[m
 src/ViceSharp.Library.ViewModels/RecentGame.cs     |   43 [32m+[m
 src/ViceSharp.Library.ViewModels/RomDetail.cs      |   18 [32m+[m
 .../RomDetailViewModel.cs                          |   28 [32m+[m
 src/ViceSharp.Library.ViewModels/RomFile.cs        |    8 [32m+[m
 src/ViceSharp.Library.ViewModels/RomMConnection.cs |   33 [32m+[m
 .../RomMLocateResult.cs                            |   18 [32m+[m
 .../RomMPairingCoordinator.cs                      |   48 [32m+[m
 .../RomMServerLocator.cs                           |   73 [32m+[m
 src/ViceSharp.Library.ViewModels/RomTile.cs        |   57 [32m+[m
 .../ViceSharp.Library.ViewModels.csproj            |   28 [32m+[m
 src/ViceSharp.Protocol/SettingsOptionCatalog.cs    |  208 [32m+++[m
 src/ViceSharp.RomM/BridgeCsdbGateway.cs            |  181 [32m+++[m
 src/ViceSharp.RomM/CoverCache.cs                   |   81 [32m+[m
 src/ViceSharp.RomM/CsdbGatewaySelection.cs         |   46 [32m+[m
 src/ViceSharp.RomM/FileRecentsStore.cs             |  118 [32m++[m
 src/ViceSharp.RomM/FileRomMConnectionStore.cs      |   60 [32m+[m
 src/ViceSharp.RomM/LocalCsdbGateway.cs             |  105 [32m++[m
 src/ViceSharp.RomM/RomMBridgeConnectionSource.cs   |  100 [32m++[m
 src/ViceSharp.RomM/RomMBridgeDtos.cs               |   44 [32m+[m
 src/ViceSharp.RomM/RomMCollectionDtos.cs           |   35 [32m+[m
 src/ViceSharp.RomM/RomMCollectionsGateway.cs       |  180 [32m+++[m
 src/ViceSharp.RomM/RomMCoverImageSource.cs         |   42 [32m+[m
 src/ViceSharp.RomM/RomMHeartbeatProbe.cs           |   50 [32m+[m
 src/ViceSharp.RomM/RomMJsonContext.cs              |   28 [32m+[m
 src/ViceSharp.RomM/RomMLibraryGateway.cs           |  304 [32m++++[m
 src/ViceSharp.RomM/RomMSubnetDiscovery.cs          |  203 [32m+++[m
 src/ViceSharp.RomM/ViceSharp.RomM.csproj           |   34 [32m+[m
 src/ViceSharp.Xbox.Input/AppCommand.cs             |  127 [32m++[m
 .../AppCommandDispatchResult.cs                    |   27 [32m+[m
 src/ViceSharp.Xbox.Input/AppCommandDispatcher.cs   |  280 [32m++++[m
 src/ViceSharp.Xbox.Input/BindableInput.cs          |   47 [32m+[m
 src/ViceSharp.Xbox.Input/BindingActivation.cs      |   30 [32m+[m
 src/ViceSharp.Xbox.Input/BindingJsonContext.cs     |   36 [32m+[m
 src/ViceSharp.Xbox.Input/BindingProfile.cs         |   46 [32m+[m
 .../BindingProfileExtensions.cs                    |   57 [32m+[m
 src/ViceSharp.Xbox.Input/ButtonBinding.cs          |   23 [32m+[m
 src/ViceSharp.Xbox.Input/DirectionalRepeater.cs    |  154 [32m++[m
 src/ViceSharp.Xbox.Input/GamepadButtonFlags.cs     |   79 [32m+[m
 src/ViceSharp.Xbox.Input/GamepadSnapshot.cs        |   31 [32m+[m
 src/ViceSharp.Xbox.Input/IBindingStore.cs          |   28 [32m+[m
 src/ViceSharp.Xbox.Input/InMemoryBindingStore.cs   |   44 [32m+[m
 src/ViceSharp.Xbox.Input/InputContext.cs           |   32 [32m+[m
 src/ViceSharp.Xbox.Input/InputResolution.cs        |   30 [32m+[m
 src/ViceSharp.Xbox.Input/JoystickPortState.cs      |   38 [32m+[m
 src/ViceSharp.Xbox.Input/StickConverter.cs         |  140 [32m++[m
 src/ViceSharp.Xbox.Input/SystemButtonLatch.cs      |   28 [32m+[m
 .../ViceSharp.Xbox.Input.csproj                    |   24 [32m+[m
 src/ViceSharp.Xbox.Input/XboxInputConfig.cs        |   45 [32m+[m
 .../XboxInputConfigResolver.cs                     |   32 [32m+[m
 src/ViceSharp.Xbox.Input/XboxInputContext.cs       |  497 [32m++++++[m
 src/ViceSharp.Xbox.Input/XboxInputPrefs.cs         |   39 [32m+[m
 src/ViceSharp.Xbox.Input/XboxJoystickMapper.cs     |  179 [32m+++[m
 src/ViceSharp.Xbox.Input/XboxSystemButtons.cs      |  270 [32m++++[m
 src/ViceSharp.Xbox.ViewModels/AboutInfo.cs         |   71 [32m+[m
 src/ViceSharp.Xbox.ViewModels/AboutViewModel.cs    |   56 [32m+[m
 src/ViceSharp.Xbox.ViewModels/AppKeyKind.cs        |   59 [32m+[m
 src/ViceSharp.Xbox.ViewModels/ComputerOption.cs    |   13 [32m+[m
 src/ViceSharp.Xbox.ViewModels/FocusMap.cs          |   96 [32m++[m
 src/ViceSharp.Xbox.ViewModels/FocusMapBuilder.cs   |   64 [32m+[m
 src/ViceSharp.Xbox.ViewModels/FocusNode.cs         |   32 [32m+[m
 src/ViceSharp.Xbox.ViewModels/FrameGeometry.cs     |   18 [32m+[m
 src/ViceSharp.Xbox.ViewModels/HomeViewModel.cs     |   95 [32m++[m
 .../IEmulatorSessionFacade.cs                      |   84 [32m+[m
 .../ILocalVideoFramePull.cs                        |   61 [32m+[m
 src/ViceSharp.Xbox.ViewModels/IRomAcquirer.cs      |   28 [32m+[m
 src/ViceSharp.Xbox.ViewModels/IStoragePicker.cs    |   20 [32m+[m
 .../IXboxSettingsGateway.cs                        |  129 [32m++[m
 .../InputContextObserver.cs                        |  112 [32m++[m
 src/ViceSharp.Xbox.ViewModels/InputMappingRow.cs   |   18 [32m+[m
 .../InputMappingViewModel.cs                       |  229 [32m+++[m
 src/ViceSharp.Xbox.ViewModels/KeycapSkin.cs        |   24 [32m+[m
 .../KeycapSkinResolver.cs                          |   42 [32m+[m
 .../NavigationDestination.cs                       |   73 [32m+[m
 .../NavigationViewModel.cs                         |  138 [32m++[m
 .../NearestNeighborMap.cs                          |   39 [32m+[m
 src/ViceSharp.Xbox.ViewModels/PhysicalKeyMap.cs    |   78 [32m+[m
 src/ViceSharp.Xbox.ViewModels/PickedFile.cs        |   50 [32m+[m
 src/ViceSharp.Xbox.ViewModels/RomCatalog.cs        |   80 [32m+[m
 src/ViceSharp.Xbox.ViewModels/RomDownloadResult.cs |   10 [32m+[m
 src/ViceSharp.Xbox.ViewModels/RomPresence.cs       |   17 [32m+[m
 src/ViceSharp.Xbox.ViewModels/RomProfile.cs        |   17 [32m+[m
 .../RomProvisionAssessment.cs                      |   20 [32m+[m
 .../RomProvisionEvaluator.cs                       |  143 [32m++[m
 src/ViceSharp.Xbox.ViewModels/RomProvisionState.cs |   20 [32m+[m
 src/ViceSharp.Xbox.ViewModels/RomRole.cs           |   18 [32m+[m
 src/ViceSharp.Xbox.ViewModels/RomRoleStatus.cs     |   16 [32m+[m
 src/ViceSharp.Xbox.ViewModels/RomSpec.cs           |   31 [32m+[m
 .../ViceSharp.Xbox.ViewModels.csproj               |   31 [32m+[m
 src/ViceSharp.Xbox.ViewModels/VideoCadence.cs      |   41 [32m+[m
 .../VideoDisplayGeometry.cs                        |   56 [32m+[m
 .../VideoFramePullViewModel.cs                     |  118 [32m++[m
 .../VideoPerfStatsViewModel.cs                     |  175 [32m++[m
 src/ViceSharp.Xbox.ViewModels/VirtualKeyEntry.cs   |   99 [32m++[m
 .../VirtualKeyboardLayout.cs                       |  173 [32m++[m
 .../VirtualKeyboardRow.cs                          |   17 [32m+[m
 .../VirtualKeyboardViewModel.cs                    |  325 [32m++++[m
 .../VirtualKeycapGlyphs.cs                         |  152 [32m++[m
 .../XboxDeviceSetupViewModel.cs                    |  315 [32m++++[m
 .../XboxMediaSlotViewModel.cs                      |  183 [32m+++[m
 .../XboxRomProvisioningViewModel.cs                |  275 [32m++++[m
 src/ViceSharp.Xbox.ViewModels/XboxSettingsStore.cs |   94 [32m++[m
 .../XboxSettingsViewModel.cs                       |  807 [32m++++++++++[m
 src/ViceSharp.Xbox/App.xaml                        |   19 [32m+[m
 src/ViceSharp.Xbox/App.xaml.cs                     | 1666 [32m++++++++++++++++++++[m
 src/ViceSharp.Xbox/Assets/Cartridges/sblox.CRT     |  Bin [31m0[m -> [32m16464[m bytes
 .../Assets/Fonts/PetMe-FreeLicense.txt             |   20 [32m+[m
 src/ViceSharp.Xbox/Assets/Fonts/PetMe64.ttf        |  Bin [31m0[m -> [32m389392[m bytes
 src/ViceSharp.Xbox/Assets/SplashScreen.png         |  Bin [31m0[m -> [32m16051[m bytes
 src/ViceSharp.Xbox/Assets/Square150x150Logo.png    |  Bin [31m0[m -> [32m7055[m bytes
 src/ViceSharp.Xbox/Assets/Square44x44Logo.png      |  Bin [31m0[m -> [32m1761[m bytes
 src/ViceSharp.Xbox/Assets/StoreLogo.png            |  Bin [31m0[m -> [32m2072[m bytes
 src/ViceSharp.Xbox/Assets/Wide310x150Logo.png      |  Bin [31m0[m -> [32m7408[m bytes
 .../Assets/vice-data/C64/gtk3_keyrah.vkm           |  371 [32m+++++[m
 .../Assets/vice-data/C64/gtk3_keyrah_de.vkm        |  369 [32m+++++[m
 .../Assets/vice-data/C64/gtk3_pos.vkm              |  321 [32m++++[m
 .../Assets/vice-data/C64/gtk3_pos_bmc64.vkm        |  197 [32m+++[m
 .../Assets/vice-data/C64/gtk3_pos_de.vkm           |  392 [32m+++++[m
 .../Assets/vice-data/C64/gtk3_pos_es.vkm           |  272 [32m++++[m
 .../Assets/vice-data/C64/gtk3_pos_it.vkm           |  371 [32m+++++[m
 .../Assets/vice-data/C64/gtk3_pos_se.vkm           |  391 [32m+++++[m
 .../Assets/vice-data/C64/gtk3_pos_tr.vkm           |  310 [32m++++[m
 .../Assets/vice-data/C64/gtk3_pos_uk.vkm           |  269 [32m++++[m
 .../Assets/vice-data/C64/gtk3_sym.vkm              |  319 [32m++++[m
 .../Assets/vice-data/C64/gtk3_sym_be.vkm           |  321 [32m++++[m
 .../Assets/vice-data/C64/gtk3_sym_da.vkm           |  310 [32m++++[m
 .../Assets/vice-data/C64/gtk3_sym_de.vkm           |  406 [32m+++++[m
 .../Assets/vice-data/C64/gtk3_sym_fr.vkm           |  317 [32m++++[m
 .../Assets/vice-data/C64/gtk3_sym_it.vkm           |  474 [32m++++++[m
 .../Assets/vice-data/C64/gtk3_sym_nl.vkm           |  320 [32m++++[m
 .../Assets/vice-data/C64/gtk3_sym_se.vkm           |  336 [32m++++[m
 .../Assets/vice-data/C64/gtk3_sym_tr.vkm           |  311 [32m++++[m
 .../Assets/vice-data/C64/gtk3_sym_uk.vkm           |  320 [32m++++[m
 .../Assets/vice-data/C64/gtk3_the64_de.vkm         |  394 [32m+++++[m
 .../Assets/vice-data/C64/sdl_c64p.vkm              |  259 [32m+++[m
 .../Assets/vice-data/C64/sdl_keyrah.vkm            |  267 [32m++++[m
 .../Assets/vice-data/C64/sdl_keyrah_combian.vkm    |  269 [32m++++[m
 .../Assets/vice-data/C64/sdl_keyrah_de.vkm         |  258 [32m+++[m
 .../Assets/vice-data/C64/sdl_keyrah_retropie.vkm   |  267 [32m++++[m
 .../vice-data/C64/sdl_keyrah_retropie_de.vkm       |  266 [32m++++[m
 .../Assets/vice-data/C64/sdl_pos.vkm               |  220 [32m+++[m
 .../Assets/vice-data/C64/sdl_pos_ch.vkm            |  259 [32m+++[m
 .../Assets/vice-data/C64/sdl_pos_da.vkm            |  240 [32m+++[m
 .../Assets/vice-data/C64/sdl_pos_de.vkm            |  248 [32m+++[m
 .../Assets/vice-data/C64/sdl_pos_fi.vkm            |  240 [32m+++[m
 .../Assets/vice-data/C64/sdl_pos_no.vkm            |  238 [32m+++[m
 .../Assets/vice-data/C64/sdl_pos_tr.vkm            |  222 [32m+++[m
 .../Assets/vice-data/C64/sdl_pos_uk.vkm            |  229 [32m+++[m
 .../Assets/vice-data/C64/sdl_sym.vkm               |  233 [32m+++[m
 .../Assets/vice-data/C64/sdl_sym_da.vkm            |  263 [32m+++[m
 .../Assets/vice-data/C64/sdl_sym_de.vkm            |  302 [32m++++[m
 .../Assets/vice-data/C64/sdl_sym_fr.vkm            |  236 [32m+++[m
 .../Assets/vice-data/C64/sdl_sym_it.vkm            |  239 [32m+++[m
 .../Assets/vice-data/C64/sdl_sym_nl.vkm            |  233 [32m+++[m
 .../vice-data/C64/sdl_sym_no_pi_4-500_bmc64.vkm    |  255 [32m+++[m
 .../Assets/vice-data/C64/sdl_sym_tr.vkm            |  237 [32m+++[m
 .../Assets/vice-data/C64/sdl_sym_uk.vkm            |  256 [32m+++[m
 .../vice-data/C64/sdl_sym_uk_pi_4-500_bmc64.vkm    |  274 [32m++++[m
 .../vice-data/C64/sdl_sym_us_pi_4-500_bmc64.vkm    |  251 [32m+++[m
 src/ViceSharp.Xbox/Controls/KeyWidthConverter.cs   |   27 [32m+[m
 src/ViceSharp.Xbox/Controls/KeycapSkinPalette.cs   |   58 [32m+[m
 src/ViceSharp.Xbox/Controls/QuickMenuOverlay.xaml  |   28 [32m+[m
 .../Controls/QuickMenuOverlay.xaml.cs              |   20 [32m+[m
 .../Controls/RowAlignmentConverter.cs              |   25 [32m+[m
 src/ViceSharp.Xbox/Controls/VideoSurfaceHost.cs    |  856 [32m++++++++++[m
 .../Controls/VirtualKeyboardOverlay.xaml           |   84 [32m+[m
 .../Controls/VirtualKeyboardOverlay.xaml.cs        |  215 [32m+++[m
 src/ViceSharp.Xbox/Logging/FileLoggerProvider.cs   |  136 [32m++[m
 src/ViceSharp.Xbox/Package.appxmanifest            |   75 [32m+[m
 .../Platform/DefaultCartridgeBoot.cs               |  103 [32m++[m
 .../Platform/InProcessSessionFacade.cs             |  291 [32m++++[m
 src/ViceSharp.Xbox/Platform/SnapshotJsonContext.cs |   16 [32m+[m
 src/ViceSharp.Xbox/Platform/WinRtGamepadSource.cs  |  210 [32m+++[m
 src/ViceSharp.Xbox/Platform/XboxAudioWiring.cs     |   28 [32m+[m
 src/ViceSharp.Xbox/Program.cs                      |   16 [32m+[m
 src/ViceSharp.Xbox/Properties/launchSettings.json  |    7 [32m+[m
 src/ViceSharp.Xbox/RomM/C64MachineProvider.cs      |   21 [32m+[m
 src/ViceSharp.Xbox/RomM/GameDetailsRequest.cs      |   20 [32m+[m
 src/ViceSharp.Xbox/RomM/IXboxLaunchSession.cs      |   36 [32m+[m
 src/ViceSharp.Xbox/RomM/XboxCoverImageLoader.cs    |   82 [32m+[m
 src/ViceSharp.Xbox/RomM/XboxGameLauncher.cs        |   65 [32m+[m
 src/ViceSharp.Xbox/RomM/XboxLaunchSession.cs       |   58 [32m+[m
 .../RomProvisioning/RomFetchRomAcquirer.cs         |  122 [32m++[m
 .../RomProvisioning/UwpStoragePicker.cs            |   44 [32m+[m
 src/ViceSharp.Xbox/Styles/C64Keycaps.xaml          |   53 [32m+[m
 src/ViceSharp.Xbox/Styles/FocusVisuals.xaml        |   51 [32m+[m
 src/ViceSharp.Xbox/ViceSharp.Xbox.csproj           |  235 [32m+++[m
 src/ViceSharp.Xbox/Views/AboutPage.xaml            |   25 [32m+[m
 src/ViceSharp.Xbox/Views/AboutPage.xaml.cs         |   30 [32m+[m
 src/ViceSharp.Xbox/Views/CsdbPage.xaml             |   57 [32m+[m
 src/ViceSharp.Xbox/Views/CsdbPage.xaml.cs          |  138 [32m++[m
 src/ViceSharp.Xbox/Views/DeviceSetupPage.xaml      |   44 [32m+[m
 src/ViceSharp.Xbox/Views/DeviceSetupPage.xaml.cs   |   49 [32m+[m
 src/ViceSharp.Xbox/Views/EmulatorView.xaml         |   38 [32m+[m
 src/ViceSharp.Xbox/Views/EmulatorView.xaml.cs      |   38 [32m+[m
 src/ViceSharp.Xbox/Views/GameDetailsPage.xaml      |   76 [32m+[m
 src/ViceSharp.Xbox/Views/GameDetailsPage.xaml.cs   |  297 [32m++++[m
 src/ViceSharp.Xbox/Views/HomePage.xaml             |   93 [32m++[m
 src/ViceSharp.Xbox/Views/HomePage.xaml.cs          |   92 [32m++[m
 src/ViceSharp.Xbox/Views/InputMappingPage.xaml     |   57 [32m+[m
 src/ViceSharp.Xbox/Views/InputMappingPage.xaml.cs  |   71 [32m+[m
 src/ViceSharp.Xbox/Views/LibraryPage.xaml          |  142 [32m++[m
 src/ViceSharp.Xbox/Views/LibraryPage.xaml.cs       |  622 [32m++++++++[m
 src/ViceSharp.Xbox/Views/ListsPage.xaml            |  159 [32m++[m
 src/ViceSharp.Xbox/Views/ListsPage.xaml.cs         |  646 [32m++++++++[m
 src/ViceSharp.Xbox/Views/RomProvisioningPage.xaml  |   53 [32m+[m
 .../Views/RomProvisioningPage.xaml.cs              |   59 [32m+[m
 src/ViceSharp.Xbox/Views/SettingsPage.xaml         |   51 [32m+[m
 src/ViceSharp.Xbox/Views/SettingsPage.xaml.cs      |  112 [32m++[m
 .../appsettings.aiunit.json                        |    6 [32m+[m[31m-[m
 .../AvaloniaGameLauncherTests.cs                   |   57 [32m+[m
 .../ViceSharp.Heads.Tests.csproj                   |   34 [32m+[m
 .../ViceSharp.Heads.Tests/XboxGameLauncherTests.cs |   94 [32m++[m
 tests/ViceSharp.Heads.Tests/XboxNavigationTests.cs |   25 [32m+[m
 .../RommLiveE2ETests.cs                            |  158 [32m++[m
 .../RommLiveFixture.cs                             |  101 [32m++[m
 .../ViceSharp.Library.IntegrationTests.csproj      |   27 [32m+[m
 .../Adapter/FakeRomMHandler.cs                     |   94 [32m++[m
 .../Adapter/RomMGatewayAuthTests.cs                |   45 [32m+[m
 .../Adapter/RomMGatewayBrowseTests.cs              |   84 [32m+[m
 .../Adapter/RomMGatewayCollectionsTests.cs         |  173 [32m++[m
 .../Adapter/RomMGatewayDetailTests.cs              |   39 [32m+[m
 .../Adapter/RomMGatewayDownloadTests.cs            |   70 [32m+[m
 .../Adapter/RomMJsonContextTests.cs                |   57 [32m+[m
 .../Boundary/LibraryViewModelsBoundaryTests.cs     |  111 [32m++[m
 .../Browse/GameGrouperTests.cs                     |   86 [32m+[m
 .../Browse/LibraryBrowseViewModelTests.cs          |  390 [32m+++++[m
 .../ViceSharp.Library.Tests/Browse/LibraryFakes.cs |   86 [32m+[m
 .../Collections/CollectionsViewModelTests.cs       |   39 [32m+[m
 .../Collections/FakeCollectionsGateway.cs          |   52 [32m+[m
 .../Collections/RomDetailViewModelTests.cs         |   29 [32m+[m
 .../Connection/FileRecentsStoreTests.cs            |   70 [32m+[m
 .../Connection/FileRomMConnectionStoreTests.cs     |   42 [32m+[m
 .../Connection/LibraryConnectionViewModelTests.cs  |   30 [32m+[m
 .../Connection/RomMAuthRefreshTests.cs             |   54 [32m+[m
 .../Connection/RomMPairingTests.cs                 |   61 [32m+[m
 .../Connection/RomMServerLocatorTests.cs           |  152 [32m++[m
 .../Covers/CoverCacheTests.cs                      |   81 [32m+[m
 .../Covers/RomMCoverImageSourceTests.cs            |   43 [32m+[m
 .../Csdb/BridgeCsdbGatewayTests.cs                 |   73 [32m+[m
 .../Csdb/CsdbDiscoveryViewModelTests.cs            |   92 [32m++[m
 .../Csdb/CsdbGatewaySelectionTests.cs              |   35 [32m+[m
 .../Csdb/LocalCsdbGatewayTests.cs                  |   80 [32m+[m
 .../Discovery/RomMBridgeConnectionSourceTests.cs   |   78 [32m+[m
 .../Discovery/RomMDiscoveryTests.cs                |   84 [32m+[m
 .../Machine/CurrentMachineSlugTests.cs             |   46 [32m+[m
 .../Media/MediaExtensionMapTests.cs                |   65 [32m+[m
 .../Packaging/DirectoryPackagesTests.cs            |   39 [32m+[m
 .../Packaging/NuGetConfigTests.cs                  |   31 [32m+[m
 .../Packaging/PackageMetadataTests.cs              |   50 [32m+[m
 tests/ViceSharp.Library.Tests/RepoPaths.cs         |   28 [32m+[m
 .../Threading/LibraryObservableObjectTests.cs      |   90 [32m++[m
 .../ViceSharp.Library.Tests.csproj                 |   37 [32m+[m
 .../AttachPanelViewModelTests.cs                   |   16 [32m+[m[31m-[m
 .../Audio/AssemblyAudioSilence.cs                  |   31 [32m+[m
 .../Audio/MasterAudioControlTests.cs               |    2 [32m+[m[31m-[m
 .../Audio/SidAudioPumpTests.cs                     |    1 [31m-[m
 .../Audio/TestSilenceRatchetTests.cs               |   75 [32m+[m
 .../ViceSharp.TestHarness/Branding/AppIconTests.cs |   31 [32m+[m
 .../C1541/HostMediaSimulatedLoadTests.cs           |    2 [32m+[m
 .../DebugAttachFilePublisherTests.cs               |    2 [32m+[m[31m-[m
 .../DiagnosticsServiceHostTests.cs                 |   10 [32m+[m[31m-[m
 .../ViceSharp.TestHarness/HostInputServiceTests.cs |   10 [32m+[m
 .../HostShells/AvaloniaFullscreenHotkeyTests.cs    |   65 [32m+[m
 .../HostShells/AvaloniaVideoAspectTests.cs         |  110 [32m++[m
 .../HostShells/HostInProcessExtractionTests.cs     |  114 [32m++[m
 .../HostShells/XboxManifestTests.cs                |  206 [32m+++[m
 .../HostShells/XboxUwpHeadShellTests.cs            |  151 [32m++[m
 .../HostShells/XboxUwpHeadTests.cs                 |  296 [32m++++[m
 .../IEC/D64FileSystemTests.cs                      |   42 [32m+[m[31m-[m
 tests/ViceSharp.TestHarness/IEC/T64ImageTests.cs   |   84 [32m+[m
 tests/ViceSharp.TestHarness/ShellViewModelTests.cs |   28 [32m+[m
 .../VicSpriteRenderDivergentParityTests.cs         |   57 [32m+[m
 .../ViceSharp.TestHarness.csproj                   |    9 [32m+[m
 .../Xbox/AboutViewModelTests.cs                    |   92 [32m++[m
 .../Xbox/ConsoleEmulatorHostTests.cs               |  303 [32m++++[m
 .../Xbox/Fakes/FakeEmulatorSessionFacade.cs        |   81 [32m+[m
 .../Xbox/Fakes/FakeMachineJoystickInput.cs         |   50 [32m+[m
 .../Xbox/Fakes/FakeMachineKeyboardInput.cs         |   61 [32m+[m
 .../Xbox/Fakes/FakeRomAcquirer.cs                  |   43 [32m+[m
 .../Xbox/Fakes/FakeStoragePicker.cs                |   32 [32m+[m
 .../Xbox/Fakes/FakeVideoFramePull.cs               |  131 [32m++[m
 .../Xbox/Fakes/FakeXboxSettingsGateway.cs          |  251 [32m+++[m
 .../Xbox/Fakes/RecordingSyncContext.cs             |   22 [32m+[m
 .../Xbox/FocusMapBuilderTests.cs                   |  207 [32m+++[m
 .../Xbox/GamepadConverterTests.cs                  |  218 [32m+++[m
 .../Xbox/GamepadDataShapeTests.cs                  |  171 [32m++[m
 .../Xbox/GamepadMergeSocdTests.cs                  |  196 [32m+++[m
 .../Xbox/GamepadProfileTests.cs                    |  155 [32m++[m
 .../Xbox/HomeViewModelTests.cs                     |  132 [32m++[m
 .../ViceSharp.TestHarness/Xbox/HostingSeamTests.cs |  173 [32m++[m
 .../Xbox/InputContextObserverTests.cs              |  149 [32m++[m
 .../Xbox/InputMappingViewModelTests.cs             |  192 [32m+++[m
 .../Xbox/NavigationViewModelTests.cs               |  125 [32m++[m
 .../Xbox/PortableAudioTypesLocationTests.cs        |   49 [32m+[m
 .../Xbox/RomFetchRomAcquirerTests.cs               |  144 [32m++[m
 .../Xbox/RomProvisionEvaluatorTests.cs             |  218 [32m+++[m
 .../Xbox/RomProvisionTestData.cs                   |  151 [32m++[m
 .../Xbox/SettingsOptionCatalogTests.cs             |  190 [32m+++[m
 .../Xbox/VideoFramePullViewModelTests.cs           |  125 [32m++[m
 .../Xbox/VideoSurfacePureSinkBoundaryTests.cs      |   90 [32m++[m
 .../Xbox/VirtualKeyboardViewModelTests.cs          |  314 [32m++++[m
 .../Xbox/XAudio2AudioMathTests.cs                  |  367 [32m+++++[m
 .../Xbox/XAudio2SourceVoiceBackendTests.cs         |  406 [32m+++++[m
 .../Xbox/XboxAotBindingConventionTests.cs          |  107 [32m++[m
 .../ViceSharp.TestHarness/Xbox/XboxAotLinkTests.cs |  435 [32m+++++[m
 .../Xbox/XboxAppCommandDispatcherTests.cs          |  629 [32m++++++++[m
 .../Xbox/XboxAudioBackendFactoryTests.cs           |  203 [32m+++[m
 .../Xbox/XboxAudioWiringTests.cs                   |   72 [32m+[m
 .../Xbox/XboxAuthenticKeyboardTests.cs             |  313 [32m++++[m
 .../Xbox/XboxBindingPersistenceTests.cs            |  317 [32m++++[m
 .../ViceSharp.TestHarness/Xbox/XboxC64FontTests.cs |   98 [32m++[m
 .../Xbox/XboxCiConfigTests.cs                      |  111 [32m++[m
 .../Xbox/XboxComputerModelPickerTests.cs           |  250 [32m+++[m
 .../Xbox/XboxDataPathBridgeTests.cs                |  245 [32m+++[m
 .../Xbox/XboxDefaultCartridgeTests.cs              |  172 [32m++[m
 .../Xbox/XboxDeviceSetupViewModelTests.cs          |  304 [32m++++[m
 .../Xbox/XboxGplComplianceTests.cs                 |  295 [32m++++[m
 .../Xbox/XboxInputContextMachineTests.cs           |  523 [32m++++++[m
 .../Xbox/XboxKeyboardInputTests.cs                 |  346 [32m++++[m
 .../Xbox/XboxKeyboardStickyModifierTests.cs        |  216 [32m+++[m
 .../Xbox/XboxKeycapModelTests.cs                   |  102 [32m++[m
 .../Xbox/XboxKeycapPetsciiGlyphTests.cs            |  300 [32m++++[m
 .../Xbox/XboxKeycapShiftTests.cs                   |  122 [32m++[m
 .../Xbox/XboxLocalDeployTargetTests.cs             |   77 [32m+[m
 .../Xbox/XboxMachineSnapshotTests.cs               |  221 [32m+++[m
 .../Xbox/XboxManagedFrameGateTests.cs              |  242 [32m+++[m
 .../Xbox/XboxMenuFocusAndKeycapStyleTests.cs       |  192 [32m+++[m
 .../Xbox/XboxMenuPauseTests.cs                     |   71 [32m+[m
 .../Xbox/XboxMenuSubpageTests.cs                   |  105 [32m++[m
 .../Xbox/XboxNukeConfigTests.cs                    |  158 [32m++[m
 .../Xbox/XboxPerfStatsTests.cs                     |  174 [32m++[m
 .../Xbox/XboxRestoreSeamTests.cs                   |  284 [32m++++[m
 .../Xbox/XboxRomProvisioningDispatchTests.cs       |   91 [32m++[m
 .../Xbox/XboxRomProvisioningViewModelTests.cs      |  224 [32m+++[m
 .../Xbox/XboxSettingsDispatchTests.cs              |   87 [32m+[m
 .../Xbox/XboxSettingsPersistenceTests.cs           |  124 [32m++[m
 .../Xbox/XboxSettingsViewModelTests.cs             |  266 [32m++++[m
 .../Xbox/XboxStorePipelineTests.cs                 |  127 [32m++[m
 .../Xbox/XboxSystemButtonsBindingTests.cs          |  269 [32m++++[m
 .../Xbox/XboxTestConventionTests.cs                |  433 [32m+++++[m
 .../Xbox/XboxUiStateStoreTests.cs                  |  196 [32m+++[m
 .../Xbox/XboxVideoAspectTests.cs                   |  185 [32m+++[m
 .../Xbox/XboxVideoCadenceTests.cs                  |  108 [32m++[m
 .../Xbox/XboxVideoSurfaceInteropTests.cs           |   96 [32m++[m
 .../Xbox/XboxViewModelsBoundaryTests.cs            |  212 [32m+++[m
 tools/generate-icons.py                            |   27 [32m+[m
 484 files changed, 58192 insertions(+), 301 deletions(-)
 create mode 100644 azure-pipelines-xbox-store.yml
 create mode 100644 build/Set-StoreIdentity.ps1
 create mode 100644 docs/plans/PLAN-ROMM-BDPv4.md
 create mode 100644 docs/plans/PLAN-ROMM-phase-e-validation.md
 create mode 100644 docs/plans/PLAN-XBOXUWP-BDPv4.md
 create mode 100644 docs/wireframes/romm-avalonia-details.svg
 create mode 100644 docs/wireframes/romm-avalonia-library.svg
 create mode 100644 docs/wireframes/romm-avalonia-lists.svg
 create mode 100644 docs/wireframes/romm-csdb-pairing.svg
 create mode 100644 docs/wireframes/romm-xbox-details.svg
 create mode 100644 docs/wireframes/romm-xbox-library.svg
 create mode 100644 docs/wireframes/romm-xbox-lists.svg
 create mode 100644 docs/xbox-store-publishing.md
 create mode 100644 docs/xbox/dev-pc-validation-guide.md
 create mode 100644 docs/xbox/microsoft-store-publishing-checklist.md
 create mode 100644 docs/xbox/on-console-setup-runbook.md
 rename src/{ViceSharp.Host/Audio => ViceSharp.Abstractions}/AudioSampleConverter.cs (96%)
 create mode 100644 src/ViceSharp.Abstractions/DriveModel.cs
 create mode 100644 src/ViceSharp.Abstractions/DriveModelCatalog.cs
 rename src/{ViceSharp.Host/Audio => ViceSharp.Abstractions}/MasterAudioControl.cs (76%)
 create mode 100644 src/ViceSharp.Avalonia/ViewModels/AvaloniaGameLauncher.cs
 create mode 100644 src/ViceSharp.Avalonia/ViewModels/IGameLaunchTarget.cs
 create mode 100644 src/ViceSharp.Avalonia/ViewModels/RomMLibraryViewModel.cs
 create mode 100644 src/ViceSharp.Avalonia/Views/CsdbView.cs
 create mode 100644 src/ViceSharp.Avalonia/Views/LibraryView.cs
 create mode 100644 src/ViceSharp.Avalonia/Views/ListsView.cs
 create mode 100644 src/ViceSharp.Chips/Cia/CiaSnapshotState.cs
 create mode 100644 src/ViceSharp.Chips/IEC/D64SingleFileBuilder.cs
 create mode 100644 src/ViceSharp.Chips/Tape/T64Image.cs
 create mode 100644 src/ViceSharp.Chips/VicIi/VicSnapshotState.cs
 rename src/{ViceSharp.Host => ViceSharp.Host.InProcess}/Audio/AudioBackendFactory.cs (77%)
 create mode 100644 src/ViceSharp.Host.InProcess/Audio/ISourceVoiceDevice.cs
 rename src/{ViceSharp.Host => ViceSharp.Host.InProcess}/Audio/WinMmAudioBackend.cs (100%)
 create mode 100644 src/ViceSharp.Host.InProcess/Audio/XAudio2AudioMath.cs
 create mode 100644 src/ViceSharp.Host.InProcess/Audio/XAudio2SourceVoiceBackend.cs
 create mode 100644 src/ViceSharp.Host.InProcess/Audio/XAudio2SourceVoiceDevice.cs
 create mode 100644 src/ViceSharp.Host.InProcess/Audio/XboxAudioBackendFactory.cs
 rename src/{ViceSharp.Host => ViceSharp.Host.InProcess}/Diagnostics/HostDiagnosticsState.cs (100%)
 rename src/{ViceSharp.Host => ViceSharp.Host.InProcess}/Runtime/C64TrueDriveRigBuilder.cs (100%)
 create mode 100644 src/ViceSharp.Host.InProcess/Runtime/ConsoleEmulatorHost.cs
 rename src/{ViceSharp.Host => ViceSharp.Host.InProcess}/Runtime/DefaultEmulatorRuntimeFactory.cs (93%)
 rename src/{ViceSharp.Host => ViceSharp.Host.InProcess}/Runtime/EmulatorRuntimeRegistry.cs (100%)
 rename src/{ViceSharp.Host => ViceSharp.Host.InProcess}/Runtime/EmulatorRuntimeSession.cs (100%)
 rename src/{ViceSharp.Host => ViceSharp.Host.InProcess}/Runtime/HostKeyboardAutomation.cs (100%)
 rename src/{ViceSharp.Host => ViceSharp.Host.InProcess}/Runtime/IEmulatorRuntimeFactory.cs (100%)
 rename src/{ViceSharp.Host => ViceSharp.Host.InProcess}/Runtime/IecBusActivityMonitor.cs (100%)
 create mode 100644 src/ViceSharp.Host.InProcess/Runtime/MachineSnapshotStager.cs
 rename src/{ViceSharp.Host => ViceSharp.Host.InProcess}/Runtime/MinimalHostArchitectureDescriptor.cs (100%)
 rename src/{ViceSharp.Host => ViceSharp.Host.InProcess}/Runtime/TickHistoryRecorder.cs (100%)
 rename src/{ViceSharp.Host => ViceSharp.Host.InProcess}/Services/CaptureServiceHost.cs (100%)
 rename src/{ViceSharp.Host => ViceSharp.Host.InProcess}/Services/DiagnosticsServiceHost.cs (100%)
 rename src/{ViceSharp.Host => ViceSharp.Host.InProcess}/Services/EmulationGateStrategies.cs (100%)
 rename src/{ViceSharp.Host => ViceSharp.Host.InProcess}/Services/EmulationPumpService.cs (91%)
 rename src/{ViceSharp.Host => ViceSharp.Host.InProcess}/Services/EmulatorHostService.cs (100%)
 create mode 100644 src/ViceSharp.Host.InProcess/Services/HostKeymapWritePath.cs
 rename src/{ViceSharp.Host => ViceSharp.Host.InProcess}/Services/HostProtocolMapper.cs (100%)
 rename src/{ViceSharp.Host => ViceSharp.Host.InProcess}/Services/IEmulationGate.cs (100%)
 rename src/{ViceSharp.Host => ViceSharp.Host.InProcess}/Services/InputServiceHost.cs (89%)
 rename src/{ViceSharp.Host => ViceSharp.Host.InProcess}/Services/LocalVideoFrameSource.cs (100%)
 rename src/{ViceSharp.Host => ViceSharp.Host.InProcess}/Services/MediaServiceHost.cs (88%)
 rename src/{ViceSharp.Host => ViceSharp.Host.InProcess}/Services/MonitorServiceHost.cs (100%)
 create mode 100644 src/ViceSharp.Host.InProcess/Services/PacingMath.cs
 rename src/{ViceSharp.Host => ViceSharp.Host.InProcess}/Services/SemaphoreEmulationGate.cs (86%)
 rename src/{ViceSharp.Host => ViceSharp.Host.InProcess}/Services/SettingsServiceHost.cs (100%)
 create mode 100644 src/ViceSharp.Host.InProcess/Services/SnapshotServiceHost.cs
 rename src/{ViceSharp.Host => ViceSharp.Host.InProcess}/Services/ThreadAffinity.cs (100%)
 rename src/{ViceSharp.Host => ViceSharp.Host.InProcess}/Services/ViceEmulationGate.cs (100%)
 rename src/{ViceSharp.Host => ViceSharp.Host.InProcess}/Services/VideoServiceHost.cs (100%)
 create mode 100644 src/ViceSharp.Host.InProcess/Services/XboxManagedFrameGate.cs
 create mode 100644 src/ViceSharp.Host.InProcess/Settings/XboxUiPrefs.cs
 create mode 100644 src/ViceSharp.Host.InProcess/Settings/XboxUiStateStore.cs
 create mode 100644 src/ViceSharp.Host.InProcess/Startup/ILocalDataFolder.cs
 create mode 100644 src/ViceSharp.Host.InProcess/Startup/LocalDataFolder.cs
 create mode 100644 src/ViceSharp.Host.InProcess/Startup/XboxDataPathBridge.cs
 create mode 100644 src/ViceSharp.Host.InProcess/Startup/XboxDataPathResult.cs
 create mode 100644 src/ViceSharp.Host.InProcess/ViceSharp.Host.InProcess.csproj
 delete mode 100644 src/ViceSharp.Host/Services/SnapshotServiceHost.cs
 create mode 100644 src/ViceSharp.Library.ViewModels/AcquiredGame.cs
 create mode 100644 src/ViceSharp.Library.ViewModels/CollectionsViewModel.cs
 create mode 100644 src/ViceSharp.Library.ViewModels/CoverRef.cs
 create mode 100644 src/ViceSharp.Library.ViewModels/CsdbDiscoveryViewModel.cs
 create mode 100644 src/ViceSharp.Library.ViewModels/CsdbHit.cs
 create mode 100644 src/ViceSharp.Library.ViewModels/CsdbIngestResult.cs
 create mode 100644 src/ViceSharp.Library.ViewModels/CsdbKind.cs
 create mode 100644 src/ViceSharp.Library.ViewModels/CsdbSelection.cs
 create mode 100644 src/ViceSharp.Library.ViewModels/DiscoveredRomM.cs
 create mode 100644 src/ViceSharp.Library.ViewModels/GameGroup.cs
 create mode 100644 src/ViceSharp.Library.ViewModels/GameGrouper.cs
 create mode 100644 src/ViceSharp.Library.ViewModels/ICsdbGateway.cs
 create mode 100644 src/ViceSharp.Library.ViewModels/ICurrentMachineProvider.cs
 create mode 100644 src/ViceSharp.Library.ViewModels/IGameLauncher.cs
 create mode 100644 src/ViceSharp.Library.ViewModels/ILibraryImageLoader.cs
 create mode 100644 src/ViceSharp.Library.ViewModels/IRecentsStore.cs
 create mode 100644 src/ViceSharp.Library.ViewModels/IRomMCollectionsGateway.cs
 create mode 100644 src/ViceSharp.Library.ViewModels/IRomMConnectionStore.cs
 create mode 100644 src/ViceSharp.Library.ViewModels/IRomMDiscovery.cs
 create mode 100644 src/ViceSharp.Library.ViewModels/IRomMLibraryGateway.cs
 create mode 100644 src/ViceSharp.Library.ViewModels/IRomMServerProbe.cs
 create mode 100644 src/ViceSharp.Library.ViewModels/LaunchOutcome.cs
 create mode 100644 src/ViceSharp.Library.ViewModels/LibraryBrowseViewModel.cs
 create mode 100644 src/ViceSharp.Library.ViewModels/LibraryCollection.cs
 create mode 100644 src/ViceSharp.Library.ViewModels/LibraryConnectionViewModel.cs
 create mode 100644 src/ViceSharp.Library.ViewModels/LibraryMachine.cs
 create mode 100644 src/ViceSharp.Library.ViewModels/LibraryObservableObject.cs
 create mode 100644 src/ViceSharp.Library.ViewModels/LibraryOrder.cs
 create mode 100644 src/ViceSharp.Library.ViewModels/LibraryPage.cs
 create mode 100644 src/ViceSharp.Library.ViewModels/LibraryQuery.cs
 create mode 100644 src/ViceSharp.Library.ViewModels/MachinePlatformSlug.cs
 create mode 100644 src/ViceSharp.Library.ViewModels/MediaExtensionMap.cs
 create mode 100644 src/ViceSharp.Library.ViewModels/MediaKind.cs
 create mode 100644 src/ViceSharp.Library.ViewModels/MediaMapping.cs
 create mode 100644 src/ViceSharp.Library.ViewModels/RecentGame.cs
 create mode 100644 src/ViceSharp.Library.ViewModels/RomDetail.cs
 create mode 100644 src/ViceSharp.Library.ViewModels/RomDetailViewModel.cs
 create mode 100644 src/ViceSharp.Library.ViewModels/RomFile.cs
 create mode 100644 src/ViceSharp.Library.ViewModels/RomMConnection.cs
 create mode 100644 src/ViceSharp.Library.ViewModels/RomMLocateResult.cs
 create mode 100644 src/ViceSharp.Library.ViewModels/RomMPairingCoordinator.cs
 create mode 100644 src/ViceSharp.Library.ViewModels/RomMServerLocator.cs
 create mode 100644 src/ViceSharp.Library.ViewModels/RomTile.cs
 create mode 100644 src/ViceSharp.Library.ViewModels/ViceSharp.Library.ViewModels.csproj
 create mode 100644 src/ViceSharp.Protocol/SettingsOptionCatalog.cs
 create mode 100644 src/ViceSharp.RomM/BridgeCsdbGateway.cs
 create mode 100644 src/ViceSharp.RomM/CoverCache.cs
 create mode 100644 src/ViceSharp.RomM/CsdbGatewaySelection.cs
 create mode 100644 src/ViceSharp.RomM/FileRecentsStore.cs
 create mode 100644 src/ViceSharp.RomM/FileRomMConnectionStore.cs
 create mode 100644 src/ViceSharp.RomM/LocalCsdbGateway.cs
 create mode 100644 src/ViceSharp.RomM/RomMBridgeConnectionSource.cs
 create mode 100644 src/ViceSharp.RomM/RomMBridgeDtos.cs
 create mode 100644 src/ViceSharp.RomM/RomMCollectionDtos.cs
 create mode 100644 src/ViceSharp.RomM/RomMCollectionsGateway.cs
 create mode 100644 src/ViceSharp.RomM/RomMCoverImageSource.cs
 create mode 100644 src/ViceSharp.RomM/RomMHeartbeatProbe.cs
 create mode 100644 src/ViceSharp.RomM/RomMJsonContext.cs
 create mode 100644 src/ViceSharp.RomM/RomMLibraryGateway.cs
 create mode 100644 src/ViceSharp.RomM/RomMSubnetDiscovery.cs
 create mode 100644 src/ViceSharp.RomM/ViceSharp.RomM.csproj
 create mode 100644 src/ViceSharp.Xbox.Input/AppCommand.cs
 create mode 100644 src/ViceSharp.Xbox.Input/AppCommandDispatchResult.cs
 create mode 100644 src/ViceSharp.Xbox.Input/AppCommandDispatcher.cs
 create mode 100644 src/ViceSharp.Xbox.Input/BindableInput.cs
 create mode 100644 src/ViceSharp.Xbox.Input/BindingActivation.cs
 create mode 100644 src/ViceSharp.Xbox.Input/BindingJsonContext.cs
 create mode 100644 src/ViceSharp.Xbox.Input/BindingProfile.cs
 create mode 100644 src/ViceSharp.Xbox.Input/BindingProfileExtensions.cs
 create mode 100644 src/ViceSharp.Xbox.Input/ButtonBinding.cs
 create mode 100644 src/ViceSharp.Xbox.Input/DirectionalRepeater.cs
 create mode 100644 src/ViceSharp.Xbox.Input/GamepadButtonFlags.cs
 create mode 100644 src/ViceSharp.Xbox.Input/GamepadSnapshot.cs
 create mode 100644 src/ViceSharp.Xbox.Input/IBindingStore.cs
 create mode 100644 src/ViceSharp.Xbox.Input/InMemoryBindingStore.cs
 create mode 100644 src/ViceSharp.Xbox.Input/InputContext.cs
 create mode 100644 src/ViceSharp.Xbox.Input/InputResolution.cs
 create mode 100644 src/ViceSharp.Xbox.Input/JoystickPortState.cs
 create mode 100644 src/ViceSharp.Xbox.Input/StickConverter.cs
 create mode 100644 src/ViceSharp.Xbox.Input/SystemButtonLatch.cs
 create mode 100644 src/ViceSharp.Xbox.Input/ViceSharp.Xbox.Input.csproj
 create mode 100644 src/ViceSharp.Xbox.Input/XboxInputConfig.cs
 create mode 100644 src/ViceSharp.Xbox.Input/XboxInputConfigResolver.cs
 create mode 100644 src/ViceSharp.Xbox.Input/XboxInputContext.cs
 create mode 100644 src/ViceSharp.Xbox.Input/XboxInputPrefs.cs
 create mode 100644 src/ViceSharp.Xbox.Input/XboxJoystickMapper.cs
 create mode 100644 src/ViceSharp.Xbox.Input/XboxSystemButtons.cs
 create mode 100644 src/ViceSharp.Xbox.ViewModels/AboutInfo.cs
 create mode 100644 src/ViceSharp.Xbox.ViewModels/AboutViewModel.cs
 create mode 100644 src/ViceSharp.Xbox.ViewModels/AppKeyKind.cs
 create mode 100644 src/ViceSharp.Xbox.ViewModels/ComputerOption.cs
 create mode 100644 src/ViceSharp.Xbox.ViewModels/FocusMap.cs
 create mode 100644 src/ViceSharp.Xbox.ViewModels/FocusMapBuilder.cs
 create mode 100644 src/ViceSharp.Xbox.ViewModels/FocusNode.cs
 create mode 100644 src/ViceSharp.Xbox.ViewModels/FrameGeometry.cs
 create mode 100644 src/ViceSharp.Xbox.ViewModels/HomeViewModel.cs
 create mode 100644 src/ViceSharp.Xbox.ViewModels/IEmulatorSessionFacade.cs
 create mode 100644 src/ViceSharp.Xbox.ViewModels/ILocalVideoFramePull.cs
 create mode 100644 src/ViceSharp.Xbox.ViewModels/IRomAcquirer.cs
 create mode 100644 src/ViceSharp.Xbox.ViewModels/IStoragePicker.cs
 create mode 100644 src/ViceSharp.Xbox.ViewModels/IXboxSettingsGateway.cs
 create mode 100644 src/ViceSharp.Xbox.ViewModels/InputContextObserver.cs
 create mode 100644 src/ViceSharp.Xbox.ViewModels/InputMappingRow.cs
 create mode 100644 src/ViceSharp.Xbox.ViewModels/InputMappingViewModel.cs
 create mode 100644 src/ViceSharp.Xbox.ViewModels/KeycapSkin.cs
 create mode 100644 src/ViceSharp.Xbox.ViewModels/KeycapSkinResolver.cs
 create mode 100644 src/ViceSharp.Xbox.ViewModels/NavigationDestination.cs
 create mode 100644 src/ViceSharp.Xbox.ViewModels/NavigationViewModel.cs
 create mode 100644 src/ViceSharp.Xbox.ViewModels/NearestNeighborMap.cs
 create mode 100644 src/ViceSharp.Xbox.ViewModels/PhysicalKeyMap.cs
 create mode 100644 src/ViceSharp.Xbox.ViewModels/PickedFile.cs
 create mode 100644 src/ViceSharp.Xbox.ViewModels/RomCatalog.cs
 create mode 100644 src/ViceSharp.Xbox.ViewModels/RomDownloadResult.cs
 create mode 100644 src/ViceSharp.Xbox.ViewModels/RomPresence.cs
 create mode 100644 src/ViceSharp.Xbox.ViewModels/RomProfile.cs
 create mode 100644 src/ViceSharp.Xbox.ViewModels/RomProvisionAssessment.cs
 create mode 100644 src/ViceSharp.Xbox.ViewModels/RomProvisionEvaluator.cs
 create mode 100644 src/ViceSharp.Xbox.ViewModels/RomProvisionState.cs
 create mode 100644 src/ViceSharp.Xbox.ViewModels/RomRole.cs
 create mode 100644 src/ViceSharp.Xbox.ViewModels/RomRoleStatus.cs
 create mode 100644 src/ViceSharp.Xbox.ViewModels/RomSpec.cs
 create mode 100644 src/ViceSharp.Xbox.ViewModels/ViceSharp.Xbox.ViewModels.csproj
 create mode 100644 src/ViceSharp.Xbox.ViewModels/VideoCadence.cs
 create mode 100644 src/ViceSharp.Xbox.ViewModels/VideoDisplayGeometry.cs
 create mode 100644 src/ViceSharp.Xbox.ViewModels/VideoFramePullViewModel.cs
 create mode 100644 src/ViceSharp.Xbox.ViewModels/VideoPerfStatsViewModel.cs
 create mode 100644 src/ViceSharp.Xbox.ViewModels/VirtualKeyEntry.cs
 create mode 100644 src/ViceSharp.Xbox.ViewModels/VirtualKeyboardLayout.cs
 create mode 100644 src/ViceSharp.Xbox.ViewModels/VirtualKeyboardRow.cs
 create mode 100644 src/ViceSharp.Xbox.ViewModels/VirtualKeyboardViewModel.cs
 create mode 100644 src/ViceSharp.Xbox.ViewModels/VirtualKeycapGlyphs.cs
 create mode 100644 src/ViceSharp.Xbox.ViewModels/XboxDeviceSetupViewModel.cs
 create mode 100644 src/ViceSharp.Xbox.ViewModels/XboxMediaSlotViewModel.cs
 create mode 100644 src/ViceSharp.Xbox.ViewModels/XboxRomProvisioningViewModel.cs
 create mode 100644 src/ViceSharp.Xbox.ViewModels/XboxSettingsStore.cs
 create mode 100644 src/ViceSharp.Xbox.ViewModels/XboxSettingsViewModel.cs
 create mode 100644 src/ViceSharp.Xbox/App.xaml
 create mode 100644 src/ViceSharp.Xbox/App.xaml.cs
 create mode 100644 src/ViceSharp.Xbox/Assets/Cartridges/sblox.CRT
 create mode 100644 src/ViceSharp.Xbox/Assets/Fonts/PetMe-FreeLicense.txt
 create mode 100644 src/ViceSharp.Xbox/Assets/Fonts/PetMe64.ttf
 create mode 100644 src/ViceSharp.Xbox/Assets/SplashScreen.png
 create mode 100644 src/ViceSharp.Xbox/Assets/Square150x150Logo.png
 create mode 100644 src/ViceSharp.Xbox/Assets/Square44x44Logo.png
 create mode 100644 src/ViceSharp.Xbox/Assets/StoreLogo.png
 create mode 100644 src/ViceSharp.Xbox/Assets/Wide310x150Logo.png
 create mode 100644 src/ViceSharp.Xbox/Assets/vice-data/C64/gtk3_keyrah.vkm
 create mode 100644 src/ViceSharp.Xbox/Assets/vice-data/C64/gtk3_keyrah_de.vkm
 create mode 100644 src/ViceSharp.Xbox/Assets/vice-data/C64/gtk3_pos.vkm
 create mode 100644 src/ViceSharp.Xbox/Assets/vice-data/C64/gtk3_pos_bmc64.vkm
 create mode 100644 src/ViceSharp.Xbox/Assets/vice-data/C64/gtk3_pos_de.vkm
 create mode 100644 src/ViceSharp.Xbox/Assets/vice-data/C64/gtk3_pos_es.vkm
 create mode 100644 src/ViceSharp.Xbox/Assets/vice-data/C64/gtk3_pos_it.vkm
 create mode 100644 src/ViceSharp.Xbox/Assets/vice-data/C64/gtk3_pos_se.vkm
 create mode 100644 src/ViceSharp.Xbox/Assets/vice-data/C64/gtk3_pos_tr.vkm
 create mode 100644 src/ViceSharp.Xbox/Assets/vice-data/C64/gtk3_pos_uk.vkm
 create mode 100644 src/ViceSharp.Xbox/Assets/vice-data/C64/gtk3_sym.vkm
 create mode 100644 src/ViceSharp.Xbox/Assets/vice-data/C64/gtk3_sym_be.vkm
 create mode 100644 src/ViceSharp.Xbox/Assets/vice-data/C64/gtk3_sym_da.vkm
 create mode 100644 src/ViceSharp.Xbox/Assets/vice-data/C64/gtk3_sym_de.vkm
 create mode 100644 src/ViceSharp.Xbox/Assets/vice-data/C64/gtk3_sym_fr.vkm
 create mode 100644 src/ViceSharp.Xbox/Assets/vice-data/C64/gtk3_sym_it.vkm
 create mode 100644 src/ViceSharp.Xbox/Assets/vice-data/C64/gtk3_sym_nl.vkm
 create mode 100644 src/ViceSharp.Xbox/Assets/vice-data/C64/gtk3_sym_se.vkm
 create mode 100644 src/ViceSharp.Xbox/Assets/vice-data/C64/gtk3_sym_tr.vkm
 create mode 100644 src/ViceSharp.Xbox/Assets/vice-data/C64/gtk3_sym_uk.vkm
 create mode 100644 src/ViceSharp.Xbox/Assets/vice-data/C64/gtk3_the64_de.vkm
 create mode 100644 src/ViceSharp.Xbox/Assets/vice-data/C64/sdl_c64p.vkm
 create mode 100644 src/ViceSharp.Xbox/Assets/vice-data/C64/sdl_keyrah.vkm
 create mode 100644 src/ViceSharp.Xbox/Assets/vice-data/C64/sdl_keyrah_combian.vkm
 create mode 100644 src/ViceSharp.Xbox/Assets/vice-data/C64/sdl_keyrah_de.vkm
 create mode 100644 src/ViceSharp.Xbox/Assets/vice-data/C64/sdl_keyrah_retropie.vkm
 create mode 100644 src/ViceSharp.Xbox/Assets/vice-data/C64/sdl_keyrah_retropie_de.vkm
 create mode 100644 src/ViceSharp.Xbox/Assets/vice-data/C64/sdl_pos.vkm
 create mode 100644 src/ViceSharp.Xbox/Assets/vice-data/C64/sdl_pos_ch.vkm
 create mode 100644 src/ViceSharp.Xbox/Assets/vice-data/C64/sdl_pos_da.vkm
 create mode 100644 src/ViceSharp.Xbox/Assets/vice-data/C64/sdl_pos_de.vkm
 create mode 100644 src/ViceSharp.Xbox/Assets/vice-data/C64/sdl_pos_fi.vkm
 create mode 100644 src/ViceSharp.Xbox/Assets/vice-data/C64/sdl_pos_no.vkm
 create mode 100644 src/ViceSharp.Xbox/Assets/vice-data/C64/sdl_pos_tr.vkm
 create mode 100644 src/ViceSharp.Xbox/Assets/vice-data/C64/sdl_pos_uk.vkm
 create mode 100644 src/ViceSharp.Xbox/Assets/vice-data/C64/sdl_sym.vkm
 create mode 100644 src/ViceSharp.Xbox/Assets/vice-data/C64/sdl_sym_da.vkm
 create mode 100644 src/ViceSharp.Xbox/Assets/vice-data/C64/sdl_sym_de.vkm
 create mode 100644 src/ViceSharp.Xbox/Assets/vice-data/C64/sdl_sym_fr.vkm
 create mode 100644 src/ViceSharp.Xbox/Assets/vice-data/C64/sdl_sym_it.vkm
 create mode 100644 src/ViceSharp.Xbox/Assets/vice-data/C64/sdl_sym_nl.vkm
 create mode 100644 src/ViceSharp.Xbox/Assets/vice-data/C64/sdl_sym_no_pi_4-500_bmc64.vkm
 create mode 100644 src/ViceSharp.Xbox/Assets/vice-data/C64/sdl_sym_tr.vkm
 create mode 100644 src/ViceSharp.Xbox/Assets/vice-data/C64/sdl_sym_uk.vkm
 create mode 100644 src/ViceSharp.Xbox/Assets/vice-data/C64/sdl_sym_uk_pi_4-500_bmc64.vkm
 create mode 100644 src/ViceSharp.Xbox/Assets/vice-data/C64/sdl_sym_us_pi_4-500_bmc64.vkm
 create mode 100644 src/ViceSharp.Xbox/Controls/KeyWidthConverter.cs
 create mode 100644 src/ViceSharp.Xbox/Controls/KeycapSkinPalette.cs
 create mode 100644 src/ViceSharp.Xbox/Controls/QuickMenuOverlay.xaml
 create mode 100644 src/ViceSharp.Xbox/Controls/QuickMenuOverlay.xaml.cs
 create mode 100644 src/ViceSharp.Xbox/Controls/RowAlignmentConverter.cs
 create mode 100644 src/ViceSharp.Xbox/Controls/VideoSurfaceHost.cs
 create mode 100644 src/ViceSharp.Xbox/Controls/VirtualKeyboardOverlay.xaml
 create mode 100644 src/ViceSharp.Xbox/Controls/VirtualKeyboardOverlay.xaml.cs
 create mode 100644 src/ViceSharp.Xbox/Logging/FileLoggerProvider.cs
 create mode 100644 src/ViceSharp.Xbox/Package.appxmanifest
 create mode 100644 src/ViceSharp.Xbox/Platform/DefaultCartridgeBoot.cs
 create mode 100644 src/ViceSharp.Xbox/Platform/InProcessSessionFacade.cs
 create mode 100644 src/ViceSharp.Xbox/Platform/SnapshotJsonContext.cs
 create mode 100644 src/ViceSharp.Xbox/Platform/WinRtGamepadSource.cs
 create mode 100644 src/ViceSharp.Xbox/Platform/XboxAudioWiring.cs
 create mode 100644 src/ViceSharp.Xbox/Program.cs
 create mode 100644 src/ViceSharp.Xbox/Properties/launchSettings.json
 create mode 100644 src/ViceSharp.Xbox/RomM/C64MachineProvider.cs
 create mode 100644 src/ViceSharp.Xbox/RomM/GameDetailsRequest.cs
 create mode 100644 src/ViceSharp.Xbox/RomM/IXboxLaunchSession.cs
 create mode 100644 src/ViceSharp.Xbox/RomM/XboxCoverImageLoader.cs
 create mode 100644 src/ViceSharp.Xbox/RomM/XboxGameLauncher.cs
 create mode 100644 src/ViceSharp.Xbox/RomM/XboxLaunchSession.cs
 create mode 100644 src/ViceSharp.Xbox/RomProvisioning/RomFetchRomAcquirer.cs
 create mode 100644 src/ViceSharp.Xbox/RomProvisioning/UwpStoragePicker.cs
 create mode 100644 src/ViceSharp.Xbox/Styles/C64Keycaps.xaml
 create mode 100644 src/ViceSharp.Xbox/Styles/FocusVisuals.xaml
 create mode 100644 src/ViceSharp.Xbox/ViceSharp.Xbox.csproj
 create mode 100644 src/ViceSharp.Xbox/Views/AboutPage.xaml
 create mode 100644 src/ViceSharp.Xbox/Views/AboutPage.xaml.cs
 create mode 100644 src/ViceSharp.Xbox/Views/CsdbPage.xaml
 create mode 100644 src/ViceSharp.Xbox/Views/CsdbPage.xaml.cs
 create mode 100644 src/ViceSharp.Xbox/Views/DeviceSetupPage.xaml
 create mode 100644 src/ViceSharp.Xbox/Views/DeviceSetupPage.xaml.cs
 create mode 100644 src/ViceSharp.Xbox/Views/EmulatorView.xaml
 create mode 100644 src/ViceSharp.Xbox/Views/EmulatorView.xaml.cs
 create mode 100644 src/ViceSharp.Xbox/Views/GameDetailsPage.xaml
 create mode 100644 src/ViceSharp.Xbox/Views/GameDetailsPage.xaml.cs
 create mode 100644 src/ViceSharp.Xbox/Views/HomePage.xaml
 create mode 100644 src/ViceSharp.Xbox/Views/HomePage.xaml.cs
 create mode 100644 src/ViceSharp.Xbox/Views/InputMappingPage.xaml
 create mode 100644 src/ViceSharp.Xbox/Views/InputMappingPage.xaml.cs
 create mode 100644 src/ViceSharp.Xbox/Views/LibraryPage.xaml
 create mode 100644 src/ViceSharp.Xbox/Views/LibraryPage.xaml.cs
 create mode 100644 src/ViceSharp.Xbox/Views/ListsPage.xaml
 create mode 100644 src/ViceSharp.Xbox/Views/ListsPage.xaml.cs
 create mode 100644 src/ViceSharp.Xbox/Views/RomProvisioningPage.xaml
 create mode 100644 src/ViceSharp.Xbox/Views/RomProvisioningPage.xaml.cs
 create mode 100644 src/ViceSharp.Xbox/Views/SettingsPage.xaml
 create mode 100644 src/ViceSharp.Xbox/Views/SettingsPage.xaml.cs
 create mode 100644 tests/ViceSharp.Heads.Tests/AvaloniaGameLauncherTests.cs
 create mode 100644 tests/ViceSharp.Heads.Tests/ViceSharp.Heads.Tests.csproj
 create mode 100644 tests/ViceSharp.Heads.Tests/XboxGameLauncherTests.cs
 create mode 100644 tests/ViceSharp.Heads.Tests/XboxNavigationTests.cs
 create mode 100644 tests/ViceSharp.Library.IntegrationTests/RommLiveE2ETests.cs
 create mode 100644 tests/ViceSharp.Library.IntegrationTests/RommLiveFixture.cs
 create mode 100644 tests/ViceSharp.Library.IntegrationTests/ViceSharp.Library.IntegrationTests.csproj
 create mode 100644 tests/ViceSharp.Library.Tests/Adapter/FakeRomMHandler.cs
 create mode 100644 tests/ViceSharp.Library.Tests/Adapter/RomMGatewayAuthTests.cs
 create mode 100644 tests/ViceSharp.Library.Tests/Adapter/RomMGatewayBrowseTests.cs
 create mode 100644 tests/ViceSharp.Library.Tests/Adapter/RomMGatewayCollectionsTests.cs
 create mode 100644 tests/ViceSharp.Library.Tests/Adapter/RomMGatewayDetailTests.cs
 create mode 100644 tests/ViceSharp.Library.Tests/Adapter/RomMGatewayDownloadTests.cs
 create mode 100644 tests/ViceSharp.Library.Tests/Adapter/RomMJsonContextTests.cs
 create mode 100644 tests/ViceSharp.Library.Tests/Boundary/LibraryViewModelsBoundaryTests.cs
 create mode 100644 tests/ViceSharp.Library.Tests/Browse/GameGrouperTests.cs
 create mode 100644 tests/ViceSharp.Library.Tests/Browse/LibraryBrowseViewModelTests.cs
 create mode 100644 tests/ViceSharp.Library.Tests/Browse/LibraryFakes.cs
 create mode 100644 tests/ViceSharp.Library.Tests/Collections/CollectionsViewModelTests.cs
 create mode 100644 tests/ViceSharp.Library.Tests/Collections/FakeCollectionsGateway.cs
 create mode 100644 tests/ViceSharp.Library.Tests/Collections/RomDetailViewModelTests.cs
 create mode 100644 tests/ViceSharp.Library.Tests/Connection/FileRecentsStoreTests.cs
 create mode 100644 tests/ViceSharp.Library.Tests/Connection/FileRomMConnectionStoreTests.cs
 create mode 100644 tests/ViceSharp.Library.Tests/Connection/LibraryConnectionViewModelTests.cs
 create mode 100644 tests/ViceSharp.Library.Tests/Connection/RomMAuthRefreshTests.cs
 create mode 100644 tests/ViceSharp.Library.Tests/Connection/RomMPairingTests.cs
 create mode 100644 tests/ViceSharp.Library.Tests/Connection/RomMServerLocatorTests.cs
 create mode 100644 tests/ViceSharp.Library.Tests/Covers/CoverCacheTests.cs
 create mode 100644 tests/ViceSharp.Library.Tests/Covers/RomMCoverImageSourceTests.cs
 create mode 100644 tests/ViceSharp.Library.Tests/Csdb/BridgeCsdbGatewayTests.cs
 create mode 100644 tests/ViceSharp.Library.Tests/Csdb/CsdbDiscoveryViewModelTests.cs
 create mode 100644 tests/ViceSharp.Library.Tests/Csdb/CsdbGatewaySelectionTests.cs
 create mode 100644 tests/ViceSharp.Library.Tests/Csdb/LocalCsdbGatewayTests.cs
 create mode 100644 tests/ViceSharp.Library.Tests/Discovery/RomMBridgeConnectionSourceTests.cs
 create mode 100644 tests/ViceSharp.Library.Tests/Discovery/RomMDiscoveryTests.cs
 create mode 100644 tests/ViceSharp.Library.Tests/Machine/CurrentMachineSlugTests.cs
 create mode 100644 tests/ViceSharp.Library.Tests/Media/MediaExtensionMapTests.cs
 create mode 100644 tests/ViceSharp.Library.Tests/Packaging/DirectoryPackagesTests.cs
 create mode 100644 tests/ViceSharp.Library.Tests/Packaging/NuGetConfigTests.cs
 create mode 100644 tests/ViceSharp.Library.Tests/Packaging/PackageMetadataTests.cs
 create mode 100644 tests/ViceSharp.Library.Tests/RepoPaths.cs
 create mode 100644 tests/ViceSharp.Library.Tests/Threading/LibraryObservableObjectTests.cs
 create mode 100644 tests/ViceSharp.Library.Tests/ViceSharp.Library.Tests.csproj
 create mode 100644 tests/ViceSharp.TestHarness/Audio/AssemblyAudioSilence.cs
 create mode 100644 tests/ViceSharp.TestHarness/Audio/TestSilenceRatchetTests.cs
 create mode 100644 tests/ViceSharp.TestHarness/HostShells/AvaloniaFullscreenHotkeyTests.cs
 create mode 100644 tests/ViceSharp.TestHarness/HostShells/AvaloniaVideoAspectTests.cs
 create mode 100644 tests/ViceSharp.TestHarness/HostShells/HostInProcessExtractionTests.cs
 create mode 100644 tests/ViceSharp.TestHarness/HostShells/XboxManifestTests.cs
 create mode 100644 tests/ViceSharp.TestHarness/HostShells/XboxUwpHeadShellTests.cs
 create mode 100644 tests/ViceSharp.TestHarness/HostShells/XboxUwpHeadTests.cs
 create mode 100644 tests/ViceSharp.TestHarness/IEC/T64ImageTests.cs
 create mode 100644 tests/ViceSharp.TestHarness/Xbox/AboutViewModelTests.cs
 create mode 100644 tests/ViceSharp.TestHarness/Xbox/ConsoleEmulatorHostTests.cs
 create mode 100644 tests/ViceSharp.TestHarness/Xbox/Fakes/FakeEmulatorSessionFacade.cs
 create mode 100644 tests/ViceSharp.TestHarness/Xbox/Fakes/FakeMachineJoystickInput.cs
 create mode 100644 tests/ViceSharp.TestHarness/Xbox/Fakes/FakeMachineKeyboardInput.cs
 create mode 100644 tests/ViceSharp.TestHarness/Xbox/Fakes/FakeRomAcquirer.cs
 create mode 100644 tests/ViceSharp.TestHarness/Xbox/Fakes/FakeStoragePicker.cs
 create mode 100644 tests/ViceSharp.TestHarness/Xbox/Fakes/FakeVideoFramePull.cs
 create mode 100644 tests/ViceSharp.TestHarness/Xbox/Fakes/FakeXboxSettingsGateway.cs
 create mode 100644 tests/ViceSharp.TestHarness/Xbox/Fakes/RecordingSyncContext.cs
 create mode 100644 tests/ViceSharp.TestHarness/Xbox/FocusMapBuilderTests.cs
 create mode 100644 tests/ViceSharp.TestHarness/Xbox/GamepadConverterTests.cs
 create mode 100644 tests/ViceSharp.TestHarness/Xbox/GamepadDataShapeTests.cs
 create mode 100644 tests/ViceSharp.TestHarness/Xbox/GamepadMergeSocdTests.cs
 create mode 100644 tests/ViceSharp.TestHarness/Xbox/GamepadProfileTests.cs
 create mode 100644 tests/ViceSharp.TestHarness/Xbox/HomeViewModelTests.cs
 create mode 100644 tests/ViceSharp.TestHarness/Xbox/HostingSeamTests.cs
 create mode 100644 tests/ViceSharp.TestHarness/Xbox/InputContextObserverTests.cs
 create mode 100644 tests/ViceSharp.TestHarness/Xbox/InputMappingViewModelTests.cs
 create mode 100644 tests/ViceSharp.TestHarness/Xbox/NavigationViewModelTests.cs
 create mode 100644 tests/ViceSharp.TestHarness/Xbox/PortableAudioTypesLocationTests.cs
 create mode 100644 tests/ViceSharp.TestHarness/Xbox/RomFetchRomAcquirerTests.cs
 create mode 100644 tests/ViceSharp.TestHarness/Xbox/RomProvisionEvaluatorTests.cs
 create mode 100644 tests/ViceSharp.TestHarness/Xbox/RomProvisionTestData.cs
 create mode 100644 tests/ViceSharp.TestHarness/Xbox/SettingsOptionCatalogTests.cs
 create mode 100644 tests/ViceSharp.TestHarness/Xbox/VideoFramePullViewModelTests.cs
 create mode 100644 tests/ViceSharp.TestHarness/Xbox/VideoSurfacePureSinkBoundaryTests.cs
 create mode 100644 tests/ViceSharp.TestHarness/Xbox/VirtualKeyboardViewModelTests.cs
 create mode 100644 tests/ViceSharp.TestHarness/Xbox/XAudio2AudioMathTests.cs
 create mode 100644 tests/ViceSharp.TestHarness/Xbox/XAudio2SourceVoiceBackendTests.cs
 create mode 100644 tests/ViceSharp.TestHarness/Xbox/XboxAotBindingConventionTests.cs
 create mode 100644 tests/ViceSharp.TestHarness/Xbox/XboxAotLinkTests.cs
 create mode 100644 tests/ViceSharp.TestHarness/Xbox/XboxAppCommandDispatcherTests.cs
 create mode 100644 tests/ViceSharp.TestHarness/Xbox/XboxAudioBackendFactoryTests.cs
 create mode 100644 tests/ViceSharp.TestHarness/Xbox/XboxAudioWiringTests.cs
 create mode 100644 tests/ViceSharp.TestHarness/Xbox/XboxAuthenticKeyboardTests.cs
 create mode 100644 tests/ViceSharp.TestHarness/Xbox/XboxBindingPersistenceTests.cs
 create mode 100644 tests/ViceSharp.TestHarness/Xbox/XboxC64FontTests.cs
 create mode 100644 tests/ViceSharp.TestHarness/Xbox/XboxCiConfigTests.cs
 create mode 100644 tests/ViceSharp.TestHarness/Xbox/XboxComputerModelPickerTests.cs
 create mode 100644 tests/ViceSharp.TestHarness/Xbox/XboxDataPathBridgeTests.cs
 create mode 100644 tests/ViceSharp.TestHarness/Xbox/XboxDefaultCartridgeTests.cs
 create mode 100644 tests/ViceSharp.TestHarness/Xbox/XboxDeviceSetupViewModelTests.cs
 create mode 100644 tests/ViceSharp.TestHarness/Xbox/XboxGplComplianceTests.cs
 create mode 100644 tests/ViceSharp.TestHarness/Xbox/XboxInputContextMachineTests.cs
 create mode 100644 tests/ViceSharp.TestHarness/Xbox/XboxKeyboardInputTests.cs
 create mode 100644 tests/ViceSharp.TestHarness/Xbox/XboxKeyboardStickyModifierTests.cs
 create mode 100644 tests/ViceSharp.TestHarness/Xbox/XboxKeycapModelTests.cs
 create mode 100644 tests/ViceSharp.TestHarness/Xbox/XboxKeycapPetsciiGlyphTests.cs
 create mode 100644 tests/ViceSharp.TestHarness/Xbox/XboxKeycapShiftTests.cs
 create mode 100644 tests/ViceSharp.TestHarness/Xbox/XboxLocalDeployTargetTests.cs
 create mode 100644 tests/ViceSharp.TestHarness/Xbox/XboxMachineSnapshotTests.cs
 create mode 100644 tests/ViceSharp.TestHarness/Xbox/XboxManagedFrameGateTests.cs
 create mode 100644 tests/ViceSharp.TestHarness/Xbox/XboxMenuFocusAndKeycapStyleTests.cs
 create mode 100644 tests/ViceSharp.TestHarness/Xbox/XboxMenuPauseTests.cs
 create mode 100644 tests/ViceSharp.TestHarness/Xbox/XboxMenuSubpageTests.cs
 create mode 100644 tests/ViceSharp.TestHarness/Xbox/XboxNukeConfigTests.cs
 create mode 100644 tests/ViceSharp.TestHarness/Xbox/XboxPerfStatsTests.cs
 create mode 100644 tests/ViceSharp.TestHarness/Xbox/XboxRestoreSeamTests.cs
 create mode 100644 tests/ViceSharp.TestHarness/Xbox/XboxRomProvisioningDispatchTests.cs
 create mode 100644 tests/ViceSharp.TestHarness/Xbox/XboxRomProvisioningViewModelTests.cs
 create mode 100644 tests/ViceSharp.TestHarness/Xbox/XboxSettingsDispatchTests.cs
 create mode 100644 tests/ViceSharp.TestHarness/Xbox/XboxSettingsPersistenceTests.cs
 create mode 100644 tests/ViceSharp.TestHarness/Xbox/XboxSettingsViewModelTests.cs
 create mode 100644 tests/ViceSharp.TestHarness/Xbox/XboxStorePipelineTests.cs
 create mode 100644 tests/ViceSharp.TestHarness/Xbox/XboxSystemButtonsBindingTests.cs
 create mode 100644 tests/ViceSharp.TestHarness/Xbox/XboxTestConventionTests.cs
 create mode 100644 tests/ViceSharp.TestHarness/Xbox/XboxUiStateStoreTests.cs
 create mode 100644 tests/ViceSharp.TestHarness/Xbox/XboxVideoAspectTests.cs
 create mode 100644 tests/ViceSharp.TestHarness/Xbox/XboxVideoCadenceTests.cs
 create mode 100644 tests/ViceSharp.TestHarness/Xbox/XboxVideoSurfaceInteropTests.cs
 create mode 100644 tests/ViceSharp.TestHarness/Xbox/XboxViewModelsBoundaryTests.cs
## [32mmain[m...[31morigin/main[m [ahead [32m162[m]
[31m??[m docs/S-Blox/
[31m??[m docs/reviews/code-review-20260714T001056552Z.md
[31m??[m docs/reviews/code-review-20260714T004256563Z.md
[31m??[m docs/romless-vic-badline-fix.md
[33m521987b[m merge: feat/xbox-uwp-app into main for 1.2 line
[33m7442c1d[m release: bump minor to 1.2.0 (RomM, T64, Avalonia UX)
[33mcbb72be[m feat(xbox): Game-Pass style RomM Library page [PLAN-ROMM-001 AC-XUI-02]
