Test run for F:\GitHub\vice-sharp\tests\ViceSharp.TestHarness\bin\Release\net10.0\ViceSharp.TestHarness.dll (.NETCoreApp,Version=v10.0)
A total of 1 test files matched the specified pattern.
[xUnit.net 00:00:04.23]     ViceSharp.TestHarness.Vic20.Vic20DivergeProbe.EveryCycle_CpuRegs_Match_TwoSecondPal [FAIL]
  Failed ViceSharp.TestHarness.Vic20.Vic20DivergeProbe.EveryCycle_CpuRegs_Match_TwoSecondPal [2 s]
  Error Message:
   DIV first=541200 matchedCycles=541199 budget=2216810
c=541189 nPC=$DC6D mPC=$DC6D nA=$1E mA=$1E nX=$9B mX=$9B nY=$01 mY=$01 nS=$F7 mS=$F7 nP=$20 mP=$20 dbgCyc=0 op=$30 trail=1 nonOvlR=True nonOvlF=True dly=False stg=False irq=0 mis=False
c=541190 nPC=$DC6D mPC=$DC6D nA=$1E mA=$1E nX=$9B mX=$9B nY=$01 mY=$01 nS=$F7 mS=$F7 nP=$20 mP=$20 dbgCyc=2 op=$E4 trail=1 nonOvlR=True nonOvlF=True dly=False stg=False irq=0 mis=False
c=541191 nPC=$DC6D mPC=$DC6D nA=$1E mA=$1E nX=$9B mX=$9B nY=$01 mY=$01 nS=$F7 mS=$F7 nP=$20 mP=$20 dbgCyc=1 op=$E4 trail=1 nonOvlR=True nonOvlF=True dly=False stg=False irq=0 mis=False
c=541192 nPC=$DC6F mPC=$DC6F nA=$1E mA=$1E nX=$9B mX=$9B nY=$01 mY=$01 nS=$F7 mS=$F7 nP=$21 mP=$21 dbgCyc=0 op=$E4 trail=1 nonOvlR=True nonOvlF=True dly=False stg=False irq=0 mis=False
c=541193 nPC=$DC6F mPC=$DC6F nA=$1E mA=$1E nX=$9B mX=$9B nY=$01 mY=$01 nS=$F7 mS=$F7 nP=$21 mP=$21 dbgCyc=2 op=$D0 trail=1 nonOvlR=True nonOvlF=True dly=False stg=False irq=0 mis=False
c=541194 nPC=$DC71 mPC=$DC71 nA=$1E mA=$1E nX=$9B mX=$9B nY=$01 mY=$01 nS=$F7 mS=$F7 nP=$21 mP=$21 dbgCyc=1 op=$D0 trail=1 nonOvlR=True nonOvlF=True dly=False stg=False irq=0 mis=False
c=541195 nPC=$DC92 mPC=$DC92 nA=$1E mA=$1E nX=$9B mX=$9B nY=$01 mY=$01 nS=$F7 mS=$F7 nP=$21 mP=$21 dbgCyc=0 op=$D0 trail=1 nonOvlR=True nonOvlF=True dly=False stg=False irq=0 mis=False
c=541196 nPC=$DC92 mPC=$DC92 nA=$1E mA=$1E nX=$9B mX=$9B nY=$01 mY=$01 nS=$F7 mS=$F7 nP=$21 mP=$21 dbgCyc=2 op=$A5 trail=2 nonOvlR=True nonOvlF=True dly=False stg=False irq=0 mis=False
c=541197 nPC=$DC92 mPC=$DC92 nA=$20 mA=$20 nX=$9B mX=$9B nY=$01 mY=$01 nS=$F7 mS=$F7 nP=$21 mP=$21 dbgCyc=1 op=$A5 trail=2 nonOvlR=True nonOvlF=True dly=False stg=True irq=0 mis=False
c=541198 nPC=$DC94 mPC=$DC94 nA=$20 mA=$20 nX=$9B mX=$9B nY=$01 mY=$01 nS=$F7 mS=$F7 nP=$21 mP=$21 dbgCyc=0 op=$A5 trail=2 nonOvlR=True nonOvlF=True dly=False stg=False irq=0 mis=False
c=541199 nPC=$DC94 mPC=$DC94 nA=$20 mA=$20 nX=$9B mX=$9B nY=$01 mY=$01 nS=$F7 mS=$F7 nP=$21 mP=$21 dbgCyc=1 op=$90 trail=1 nonOvlR=True nonOvlF=True dly=False stg=False irq=0 mis=False
c=541200 nPC=$DC96 mPC=$DC94 nA=$20 mA=$20 nX=$9B mX=$9B nY=$01 mY=$01 nS=$F7 mS=$F7 nP=$21 mP=$21 dbgCyc=0 op=$90 trail=1 nonOvlR=True nonOvlF=True dly=False stg=False irq=0 mis=True
bus: m$C1=$00 m$C2=$20 n$C1=$00 n$C2=$20 m$C3=$6D m$C4=$FD n$C3=$6D n$C4=$FD m$0314=$BF n$0314=$BF

  Stack Trace:
     at ViceSharp.TestHarness.Vic20.Vic20DivergeProbe.RunEveryCycle(Int32 budget) in F:\GitHub\vice-sharp\tests\ViceSharp.TestHarness\Vic20\Vic20DivergeProbe.cs:line 123
   at ViceSharp.TestHarness.Vic20.Vic20DivergeProbe.EveryCycle_CpuRegs_Match_TwoSecondPal() in F:\GitHub\vice-sharp\tests\ViceSharp.TestHarness\Vic20\Vic20DivergeProbe.cs:line 47
   at System.Reflection.MethodBaseInvoker.InterpretedInvoke_Method(Object obj, IntPtr* args)
   at System.Reflection.MethodBaseInvoker.InvokeWithNoArgs(Object obj, BindingFlags invokeAttr)

Failed!  - Failed:     1, Passed:     0, Skipped:     0, Total:     1, Duration: 2 s - ViceSharp.TestHarness.dll (net10.0)
2S_EXIT=1
