docs/audit-vic20-vs-vice-2026-08-07.md
docs/receipts-lockstep-everycycle-2s-after-rts-2026-08-06.log
docs/receipts-lockstep-everycycle-2s-after-zpinc-2026-08-06.log
docs/receipts-lockstep-everycycle-2s-attempt-2026-08-06.log
docs/receipts-lockstep-everycycle-after-rts-2026-08-06.log
docs/receipts-lockstep-everycycle-baseline-2026-08-06.log
docs/receipts-lockstep-everycycle-baseline-2026-08-06.txt
docs/receipts-lockstep-everycycle-gates-2026-08-06.log
docs/receipts-lockstep-everycycle-zpinc-fix-2026-08-06.log
docs/receipts-lockstep-focused-after-rts-phase-2026-08-06.log
docs/receipts-lockstep-focused-bcc-2026-08-06.log
docs/receipts-lockstep-focused-cmp-2026-08-06.log
docs/receipts-lockstep-focused-imm-2026-08-06.log
docs/receipts-lockstep-focused-jsr-2026-08-06.log
docs/receipts-lockstep-focused-ldaabs-2026-08-06.log
docs/receipts-lockstep-focused-ldax-2026-08-06.log
docs/receipts-lockstep-focused-ldx-2026-08-06.log
docs/receipts-lockstep-focused-ldx2-2026-08-06.log
docs/receipts-lockstep-focused-nop-2026-08-06.log
docs/receipts-lockstep-focused-nopchain-2026-08-06.log
docs/receipts-lockstep-focused-plp-2026-08-06.log
docs/receipts-lockstep-focused-plp-b-2026-08-06.log
docs/receipts-lockstep-focused-rts-overlap-2026-08-06.log
docs/receipts-lockstep-focused-rts-v2-2026-08-06.log
docs/receipts-lockstep-focused-rts-v3-2026-08-06.log
docs/receipts-lockstep-focused-rts-v4-2026-08-06.log
docs/receipts-lockstep-focused-sty-2026-08-06.log
docs/receipts-lockstep-focused-zpinc-only-2026-08-06.log
docs/receipts-vic20-ntsc-apply-stackoverflow-2026-08-07.md
docs/receipts-vic20-ram-all-stackoverflow-2026-08-06.md
docs/receipts-vic20-video-40x40-2026-08-07.md
docs/receipts/hostile-validator-20260808T094911Z.json
docs/receipts/hostile-validator-20260808T094911Z.md
docs/receipts/hostile-validator-20260808T103211Z.json
docs/receipts/hostile-validator-20260808T103211Z.md
docs/reviews/code-review-20260714T001056552Z.md
docs/reviews/code-review-20260714T004256563Z.md
docs/romless-vic-badline-fix.md
docs/rti-focused-2026-08-06.log
docs/rti2-focused-2026-08-06.log
docs/rtsand-focused-2026-08-06.log
docs/rtsfl-focused-2026-08-06.log
docs/sec-focused-2026-08-06.log
docs/tay-focused-2026-08-06.log
docs/via1-iec-focused-2026-08-06.log
docs/vic20-cpu-plus-video-lockstep-focused-2026-08-08.log
docs/vic20-present-path-fix-2026-08-08.log
docs/vic20-ready-paper-fix-2026-08-08.log
docs/vic20-video-lockstep-2026-08-08.log
docs/vic20-video-lockstep-2k-2026-08-08.log
docs/xvic-err.txt
docs/xvic-err2.txt
docs/xvic-out.txt
docs/xvic-out2.txt
docs/xvic-ready-nofilter-2026-08-08.png
docs/xvic-ready-pal-2026-08-08.png
docs/xvic-ready-pal-2026-08-08b.png
docs/xvic-ready-user-2026-08-08.png
docs/xvic-shot.ini
manifests/s/sharpninja/ViceSharp/1.2.1/sharpninja.ViceSharp.installer.yaml
manifests/s/sharpninja/ViceSharp/1.2.1/sharpninja.ViceSharp.locale.en-US.yaml
manifests/s/sharpninja/ViceSharp/1.2.1/sharpninja.ViceSharp.yaml
src/ViceSharp.Avalonia/Views/FlashCartBuilderView.axaml
src/ViceSharp.Avalonia/Views/FlashCartBuilderView.axaml.cs
src/ViceSharp.Core/FlashCarts/FlashBankContentKind.cs
src/ViceSharp.Core/FlashCarts/FlashBankSlot.cs
src/ViceSharp.Core/FlashCarts/FlashCartImageBuilderViewModel.cs
src/ViceSharp.Core/FlashCarts/FlashCartProfiles.cs
src/ViceSharp.Core/FlashCarts/FlashImageBuilder.cs
src/ViceSharp.Core/FlashCarts/IFlashBuilderFileIo.cs
src/ViceSharp.Core/FlashCarts/IFlashCartProfile.cs
src/ViceSharp.Core/Iec/FileSystemIecDevice.cs
src/ViceSharp.Core/Vic20/FinalExpansion3Cartridge.cs
src/ViceSharp.Core/Vic20/IVic20ExpansionCartPort.cs
src/ViceSharp.Core/Vic20/IVic20RamConfiguration.cs
src/ViceSharp.Core/Vic20/MegaCartCartridge.cs
src/ViceSharp.Core/Vic20/UltimemCartridge.cs
src/ViceSharp.Core/Vic20/Vic20ExpansionCartKind.cs
src/ViceSharp.Core/Vic20/Vic20ExpansionCartPort.cs
src/ViceSharp.Protocol/ExpansionCartManageState.cs
src/ViceSharp.Protocol/Vic20MemoryUiState.cs
src/ViceSharp.Xbox/Views/FlashCartBuilderPage.xaml
src/ViceSharp.Xbox/Views/FlashCartBuilderPage.xaml.cs
tests/ViceSharp.TestHarness/FlashCart/Fe3PresetTests.cs
tests/ViceSharp.TestHarness/FlashCart/FlashCartImageBuilderViewModelTests.cs
tests/ViceSharp.TestHarness/FlashCart/FlashImageBuilderTests.cs
tests/ViceSharp.TestHarness/IEC/FileSystemIecDeviceTests.cs
tests/ViceSharp.TestHarness/IEC/FileSystemIecUnitSettingsTests.cs
tests/ViceSharp.TestHarness/Ui/Vic20SettingsUiSurfaceTests.cs
tests/ViceSharp.TestHarness/Vic20/MediaServiceHostVic20ExpansionTests.cs
tests/ViceSharp.TestHarness/Vic20/Vic20BoardWiringTests.cs
tests/ViceSharp.TestHarness/Vic20/Vic20ExpansionCartTests.cs
tests/ViceSharp.TestHarness/Vic20/Vic20MemorySettingsRestartTests.cs
tests/ViceSharp.TestHarness/Vic20/Vic20RamBlocksTests.cs
tests/ViceSharp.TestHarness/Vic20/Vic20SettingsRestartPreservesExpansionTests.cs
tests/ViceSharp.TestHarness/Vic20/Vic20VideoLockstep.cs
tests/ViceSharp.TestHarness/Vic20/Vic20VideoPumpSmokeTests.cs
---COUNT ALL UNTRACKED---
363
---SRC UNTRACKED---
src/ViceSharp.Avalonia/Views/FlashCartBuilderView.axaml
src/ViceSharp.Avalonia/Views/FlashCartBuilderView.axaml.cs
src/ViceSharp.Core/FlashCarts/FlashBankContentKind.cs
src/ViceSharp.Core/FlashCarts/FlashBankSlot.cs
src/ViceSharp.Core/FlashCarts/FlashCartImageBuilderViewModel.cs
src/ViceSharp.Core/FlashCarts/FlashCartProfiles.cs
src/ViceSharp.Core/FlashCarts/FlashImageBuilder.cs
src/ViceSharp.Core/FlashCarts/IFlashBuilderFileIo.cs
src/ViceSharp.Core/FlashCarts/IFlashCartProfile.cs
src/ViceSharp.Core/Iec/FileSystemIecDevice.cs
src/ViceSharp.Core/Vic20/FinalExpansion3Cartridge.cs
src/ViceSharp.Core/Vic20/IVic20ExpansionCartPort.cs
src/ViceSharp.Core/Vic20/IVic20RamConfiguration.cs
src/ViceSharp.Core/Vic20/MegaCartCartridge.cs
src/ViceSharp.Core/Vic20/UltimemCartridge.cs
src/ViceSharp.Core/Vic20/Vic20ExpansionCartKind.cs
src/ViceSharp.Core/Vic20/Vic20ExpansionCartPort.cs
src/ViceSharp.Protocol/ExpansionCartManageState.cs
src/ViceSharp.Protocol/Vic20MemoryUiState.cs
src/ViceSharp.Xbox/Views/FlashCartBuilderPage.xaml
src/ViceSharp.Xbox/Views/FlashCartBuilderPage.xaml.cs
tests/ViceSharp.TestHarness/FlashCart/Fe3PresetTests.cs
tests/ViceSharp.TestHarness/FlashCart/FlashCartImageBuilderViewModelTests.cs
tests/ViceSharp.TestHarness/FlashCart/FlashImageBuilderTests.cs
tests/ViceSharp.TestHarness/IEC/FileSystemIecDeviceTests.cs
tests/ViceSharp.TestHarness/IEC/FileSystemIecUnitSettingsTests.cs
tests/ViceSharp.TestHarness/Ui/Vic20SettingsUiSurfaceTests.cs
tests/ViceSharp.TestHarness/Vic20/MediaServiceHostVic20ExpansionTests.cs
tests/ViceSharp.TestHarness/Vic20/Vic20BoardWiringTests.cs
tests/ViceSharp.TestHarness/Vic20/Vic20ExpansionCartTests.cs
tests/ViceSharp.TestHarness/Vic20/Vic20MemorySettingsRestartTests.cs
tests/ViceSharp.TestHarness/Vic20/Vic20RamBlocksTests.cs
tests/ViceSharp.TestHarness/Vic20/Vic20SettingsRestartPreservesExpansionTests.cs
tests/ViceSharp.TestHarness/Vic20/Vic20VideoLockstep.cs
tests/ViceSharp.TestHarness/Vic20/Vic20VideoPumpSmokeTests.cs
