Test run for F:\GitHub\vice-sharp\tests\ViceSharp.TestHarness\bin\Release\net10.0\ViceSharp.TestHarness.dll (.NETCoreApp,Version=v10.0)
A total of 1 test files matched the specified pattern.
[xUnit.net 00:00:04.13]     ViceSharp.TestHarness.Vic20.Vic20DivergeProbe.EveryCycle_CpuRegs_Match_TwoSecondPal [FAIL]
  Failed ViceSharp.TestHarness.Vic20.Vic20DivergeProbe.EveryCycle_CpuRegs_Match_TwoSecondPal [2 s]
  Error Message:
   DIV first=522392 matchedCycles=522391 budget=2216810
c=522381 nPC=$EAFA mPC=$EAFA nA=$40 mA=$40 nX=$00 mX=$00 nY=$00 mY=$00 nS=$E8 mS=$E8 nP=$27 mP=$27 dbgCyc=3 op=$AD trail=2 nonOvlR=False nonOvlF=False dly=False stg=False irq=0 mis=False
c=522382 nPC=$EAFA mPC=$EAFA nA=$40 mA=$40 nX=$00 mX=$00 nY=$00 mY=$00 nS=$E8 mS=$E8 nP=$27 mP=$27 dbgCyc=2 op=$AD trail=2 nonOvlR=False nonOvlF=False dly=False stg=False irq=0 mis=False
c=522383 nPC=$EAFA mPC=$EAFA nA=$FE mA=$FE nX=$00 mX=$00 nY=$00 mY=$00 nS=$E8 mS=$E8 nP=$27 mP=$27 dbgCyc=1 op=$AD trail=2 nonOvlR=False nonOvlF=False dly=False stg=True irq=0 mis=False
c=522384 nPC=$EAFD mPC=$EAFD nA=$FE mA=$FE nX=$00 mX=$00 nY=$00 mY=$00 nS=$E8 mS=$E8 nP=$A5 mP=$A5 dbgCyc=0 op=$AD trail=2 nonOvlR=False nonOvlF=False dly=False stg=False irq=0 mis=False
c=522385 nPC=$EAFD mPC=$EAFD nA=$FE mA=$FE nX=$00 mX=$00 nY=$00 mY=$00 nS=$E8 mS=$E8 nP=$A5 mP=$A5 dbgCyc=1 op=$09 trail=1 nonOvlR=False nonOvlF=False dly=False stg=False irq=0 mis=False
c=522386 nPC=$EAFF mPC=$EAFF nA=$FE mA=$FE nX=$00 mX=$00 nY=$00 mY=$00 nS=$E8 mS=$E8 nP=$A5 mP=$A5 dbgCyc=0 op=$09 trail=1 nonOvlR=False nonOvlF=False dly=False stg=False irq=0 mis=False
c=522387 nPC=$EAFF mPC=$EAFF nA=$FE mA=$FE nX=$00 mX=$00 nY=$00 mY=$00 nS=$E8 mS=$E8 nP=$A5 mP=$A5 dbgCyc=1 op=$D0 trail=1 nonOvlR=False nonOvlF=False dly=False stg=False irq=0 mis=False
c=522388 nPC=$EB01 mPC=$EB01 nA=$FE mA=$FE nX=$00 mX=$00 nY=$00 mY=$00 nS=$E8 mS=$E8 nP=$A5 mP=$A5 dbgCyc=0 op=$D0 trail=1 nonOvlR=False nonOvlF=False dly=False stg=False irq=0 mis=False
c=522389 nPC=$EB0A mPC=$EB0A nA=$FE mA=$FE nX=$00 mX=$00 nY=$00 mY=$00 nS=$E8 mS=$E8 nP=$A5 mP=$A5 dbgCyc=3 op=$2C trail=1 nonOvlR=False nonOvlF=False dly=False stg=False irq=0 mis=False
c=522390 nPC=$EB0A mPC=$EB0A nA=$FE mA=$FE nX=$00 mX=$00 nY=$00 mY=$00 nS=$E8 mS=$E8 nP=$A5 mP=$A5 dbgCyc=2 op=$2C trail=1 nonOvlR=False nonOvlF=False dly=False stg=False irq=0 mis=False
c=522391 nPC=$EB0A mPC=$EB0A nA=$FE mA=$FE nX=$00 mX=$00 nY=$00 mY=$00 nS=$E8 mS=$E8 nP=$A5 mP=$A5 dbgCyc=1 op=$2C trail=1 nonOvlR=False nonOvlF=False dly=False stg=False irq=0 mis=False
c=522392 nPC=$EB0A mPC=$EB0D nA=$FE mA=$FE nX=$00 mX=$00 nY=$00 mY=$00 nS=$E8 mS=$E8 nP=$A5 mP=$A5 dbgCyc=0 op=$2C trail=1 nonOvlR=False nonOvlF=False dly=False stg=False irq=0 mis=True
bus: m$C1=$00 m$C2=$20 n$C1=$00 n$C2=$20 m$C3=$6D m$C4=$FD n$C3=$6D n$C4=$FD m$0314=$BF n$0314=$BF

  Stack Trace:
     at ViceSharp.TestHarness.Vic20.Vic20DivergeProbe.RunEveryCycle(Int32 budget) in F:\GitHub\vice-sharp\tests\ViceSharp.TestHarness\Vic20\Vic20DivergeProbe.cs:line 123
   at ViceSharp.TestHarness.Vic20.Vic20DivergeProbe.EveryCycle_CpuRegs_Match_TwoSecondPal() in F:\GitHub\vice-sharp\tests\ViceSharp.TestHarness\Vic20\Vic20DivergeProbe.cs:line 47
   at System.Reflection.MethodBaseInvoker.InterpretedInvoke_Method(Object obj, IntPtr* args)
   at System.Reflection.MethodBaseInvoker.InvokeWithNoArgs(Object obj, BindingFlags invokeAttr)

Failed!  - Failed:     1, Passed:     0, Skipped:     0, Total:     1, Duration: 2 s - ViceSharp.TestHarness.dll (net10.0)
TWOSEC_EXIT=1

C:\Users\kingd\AppData\Local\Temp\grok-goal-7d45b1115e21\implementer\2s-via1iec-2026-08-06.log:6:   DIV first=522392 
matchedCycles=522391 budget=2216810
C:\Users\kingd\AppData\Local\Temp\grok-goal-7d45b1115e21\implementer\2s-via1iec-2026-08-06.log:19:bus: m$C1=$00 
m$C2=$20 n$C1=$00 n$C2=$20 m$C3=$6D m$C4=$FD n$C3=$6D n$C4=$FD m$0314=$BF n$0314=$BF
C:\Users\kingd\AppData\Local\Temp\grok-goal-7d45b1115e21\implementer\2s-via1iec-2026-08-06.log:27:Failed!  - Failed:   
  1, Passed:     0, Skipped:     0, Total:     1, Duration: 2 s - ViceSharp.TestHarness.dll (net10.0)

