
native\vice\vice\src\6510core.c:549:#define LOAD_ABS_X(addr)                                                \
native\vice\vice\src\6510core.c:556:#define NOOP_LOAD_ABS_X(addr)                                           \
native\vice\vice\src\6510core.c:563:#define LOAD_ABS_X_RMW(addr)                                         \
native\vice\vice\src\6510core.c:1460:        NOOP_LOAD_ABS_X(p2);  \
native\vice\vice\src\6510core.c:2633:                ORA(LOAD_ABS_X(p2), 1, 3);
native\vice\vice\src\6510core.c:2637:                ASL(p2, 3, LOAD_ABS_X_RMW, STORE_ABS_X_RMW, 
DUMMY_STORE_ABS_X_RMW);
native\vice\vice\src\6510core.c:2641:                SLO(p2, 0, 3, LOAD_ABS_X_RMW, STORE_ABS_X_RMW, 
DUMMY_STORE_ABS_X_RMW);
native\vice\vice\src\6510core.c:2743:                AND(LOAD_ABS_X(p2), 1, 3);
native\vice\vice\src\6510core.c:2747:                ROL(p2, 3, LOAD_ABS_X_RMW, STORE_ABS_X_RMW, 
DUMMY_STORE_ABS_X_RMW);
native\vice\vice\src\6510core.c:2751:                RLA(p2, 0, 3, LOAD_ABS_X_RMW, STORE_ABS_X_RMW, 
DUMMY_STORE_ABS_X_RMW);
native\vice\vice\src\6510core.c:2862:                EOR(LOAD_ABS_X(p2), 1, 3);
native\vice\vice\src\6510core.c:2866:                LSR(p2, 3, LOAD_ABS_X_RMW, STORE_ABS_X_RMW, 
DUMMY_STORE_ABS_X_RMW);
native\vice\vice\src\6510core.c:2870:                SRE(p2, 0, 3, LOAD_ABS_X_RMW, STORE_ABS_X_RMW, 
DUMMY_STORE_ABS_X_RMW);
native\vice\vice\src\6510core.c:2981:                ADC(LOAD_ABS_X(p2), 1, 3);
native\vice\vice\src\6510core.c:2985:                ROR(p2, 3, LOAD_ABS_X_RMW, STORE_ABS_X_RMW, 
DUMMY_STORE_ABS_X_RMW);
native\vice\vice\src\6510core.c:2989:                RRA(p2, 0, 3, LOAD_ABS_X_RMW, STORE_ABS_X_RMW, 
DUMMY_STORE_ABS_X_RMW);
native\vice\vice\src\6510core.c:3225:                LDY(LOAD_ABS_X(p2), 1, 3);
native\vice\vice\src\6510core.c:3229:                LDA(LOAD_ABS_X(p2), 1, 3);
native\vice\vice\src\6510core.c:3343:                CMP(LOAD_ABS_X(p2), 1, 3);
native\vice\vice\src\6510core.c:3347:                DEC(p2, 3, LOAD_ABS_X_RMW, STORE_ABS_X_RMW, 
DUMMY_STORE_ABS_X_RMW);
native\vice\vice\src\6510core.c:3351:                DCP(p2, 0, 3, LOAD_ABS_X_RMW, STORE_ABS_X_RMW, 
DUMMY_STORE_ABS_X_RMW);
native\vice\vice\src\6510core.c:3457:                SBC(LOAD_ABS_X(p2), 1, 3);
native\vice\vice\src\6510core.c:3461:                INC(p2, 3, LOAD_ABS_X_RMW, STORE_ABS_X_RMW, 
DUMMY_STORE_ABS_X_RMW);
native\vice\vice\src\6510core.c:3465:                ISB(p2, 0, 3, LOAD_ABS_X_RMW, STORE_ABS_X_RMW, 
DUMMY_STORE_ABS_X_RMW);
native\vice\vice\src\6510core.c:77:#define CLK_ABS_I_STORE2 2
native\vice\vice\src\6510core.c:82:/* #define CLK_ABS_RMW2 3 */
native\vice\vice\src\6510core.c:83:/* #define CLK_ABS_I_RMW2 3 */
native\vice\vice\src\6510core.c:547:#define LOAD_ABS(addr) LOAD(addr)
native\vice\vice\src\6510core.c:549:#define LOAD_ABS_X(addr)                                                \
native\vice\vice\src\6510core.c:556:#define NOOP_LOAD_ABS_X(addr)                                           \
native\vice\vice\src\6510core.c:563:#define LOAD_ABS_X_RMW(addr)                                         \
native\vice\vice\src\6510core.c:568:#define LOAD_ABS_Y(addr)                                                \
native\vice\vice\src\6510core.c:575:#define LOAD_ABS_Y_RMW(addr)                                         \
native\vice\vice\src\6510core.c:651:#define STORE_ABS(addr, value, inc) \
native\vice\vice\src\6510core.c:657:#define STORE_ABS_X(addr, value, inc)                                   \
native\vice\vice\src\6510core.c:665:#define STORE_ABS_X_RMW(addr, value, inc)    \
native\vice\vice\src\6510core.c:671:#define STORE_ABS_SH_X(addr, value, inc)                                \
native\vice\vice\src\6510core.c:685:#define STORE_ABS_Y(addr, value, inc)                                   \
native\vice\vice\src\6510core.c:693:#define STORE_ABS_Y_RMW(addr, value, inc)    \
native\vice\vice\src\6510core.c:699:#define STORE_ABS_SH_Y(addr, value, inc)                                \
native\vice\vice\src\6510core.c:721:#define DUMMY_STORE_ABS_RMW(addr, value) \
native\vice\vice\src\6510core.c:726:#define DUMMY_STORE_ABS_X_RMW(addr, value)         \
native\vice\vice\src\6510core.c:731:#define DUMMY_STORE_ABS_Y_RMW(addr, value)         \
native\vice\vice\src\6510core.c:738:#define DUMMY_STORE_ABS_RMW(addr, value)
native\vice\vice\src\6510core.c:739:#define DUMMY_STORE_ABS_X_RMW(addr, value)
native\vice\vice\src\6510core.c:740:#define DUMMY_STORE_ABS_Y_RMW(addr, value)
native\vice\vice\src\6510core.c:1451:#define NOOP_ABS()       \
native\vice\vice\src\6510core.c:1458:#define NOOP_ABS_X()     \
native\vice\vice\src\6510core.c:1769:#define SHA_ABS_Y(addr)                                                           
         \
native\vice\vice\src\6510core.c:1797:#define SHX_ABS_Y(addr)                                                       \
native\vice\vice\src\6510core.c:1806:#define SHY_ABS_X(addr)                                                       \
native\vice\vice\src\6510core.c:1815:#define SHS_ABS_Y(addr)                                                           
         \
native\vice\vice\src\6510dtvcore.c:470:#define GET_ABS(dest)           \
native\vice\vice\src\6510dtvcore.c:475:#define GET_ABS_DUMMY()      \
native\vice\vice\src\6510dtvcore.c:479:#define SET_ABS(value) \
native\vice\vice\src\6510dtvcore.c:483:#define SET_ABS_RMW(old_value, new_value) \
native\vice\vice\src\6510dtvcore.c:491:#define INT_ABS_I_R(reg_i)                                     \
native\vice\vice\src\6510dtvcore.c:497:#define INT_ABS_I_W(reg_i)                                     \
native\vice\vice\src\6510dtvcore.c:503:#define GET_ABS_X(dest)        \
native\vice\vice\src\6510dtvcore.c:508:#define GET_ABS_X_DUMMY()      \
native\vice\vice\src\6510dtvcore.c:513:#define GET_ABS_Y(dest)        \
native\vice\vice\src\6510dtvcore.c:518:#define GET_ABS_X_RMW(dest)    \
native\vice\vice\src\6510dtvcore.c:523:#define GET_ABS_Y_RMW(dest)    \
native\vice\vice\src\6510dtvcore.c:528:#define SET_ABS_X(value)      \

