<Project Sdk="Microsoft.NET.Sdk">

  <ItemGroup>
    <ProjectReference Include="..\ViceSharp.Abstractions\ViceSharp.Abstractions.csproj" />
    <ProjectReference Include="..\ViceSharp.Chips\ViceSharp.Chips.csproj" />
    <ProjectReference Include="..\ViceSharp.RomFetch\ViceSharp.RomFetch.csproj" />
  </ItemGroup>

  <ItemGroup>
    <!-- SETTINGS-INI-001: IConfiguration for the custom INI provider/source
         (ConfigurationProvider/ConfigurationRoot base types) and the
         appsettings.json folder resolution. Core configuration path is
         reflection-free, so AOT/trim-safe (the reflective Binder is not used). -->
    <PackageReference Include="Microsoft.Extensions.Configuration.Abstractions" />
    <PackageReference Include="Microsoft.Extensions.Configuration" />
  </ItemGroup>

  <PropertyGroup>
    <TargetFramework>net10.0</TargetFramework>
    <ImplicitUsings>enable</ImplicitUsings>
    <Nullable>enable</Nullable>
    <AllowUnsafeBlocks>true</AllowUnsafeBlocks>
  </PropertyGroup>

</Project>
<Project Sdk="Microsoft.NET.Sdk">

  <ItemGroup>
    <ProjectReference Include="..\ViceSharp.Core\ViceSharp.Core.csproj" />
    <ProjectReference Include="..\ViceSharp.Abstractions\ViceSharp.Abstractions.csproj" />
    <ProjectReference Include="..\ViceSharp.Chips\ViceSharp.Chips.csproj" />
    <ProjectReference Include="..\ViceSharp.RomFetch\ViceSharp.RomFetch.csproj" />
  </ItemGroup>

  <ItemGroup>
    <PackageReference Include="YamlDotNet" />
    <!-- Source generator for the [YamlStaticContext]/[YamlSerializable]
         reflection-free serializer (MachineDefinitionYamlContext). Analyzer-only;
         not a runtime dependency. -->
    <PackageReference Include="Vecc.YamlDotNet.Analyzers.StaticGenerator" PrivateAssets="all" />
  </ItemGroup>

  <PropertyGroup>
    <TargetFramework>net10.0</TargetFramework>
    <ImplicitUsings>enable</ImplicitUsings>
    <Nullable>enable</Nullable>
  </PropertyGroup>

</Project>
