
Name
----
libvic20.a
libvic20stubs.a
Makefile
Makefile.am
Makefile.in
vic-cmdline-options.c
vic-cmdline-options.h
vic-cmdline-options.o
vic-color.c
vic-color.h
vic-color.o
vic-cycle.c
vic-cycle.h
vic-cycle.o
vic-draw.c
vic-draw.h
vic-draw.o
vic-mem.c
vic-mem.h
vic-mem.o
vic-resources.c
vic-resources.h
vic-resources.o
vic-snapshot.c
vic-snapshot.h
vic-snapshot.o
vic-timing.c
vic-timing.h
vic-timing.o
vic.c
vic.h
vic.o
vic20-cmdline-options.c
vic20-cmdline-options.h
vic20-cmdline-options.o
vic20-resources.c
vic20-resources.h
vic20-resources.o
vic20-snapshot.c
vic20-snapshot.h
vic20-snapshot.o
vic20-stubs.c
vic20-stubs.o
vic20.c
vic20.h
vic20.o
vic20bus.c
vic20bus.o
vic20cpu.c
vic20datasette.c
vic20datasette.o
vic20drive.c
vic20drive.o
vic20export.c
vic20export.o
vic20iec.c
vic20iec.h
vic20iec.o
vic20ieeevia.h
vic20ieeevia1.c
vic20ieeevia1.o
vic20ieeevia2.c
vic20ieeevia2.o
vic20io.c
vic20io.o
vic20mem.c
vic20mem.h
vic20mem.o
vic20memrom.c
vic20memrom.h
vic20memrom.o
vic20memsnapshot.c
vic20memsnapshot.h
vic20memsnapshot.o
vic20model.c
vic20model.h
vic20model.o
vic20printer.c
vic20printer.o
vic20rom.c
vic20rom.h
vic20rom.o
vic20romset.c
vic20romset.o
vic20rsuser.c
vic20rsuser.h
vic20rsuser.o
vic20sound.c
vic20sound.h
vic20sound.o
vic20via.h
vic20via1.c
vic20via1.o
vic20via2.c
vic20via2.o
vic20video.c
vic20video.o
victypes.h
vic-cmdline-options.c
vic-cmdline-options.h
vic-cmdline-options.o
vic-color.c
vic-color.h
vic-color.o
vic-cycle.c
vic-cycle.h
vic-cycle.o
vic-draw.c
vic-draw.h
vic-draw.o
vic-mem.c
vic-mem.h
vic-mem.o
vic-resources.c
vic-resources.h
vic-resources.o
vic-snapshot.c
vic-snapshot.h
vic-snapshot.o
vic-timing.c
vic-timing.h
vic-timing.o
vic.c
vic.h
vic.o
vic20-cmdline-options.c
vic20-cmdline-options.h
vic20-cmdline-options.o
vic20-resources.c
vic20-resources.h
vic20-resources.o
vic20-snapshot.c
vic20-snapshot.h
vic20-snapshot.o
vic20-stubs.c
vic20-stubs.o
vic20.c
vic20.h
vic20.o
vic20bus.c
vic20bus.o
vic20cpu.c
vic20datasette.c
vic20datasette.o
vic20drive.c
vic20drive.o
vic20export.c
vic20export.o
vic20iec.c
vic20iec.h
vic20iec.o
vic20ieeevia.h
vic20ieeevia1.c
vic20ieeevia1.o
vic20ieeevia2.c
vic20ieeevia2.o
vic20io.c
vic20io.o
vic20mem.c
vic20mem.h
vic20mem.o
vic20memrom.c
vic20memrom.h
vic20memrom.o
vic20memsnapshot.c
vic20memsnapshot.h
vic20memsnapshot.o
vic20model.c
vic20model.h
vic20model.o
vic20printer.c
vic20printer.o
vic20rom.c
vic20rom.h
vic20rom.o
vic20romset.c
vic20romset.o
vic20rsuser.c
vic20rsuser.h
vic20rsuser.o
vic20sound.c
vic20sound.h
vic20sound.o
vic20via.h
vic20via1.c
vic20via1.o
vic20via2.c
vic20via2.o
vic20video.c
vic20video.o
victypes.h

