  Determining projects to restore...
  All projects are up-to-date for restore.
  ViceSharp.Protocol -> F:\GitHub\vice-sharp\src\ViceSharp.Protocol\bin\Release\net10.0\ViceSharp.Protocol.dll
  ViceSharp.Abstractions -> F:\GitHub\vice-sharp\src\ViceSharp.Abstractions\bin\Release\net10.0\ViceSharp.Abstractions.dll
  ViceSharp.Library.ViewModels -> F:\GitHub\vice-sharp\src\ViceSharp.Library.ViewModels\bin\Release\net10.0\ViceSharp.Library.ViewModels.dll
  ViceSharp.Chips -> F:\GitHub\vice-sharp\src\ViceSharp.Chips\bin\Release\net10.0\ViceSharp.Chips.dll
  ViceSharp.Xbox.Input -> F:\GitHub\vice-sharp\src\ViceSharp.Xbox.Input\bin\Release\net10.0\ViceSharp.Xbox.Input.dll
  ViceSharp.RomFetch -> F:\GitHub\vice-sharp\src\ViceSharp.RomFetch\bin\Release\net10.0\ViceSharp.RomFetch.dll
  ViceSharp.RomM -> F:\GitHub\vice-sharp\src\ViceSharp.RomM\bin\Release\net10.0\ViceSharp.RomM.dll
  ViceSharp.Xbox.ViewModels -> F:\GitHub\vice-sharp\src\ViceSharp.Xbox.ViewModels\bin\Release\net10.0\ViceSharp.Xbox.ViewModels.dll
  ViceSharp.Core -> F:\GitHub\vice-sharp\src\ViceSharp.Core\bin\Release\net10.0\ViceSharp.Core.dll
  ViceSharp.Monitor -> F:\GitHub\vice-sharp\src\ViceSharp.Monitor\bin\Release\net10.0\ViceSharp.Monitor.dll
  ViceSharp.Architectures -> F:\GitHub\vice-sharp\src\ViceSharp.Architectures\bin\Release\net10.0\ViceSharp.Architectures.dll
  ViceSharp.Launcher -> F:\GitHub\vice-sharp\src\ViceSharp.Launcher\bin\Release\net10.0\ViceSharp.Launcher.dll
  ViceSharp.Benchmarks -> F:\GitHub\vice-sharp\tests\ViceSharp.Benchmarks\bin\Release\net10.0\ViceSharp.Benchmarks.dll
  ViceSharp.AdhocHelper -> F:\GitHub\vice-sharp\src\ViceSharp.AdhocHelper\bin\Release\net10.0\ViceSharp.AdhocHelper.dll
  ViceSharp.Host.InProcess -> F:\GitHub\vice-sharp\src\ViceSharp.Host.InProcess\bin\Release\net10.0\ViceSharp.Host.InProcess.dll
  ViceSharp.Xbox -> F:\GitHub\vice-sharp\src\ViceSharp.Xbox\bin\Release\net10.0\ViceSharp.Xbox.dll
  ViceSharp.Console -> F:\GitHub\vice-sharp\src\ViceSharp.Console\bin\Release\net10.0\ViceSharp.Console.dll
  ViceSharp.Host -> F:\GitHub\vice-sharp\src\ViceSharp.Host\bin\Release\net10.0\ViceSharp.Host.dll
  ViceSharp.Avalonia -> F:\GitHub\vice-sharp\src\ViceSharp.Avalonia\bin\Release\net10.0\ViceSharp.Avalonia.dll
  ViceSharp.Host.MacOS -> F:\GitHub\vice-sharp\src\ViceSharp.Host.MacOS\bin\Release\net10.0\ViceSharp.Host.MacOS.dll
  ViceSharp.TestHarness -> F:\GitHub\vice-sharp\tests\ViceSharp.TestHarness\bin\Release\net10.0\ViceSharp.TestHarness.dll
Test run for F:\GitHub\vice-sharp\tests\ViceSharp.TestHarness\bin\Release\net10.0\ViceSharp.TestHarness.dll (.NETCoreApp,Version=v10.0)
A total of 1 test files matched the specified pattern.
[xUnit.net 00:00:06.38]     ViceSharp.TestHarness.Vic20.Vic20DivergeProbe.EveryCycle_CpuRegs_Match_TwoSecondPal [FAIL]
  Failed ViceSharp.TestHarness.Vic20.Vic20DivergeProbe.EveryCycle_CpuRegs_Match_TwoSecondPal [4 s]
  Error Message:
   DIV first=1316731 matchedCycles=1316730 budget=2216810
c=1316720 nPC=$EABE mPC=$EABE nA=$96 mA=$96 nX=$91 mX=$91 nY=$00 mY=$00 nS=$EB mS=$EB nP=$A4 mP=$A4 dbgCyc=0 op=$85 trail=1 nonOvlR=False nonOvlF=False dly=False stg=False irq=0 mis=False
c=1316721 nPC=$EABE mPC=$EABE nA=$96 mA=$96 nX=$91 mX=$91 nY=$00 mY=$00 nS=$EB mS=$EB nP=$A4 mP=$A4 dbgCyc=5 op=$60 trail=1 nonOvlR=False nonOvlF=False dly=False stg=False irq=0 mis=False
c=1316722 nPC=$EABE mPC=$EABE nA=$96 mA=$96 nX=$91 mX=$91 nY=$00 mY=$00 nS=$EB mS=$EB nP=$A4 mP=$A4 dbgCyc=4 op=$60 trail=1 nonOvlR=False nonOvlF=False dly=False stg=False irq=0 mis=False
c=1316723 nPC=$EABE mPC=$EABE nA=$96 mA=$96 nX=$91 mX=$91 nY=$00 mY=$00 nS=$EB mS=$EB nP=$A4 mP=$A4 dbgCyc=3 op=$60 trail=1 nonOvlR=False nonOvlF=False dly=False stg=False irq=0 mis=False
c=1316724 nPC=$EABE mPC=$EABE nA=$96 mA=$96 nX=$91 mX=$91 nY=$00 mY=$00 nS=$EC mS=$EC nP=$A4 mP=$A4 dbgCyc=2 op=$60 trail=1 nonOvlR=False nonOvlF=False dly=False stg=False irq=0 mis=False
c=1316725 nPC=$EABE mPC=$EABE nA=$96 mA=$96 nX=$91 mX=$91 nY=$00 mY=$00 nS=$ED mS=$ED nP=$A4 mP=$A4 dbgCyc=1 op=$60 trail=1 nonOvlR=False nonOvlF=False dly=False stg=False irq=0 mis=False
c=1316726 nPC=$EABE mPC=$EABE nA=$96 mA=$96 nX=$91 mX=$91 nY=$00 mY=$00 nS=$ED mS=$ED nP=$A4 mP=$A4 dbgCyc=0 op=$60 trail=1 nonOvlR=False nonOvlF=False dly=True stg=False irq=0 mis=False
c=1316727 nPC=$EAE0 mPC=$EAE0 nA=$96 mA=$96 nX=$91 mX=$91 nY=$00 mY=$00 nS=$ED mS=$ED nP=$A4 mP=$A4 dbgCyc=0 op=$60 trail=1 nonOvlR=False nonOvlF=False dly=False stg=False irq=0 mis=False
c=1316728 nPC=$EAE0 mPC=$EAE0 nA=$96 mA=$96 nX=$91 mX=$91 nY=$00 mY=$00 nS=$ED mS=$ED nP=$A4 mP=$A4 dbgCyc=4 op=$B1 trail=1 nonOvlR=False nonOvlF=False dly=False stg=False irq=0 mis=False
c=1316729 nPC=$EAE0 mPC=$EAE0 nA=$96 mA=$96 nX=$91 mX=$91 nY=$00 mY=$00 nS=$ED mS=$ED nP=$A4 mP=$A4 dbgCyc=3 op=$B1 trail=1 nonOvlR=False nonOvlF=False dly=False stg=False irq=0 mis=False
c=1316730 nPC=$EAE0 mPC=$EAE0 nA=$96 mA=$96 nX=$91 mX=$91 nY=$00 mY=$00 nS=$ED mS=$ED nP=$A4 mP=$A4 dbgCyc=2 op=$B1 trail=1 nonOvlR=False nonOvlF=False dly=False stg=False irq=0 mis=False
c=1316731 nPC=$EAE0 mPC=$EAE0 nA=$01 mA=$21 nX=$91 mX=$91 nY=$00 mY=$00 nS=$ED mS=$ED nP=$A4 mP=$A4 dbgCyc=1 op=$B1 trail=1 nonOvlR=False nonOvlF=False dly=False stg=True irq=0 mis=True
bus: m$C1=$00 m$C2=$20 n$C1=$00 n$C2=$20 m$C3=$6D m$C4=$FD n$C3=$6D n$C4=$FD m$0314=$BF n$0314=$BF
irqdiag: nLastOp=0xB1 nDelays=False nPend=0x2 nIrqClk=1316562 nClk=1316737 mDelays=False mBound=False mIrqSeq=0
indy: zp=$F3 mPtr=$966E nPtr=$966E mEff=$966E=$21 nEff=$966E=$21

  Stack Trace:
     at ViceSharp.TestHarness.Vic20.Vic20DivergeProbe.RunEveryCycle(Int32 budget) in F:\GitHub\vice-sharp\tests\ViceSharp.TestHarness\Vic20\Vic20DivergeProbe.cs:line 147
   at ViceSharp.TestHarness.Vic20.Vic20DivergeProbe.EveryCycle_CpuRegs_Match_TwoSecondPal() in F:\GitHub\vice-sharp\tests\ViceSharp.TestHarness\Vic20\Vic20DivergeProbe.cs:line 47
   at System.Reflection.MethodBaseInvoker.InterpretedInvoke_Method(Object obj, IntPtr* args)
   at System.Reflection.MethodBaseInvoker.InvokeWithNoArgs(Object obj, BindingFlags invokeAttr)

Failed!  - Failed:     1, Passed:     0, Skipped:     0, Total:     1, Duration: 4 s - ViceSharp.TestHarness.dll (net10.0)
2S=1
