
Build succeeded.
    0 Warning(s)
    0 Error(s)

Time Elapsed 00:00:06.39

  Failed ViceSharp.TestHarness.Vic20.Vic20DivergeProbe.EveryCycle_CpuRegs_Match_TenSecondNtsc [2 s]
  Error Message:
   DIV first=521027 matchedCycles=521026 budget=10227270
c=521016 nPC=$EBDB mPC=$EBDB nA=$F7 mA=$F7 nX=$FF mX=$FF nY=$00 mY=$00 nS=$E6 mS=$E6 nP=$A5 mP=$A5 dbgCyc=0 op=$8D 
trail=0 nonOvlR=True nonOvlF=True dly=False stg=False irq=0 mis=False
c=521017 nPC=$EBDB mPC=$EBDB nA=$F7 mA=$F7 nX=$FF mX=$FF nY=$00 mY=$00 nS=$E6 mS=$E6 nP=$A5 mP=$A5 dbgCyc=5 op=$60 
trail=1 nonOvlR=True nonOvlF=True dly=False stg=False irq=0 mis=False
c=521018 nPC=$EBDB mPC=$EBDB nA=$F7 mA=$F7 nX=$FF mX=$FF nY=$00 mY=$00 nS=$E6 mS=$E6 nP=$A5 mP=$A5 dbgCyc=4 op=$60 
trail=1 nonOvlR=True nonOvlF=True dly=False stg=False irq=0 mis=False
c=521019 nPC=$EBDB mPC=$EBDB nA=$F7 mA=$F7 nX=$FF mX=$FF nY=$00 mY=$00 nS=$E6 mS=$E6 nP=$A5 mP=$A5 dbgCyc=3 op=$60 
trail=1 nonOvlR=True nonOvlF=True dly=False stg=False irq=0 mis=False
c=521020 nPC=$EBDB mPC=$EBDB nA=$F7 mA=$F7 nX=$FF mX=$FF nY=$00 mY=$00 nS=$E7 mS=$E7 nP=$A5 mP=$A5 dbgCyc=2 op=$60 
trail=1 nonOvlR=True nonOvlF=True dly=False stg=False irq=0 mis=False
c=521021 nPC=$EBDB mPC=$EBDB nA=$F7 mA=$F7 nX=$FF mX=$FF nY=$00 mY=$00 nS=$E8 mS=$E8 nP=$A5 mP=$A5 dbgCyc=1 op=$60 
trail=1 nonOvlR=True nonOvlF=True dly=False stg=False irq=0 mis=False
c=521022 nPC=$EBDB mPC=$EBDB nA=$F7 mA=$F7 nX=$FF mX=$FF nY=$00 mY=$00 nS=$E8 mS=$E8 nP=$A5 mP=$A5 dbgCyc=0 op=$60 
trail=1 nonOvlR=False nonOvlF=False dly=True stg=False irq=0 mis=False
c=521023 nPC=$EB15 mPC=$EB15 nA=$F7 mA=$F7 nX=$FF mX=$FF nY=$00 mY=$00 nS=$E8 mS=$E8 nP=$A5 mP=$A5 dbgCyc=0 op=$60 
trail=1 nonOvlR=False nonOvlF=False dly=False stg=False irq=0 mis=False
c=521024 nPC=$EB15 mPC=$EB15 nA=$F7 mA=$F7 nX=$FF mX=$FF nY=$00 mY=$00 nS=$E8 mS=$E8 nP=$A5 mP=$A5 dbgCyc=3 op=$2C 
trail=1 nonOvlR=False nonOvlF=False dly=False stg=False irq=0 mis=False
c=521025 nPC=$EB15 mPC=$EB15 nA=$F7 mA=$F7 nX=$FF mX=$FF nY=$00 mY=$00 nS=$E8 mS=$E8 nP=$A5 mP=$A5 dbgCyc=2 op=$2C 
trail=1 nonOvlR=False nonOvlF=False dly=False stg=False irq=0 mis=False
c=521026 nPC=$EB15 mPC=$EB15 nA=$F7 mA=$F7 nX=$FF mX=$FF nY=$00 mY=$00 nS=$E8 mS=$E8 nP=$A5 mP=$A5 dbgCyc=0 op=$2C 
trail=1 nonOvlR=False nonOvlF=False dly=False stg=False irq=0 mis=False
c=521027 nPC=$EB18 mPC=$EB18 nA=$F7 mA=$F7 nX=$FF mX=$FF nY=$00 mY=$00 nS=$E8 mS=$E8 nP=$E5 mP=$A5 dbgCyc=3 op=$68 
trail=0 nonOvlR=False nonOvlF=False dly=False stg=False irq=0 mis=True
Failed!  - Failed:     1, Passed:     0, Skipped:     0, Total:     1, Duration: 2 s - ViceSharp.TestHarness.dll 
(net10.0)

