Test run for F:\GitHub\vice-sharp\tests\ViceSharp.TestHarness\bin\Release\net10.0\ViceSharp.TestHarness.dll (.NETCoreApp,Version=v10.0)
A total of 1 test files matched the specified pattern.
[xUnit.net 00:00:03.97]     ViceSharp.TestHarness.Vic20.Vic20DivergeProbe.EveryCycle_CpuRegs_Match_TwoSecondPal [FAIL]
  Failed ViceSharp.TestHarness.Vic20.Vic20DivergeProbe.EveryCycle_CpuRegs_Match_TwoSecondPal [2 s]
  Error Message:
   DIV first=540201 matchedCycles=540200 budget=2216810
c=540190 nPC=$D8DA mPC=$D8DA nA=$00 mA=$00 nX=$90 mX=$90 nY=$00 mY=$00 nS=$F9 mS=$F9 nP=$23 mP=$23 dbgCyc=0 op=$98 trail=1 nonOvlR=False nonOvlF=False dly=False stg=False irq=0 mis=False
c=540191 nPC=$D8DA mPC=$D8DA nA=$00 mA=$00 nX=$90 mX=$90 nY=$00 mY=$00 nS=$F9 mS=$F9 nP=$23 mP=$23 dbgCyc=1 op=$18 trail=0 nonOvlR=False nonOvlF=False dly=False stg=False irq=0 mis=False
c=540192 nPC=$D8DB mPC=$D8DB nA=$00 mA=$00 nX=$90 mX=$90 nY=$00 mY=$00 nS=$F9 mS=$F9 nP=$22 mP=$22 dbgCyc=0 op=$18 trail=0 nonOvlR=False nonOvlF=False dly=False stg=False irq=0 mis=False
c=540193 nPC=$D8DB mPC=$D8DB nA=$00 mA=$00 nX=$90 mX=$90 nY=$00 mY=$00 nS=$F9 mS=$F9 nP=$22 mP=$22 dbgCyc=2 op=$A6 trail=0 nonOvlR=False nonOvlF=False dly=False stg=False irq=0 mis=False
c=540194 nPC=$D8DB mPC=$D8DB nA=$00 mA=$00 nX=$0D mX=$0D nY=$00 mY=$00 nS=$F9 mS=$F9 nP=$22 mP=$22 dbgCyc=1 op=$A6 trail=0 nonOvlR=False nonOvlF=False dly=False stg=True irq=0 mis=False
c=540195 nPC=$D8DD mPC=$D8DD nA=$00 mA=$00 nX=$0D mX=$0D nY=$00 mY=$00 nS=$F9 mS=$F9 nP=$20 mP=$20 dbgCyc=0 op=$A6 trail=0 nonOvlR=False nonOvlF=False dly=False stg=False irq=0 mis=False
c=540196 nPC=$D8DD mPC=$D8DD nA=$00 mA=$00 nX=$0D mX=$0D nY=$00 mY=$00 nS=$F9 mS=$F9 nP=$20 mP=$20 dbgCyc=1 op=$D0 trail=1 nonOvlR=False nonOvlF=False dly=False stg=False irq=0 mis=False
c=540197 nPC=$D8DF mPC=$D8DF nA=$00 mA=$00 nX=$0D mX=$0D nY=$00 mY=$00 nS=$F9 mS=$F9 nP=$20 mP=$20 dbgCyc=0 op=$D0 trail=1 nonOvlR=False nonOvlF=False dly=False stg=False irq=0 mis=False
c=540198 nPC=$D8DF mPC=$D8DF nA=$00 mA=$00 nX=$0D mX=$0D nY=$00 mY=$00 nS=$F9 mS=$F9 nP=$20 mP=$20 dbgCyc=0 op=$D0 trail=1 nonOvlR=False nonOvlF=False dly=False stg=False irq=0 mis=False
c=540199 nPC=$D929 mPC=$D929 nA=$00 mA=$00 nX=$0D mX=$0D nY=$00 mY=$00 nS=$F9 mS=$F9 nP=$20 mP=$20 dbgCyc=3 op=$10 trail=2 nonOvlR=False nonOvlF=False dly=False stg=False irq=0 mis=False
c=540200 nPC=$D929 mPC=$D929 nA=$00 mA=$00 nX=$0D mX=$0D nY=$00 mY=$00 nS=$F9 mS=$F9 nP=$20 mP=$20 dbgCyc=2 op=$10 trail=2 nonOvlR=False nonOvlF=False dly=False stg=False irq=0 mis=False
c=540201 nPC=$D92B mPC=$D929 nA=$00 mA=$00 nX=$0D mX=$0D nY=$00 mY=$00 nS=$F9 mS=$F9 nP=$20 mP=$20 dbgCyc=1 op=$10 trail=2 nonOvlR=False nonOvlF=False dly=False stg=False irq=0 mis=True
bus: m$C1=$00 m$C2=$20 n$C1=$00 n$C2=$20 m$C3=$6D m$C4=$FD n$C3=$6D n$C4=$FD m$0314=$BF n$0314=$BF

  Stack Trace:
     at ViceSharp.TestHarness.Vic20.Vic20DivergeProbe.RunEveryCycle(Int32 budget) in F:\GitHub\vice-sharp\tests\ViceSharp.TestHarness\Vic20\Vic20DivergeProbe.cs:line 123
   at ViceSharp.TestHarness.Vic20.Vic20DivergeProbe.EveryCycle_CpuRegs_Match_TwoSecondPal() in F:\GitHub\vice-sharp\tests\ViceSharp.TestHarness\Vic20\Vic20DivergeProbe.cs:line 47
   at System.Reflection.MethodBaseInvoker.InterpretedInvoke_Method(Object obj, IntPtr* args)
   at System.Reflection.MethodBaseInvoker.InvokeWithNoArgs(Object obj, BindingFlags invokeAttr)

Failed!  - Failed:     1, Passed:     0, Skipped:     0, Total:     1, Duration: 2 s - ViceSharp.TestHarness.dll (net10.0)
