  Determining projects to restore...
  All projects are up-to-date for restore.
  ViceSharp.Protocol -> F:\GitHub\vice-sharp\src\ViceSharp.Protocol\bin\Release\net10.0\ViceSharp.Protocol.dll
  ViceSharp.Abstractions -> F:\GitHub\vice-sharp\src\ViceSharp.Abstractions\bin\Release\net10.0\ViceSharp.Abstractions.dll
  ViceSharp.RomFetch -> F:\GitHub\vice-sharp\src\ViceSharp.RomFetch\bin\Release\net10.0\ViceSharp.RomFetch.dll
  ViceSharp.Xbox.Input -> F:\GitHub\vice-sharp\src\ViceSharp.Xbox.Input\bin\Release\net10.0\ViceSharp.Xbox.Input.dll
  ViceSharp.Library.ViewModels -> F:\GitHub\vice-sharp\src\ViceSharp.Library.ViewModels\bin\Release\net10.0\ViceSharp.Library.ViewModels.dll
  ViceSharp.Xbox.ViewModels -> F:\GitHub\vice-sharp\src\ViceSharp.Xbox.ViewModels\bin\Release\net10.0\ViceSharp.Xbox.ViewModels.dll
  ViceSharp.Chips -> F:\GitHub\vice-sharp\src\ViceSharp.Chips\bin\Release\net10.0\ViceSharp.Chips.dll
  ViceSharp.RomM -> F:\GitHub\vice-sharp\src\ViceSharp.RomM\bin\Release\net10.0\ViceSharp.RomM.dll
  ViceSharp.Core -> F:\GitHub\vice-sharp\src\ViceSharp.Core\bin\Release\net10.0\ViceSharp.Core.dll
  ViceSharp.Architectures -> F:\GitHub\vice-sharp\src\ViceSharp.Architectures\bin\Release\net10.0\ViceSharp.Architectures.dll
  ViceSharp.Monitor -> F:\GitHub\vice-sharp\src\ViceSharp.Monitor\bin\Release\net10.0\ViceSharp.Monitor.dll
  ViceSharp.Benchmarks -> F:\GitHub\vice-sharp\tests\ViceSharp.Benchmarks\bin\Release\net10.0\ViceSharp.Benchmarks.dll
  ViceSharp.Launcher -> F:\GitHub\vice-sharp\src\ViceSharp.Launcher\bin\Release\net10.0\ViceSharp.Launcher.dll
  ViceSharp.AdhocHelper -> F:\GitHub\vice-sharp\src\ViceSharp.AdhocHelper\bin\Release\net10.0\ViceSharp.AdhocHelper.dll
  ViceSharp.Host.InProcess -> F:\GitHub\vice-sharp\src\ViceSharp.Host.InProcess\bin\Release\net10.0\ViceSharp.Host.InProcess.dll
  ViceSharp.Xbox -> F:\GitHub\vice-sharp\src\ViceSharp.Xbox\bin\Release\net10.0\ViceSharp.Xbox.dll
  ViceSharp.Console -> F:\GitHub\vice-sharp\src\ViceSharp.Console\bin\Release\net10.0\ViceSharp.Console.dll
  ViceSharp.Host -> F:\GitHub\vice-sharp\src\ViceSharp.Host\bin\Release\net10.0\ViceSharp.Host.dll
  ViceSharp.Avalonia -> F:\GitHub\vice-sharp\src\ViceSharp.Avalonia\bin\Release\net10.0\ViceSharp.Avalonia.dll
  ViceSharp.Host.MacOS -> F:\GitHub\vice-sharp\src\ViceSharp.Host.MacOS\bin\Release\net10.0\ViceSharp.Host.MacOS.dll
  ViceSharp.TestHarness -> F:\GitHub\vice-sharp\tests\ViceSharp.TestHarness\bin\Release\net10.0\ViceSharp.TestHarness.dll
Test run for F:\GitHub\vice-sharp\tests\ViceSharp.TestHarness\bin\Release\net10.0\ViceSharp.TestHarness.dll (.NETCoreApp,Version=v10.0)
A total of 1 test files matched the specified pattern.

Passed!  - Failed:     0, Passed:    20, Skipped:     0, Total:    20, Duration: 2 s - ViceSharp.TestHarness.dll (net10.0)
FOCUSED_EXIT=0
Test run for F:\GitHub\vice-sharp\tests\ViceSharp.TestHarness\bin\Release\net10.0\ViceSharp.TestHarness.dll (.NETCoreApp,Version=v10.0)
A total of 1 test files matched the specified pattern.
[xUnit.net 00:00:03.95]     ViceSharp.TestHarness.Vic20.Vic20DivergeProbe.EveryCycle_CpuRegs_Match_TwoSecondPal [FAIL]
  Failed ViceSharp.TestHarness.Vic20.Vic20DivergeProbe.EveryCycle_CpuRegs_Match_TwoSecondPal [2 s]
  Error Message:
   DIV first=540355 matchedCycles=540354 budget=2216810
c=540344 nPC=$DDD7 mPC=$DDD7 nA=$8C mA=$8C nX=$0D mX=$0D nY=$00 mY=$00 nS=$FB mS=$FB nP=$A0 mP=$A0 dbgCyc=0 op=$60 trail=2 nonOvlR=False nonOvlF=False dly=False stg=False irq=0 mis=False
c=540345 nPC=$DDD7 mPC=$DDD7 nA=$8C mA=$8C nX=$0D mX=$0D nY=$00 mY=$00 nS=$FB mS=$FB nP=$A0 mP=$A0 dbgCyc=5 op=$20 trail=1 nonOvlR=False nonOvlF=False dly=False stg=False irq=0 mis=False
c=540346 nPC=$DDD7 mPC=$DDD7 nA=$8C mA=$8C nX=$0D mX=$0D nY=$00 mY=$00 nS=$FB mS=$FB nP=$A0 mP=$A0 dbgCyc=4 op=$20 trail=1 nonOvlR=False nonOvlF=False dly=False stg=False irq=0 mis=False
c=540347 nPC=$DDD9 mPC=$DDD9 nA=$8C mA=$8C nX=$0D mX=$0D nY=$00 mY=$00 nS=$FA mS=$FA nP=$A0 mP=$A0 dbgCyc=3 op=$20 trail=1 nonOvlR=False nonOvlF=False dly=False stg=False irq=0 mis=False
c=540348 nPC=$DDD9 mPC=$DDD9 nA=$8C mA=$8C nX=$0D mX=$0D nY=$00 mY=$00 nS=$F9 mS=$F9 nP=$A0 mP=$A0 dbgCyc=2 op=$20 trail=1 nonOvlR=False nonOvlF=False dly=False stg=False irq=0 mis=False
c=540349 nPC=$DDD9 mPC=$DDD9 nA=$8C mA=$8C nX=$0D mX=$0D nY=$00 mY=$00 nS=$F9 mS=$F9 nP=$A0 mP=$A0 dbgCyc=1 op=$20 trail=1 nonOvlR=False nonOvlF=False dly=False stg=False irq=0 mis=False
c=540350 nPC=$DDDF mPC=$DDDF nA=$8C mA=$8C nX=$0D mX=$0D nY=$00 mY=$00 nS=$F9 mS=$F9 nP=$A0 mP=$A0 dbgCyc=0 op=$20 trail=1 nonOvlR=False nonOvlF=False dly=False stg=False irq=0 mis=False
c=540351 nPC=$DDDF mPC=$DDDF nA=$8C mA=$8C nX=$0D mX=$0D nY=$00 mY=$00 nS=$F9 mS=$F9 nP=$A0 mP=$A0 dbgCyc=1 op=$A9 trail=4 nonOvlR=False nonOvlF=False dly=False stg=False irq=0 mis=False
c=540352 nPC=$DDE1 mPC=$DDE1 nA=$20 mA=$20 nX=$0D mX=$0D nY=$00 mY=$00 nS=$F9 mS=$F9 nP=$20 mP=$20 dbgCyc=0 op=$A9 trail=4 nonOvlR=False nonOvlF=False dly=False stg=False irq=0 mis=False
c=540353 nPC=$DDE1 mPC=$DDE1 nA=$20 mA=$20 nX=$0D mX=$0D nY=$00 mY=$00 nS=$F9 mS=$F9 nP=$20 mP=$20 dbgCyc=2 op=$24 trail=1 nonOvlR=False nonOvlF=False dly=False stg=False irq=0 mis=False
c=540354 nPC=$DDE1 mPC=$DDE1 nA=$20 mA=$20 nX=$0D mX=$0D nY=$00 mY=$00 nS=$F9 mS=$F9 nP=$20 mP=$20 dbgCyc=1 op=$24 trail=1 nonOvlR=False nonOvlF=False dly=False stg=False irq=0 mis=False
c=540355 nPC=$DDE3 mPC=$DDE1 nA=$20 mA=$20 nX=$0D mX=$0D nY=$00 mY=$00 nS=$F9 mS=$F9 nP=$22 mP=$20 dbgCyc=0 op=$24 trail=1 nonOvlR=False nonOvlF=False dly=False stg=False irq=0 mis=True
bus: m$C1=$00 m$C2=$20 n$C1=$00 n$C2=$20 m$C3=$6D m$C4=$FD n$C3=$6D n$C4=$FD m$0314=$BF n$0314=$BF

  Stack Trace:
     at ViceSharp.TestHarness.Vic20.Vic20DivergeProbe.RunEveryCycle(Int32 budget) in F:\GitHub\vice-sharp\tests\ViceSharp.TestHarness\Vic20\Vic20DivergeProbe.cs:line 123
   at ViceSharp.TestHarness.Vic20.Vic20DivergeProbe.EveryCycle_CpuRegs_Match_TwoSecondPal() in F:\GitHub\vice-sharp\tests\ViceSharp.TestHarness\Vic20\Vic20DivergeProbe.cs:line 47
   at System.Reflection.MethodBaseInvoker.InterpretedInvoke_Method(Object obj, IntPtr* args)
   at System.Reflection.MethodBaseInvoker.InvokeWithNoArgs(Object obj, BindingFlags invokeAttr)

Failed!  - Failed:     1, Passed:     0, Skipped:     0, Total:     1, Duration: 2 s - ViceSharp.TestHarness.dll (net10.0)
2S_EXIT=1

docs\2s-rtsfl-2026-08-06.log:3:[xUnit.net 00:00:03.95]     
ViceSharp.TestHarness.Vic20.Vic20DivergeProbe.EveryCycle_CpuRegs_Match_TwoSecondPal [FAIL]
docs\2s-rtsfl-2026-08-06.log:4:  Failed 
ViceSharp.TestHarness.Vic20.Vic20DivergeProbe.EveryCycle_CpuRegs_Match_TwoSecondPal [2 s]
docs\2s-rtsfl-2026-08-06.log:6:   DIV first=540355 matchedCycles=540354 budget=2216810
docs\2s-rtsfl-2026-08-06.log:22:     at ViceSharp.TestHarness.Vic20.Vic20DivergeProbe.RunEveryCycle(Int32 budget) in 
F:\GitHub\vice-sharp\tests\ViceSharp.TestHarness\Vic20\Vic20DivergeProbe.cs:line 123
docs\2s-rtsfl-2026-08-06.log:23:   at 
ViceSharp.TestHarness.Vic20.Vic20DivergeProbe.EveryCycle_CpuRegs_Match_TwoSecondPal() in 
F:\GitHub\vice-sharp\tests\ViceSharp.TestHarness\Vic20\Vic20DivergeProbe.cs:line 47
docs\2s-rtsfl-2026-08-06.log:27:Failed!  - Failed:     1, Passed:     0, Skipped:     0, Total:     1, Duration: 2 s - 
ViceSharp.TestHarness.dll (net10.0)
Test run for F:\GitHub\vice-sharp\tests\ViceSharp.TestHarness\bin\Release\net10.0\ViceSharp.TestHarness.dll (.NETCoreApp,Version=v10.0)
A total of 1 test files matched the specified pattern.
[xUnit.net 00:00:03.95]     ViceSharp.TestHarness.Vic20.Vic20DivergeProbe.EveryCycle_CpuRegs_Match_TwoSecondPal [FAIL]
  Failed ViceSharp.TestHarness.Vic20.Vic20DivergeProbe.EveryCycle_CpuRegs_Match_TwoSecondPal [2 s]
  Error Message:
   DIV first=540355 matchedCycles=540354 budget=2216810
c=540344 nPC=$DDD7 mPC=$DDD7 nA=$8C mA=$8C nX=$0D mX=$0D nY=$00 mY=$00 nS=$FB mS=$FB nP=$A0 mP=$A0 dbgCyc=0 op=$60 trail=2 nonOvlR=False nonOvlF=False dly=False stg=False irq=0 mis=False
c=540345 nPC=$DDD7 mPC=$DDD7 nA=$8C mA=$8C nX=$0D mX=$0D nY=$00 mY=$00 nS=$FB mS=$FB nP=$A0 mP=$A0 dbgCyc=5 op=$20 trail=1 nonOvlR=False nonOvlF=False dly=False stg=False irq=0 mis=False
c=540346 nPC=$DDD7 mPC=$DDD7 nA=$8C mA=$8C nX=$0D mX=$0D nY=$00 mY=$00 nS=$FB mS=$FB nP=$A0 mP=$A0 dbgCyc=4 op=$20 trail=1 nonOvlR=False nonOvlF=False dly=False stg=False irq=0 mis=False
c=540347 nPC=$DDD9 mPC=$DDD9 nA=$8C mA=$8C nX=$0D mX=$0D nY=$00 mY=$00 nS=$FA mS=$FA nP=$A0 mP=$A0 dbgCyc=3 op=$20 trail=1 nonOvlR=False nonOvlF=False dly=False stg=False irq=0 mis=False
c=540348 nPC=$DDD9 mPC=$DDD9 nA=$8C mA=$8C nX=$0D mX=$0D nY=$00 mY=$00 nS=$F9 mS=$F9 nP=$A0 mP=$A0 dbgCyc=2 op=$20 trail=1 nonOvlR=False nonOvlF=False dly=False stg=False irq=0 mis=False
c=540349 nPC=$DDD9 mPC=$DDD9 nA=$8C mA=$8C nX=$0D mX=$0D nY=$00 mY=$00 nS=$F9 mS=$F9 nP=$A0 mP=$A0 dbgCyc=1 op=$20 trail=1 nonOvlR=False nonOvlF=False dly=False stg=False irq=0 mis=False
c=540350 nPC=$DDDF mPC=$DDDF nA=$8C mA=$8C nX=$0D mX=$0D nY=$00 mY=$00 nS=$F9 mS=$F9 nP=$A0 mP=$A0 dbgCyc=0 op=$20 trail=1 nonOvlR=False nonOvlF=False dly=False stg=False irq=0 mis=False
c=540351 nPC=$DDDF mPC=$DDDF nA=$8C mA=$8C nX=$0D mX=$0D nY=$00 mY=$00 nS=$F9 mS=$F9 nP=$A0 mP=$A0 dbgCyc=1 op=$A9 trail=4 nonOvlR=False nonOvlF=False dly=False stg=False irq=0 mis=False
c=540352 nPC=$DDE1 mPC=$DDE1 nA=$20 mA=$20 nX=$0D mX=$0D nY=$00 mY=$00 nS=$F9 mS=$F9 nP=$20 mP=$20 dbgCyc=0 op=$A9 trail=4 nonOvlR=False nonOvlF=False dly=False stg=False irq=0 mis=False
c=540353 nPC=$DDE1 mPC=$DDE1 nA=$20 mA=$20 nX=$0D mX=$0D nY=$00 mY=$00 nS=$F9 mS=$F9 nP=$20 mP=$20 dbgCyc=2 op=$24 trail=1 nonOvlR=False nonOvlF=False dly=False stg=False irq=0 mis=False
c=540354 nPC=$DDE1 mPC=$DDE1 nA=$20 mA=$20 nX=$0D mX=$0D nY=$00 mY=$00 nS=$F9 mS=$F9 nP=$20 mP=$20 dbgCyc=1 op=$24 trail=1 nonOvlR=False nonOvlF=False dly=False stg=False irq=0 mis=False
c=540355 nPC=$DDE3 mPC=$DDE1 nA=$20 mA=$20 nX=$0D mX=$0D nY=$00 mY=$00 nS=$F9 mS=$F9 nP=$22 mP=$20 dbgCyc=0 op=$24 trail=1 nonOvlR=False nonOvlF=False dly=False stg=False irq=0 mis=True
bus: m$C1=$00 m$C2=$20 n$C1=$00 n$C2=$20 m$C3=$6D m$C4=$FD n$C3=$6D n$C4=$FD m$0314=$BF n$0314=$BF

  Stack Trace:
     at ViceSharp.TestHarness.Vic20.Vic20DivergeProbe.RunEveryCycle(Int32 budget) in F:\GitHub\vice-sharp\tests\ViceSharp.TestHarness\Vic20\Vic20DivergeProbe.cs:line 123
   at ViceSharp.TestHarness.Vic20.Vic20DivergeProbe.EveryCycle_CpuRegs_Match_TwoSecondPal() in F:\GitHub\vice-sharp\tests\ViceSharp.TestHarness\Vic20\Vic20DivergeProbe.cs:line 47
   at System.Reflection.MethodBaseInvoker.InterpretedInvoke_Method(Object obj, IntPtr* args)
   at System.Reflection.MethodBaseInvoker.InvokeWithNoArgs(Object obj, BindingFlags invokeAttr)

Failed!  - Failed:     1, Passed:     0, Skipped:     0, Total:     1, Duration: 2 s - ViceSharp.TestHarness.dll (net10.0)

