  Determining projects to restore...
  All projects are up-to-date for restore.
  ViceSharp.Protocol -> F:\GitHub\vice-sharp\src\ViceSharp.Protocol\bin\Release\net10.0\ViceSharp.Protocol.dll
  ViceSharp.Abstractions -> F:\GitHub\vice-sharp\src\ViceSharp.Abstractions\bin\Release\net10.0\ViceSharp.Abstractions.dll
  ViceSharp.Library.ViewModels -> F:\GitHub\vice-sharp\src\ViceSharp.Library.ViewModels\bin\Release\net10.0\ViceSharp.Library.ViewModels.dll
  ViceSharp.Xbox.Input -> F:\GitHub\vice-sharp\src\ViceSharp.Xbox.Input\bin\Release\net10.0\ViceSharp.Xbox.Input.dll
  ViceSharp.RomFetch -> F:\GitHub\vice-sharp\src\ViceSharp.RomFetch\bin\Release\net10.0\ViceSharp.RomFetch.dll
  ViceSharp.RomM -> F:\GitHub\vice-sharp\src\ViceSharp.RomM\bin\Release\net10.0\ViceSharp.RomM.dll
  ViceSharp.Xbox.ViewModels -> F:\GitHub\vice-sharp\src\ViceSharp.Xbox.ViewModels\bin\Release\net10.0\ViceSharp.Xbox.ViewModels.dll
  ViceSharp.Chips -> F:\GitHub\vice-sharp\src\ViceSharp.Chips\bin\Release\net10.0\ViceSharp.Chips.dll
  ViceSharp.Core -> F:\GitHub\vice-sharp\src\ViceSharp.Core\bin\Release\net10.0\ViceSharp.Core.dll
  ViceSharp.Monitor -> F:\GitHub\vice-sharp\src\ViceSharp.Monitor\bin\Release\net10.0\ViceSharp.Monitor.dll
  ViceSharp.Architectures -> F:\GitHub\vice-sharp\src\ViceSharp.Architectures\bin\Release\net10.0\ViceSharp.Architectures.dll
  ViceSharp.Benchmarks -> F:\GitHub\vice-sharp\tests\ViceSharp.Benchmarks\bin\Release\net10.0\ViceSharp.Benchmarks.dll
  ViceSharp.AdhocHelper -> F:\GitHub\vice-sharp\src\ViceSharp.AdhocHelper\bin\Release\net10.0\ViceSharp.AdhocHelper.dll
  ViceSharp.Launcher -> F:\GitHub\vice-sharp\src\ViceSharp.Launcher\bin\Release\net10.0\ViceSharp.Launcher.dll
  ViceSharp.Host.InProcess -> F:\GitHub\vice-sharp\src\ViceSharp.Host.InProcess\bin\Release\net10.0\ViceSharp.Host.InProcess.dll
  ViceSharp.Xbox -> F:\GitHub\vice-sharp\src\ViceSharp.Xbox\bin\Release\net10.0\ViceSharp.Xbox.dll
  ViceSharp.Console -> F:\GitHub\vice-sharp\src\ViceSharp.Console\bin\Release\net10.0\ViceSharp.Console.dll
  ViceSharp.Host -> F:\GitHub\vice-sharp\src\ViceSharp.Host\bin\Release\net10.0\ViceSharp.Host.dll
  ViceSharp.Avalonia -> F:\GitHub\vice-sharp\src\ViceSharp.Avalonia\bin\Release\net10.0\ViceSharp.Avalonia.dll
  ViceSharp.Host.MacOS -> F:\GitHub\vice-sharp\src\ViceSharp.Host.MacOS\bin\Release\net10.0\ViceSharp.Host.MacOS.dll
  ViceSharp.TestHarness -> F:\GitHub\vice-sharp\tests\ViceSharp.TestHarness\bin\Release\net10.0\ViceSharp.TestHarness.dll
Test run for F:\GitHub\vice-sharp\tests\ViceSharp.TestHarness\bin\Release\net10.0\ViceSharp.TestHarness.dll (.NETCoreApp,Version=v10.0)
A total of 1 test files matched the specified pattern.

Passed!  - Failed:     0, Passed:    20, Skipped:     0, Total:    20, Duration: 2 s - ViceSharp.TestHarness.dll (net10.0)
FOCUSED_EXIT=0
Test run for F:\GitHub\vice-sharp\tests\ViceSharp.TestHarness\bin\Release\net10.0\ViceSharp.TestHarness.dll (.NETCoreApp,Version=v10.0)
A total of 1 test files matched the specified pattern.
[xUnit.net 00:00:04.13]     ViceSharp.TestHarness.Vic20.Vic20DivergeProbe.EveryCycle_CpuRegs_Match_TwoSecondPal [FAIL]
  Failed ViceSharp.TestHarness.Vic20.Vic20DivergeProbe.EveryCycle_CpuRegs_Match_TwoSecondPal [2 s]
  Error Message:
   DIV first=541187 matchedCycles=541186 budget=2216810
c=541176 nPC=$DC64 mPC=$DC64 nA=$9B mA=$9B nX=$61 mX=$61 nY=$01 mY=$01 nS=$F7 mS=$F7 nP=$20 mP=$20 dbgCyc=1 op=$AA trail=0 nonOvlR=True nonOvlF=True dly=False stg=False irq=0 mis=False
c=541177 nPC=$DC65 mPC=$DC65 nA=$9B mA=$9B nX=$9B mX=$9B nY=$01 mY=$01 nS=$F7 mS=$F7 nP=$A0 mP=$A0 dbgCyc=0 op=$AA trail=0 nonOvlR=True nonOvlF=True dly=False stg=False irq=0 mis=False
c=541178 nPC=$DC65 mPC=$DC65 nA=$9B mA=$9B nX=$9B mX=$9B nY=$01 mY=$01 nS=$F7 mS=$F7 nP=$A0 mP=$A0 dbgCyc=1 op=$F0 trail=0 nonOvlR=True nonOvlF=True dly=False stg=False irq=0 mis=False
c=541179 nPC=$DC67 mPC=$DC67 nA=$9B mA=$9B nX=$9B mX=$9B nY=$01 mY=$01 nS=$F7 mS=$F7 nP=$A0 mP=$A0 dbgCyc=0 op=$F0 trail=0 nonOvlR=True nonOvlF=True dly=False stg=False irq=0 mis=False
c=541180 nPC=$DC67 mPC=$DC67 nA=$9B mA=$9B nX=$9B mX=$9B nY=$01 mY=$01 nS=$F7 mS=$F7 nP=$A0 mP=$A0 dbgCyc=4 op=$B1 trail=1 nonOvlR=True nonOvlF=True dly=False stg=False irq=0 mis=False
c=541181 nPC=$DC67 mPC=$DC67 nA=$9B mA=$9B nX=$9B mX=$9B nY=$01 mY=$01 nS=$F7 mS=$F7 nP=$A0 mP=$A0 dbgCyc=3 op=$B1 trail=1 nonOvlR=True nonOvlF=True dly=False stg=False irq=0 mis=False
c=541182 nPC=$DC67 mPC=$DC67 nA=$9B mA=$9B nX=$9B mX=$9B nY=$01 mY=$01 nS=$F7 mS=$F7 nP=$A0 mP=$A0 dbgCyc=2 op=$B1 trail=1 nonOvlR=True nonOvlF=True dly=False stg=False irq=0 mis=False
c=541183 nPC=$DC67 mPC=$DC67 nA=$3E mA=$3E nX=$9B mX=$9B nY=$01 mY=$01 nS=$F7 mS=$F7 nP=$A0 mP=$A0 dbgCyc=1 op=$B1 trail=1 nonOvlR=True nonOvlF=True dly=False stg=True irq=0 mis=False
c=541184 nPC=$DC69 mPC=$DC69 nA=$3E mA=$3E nX=$9B mX=$9B nY=$01 mY=$01 nS=$F7 mS=$F7 nP=$20 mP=$20 dbgCyc=0 op=$B1 trail=1 nonOvlR=True nonOvlF=True dly=False stg=False irq=0 mis=False
c=541185 nPC=$DC69 mPC=$DC69 nA=$3E mA=$3E nX=$9B mX=$9B nY=$01 mY=$01 nS=$F7 mS=$F7 nP=$20 mP=$20 dbgCyc=2 op=$45 trail=1 nonOvlR=True nonOvlF=True dly=False stg=False irq=0 mis=False
c=541186 nPC=$DC69 mPC=$DC69 nA=$3E mA=$3E nX=$9B mX=$9B nY=$01 mY=$01 nS=$F7 mS=$F7 nP=$20 mP=$20 dbgCyc=1 op=$45 trail=1 nonOvlR=True nonOvlF=True dly=False stg=False irq=0 mis=False
c=541187 nPC=$DC6B mPC=$DC69 nA=$1E mA=$3E nX=$9B mX=$9B nY=$01 mY=$01 nS=$F7 mS=$F7 nP=$20 mP=$20 dbgCyc=0 op=$45 trail=1 nonOvlR=True nonOvlF=True dly=False stg=False irq=0 mis=True
bus: m$C1=$00 m$C2=$20 n$C1=$00 n$C2=$20 m$C3=$6D m$C4=$FD n$C3=$6D n$C4=$FD m$0314=$BF n$0314=$BF

  Stack Trace:
     at ViceSharp.TestHarness.Vic20.Vic20DivergeProbe.RunEveryCycle(Int32 budget) in F:\GitHub\vice-sharp\tests\ViceSharp.TestHarness\Vic20\Vic20DivergeProbe.cs:line 123
   at ViceSharp.TestHarness.Vic20.Vic20DivergeProbe.EveryCycle_CpuRegs_Match_TwoSecondPal() in F:\GitHub\vice-sharp\tests\ViceSharp.TestHarness\Vic20\Vic20DivergeProbe.cs:line 47
   at System.Reflection.MethodBaseInvoker.InterpretedInvoke_Method(Object obj, IntPtr* args)
   at System.Reflection.MethodBaseInvoker.InvokeWithNoArgs(Object obj, BindingFlags invokeAttr)

Failed!  - Failed:     1, Passed:     0, Skipped:     0, Total:     1, Duration: 2 s - ViceSharp.TestHarness.dll (net10.0)
2S_EXIT=1
