
   DIV first=12829
c=12820 nPC=$FDB5 mPC=$FDB5 nA=$00 mA=$00 nX=$04 mX=$04 nY=$00 mY=$00 nS=$FD mS=$FD nP=$A4 mP=$A4 dbgCyc=4 op=$20 
bound=False trail=1 fullBr=False mis=False
c=12821 nPC=$FDB5 mPC=$FDB5 nA=$00 mA=$00 nX=$04 mX=$04 nY=$00 mY=$00 nS=$FD mS=$FD nP=$A4 mP=$A4 dbgCyc=3 op=$20 
bound=False trail=1 fullBr=False mis=False
c=12822 nPC=$FDB7 mPC=$FDB7 nA=$00 mA=$00 nX=$04 mX=$04 nY=$00 mY=$00 nS=$FC mS=$FC nP=$A4 mP=$A4 dbgCyc=2 op=$20 
bound=False trail=1 fullBr=False mis=False
c=12823 nPC=$FDB7 mPC=$FDB7 nA=$00 mA=$00 nX=$04 mX=$04 nY=$00 mY=$00 nS=$FB mS=$FB nP=$A4 mP=$A4 dbgCyc=1 op=$20 
bound=False trail=1 fullBr=False mis=False
c=12824 nPC=$FDB7 mPC=$FDB7 nA=$00 mA=$00 nX=$04 mX=$04 nY=$00 mY=$00 nS=$FB mS=$FB nP=$A4 mP=$A4 dbgCyc=0 op=$20 
bound=False trail=1 fullBr=False mis=False
c=12825 nPC=$FE91 mPC=$FE91 nA=$00 mA=$00 nX=$04 mX=$04 nY=$00 mY=$00 nS=$FB mS=$FB nP=$A4 mP=$A4 dbgCyc=4 op=$B1 
bound=False trail=3 fullBr=False mis=False
c=12826 nPC=$FE91 mPC=$FE91 nA=$00 mA=$00 nX=$04 mX=$04 nY=$00 mY=$00 nS=$FB mS=$FB nP=$A4 mP=$A4 dbgCyc=3 op=$B1 
bound=False trail=3 fullBr=False mis=False
c=12827 nPC=$FE91 mPC=$FE91 nA=$00 mA=$00 nX=$04 mX=$04 nY=$00 mY=$00 nS=$FB mS=$FB nP=$A4 mP=$A4 dbgCyc=2 op=$B1 
bound=False trail=3 fullBr=False mis=False
c=12828 nPC=$FE91 mPC=$FE91 nA=$00 mA=$00 nX=$04 mX=$04 nY=$00 mY=$00 nS=$FB mS=$FB nP=$A4 mP=$A4 dbgCyc=1 op=$B1 
bound=False trail=3 fullBr=False mis=False
c=12829 nPC=$FE91 mPC=$FE91 nA=$04 mA=$04 nX=$04 mX=$04 nY=$00 mY=$00 nS=$FB mS=$FB nP=$A4 mP=$24 dbgCyc=0 op=$B1 
bound=False trail=3 fullBr=False mis=True
c=12830 nPC=$FE93 mPC=$FE93 nA=$04 mA=$04 nX=$04 mX=$04 nY=$00 mY=$00 nS=$FB mS=$FB nP=$24 mP=$24 dbgCyc=1 op=$AA 
bound=False trail=0 fullBr=False mis=False
c=12831 nPC=$FE93 mPC=$FE93 nA=$04 mA=$04 nX=$04 mX=$04 nY=$00 mY=$00 nS=$FB mS=$FB nP=$24 mP=$24 dbgCyc=0 op=$AA 
bound=False trail=0 fullBr=False mis=False
c=12832 nPC=$FE94 mPC=$FE94 nA=$04 mA=$04 nX=$04 mX=$04 nY=$00 mY=$00 nS=$FB mS=$FB nP=$24 mP=$24 dbgCyc=1 op=$A9 
bound=False trail=0 fullBr=False mis=False
c=12833 nPC=$FE94 mPC=$FE94 nA=$04 mA=$04 nX=$04 mX=$04 nY=$00 mY=$00 nS=$FB mS=$FB nP=$24 mP=$24 dbgCyc=0 op=$A9 
bound=False trail=0 fullBr=False mis=False
c=12834 nPC=$FE96 mPC=$FE96 nA=$55 mA=$55 nX=$04 mX=$04 nY=$00 mY=$00 nS=$FB mS=$FB nP=$24 mP=$24 dbgCyc=5 op=$91 
bound=False trail=0 fullBr=False mis=False
c=12835 nPC=$FE96 mPC=$FE96 nA=$55 mA=$55 nX=$04 mX=$04 nY=$00 mY=$00 nS=$FB mS=$FB nP=$24 mP=$24 dbgCyc=4 op=$91 
bound=False trail=0 fullBr=False mis=False
c=12836 nPC=$FE98 mPC=$FE98 nA=$55 mA=$55 nX=$04 mX=$04 nY=$00 mY=$00 nS=$FB mS=$FB nP=$24 mP=$24 dbgCyc=3 op=$91 
bound=False trail=0 fullBr=False mis=False
c=12837 nPC=$FE98 mPC=$FE98 nA=$55 mA=$55 nX=$04 mX=$04 nY=$00 mY=$00 nS=$FB mS=$FB nP=$24 mP=$24 dbgCyc=2 op=$91 
bound=False trail=0 fullBr=False mis=False
c=12838 nPC=$FE98 mPC=$FE98 nA=$55 mA=$55 nX=$04 mX=$04 nY=$00 mY=$00 nS=$FB mS=$FB nP=$24 mP=$24 dbgCyc=1 op=$91 
bound=False trail=0 fullBr=False mis=False
c=12839 nPC=$FE98 mPC=$FE98 nA=$55 mA=$55 nX=$04 mX=$04 nY=$00 mY=$00 nS=$FB mS=$FB nP=$24 mP=$24 dbgCyc=0 op=$91 
bound=True trail=0 fullBr=False mis=False

