=== InstallMsi ===

13:03:41 [INF] > "C:\Program Files\dotnet\dotnet.exe" publish 
F:\GitHub\vice-sharp\src\ViceSharp.Avalonia\ViceSharp.Avalonia.csproj --configuration Release --runtime win-x64 
--property:Version=1.3.1 --property:ILLinkTreatWarningsAsErrors=false --property:DebugType=none 
--property:DebugSymbols=false --property:GenerateDocumentationFile=false 
--property:CopyDocumentationFilesFromPackages=false --property:PublishAot=false --property:PublishTrimmed=true 
--property:TrimMode=partial --property:PublishReadyToRun=true --property:PublishSingleFile=true 
--property:IncludeNativeLibrariesForSelfExtract=true --self-contained true
13:05:12 [DBG] Build succeeded.
13:05:12 [DBG]     0 Error(s)
13:05:12 [INF] MSI ready: F:\GitHub\vice-sharp\artifacts\installer\ViceSharp.msi (40,202,240 bytes)
║ InstallMsi
13:05:20 [INF] InstallMsi complete (exit 0)
║ Errors & Warnings
Restore            Succeeded       0:01
PublishMsi         Succeeded       1:31
InstallMsi         Succeeded       0:07
Build succeeded on 8/5/2026 1:05:20 PM. ＼（＾ᴗ＾）／
Avalonia exit: 0
=== DeployXboxLocal ===
║ DeployXboxLocal
13:05:25 [INF] > C:\Windows\System32\WindowsPowerShell\v1.0\powershell.exe -NoProfile -NonInteractive -Command 
""Stop-Process -Name 'ViceSharp.Xbox' -Force -ErrorAction SilentlyContinue""
13:05:44 [INF] Deployed Release-UWP build into the registered layout: 
C:\Users\kingd\AppData\Local\ViceSharp.Xbox.AppXLayout
13:05:45 [INF] Launched sharpninja.ViceSharp.Xbox_wbxy578d68v3y. Log: 
%LOCALAPPDATA%\Packages\sharpninja.ViceSharp.Xbox_wbxy578d68v3y\LocalState\vicesharp.log
DeployXboxLocal    Succeeded       0:20
Build succeeded on 8/5/2026 1:05:45 PM. ＼（＾ᴗ＾）／
Xbox exit: 0

