turnRequestId: req-20260810T130257Z-prompt-72b6
queryTitle: Refresh docs and wrap-up with detailed handoff
openedAt: 2026-08-10T13:02:57Z
status: in_progress
sessionId: GrokCode-20260810T130431Z-plugin-session
codeEdits: 0
lastBuildStatus: unknown
auditActions: 0
auditDialog: 0
auditDecisions: 0
auditFiles: 0
auditCommits: 0
queryText: |-
  <user_query>
  /refresh-docs and /mcpserver:wrap-up with detailed handoff
  </user_query>
  <skill_information>
  <skills_referenced>
  <skill name="refresh-docs" path="C:\Users\kingd\.grok\skills\refresh-docs\SKILL.md"/>
  <skill name="mcpserver:wrap-up" path="C:\Users\kingd\.grok\installed-plugins\f--github-mcpserver-grok-plugin-67f1f31f\./skills/wrap-up\SKILL.md"/>
status: verified
sessionId: GrokCode-20260810T130431Z-plugin-session
agent: GrokCode
started: 2026-08-10T13:04:31Z
lastUpdated: 2026-08-10T13:04:31Z
markerFilePath: F:\GitHub\vice-sharp\AGENTS-README-FIRST.yaml
markerLastWriteUtc: 2026-08-09T02:03:48.7967449Z
agentSessionId: 019fd0df-383d-7fc0-9f0a-69785afd78ed
agentSessionTranscriptFile: ""
agentExecutablePath: C:\Users\kingd\.grok\bin\grok.exe
agentExecutableVersion: grok 1.0.0 (3cd0d0cbce) [stable]
