
FullName
--------
F:\GitHub\vice-sharp\native\vice_x64.dll
F:\GitHub\vice-sharp\src\ViceSharp.Abstractions\bin\Debug\net10.0\ViceSharp.Abstractions.dll
F:\GitHub\vice-sharp\src\ViceSharp.Abstractions\bin\Release\net10.0\ViceSharp.Abstractions.dll
F:\GitHub\vice-sharp\src\ViceSharp.Abstractions\bin\x64\Release-UWP\net10.0\ViceSharp.Abstractions.dll
F:\GitHub\vice-sharp\src\ViceSharp.Abstractions\bin-review\Release\net10.0\ViceSharp.Abstractions.dll
F:\GitHub\vice-sharp\src\ViceSharp.Abstractions\bin-s3slice\Release\net10.0\ViceSharp.Abstractions.dll
F:\GitHub\vice-sharp\src\ViceSharp.Abstractions\bin-s4slice\Release\net10.0\ViceSharp.Abstractions.dll
F:\GitHub\vice-sharp\src\ViceSharp.Abstractions\bin-v2slice\Release\net10.0\ViceSharp.Abstractions.dll
F:\GitHub\vice-sharp\src\ViceSharp.Abstractions\bin-v3slice\Release\net10.0\ViceSharp.Abstractions.dll
F:\GitHub\vice-sharp\src\ViceSharp.Abstractions\bin-v5slice\Release\net10.0\ViceSharp.Abstractions.dll
F:\GitHub\vice-sharp\native\build-vice-shim.ps1
F:\GitHub\vice-sharp\native\build-vice-shim.sh
F:\GitHub\vice-sharp\native\vice-shim-hosted.o
F:\GitHub\vice-sharp\native\vice-shim.c
F:\GitHub\vice-sharp\native\vice-shim.h
F:\GitHub\vice-sharp\native\patches\vice-shim-runtime.patch
F:\GitHub\vice-sharp\native\patches\vice-shim-runtime.prompt.md
F:\GitHub\vice-sharp\native\vice\vice\src\.vice-shim-configure-flags
F:\GitHub\vice-sharp\native\vice\vice\src\vice-shim-runtime.h

