
Name
----
BranchCycleCountTests.cs
MediaServiceHostVic20ExpansionTests.cs
Vic20BoardWiringTests.cs
Vic20BootProofTests.cs
Vic20DeterminismTests.cs
Vic20DivergeProbe.cs
Vic20DriveDefaultTests.cs
Vic20ExpansionCartTests.cs
Vic20HeadsTests.cs
Vic20KeyboardTests.cs
Vic20LockstepScaffoldTests.cs
Vic20MemoryMapTests.cs
Vic20MemorySettingsRestartTests.cs
Vic20NativeLockstepTests.cs
Vic20RamBlocksTests.cs
Vic20SettingsRestartPreservesExpansionTests.cs
Vic20SkeletonTests.cs
Vic20Via1IecPortTests.cs
Vic20VideoPumpSmokeTests.cs
Vic20VideoTests.cs

















































































