
NameSelect-String: 

----
vic-cmdline-options.c
vic-color.c
vic-cycle.c
vic-draw.c
vic-mem.c
vic-resources.c
vic-snapshot.c
vic-timing.c
vic.c
vic20-cmdline-options.c
vic20-resources.c
vic20-snapshot.c
vic20-stubs.c
vic20.c
vic20bus.c
vic20cpu.c
vic20datasette.c
vic20drive.c
vic20export.c
vic20iec.c
vic20ieeevia1.c
vic20ieeevia2.c
vic20io.c
vic20mem.c
vic20memrom.c
vic20memsnapshot.c
vic20model.c
vic20printer.c
vic20rom.c
vic20romset.c
vic20rsuser.c
vic20sound.c
vic20via1.c
vic20via2.c
vic20video.c
behrbonz.c
debugcart.c
finalexpansion.c
ioramcart.c
mascuerade-stubs.c
megacart.c
mikroassembler.c
minimon.c
rabbit.c
superexpander.c
ultimem.c
vic-fp.c
vic20-generic.c
vic20-ieee488.c
vic20-midi.c
vic20-sidcart.c
vic20cart.c
vic20cartmem.c
writenow.c

Line |
   4 |  Select-String -Path native/vice/vice/src/vic20/mem.c,native/vice/vice .
     |  ~~~~~~~~~~~~~~~~~~~~~~~~~~~~~~~~~~~~~~~~~~~~~~~~~~~~~~~~~~~~~~~~~~~~~
     | Cannot find path 'F:\GitHub\vice-sharp\native\vice\vice\src\vic20\mem.c' because it does not exist.
