
FullName                                                              Length LastWriteTime
--------                                                              ------ -------------
F:\GitHub\vice-sharp\src\ViceSharp.Avalonia\Assets\vicesharp-icon.png  16152 6/3/2026 7:22:54 AM
F:\GitHub\vice-sharp\src\ViceSharp.Avalonia\Assets\vicesharp.ico       33827 6/3/2026 7:22:54 AM
                                                                        2775 7/13/2026 5:01:46 PM
                                                                        1075 7/13/2026 5:01:46 PM
                                                                         241 7/13/2026 5:01:46 PM
                                                                         253 7/13/2026 5:01:46 PM
                                                                        1217 7/13/2026 5:01:46 PM
F:\GitHub\vice-sharp\src\ViceSharp.Avalonia\Assets\vicesharp-icon.png  16152 
F:\GitHub\vice-sharp\src\ViceSharp.Avalonia\Assets\vicesharp.ico       33827 
F:\GitHub\vice-sharp\src\ViceSharp.Core\Configuration\ViceIniConfigu.   4982 
F:\GitHub\vice-sharp\src\ViceSharp.Host.iOS\Assets.xcassets\AppIcon..  84692 
F:\GitHub\vice-sharp\src\ViceSharp.Host.MacOS\Assets\AppIcon.icns     204436 
F:\GitHub\vice-sharp\src\ViceSharp.Host.MacOS\bin-review\Release\net. 204436 
F:\GitHub\vice-sharp\src\ViceSharp.Host.MacOS\bin-s3slice\Release\ne. 204436 
F:\GitHub\vice-sharp\src\ViceSharp.Host.MacOS\bin-s4slice\Release\ne. 204436 
F:\GitHub\vice-sharp\src\ViceSharp.Host.MacOS\bin-v2slice\Release\ne. 204436 
F:\GitHub\vice-sharp\src\ViceSharp.Host.MacOS\bin-v3slice\Release\ne. 204436 
F:\GitHub\vice-sharp\src\ViceSharp.Host.MacOS\bin-v5slice\Release\ne. 204436 
F:\GitHub\vice-sharp\src\ViceSharp.Host.MacOS\bin-verify\Release\net. 204436 
F:\GitHub\vice-sharp\src\ViceSharp.Xbox\Assets\Square150x150Logo.png    1075 
F:\GitHub\vice-sharp\src\ViceSharp.Xbox\Assets\Square44x44Logo.png       241 
F:\GitHub\vice-sharp\src\ViceSharp.Xbox\Assets\StoreLogo.png             253 
F:\GitHub\vice-sharp\src\ViceSharp.Xbox\Assets\Wide310x150Logo.png      1217 
F:\GitHub\vice-sharp\tests\ViceSharp.TestHarness\bin-review\Release\. 204436 
F:\GitHub\vice-sharp\tests\ViceSharp.TestHarness\bin-s3slice\Release. 204436 
F:\GitHub\vice-sharp\tests\ViceSharp.TestHarness\bin-s4slice\Release. 204436 
F:\GitHub\vice-sharp\tests\ViceSharp.TestHarness\bin-v3slice\Release. 204436 
F:\GitHub\vice-sharp\tests\ViceSharp.TestHarness\bin-v5slice\Release. 204436 
F:\GitHub\vice-sharp\tests\ViceSharp.TestHarness\Branding\AppIconTes.  10048 
F:\GitHub\vice-sharp\tests\ViceSharp.TestHarness\Xbox\XboxCiConfigTe.   4405 
F:\GitHub\vice-sharp\tools\generate-icons.py                            7201 
F:\GitHub\vice-sharp\logo.svg                                           6180 
                                                                           1 
                                                                           1 
                                                                           1 
                                                                           1 
                                                                           1 
                                                                           1 
                                                                           1 
                                                                           1 
                                                                           1 

