
Name              Length LastWriteTime
----              ------ -------------
romm-cache               8/5/2026 6:05:17 AM
debug-attach.json 366    8/5/2026 6:05:51 AM


Name                      Length LastWriteTime
----                      ------ -------------
appsettings.json             844 7/7/2026 5:15:16 PM
ViceSharp.Avalonia.exe 120738709 8/5/2026 6:00:24 AM


Name                                                   Length LastWriteTime
----                                                   ------ -------------
ViceSharpXboxDataPathTests                                    8/5/2026 3:53:40 AM
ViceSharpVkmTests                                             8/5/2026 3:53:14 AM
vicesharp-7544b4b43a274125b218b030ff36adf1.d64.moved   174848 8/5/2026 3:49:37 AM
ViceSharpDataResolverTests                                    8/5/2026 3:49:32 AM
vice-sharp-92aa1bb8b1e44c24a523b359a8051906.bmp               8/5/2026 3:49:27 AM
vicesharp_ready_frame.bmp                              313398 8/5/2026 3:49:26 AM
vicesharp_test_frame.bmp                               313398 8/5/2026 3:49:25 AM
vicesharp-cart-tests                                          8/5/2026 3:48:55 AM
vicesharp-diagnostics-tests                                   8/5/2026 3:48:38 AM
vice-sharp-4d6178818dda498186e3ee1cb8f057c0.bmp               8/5/2026 3:41:51 AM
vicesharp-4f0724d307a241599338222016f39174.d64.moved   174848 8/5/2026 3:41:49 AM
truckmate_obd_service_951062da9a4f438b944e85af841334d3        7/31/2026 4:39:40 PM
truckmate_obd_service_68917e7f32cb4881835437068ffb3ee4        7/31/2026 3:55:10 PM
truckmate_obd_service_d89acfb520f440b1a409a671845bf16b        7/31/2026 3:46:56 PM
truckmate_obd_service_4b2f43e30cfe4b92a2fec87c70ada449        7/31/2026 3:35:06 PM
ViceSharpXboxDataPathTests                                    8/5/2026 3:53:40 AM
ViceSharpVkmTests                                             8/5/2026 3:53:14 AM
vicesharp-7544b4b43a274125b218b030ff36adf1.d64.moved   174848 8/5/2026 3:49:37 AM
ViceSharpDataResolverTests                                    8/5/2026 3:49:32 AM
vice-sharp-92aa1bb8b1e44c24a523b359a8051906.bmp               8/5/2026 3:49:27 AM
vicesharp_ready_frame.bmp                              313398 8/5/2026 3:49:26 AM
vicesharp_test_frame.bmp                               313398 8/5/2026 3:49:25 AM
vicesharp-cart-tests                                          8/5/2026 3:48:55 AM
vicesharp-diagnostics-tests                                   8/5/2026 3:48:38 AM
vice-sharp-4d6178818dda498186e3ee1cb8f057c0.bmp               8/5/2026 3:41:51 AM
vicesharp-4f0724d307a241599338222016f39174.d64.moved   174848 8/5/2026 3:41:49 AM
truckmate_obd_service_951062da9a4f438b944e85af841334d3        7/31/2026 4:39:40 PM
truckmate_obd_service_68917e7f32cb4881835437068ffb3ee4        7/31/2026 3:55:10 PM
truckmate_obd_service_d89acfb520f440b1a409a671845bf16b        7/31/2026 3:46:56 PM
truckmate_obd_service_4b2f43e30cfe4b92a2fec87c70ada449        7/31/2026 3:35:06 PM

