	ntdll.dll => /c/WINDOWS/SYSTEM32/ntdll.dll (0x7ffb10ee0000)
	KERNEL32.DLL => /c/WINDOWS/System32/KERNEL32.DLL (0x7ffb0f780000)
	KERNELBASE.dll => /c/WINDOWS/System32/KERNELBASE.dll (0x7ffb0e570000)
	msvcrt.dll => /c/WINDOWS/System32/msvcrt.dll (0x7ffb0f190000)
	DSOUND.dll => /c/WINDOWS/SYSTEM32/DSOUND.dll (0x7ffa889d0000)
	SHELL32.dll => /c/WINDOWS/System32/SHELL32.dll (0x7ffb0f9c0000)
	ucrtbase.dll => /c/WINDOWS/System32/ucrtbase.dll (0x7ffb0e980000)
	msvcp_win.dll => /c/WINDOWS/System32/msvcp_win.dll (0x7ffb0e190000)
	ResampleDmo.DLL => /c/WINDOWS/SYSTEM32/ResampleDmo.DLL (0x7ffa88910000)
	advapi32.dll => /c/WINDOWS/System32/advapi32.dll (0x7ffb10180000)
	USER32.dll => /c/WINDOWS/System32/USER32.dll (0x7ffb10cd0000)
	OLEAUT32.dll => /c/WINDOWS/System32/OLEAUT32.dll (0x7ffb0f8e0000)
	sechost.dll => /c/WINDOWS/System32/sechost.dll (0x7ffb0f0e0000)
	win32u.dll => /c/WINDOWS/System32/win32u.dll (0x7ffb0e3c0000)
	combase.dll => /c/WINDOWS/System32/combase.dll (0x7ffb10880000)
	RPCRT4.dll => /c/WINDOWS/System32/RPCRT4.dll (0x7ffb0f480000)
	GDI32.dll => /c/WINDOWS/System32/GDI32.dll (0x7ffb102c0000)
	shcore.dll => /c/WINDOWS/System32/shcore.dll (0x7ffb102f0000)
	gdi32full.dll => /c/WINDOWS/System32/gdi32full.dll (0x7ffb0eae0000)
	WS2_32.dll => /c/WINDOWS/System32/WS2_32.dll (0x7ffb0ef00000)
	winmmbase.dll => /c/WINDOWS/SYSTEM32/winmmbase.dll (0x7ffae87e0000)
	powrprof.dll => /c/WINDOWS/SYSTEM32/powrprof.dll (0x7ffb0dcd0000)
	powrprof.dll => /c/Windows/System32/powrprof.dll (0x268e02d0000)
	msdmo.dll => /c/WINDOWS/SYSTEM32/msdmo.dll (0x7ffb0ab10000)
	WINMM.dll => /c/WINDOWS/SYSTEM32/WINMM.dll (0x7ffaf5400000)
	cfgmgr32.dll => /c/WINDOWS/SYSTEM32/cfgmgr32.dll (0x7ffb0dd80000)
	libstdc++-6.dll => /mingw64/bin/libstdc++-6.dll (0x7ffaa87b0000)
	zlib1.dll => /mingw64/bin/zlib1.dll (0x7ffb073a0000)
	libgcc_s_seh-1.dll => /mingw64/bin/libgcc_s_seh-1.dll (0x7ffb07370000)
	libwinpthread-1.dll => /mingw64/bin/libwinpthread-1.dll (0x7ffb07300000)
/f/GitHub/vice-sharp/native/vice/vice/src/xvic.exe: PE32+ executable for MS Windows 5.02 (console), x86-64, 19 sections
-rwxr-xr-x 1 kingd kingd 10488833 Aug  5 14:13 /f/GitHub/vice-sharp/native/vice/vice/src/xvic.exe
