  Determining projects to restore...
  All projects are up-to-date for restore.
  ViceSharp.Protocol -> F:\GitHub\vice-sharp\src\ViceSharp.Protocol\bin\Release\net10.0\ViceSharp.Protocol.dll
  ViceSharp.Abstractions -> F:\GitHub\vice-sharp\src\ViceSharp.Abstractions\bin\Release\net10.0\ViceSharp.Abstractions.dll
  ViceSharp.Library.ViewModels -> F:\GitHub\vice-sharp\src\ViceSharp.Library.ViewModels\bin\Release\net10.0\ViceSharp.Library.ViewModels.dll
  ViceSharp.Xbox.Input -> F:\GitHub\vice-sharp\src\ViceSharp.Xbox.Input\bin\Release\net10.0\ViceSharp.Xbox.Input.dll
  ViceSharp.RomM -> F:\GitHub\vice-sharp\src\ViceSharp.RomM\bin\Release\net10.0\ViceSharp.RomM.dll
  ViceSharp.Chips -> F:\GitHub\vice-sharp\src\ViceSharp.Chips\bin\Release\net10.0\ViceSharp.Chips.dll
  ViceSharp.RomFetch -> F:\GitHub\vice-sharp\src\ViceSharp.RomFetch\bin\Release\net10.0\ViceSharp.RomFetch.dll
  ViceSharp.Xbox.ViewModels -> F:\GitHub\vice-sharp\src\ViceSharp.Xbox.ViewModels\bin\Release\net10.0\ViceSharp.Xbox.ViewModels.dll
  ViceSharp.Core -> F:\GitHub\vice-sharp\src\ViceSharp.Core\bin\Release\net10.0\ViceSharp.Core.dll
  ViceSharp.Architectures -> F:\GitHub\vice-sharp\src\ViceSharp.Architectures\bin\Release\net10.0\ViceSharp.Architectures.dll
  ViceSharp.Monitor -> F:\GitHub\vice-sharp\src\ViceSharp.Monitor\bin\Release\net10.0\ViceSharp.Monitor.dll
  ViceSharp.Launcher -> F:\GitHub\vice-sharp\src\ViceSharp.Launcher\bin\Release\net10.0\ViceSharp.Launcher.dll
  ViceSharp.Benchmarks -> F:\GitHub\vice-sharp\tests\ViceSharp.Benchmarks\bin\Release\net10.0\ViceSharp.Benchmarks.dll
  ViceSharp.AdhocHelper -> F:\GitHub\vice-sharp\src\ViceSharp.AdhocHelper\bin\Release\net10.0\ViceSharp.AdhocHelper.dll
  ViceSharp.Host.InProcess -> F:\GitHub\vice-sharp\src\ViceSharp.Host.InProcess\bin\Release\net10.0\ViceSharp.Host.InProcess.dll
  ViceSharp.Console -> F:\GitHub\vice-sharp\src\ViceSharp.Console\bin\Release\net10.0\ViceSharp.Console.dll
  ViceSharp.Xbox -> F:\GitHub\vice-sharp\src\ViceSharp.Xbox\bin\Release\net10.0\ViceSharp.Xbox.dll
  ViceSharp.Host -> F:\GitHub\vice-sharp\src\ViceSharp.Host\bin\Release\net10.0\ViceSharp.Host.dll
  ViceSharp.Avalonia -> F:\GitHub\vice-sharp\src\ViceSharp.Avalonia\bin\Release\net10.0\ViceSharp.Avalonia.dll
  ViceSharp.Host.MacOS -> F:\GitHub\vice-sharp\src\ViceSharp.Host.MacOS\bin\Release\net10.0\ViceSharp.Host.MacOS.dll
  ViceSharp.TestHarness -> F:\GitHub\vice-sharp\tests\ViceSharp.TestHarness\bin\Release\net10.0\ViceSharp.TestHarness.dll
Test run for F:\GitHub\vice-sharp\tests\ViceSharp.TestHarness\bin\Release\net10.0\ViceSharp.TestHarness.dll (.NETCoreApp,Version=v10.0)
A total of 1 test files matched the specified pattern.
[xUnit.net 00:00:02.92]     ViceSharp.TestHarness.Vic20.Vic20DivergeProbe.EveryCycle_CpuRegs_Match_FocusedWindow [FAIL]
  Failed ViceSharp.TestHarness.Vic20.Vic20DivergeProbe.EveryCycle_CpuRegs_Match_FocusedWindow [8 ms]
  Error Message:
   DIV first=30 matchedCycles=29 budget=500000
c=19 nPC=$FD41 mPC=$FD41 nA=$00 mA=$00 nX=$05 mX=$05 nY=$00 mY=$00 nS=$FD mS=$FD nP=$24 mP=$24 dbgCyc=2 op=$BD trail=1 nonOvlR=False nonOvlF=False dly=False stg=False mis=False
c=20 nPC=$FD41 mPC=$FD41 nA=$CD mA=$CD nX=$05 mX=$05 nY=$00 mY=$00 nS=$FD mS=$FD nP=$24 mP=$24 dbgCyc=1 op=$BD trail=1 nonOvlR=False nonOvlF=False dly=False stg=True mis=False
c=21 nPC=$FD44 mPC=$FD44 nA=$CD mA=$CD nX=$05 mX=$05 nY=$00 mY=$00 nS=$FD mS=$FD nP=$A4 mP=$A4 dbgCyc=0 op=$BD trail=1 nonOvlR=False nonOvlF=False dly=False stg=False mis=False
c=22 nPC=$FD44 mPC=$FD44 nA=$CD mA=$CD nX=$05 mX=$05 nY=$00 mY=$00 nS=$FD mS=$FD nP=$A4 mP=$A4 dbgCyc=3 op=$DD trail=1 nonOvlR=False nonOvlF=False dly=False stg=False mis=False
c=23 nPC=$FD44 mPC=$FD44 nA=$CD mA=$CD nX=$05 mX=$05 nY=$00 mY=$00 nS=$FD mS=$FD nP=$A4 mP=$A4 dbgCyc=2 op=$DD trail=1 nonOvlR=False nonOvlF=False dly=False stg=False mis=False
c=24 nPC=$FD44 mPC=$FD44 nA=$CD mA=$CD nX=$05 mX=$05 nY=$00 mY=$00 nS=$FD mS=$FD nP=$A4 mP=$A4 dbgCyc=1 op=$DD trail=1 nonOvlR=False nonOvlF=False dly=False stg=False mis=False
c=25 nPC=$FD47 mPC=$FD47 nA=$CD mA=$CD nX=$05 mX=$05 nY=$00 mY=$00 nS=$FD mS=$FD nP=$A5 mP=$A5 dbgCyc=0 op=$DD trail=1 nonOvlR=False nonOvlF=False dly=False stg=False mis=False
c=26 nPC=$FD47 mPC=$FD47 nA=$CD mA=$CD nX=$05 mX=$05 nY=$00 mY=$00 nS=$FD mS=$FD nP=$A5 mP=$A5 dbgCyc=1 op=$D0 trail=1 nonOvlR=False nonOvlF=False dly=False stg=False mis=False
c=27 nPC=$FD49 mPC=$FD49 nA=$CD mA=$CD nX=$05 mX=$05 nY=$00 mY=$00 nS=$FD mS=$FD nP=$A5 mP=$A5 dbgCyc=0 op=$D0 trail=1 nonOvlR=False nonOvlF=False dly=False stg=False mis=False
c=28 nPC=$FD4C mPC=$FD4C nA=$CD mA=$CD nX=$05 mX=$05 nY=$00 mY=$00 nS=$FD mS=$FD nP=$A5 mP=$A5 dbgCyc=5 op=$60 trail=1 nonOvlR=False nonOvlF=False dly=False stg=False mis=False
c=29 nPC=$FD4C mPC=$FD4C nA=$CD mA=$CD nX=$05 mX=$05 nY=$00 mY=$00 nS=$FD mS=$FD nP=$A5 mP=$A5 dbgCyc=4 op=$60 trail=1 nonOvlR=False nonOvlF=False dly=False stg=False mis=False
c=30 nPC=$FD4C mPC=$FD4C nA=$CD mA=$CD nX=$05 mX=$05 nY=$00 mY=$00 nS=$FD mS=$FE nP=$A5 mP=$A5 dbgCyc=3 op=$60 trail=1 nonOvlR=False nonOvlF=False dly=False stg=False mis=True
bus: m$C1=$00 m$C2=$FF n$C1=$00 n$C2=$FF m$C3=$00 m$C4=$FF n$C3=$00 n$C4=$FF m$0314=$FF n$0314=$FF

  Stack Trace:
     at ViceSharp.TestHarness.Vic20.Vic20DivergeProbe.RunEveryCycle(Int32 budget) in F:\GitHub\vice-sharp\tests\ViceSharp.TestHarness\Vic20\Vic20DivergeProbe.cs:line 104
   at ViceSharp.TestHarness.Vic20.Vic20DivergeProbe.EveryCycle_CpuRegs_Match_FocusedWindow() in F:\GitHub\vice-sharp\tests\ViceSharp.TestHarness\Vic20\Vic20DivergeProbe.cs:line 30
   at System.Reflection.MethodBaseInvoker.InterpretedInvoke_Method(Object obj, IntPtr* args)
   at System.Reflection.MethodBaseInvoker.InvokeWithNoArgs(Object obj, BindingFlags invokeAttr)

Failed!  - Failed:     1, Passed:    18, Skipped:     0, Total:    19, Duration: 1 s - ViceSharp.TestHarness.dll (net10.0)
EXIT=1
