make: Entering directory '/f/GitHub/vice-sharp/native/vice/vice/src/lib/linenoise-ng'
make: Nothing to be done for 'all'.
make: Leaving directory '/f/GitHub/vice-sharp/native/vice/vice/src/lib/linenoise-ng'
make: Entering directory '/f/GitHub/vice-sharp/native/vice/vice/src'
make: Leaving directory '/f/GitHub/vice-sharp/native/vice/vice/src'
F:/GitHub/vice-sharp/native/vice-shim-vic20.c: In function 'vice_shim_set_current_thread_description':
F:/GitHub/vice-sharp/native/vice-shim-vic20.c:268:30: warning: cast between incompatible function types from 'FARPROC' {aka 'long long int (*)(void)'} to 'HRESULT (*)(void *, const WCHAR *)' {aka 'long int (*)(void *, const short unsigned int *)'} [-Wcast-function-type]
  268 |     set_thread_description = (vice_shim_set_thread_description_fn)GetProcAddress(kernel32, "SetThreadDescription");
      |                              ^
C:/msys64/mingw64/bin/../lib/gcc/x86_64-w64-mingw32/15.2.0/../../../../x86_64-w64-mingw32/bin/ld.exe: F:/GitHub/vice-sharp/native/vice-shim-vic20-hosted.o: in function `vice_machine_reset':
F:/GitHub/vice-sharp/native/vice-shim-vic20.c:529:(.text+0x1096): undefined reference to `vic_sound_oracle_reset'
C:/msys64/mingw64/bin/../lib/gcc/x86_64-w64-mingw32/15.2.0/../../../../x86_64-w64-mingw32/bin/ld.exe: F:/GitHub/vice-sharp/native/vice-shim-vic20-hosted.o: in function `vice_vic20_render_samples':
F:/GitHub/vice-sharp/native/vice-shim-vic20.c:1436:(.text+0x2b95): undefined reference to `vic_sound_oracle_render'
collect2.exe: error: ld returned 1 exit status
make: *** [/tmp/tmp.p9KDleMlYU:14: /f/GitHub/vice-sharp/native/vice_xvic.dll] Error 1
Copy-Item: 
Line |
  10 |  . bject { if (Test-Path (Split-Path $_)) { Copy-Item $src $_ -Force } }
     |                                             ~~~~~~~~~~~~~~~~~~~~~~~~
     | Cannot find path 'F:\GitHub\vice-sharp\native\vice_xvic.dll' because it does not exist.
Copy-Item: 
Line |
  10 |  . bject { if (Test-Path (Split-Path $_)) { Copy-Item $src $_ -Force } }
     |                                             ~~~~~~~~~~~~~~~~~~~~~~~~
     | Cannot find path 'F:\GitHub\vice-sharp\native\vice_xvic.dll' because it does not exist.
Copy-Item: 
Line |
  10 |  . bject { if (Test-Path (Split-Path $_)) { Copy-Item $src $_ -Force } }
     |                                             ~~~~~~~~~~~~~~~~~~~~~~~~
     | Cannot find path 'F:\GitHub\vice-sharp\native\vice_xvic.dll' because it does not exist.
