
> A total of 1 test files matched the specified pattern.
  [xUnit.net 00:00:23.09]     ViceSharp.TestHarness.Vic20.Vic20VideoLockstep.EveryCycle_VicI_VideoState_Match_2k [FAIL]
  [xUnit.net 00:00:23.10]     
ViceSharp.TestHarness.Vic20.Vic20VideoLockstep.EveryCycle_VicI_VideoState_Match_FocusedWindow [FAIL]
>   Failed ViceSharp.TestHarness.Vic20.Vic20VideoLockstep.EveryCycle_VicI_VideoState_Match_2k [8 ms]
>   Error Message:
>    VIDEO DIV first=1 matchedCycles=0 budget=2000
  c=1 nR=0 mR=0 nCyc=7 mCyc=7 nA=0 mA=1 nF=0 mF=0 nMem=0 mMem=0 nY=0 mY=0 nRow=0 mRow=0 nCols=0 mCols=0 nBlank=0 
mBlank=0 mis=True
  Area n=0 m=1
  nRegs= 0=0C 1=26 2=96 3=2E 4=00 5=F0 6=00 7=00 8=00 9=00 A=00 B=00 C=00 D=00 E=00 F=1B
  mRegs= 0=00 1=00 2=00 3=00 4=00 5=00 6=00 7=00 8=00 9=00 A=00 B=00 C=00 D=00 E=00 F=00
  peek $9003 n=$2E m=$00 $9004 n=$00 m=$00
  
>   Failed ViceSharp.TestHarness.Vic20.Vic20VideoLockstep.EveryCycle_VicI_VideoState_Match_FocusedWindow [4 ms]
>   Error Message:
>    VIDEO DIV first=1 matchedCycles=0 budget=500000
  c=1 nR=0 mR=0 nCyc=7 mCyc=7 nA=0 mA=1 nF=0 mF=0 nMem=0 mMem=0 nY=0 mY=0 nRow=0 mRow=0 nCols=0 mCols=0 nBlank=0 
mBlank=0 mis=True
  Area n=0 m=1
  nRegs= 0=0C 1=26 2=96 3=2E 4=00 5=F0 6=00 7=00 8=00 9=00 A=00 B=00 C=00 D=00 E=00 F=1B
  mRegs= 0=00 1=00 2=00 3=00 4=00 5=00 6=00 7=00 8=00 9=00 A=00 B=00 C=00 D=00 E=00 F=00
  peek $9003 n=$2E m=$00 $9004 n=$00 m=$00
  
> Failed!  - Failed:     2, Passed:     8, Skipped:     0, Total:    10, Duration: 31 s - ViceSharp.TestHarness.dll 
(net10.0)

