[main f45bbc2] docs(grok): archive session transcript, plan, and goal plan
 13 files changed, 19996 insertions(+)
 create mode 100644 docs/grok/2026-08-11-vic20-exact-session/TRANSCRIPT.md
 create mode 100644 docs/grok/2026-08-11-vic20-exact-session/chat_history.jsonl
 create mode 100644 docs/grok/2026-08-11-vic20-exact-session/goal/goal-classifier-32799c5b1a25-2.md
 create mode 100644 docs/grok/2026-08-11-vic20-exact-session/goal/goal-classifier-607a2dad3956-2.md
 create mode 100644 docs/grok/2026-08-11-vic20-exact-session/goal/goal-classifier-7d45b1115e21-2.md
 create mode 100644 docs/grok/2026-08-11-vic20-exact-session/goal/goal-classifier-a8b508754f9e-2.md
 create mode 100644 docs/grok/2026-08-11-vic20-exact-session/goal/goal-classifier-c660a9d0ca87-2.md
 create mode 100644 docs/grok/2026-08-11-vic20-exact-session/goal/goal-classifier-f7270d7293dd-1.md
 create mode 100644 docs/grok/2026-08-11-vic20-exact-session/goal/plan.baseline.md
 create mode 100644 docs/grok/2026-08-11-vic20-exact-session/goal/plan.md
 create mode 100644 docs/grok/2026-08-11-vic20-exact-session/goal/state.json
 create mode 100644 docs/grok/2026-08-11-vic20-exact-session/plan.md
 create mode 100644 docs/grok/README.md
f45bbc278406a2fde9faca2bef5064584f36c29b
f45bbc278406a2fde9faca2bef5064584f36c29b
docs(grok): archive session transcript, plan, and goal plan
3976c603b17e955b60da9253e7b39bd45ba8248f
To https://github.com/sharpninja/vice-sharp.git
   85396c8..f45bbc2  main -> main
PUSH_MAIN=0 PUSH_TAG=0To https://github.com/sharpninja/vice-sharp.git

 * [new tag]         Grok -> Grok
## [32mmain[m...[31morigin/main[m
 [31mM[m GitVersion.yml
 [31mM[m HANDOFF.md
 [31mM[m docs/audit-vic20-vs-vice-2026-08-07.md
 [31mM[m native/vice-shim-vic20.c
 [31mM[m native/vice-shim.h
 [31mM[m src/ViceSharp.Abstractions/IViceNative.cs
 [31mM[m src/ViceSharp.Chips/Vic/Mos6561.cs
 [31mM[m src/ViceSharp.Core/FlashCarts/Flash040Core.cs
 [31mM[m src/ViceSharp.Core/Vic20/FinalExpansion3Cartridge.cs
 [31mM[m src/ViceSharp.Core/Vic20/UltimemCartridge.cs
 [31mM[m src/ViceSharp.Core/ViceNative.Xvic.cs
 [31mM[m src/ViceSharp.Core/ViceNative.cs
 [31mM[m tests/ViceSharp.TestHarness/FlashCart/Fe3Flash040Tests.cs
 [31mM[m tests/ViceSharp.TestHarness/FlashCart/Flash040CoreTests.cs
 [31mM[m tests/ViceSharp.TestHarness/Vic20/Vic20PixelLockstep.cs
 [31mM[m tests/ViceSharp.TestHarness/Vic20/Vic20VideoLockstep.cs
[31m??[m docs/10s-lockstep-2026-08-07.log
[31m??[m docs/10s-lockstep-blankfix-2026-08-06.log
[31m??[m docs/10s-lockstep-idle-2026-08-06.log
[31m??[m docs/10s-lockstep-memptr2-2026-08-06.log
[31m??[m docs/10s-lockstep-ntsc-2026-08-07.log
[31m??[m docs/10s-lockstep-rst6-2026-08-06.log
[31m??[m docs/2s-adc-2026-08-06.log
[31m??[m docs/2s-adc2-2026-08-06.log
[31m??[m docs/2s-and-imm-2026-08-06.log
[31m??[m docs/2s-arm-bcc-2026-08-06.log
[31m??[m docs/2s-asl-2026-08-06.log
[31m??[m docs/2s-asl-bcs-2026-08-06.log
[31m??[m docs/2s-b1-beq-2026-08-06.log
[31m??[m docs/2s-b1stage-2026-08-06.log
[31m??[m docs/2s-bcc-hold-2026-08-06.log
[31m??[m docs/2s-bccsta-2026-08-06.log
[31m??[m docs/2s-bcs-stage-2026-08-06.log
[31m??[m docs/2s-beq-2026-08-06.log
[31m??[m docs/2s-beq-hold-2026-08-06.log
[31m??[m docs/2s-beqpla-2026-08-06.log
[31m??[m docs/2s-bit-2026-08-06.log
[31m??[m docs/2s-bit2-2026-08-06.log
[31m??[m docs/2s-bit3-2026-08-06.log
[31m??[m docs/2s-bit4-2026-08-06.log
[31m??[m docs/2s-bit5-2026-08-06.log
[31m??[m docs/2s-bitf-2026-08-06.log
[31m??[m docs/2s-bitf2-2026-08-06.log
[31m??[m docs/2s-bmi-chain-2026-08-06.log
[31m??[m docs/2s-bne-cmp-2026-08-06.log
[31m??[m docs/2s-bne-stage-2026-08-06.log
[31m??[m docs/2s-bnehold-2026-08-06.log
[31m??[m docs/2s-bpl3-2026-08-06.log
[31m??[m docs/2s-bpl4-2026-08-06.log
[31m??[m docs/2s-bpl6-2026-08-06.log
[31m??[m docs/2s-bpl7-2026-08-06.log
[31m??[m docs/2s-br-irq-2026-08-06.log
[31m??[m docs/2s-cmp-absx-2026-08-06.log
[31m??[m docs/2s-cmpzp-2026-08-06.log
[31m??[m docs/2s-cmpzp2-2026-08-06.log
[31m??[m docs/2s-colorram-2026-08-06.log
[31m??[m docs/2s-cpx-soft-2026-08-06.log
[31m??[m docs/2s-delay1-2026-08-06.log
[31m??[m docs/2s-delays-block-2026-08-06.log
[31m??[m docs/2s-delays-final-2026-08-06.log
[31m??[m docs/2s-delays-irq-2026-08-06.log
[31m??[m docs/2s-eor-fuse-2026-08-06.log
[31m??[m docs/2s-eor-imm-2026-08-06.log
[31m??[m docs/2s-final-2026-08-06.log
[31m??[m docs/2s-flag-only-2026-08-06.log
[31m??[m docs/2s-fuse-narrow-2026-08-06.log
[31m??[m docs/2s-hold-narrow-2026-08-06.log
[31m??[m docs/2s-holdindy-2026-08-06.log
[31m??[m docs/2s-incsticky-2026-08-06.log
[31m??[m docs/2s-indy-diag-2026-08-06.log
[31m??[m docs/2s-indy-nz-2026-08-06.log
[31m??[m docs/2s-inx-2026-08-06.log
[31m??[m docs/2s-iny-fuse-2026-08-06.log
[31m??[m docs/2s-irq-fuse-lda-2026-08-06.log
[31m??[m docs/2s-irq2-2026-08-06.log
[31m??[m docs/2s-irqb-2026-08-06.log
[31m??[m docs/2s-irqdelay0-2026-08-06.log
[31m??[m docs/2s-irqdiag-2026-08-06.log
[31m??[m docs/2s-irqfall-2026-08-06.log
[31m??[m docs/2s-irqrmw-2026-08-06.log
[31m??[m docs/2s-irqsuppress-2026-08-06.log
[31m??[m docs/2s-jmp-2026-08-06.log
[31m??[m docs/2s-jmp-after-jsr-2026-08-06.log
[31m??[m docs/2s-jmp-fuse-2026-08-06.log
[31m??[m docs/2s-jmp2-2026-08-06.log
[31m??[m docs/2s-jmp3-2026-08-06.log
[31m??[m docs/2s-jsr-irq-2026-08-06.log
[31m??[m docs/2s-jsr-jmpind-2026-08-06.log
[31m??[m docs/2s-jsr-jump-2026-08-06.log
[31m??[m docs/2s-jsr-ldy-2026-08-06.log
[31m??[m docs/2s-lda-2026-08-06.log
[31m??[m docs/2s-lda-abs-bcc-2026-08-06.log
[31m??[m docs/2s-lda-after-sec-2026-08-06.log
[31m??[m docs/2s-lda-imm-chain-2026-08-06.log
[31m??[m docs/2s-lda-indy-2026-08-06.log
[31m??[m docs/2s-lda-sbc-2026-08-06.log
[31m??[m docs/2s-lda-zp-branch-2026-08-06.log
[31m??[m docs/2s-ldax-tsx-2026-08-06.log
[31m??[m docs/2s-ldx-jmp-2026-08-06.log
[31m??[m docs/2s-ldy-fuse-2026-08-06.log
[31m??[m docs/2s-ldy-plain-2026-08-06.log
[31m??[m docs/2s-lsrx-2026-08-06.log
[31m??[m docs/2s-lsrzp-2026-08-06.log
[31m??[m docs/2s-lsrzp2-2026-08-06.log
[31m??[m docs/2s-memdiag-2026-08-06.log
[31m??[m docs/2s-nib-2026-08-06.log
[31m??[m docs/2s-ora-2026-08-06.log
[31m??[m docs/2s-pla-2026-08-06.log
[31m??[m docs/2s-pla-late-2026-08-06.log
[31m??[m docs/2s-pla2-2026-08-06.log
[31m??[m docs/2s-post-store-rts-2026-08-06.log
[31m??[m docs/2s-rola-fuse-2026-08-06.log
[31m??[m docs/2s-ror-chain-2026-08-06.log
[31m??[m docs/2s-ror-chain2-2026-08-06.log
[31m??[m docs/2s-ror-rti-2026-08-06.log
[31m??[m docs/2s-ror-zp-beq-2026-08-06.log
[31m??[m docs/2s-rora-soft-2026-08-06.log
[31m??[m docs/2s-rora-trail2-2026-08-06.log
[31m??[m docs/2s-rti-2026-08-06.log
[31m??[m docs/2s-rti2-2026-08-06.log
[31m??[m docs/2s-rts-load-2026-08-06.log
[31m??[m docs/2s-rts-store-br-2026-08-06.log
[31m??[m docs/2s-rts-trail-2026-08-06.log
[31m??[m docs/2s-rts-trail2-2026-08-06.log
[31m??[m docs/2s-rtsand-2026-08-06.log
[31m??[m docs/2s-rtsfl-2026-08-06.log
[31m??[m docs/2s-sec-2026-08-06.log
[31m??[m docs/2s-sec-bne-2026-08-06.log
[31m??[m docs/2s-shift-phase-2026-08-06.log
[31m??[m docs/2s-shift-taken-2026-08-06.log
[31m??[m docs/2s-skip-latch-2026-08-06.log
[31m??[m docs/2s-sta-bne-2026-08-06.log
[31m??[m docs/2s-sta-irq-2026-08-06.log
[31m??[m docs/2s-sta-load-2026-08-06.log
[31m??[m docs/2s-sta-trail-2026-08-06.log
[31m??[m docs/2s-stazp-2026-08-06.log
[31m??[m docs/2s-sticky-clear-2026-08-06.log
[31m??[m docs/2s-sticky2-2026-08-06.log
[31m??[m docs/2s-store-2026-08-06.log
[31m??[m docs/2s-store-hold-2026-08-06.log
[31m??[m docs/2s-store-hold2-2026-08-06.log
[31m??[m docs/2s-store-irq-2026-08-06.log
[31m??[m docs/2s-sty-trail-2026-08-06.log
[31m??[m docs/2s-tax-chain-2026-08-06.log
[31m??[m docs/2s-tay-2026-08-06.log
[31m??[m docs/2s-txa-fuse-2026-08-06.log
[31m??[m docs/2s-vbus-2026-08-06.log
[31m??[m docs/2s-vbus-2s-green-2026-08-06.log
[31m??[m docs/2s-vbus-best-2026-08-06.log
[31m??[m docs/2s-vbus-delay3-2026-08-06.log
[31m??[m docs/2s-vbus-diag-2026-08-06.log
[31m??[m docs/2s-vbus-dump-green-2026-08-06.txt
[31m??[m docs/2s-vbus-final-2026-08-06.log
[31m??[m docs/2s-vbus-final2-2026-08-06.log
[31m??[m docs/2s-vbus-noread-2026-08-06.log
[31m??[m docs/2s-vbus-openh-2026-08-06.log
[31m??[m docs/2s-vbus-order-2026-08-06.log
[31m??[m docs/2s-vbus-order2-2026-08-06.log
[31m??[m docs/2s-vbus-phase-2026-08-06.log
[31m??[m docs/2s-vbus-phase1-2026-08-06.log
[31m??[m docs/2s-vbus-vert-2026-08-06.log
[31m??[m docs/2s-vbus2-2026-08-06.log
[31m??[m docs/2s-via-cont-2026-08-06.log
[31m??[m docs/2s-via-t1-2026-08-06.log
[31m??[m docs/2s-via1iec-2026-08-06.log
[31m??[m docs/S-Blox/
[31m??[m docs/_deploy-desktop-2026-08-06.log
[31m??[m docs/_deploy-desktop-2026-08-06b.log
[31m??[m docs/_deploy-desktop-2026-08-08_015554.log
[31m??[m docs/_deploy-desktop-2026-08-08_025358.log
[31m??[m docs/_deploy-desktop-2026-08-08_032741.log
[31m??[m docs/_deploy-desktop-2026-08-08_045348.log
[31m??[m docs/_deploy-desktop-2026-08-08_045348.log.err
[31m??[m docs/_deploy-desktop-2026-08-08_045445.log
[31m??[m docs/_deploy-desktop-2026-08-08_045501.log
[31m??[m docs/_deploy-desktop-2026-08-11_162307.log
[31m??[m docs/_deploy-desktop-2026-08-11_162817b.log
[31m??[m docs/_deploy-desktop-2026-08-11_173412.log
[31m??[m docs/_deploy-last-pair.txt
[31m??[m docs/_deploy-xbox-2026-08-06.log
[31m??[m docs/_deploy-xbox-2026-08-06b.log
[31m??[m docs/_deploy-xbox-2026-08-08_015554.log
[31m??[m docs/_deploy-xbox-2026-08-08_025358.log
[31m??[m docs/_deploy-xbox-2026-08-08_032741.log
[31m??[m docs/_deploy-xbox-2026-08-08_045348.log
[31m??[m docs/_deploy-xbox-2026-08-08_045348.log.err
[31m??[m docs/_vs-ready-2026-08-08-crop.png
[31m??[m docs/_vs-ready-2026-08-08-latest.png
[31m??[m docs/_vs-ready-2026-08-08-prev-crop.png
[31m??[m docs/_vs-ready-2026-08-08-prev.png
[31m??[m docs/adc-focused-2026-08-06.log
[31m??[m docs/adc2-focused-2026-08-06.log
[31m??[m docs/asl-focused-2026-08-06.log
[31m??[m docs/bccsta-focused-2026-08-06.log
[31m??[m docs/beq-focused-2026-08-06.log
[31m??[m docs/beqpla-focused-2026-08-06.log
[31m??[m docs/bit-focused-2026-08-06.log
[31m??[m docs/bit2-focused-2026-08-06.log
[31m??[m docs/bit3-focused-2026-08-06.log
[31m??[m docs/bit4-focused-2026-08-06.log
[31m??[m docs/bit5-focused-2026-08-06.log
[31m??[m docs/bitf-focused-2026-08-06.log
[31m??[m docs/bitf2-focused-2026-08-06.log
[31m??[m docs/bnehold-focused-2026-08-06.log
[31m??[m docs/bpl-focused-2026-08-06.log
[31m??[m docs/bpl2-focused-2026-08-06.log
[31m??[m docs/bpl3-focused-2026-08-06.log
[31m??[m docs/bpl4-focused-2026-08-06.log
[31m??[m docs/bpl5-focused-2026-08-06.log
[31m??[m docs/bpl6-focused-2026-08-06.log
[31m??[m docs/bpl7-focused-2026-08-06.log
[31m??[m docs/cmpzp-focused-2026-08-06.log
[31m??[m docs/cmpzp2-focused-2026-08-06.log
[31m??[m docs/focused-b1-beq-2026-08-06.log
[31m??[m docs/focused-beq-hold-2026-08-06.log
[31m??[m docs/focused-cpx-soft-2026-08-06.log
[31m??[m docs/focused-final-2026-08-06.log
[31m??[m docs/focused-gates-final-2026-08-06.log
[31m??[m docs/focused-holdindy-2026-08-06.log
[31m??[m docs/focused-incsticky-2026-08-06.log
[31m??[m docs/focused-indy-nz-2026-08-06.log
[31m??[m docs/focused-iny-fuse-2026-08-06.log
[31m??[m docs/focused-irq-fuse-lda-2026-08-06.log
[31m??[m docs/focused-irqb-2026-08-06.log
[31m??[m docs/focused-irqfall-2026-08-06.log
[31m??[m docs/focused-irqsuppress-2026-08-06.log
[31m??[m docs/focused-jsr-irq-2026-08-06.log
[31m??[m docs/focused-jsr-irq2-2026-08-06.log
[31m??[m docs/focused-jsr-jump-2026-08-06.log
[31m??[m docs/focused-jsr-ldy-2026-08-06.log
[31m??[m docs/focused-lda-indy-2026-08-06.log
[31m??[m docs/focused-ldy-fuse-2026-08-06.log
[31m??[m docs/focused-ldy-plain-2026-08-06.log
[31m??[m docs/focused-ora-2026-08-06.log
[31m??[m docs/focused-revert-irq-2026-08-06.log
[31m??[m docs/focused-ror-chain-2026-08-06.log
[31m??[m docs/focused-ror-chain2-2026-08-06.log
[31m??[m docs/focused-ror-rti-2026-08-06.log
[31m??[m docs/focused-ror-zp-beq-2026-08-06.log
[31m??[m docs/focused-rts-nonovl-2026-08-06.log
[31m??[m docs/focused-rts-store-br-2026-08-06.log
[31m??[m docs/focused-rts-trail-eq2-2026-08-06.log
[31m??[m docs/focused-rts-trail2-2026-08-06.log
[31m??[m docs/focused-shift-phase-2026-08-06.log
[31m??[m docs/focused-sta-trail-2026-08-06.log
[31m??[m docs/focused-stazp-2026-08-06.log
[31m??[m docs/focused-store-2026-08-06.log
[31m??[m docs/focused-store-hold-2026-08-06.log
[31m??[m docs/focused-store-hold2-2026-08-06.log
[31m??[m docs/focused-sty-trail-2026-08-06.log
[31m??[m docs/focused-tax-chain-2026-08-06.log
[31m??[m docs/focused-vbus-order-2026-08-06.log
[31m??[m docs/inx-focused-2026-08-06.log
[31m??[m docs/irqrmw-focused-2026-08-06.log
[31m??[m docs/jmp-focused-2026-08-06.log
[31m??[m docs/jmp2-focused-2026-08-06.log
[31m??[m docs/jmp3-focused-2026-08-06.log
[31m??[m docs/lda-focused-2026-08-06.log
[31m??[m docs/lsrx-focused-2026-08-06.log
[31m??[m docs/lsrzp-focused-2026-08-06.log
[31m??[m docs/lsrzp2-focused-2026-08-06.log
[31m??[m docs/ntsc-t1-phase.txt
[31m??[m docs/pla-focused-2026-08-06.log
[31m??[m docs/pla-late-focused-2026-08-06.log
[31m??[m docs/pla2-focused-2026-08-06.log
[31m??[m docs/receipts-lockstep-2s-bcc-2026-08-06.log
[31m??[m docs/receipts-lockstep-2s-cmp-2026-08-06.log
[31m??[m docs/receipts-lockstep-2s-imm-2026-08-06.log
[31m??[m docs/receipts-lockstep-2s-jsr-2026-08-06.log
[31m??[m docs/receipts-lockstep-2s-ldaabs-2026-08-06.log
[31m??[m docs/receipts-lockstep-2s-ldax-2026-08-06.log
[31m??[m docs/receipts-lockstep-2s-ldx-2026-08-06.log
[31m??[m docs/receipts-lockstep-2s-ldx2-2026-08-06.log
[31m??[m docs/receipts-lockstep-2s-nop-2026-08-06.log
[31m??[m docs/receipts-lockstep-2s-nopchain-2026-08-06.log
[31m??[m docs/receipts-lockstep-2s-plp-2026-08-06.log
[31m??[m docs/receipts-lockstep-2s-plp-b-2026-08-06.log
[31m??[m docs/receipts-lockstep-2s-rts-diag-2026-08-06.log
[31m??[m docs/receipts-lockstep-2s-rts-v2-2026-08-06.log
[31m??[m docs/receipts-lockstep-2s-rts-v3-2026-08-06.log
[31m??[m docs/receipts-lockstep-2s-rts-v4-2026-08-06.log
[31m??[m docs/receipts-lockstep-2s-sty-2026-08-06.log
[31m??[m docs/receipts-lockstep-2s-zpinc-only-2026-08-06.log
[31m??[m docs/receipts-lockstep-everycycle-2s-after-rts-2026-08-06.log
[31m??[m docs/receipts-lockstep-everycycle-2s-after-zpinc-2026-08-06.log
[31m??[m docs/receipts-lockstep-everycycle-2s-attempt-2026-08-06.log
[31m??[m docs/receipts-lockstep-everycycle-after-rts-2026-08-06.log
[31m??[m docs/receipts-lockstep-everycycle-baseline-2026-08-06.log
[31m??[m docs/receipts-lockstep-everycycle-gates-2026-08-06.log
[31m??[m docs/receipts-lockstep-everycycle-zpinc-fix-2026-08-06.log
[31m??[m docs/receipts-lockstep-focused-after-rts-phase-2026-08-06.log
[31m??[m docs/receipts-lockstep-focused-bcc-2026-08-06.log
[31m??[m docs/receipts-lockstep-focused-cmp-2026-08-06.log
[31m??[m docs/receipts-lockstep-focused-imm-2026-08-06.log
[31m??[m docs/receipts-lockstep-focused-jsr-2026-08-06.log
[31m??[m docs/receipts-lockstep-focused-ldaabs-2026-08-06.log
[31m??[m docs/receipts-lockstep-focused-ldax-2026-08-06.log
[31m??[m docs/receipts-lockstep-focused-ldx-2026-08-06.log
[31m??[m docs/receipts-lockstep-focused-ldx2-2026-08-06.log
[31m??[m docs/receipts-lockstep-focused-nop-2026-08-06.log
[31m??[m docs/receipts-lockstep-focused-nopchain-2026-08-06.log
[31m??[m docs/receipts-lockstep-focused-plp-2026-08-06.log
[31m??[m docs/receipts-lockstep-focused-plp-b-2026-08-06.log
[31m??[m docs/receipts-lockstep-focused-rts-overlap-2026-08-06.log
[31m??[m docs/receipts-lockstep-focused-rts-v2-2026-08-06.log
[31m??[m docs/receipts-lockstep-focused-rts-v3-2026-08-06.log
[31m??[m docs/receipts-lockstep-focused-rts-v4-2026-08-06.log
[31m??[m docs/receipts-lockstep-focused-sty-2026-08-06.log
[31m??[m docs/receipts-lockstep-focused-zpinc-only-2026-08-06.log
[31m??[m docs/receipts/hostile-validator-20260811T203852Z.json
[31m??[m docs/receipts/hostile-validator-20260811T203852Z.md
[31m??[m docs/receipts/hostile-validator-20260811T204639Z.json
[31m??[m docs/receipts/hostile-validator-20260811T204639Z.md
[31m??[m docs/receipts/vic20-cart-sound-gate-2026-08-11.log
[31m??[m docs/receipts/vic20-exact-receipts-2026-08-11.txt
[31m??[m docs/receipts/vic20-lockstep-gate-2026-08-11.log
[31m??[m docs/receipts/vic20-phase-a-pixel-2026-08-11.txt
[31m??[m docs/receipts/vic20-phase-b-video-2026-08-11.txt
[31m??[m docs/receipts/vic20-phase-c-cart-2026-08-11.txt
[31m??[m docs/receipts/vic20-phase-d-sound-2026-08-11.txt
[31m??[m docs/receipts/vic20-phase-ef-2026-08-11.txt
[31m??[m docs/receipts/vic20-phase-g-closeout-2026-08-11.txt
[31m??[m docs/receipts/vic20-phase-g-umbrella-2026-08-11.txt
[31m??[m docs/receipts/vic20-pixel-gate-2026-08-11.log
[31m??[m docs/receipts/vic20-snapshot-gate-2026-08-11.log
[31m??[m docs/receipts/vic20-umbrella-gate-2026-08-11.log
[31m??[m docs/reviews/code-review-20260714T001056552Z.md
[31m??[m docs/reviews/code-review-20260714T004256563Z.md
[31m??[m docs/romless-vic-badline-fix.md
[31m??[m docs/rti-focused-2026-08-06.log
[31m??[m docs/rti2-focused-2026-08-06.log
[31m??[m docs/rtsand-focused-2026-08-06.log
[31m??[m docs/rtsfl-focused-2026-08-06.log
[31m??[m docs/sec-focused-2026-08-06.log
[31m??[m docs/tay-focused-2026-08-06.log
[31m??[m docs/via1-iec-focused-2026-08-06.log
[31m??[m docs/vic20-cpu-plus-video-lockstep-focused-2026-08-08.log
[31m??[m docs/vic20-present-path-fix-2026-08-08.log
[31m??[m docs/vic20-ready-paper-fix-2026-08-08.log
[31m??[m docs/vic20-video-lockstep-2026-08-08.log
[31m??[m docs/vic20-video-lockstep-2k-2026-08-08.log
[31m??[m docs/xvic-err.txt
[31m??[m docs/xvic-err2.txt
[31m??[m docs/xvic-out.txt
[31m??[m docs/xvic-out2.txt
[31m??[m docs/xvic-ready-nofilter-2026-08-08.png
[31m??[m docs/xvic-ready-pal-2026-08-08.png
[31m??[m docs/xvic-ready-pal-2026-08-08b.png
[31m??[m docs/xvic-ready-user-2026-08-08.png
[31m??[m docs/xvic-shot.ini
[31m??[m manifests/
[31m??[m src/ViceSharp.Chips/Vic/Vic20Sound.cs
[31m??[m src/ViceSharp.Chips/Vic/Vic20SoundVoltage.cs
[31m??[m tests/ViceSharp.TestHarness/FlashCart/Flash040EraseLatencyTests.cs
[31m??[m tests/ViceSharp.TestHarness/Vic20/MegaCartParityTests.cs
[31m??[m tests/ViceSharp.TestHarness/Vic20/UltimemParityTests.cs
[31m??[m tests/ViceSharp.TestHarness/Vic20/Vic20CartInventoryTests.cs
[31m??[m tests/ViceSharp.TestHarness/Vic20/Vic20LockstepIsolationTests.cs
[31m??[m tests/ViceSharp.TestHarness/Vic20/Vic20NativeAudioExportTests.cs
[31m??[m tests/ViceSharp.TestHarness/Vic20/Vic20PixelLockstepDiag.cs
[31m??[m tests/ViceSharp.TestHarness/Vic20/Vic20SnapshotRoundTripTests.cs
[31m??[m tests/ViceSharp.TestHarness/Vic20/Vic20SoundLockstep.cs
[31m??[m tests/ViceSharp.TestHarness/Vic20/Vic20WorkloadLockstep.cs
