  Determining projects to restore...
  All projects are up-to-date for restore.
  ViceSharp.Protocol -> F:\GitHub\vice-sharp\src\ViceSharp.Protocol\bin\Release\net10.0\ViceSharp.Protocol.dll
  ViceSharp.Abstractions -> F:\GitHub\vice-sharp\src\ViceSharp.Abstractions\bin\Release\net10.0\ViceSharp.Abstractions.dll
  ViceSharp.Library.ViewModels -> F:\GitHub\vice-sharp\src\ViceSharp.Library.ViewModels\bin\Release\net10.0\ViceSharp.Library.ViewModels.dll
  ViceSharp.RomM -> F:\GitHub\vice-sharp\src\ViceSharp.RomM\bin\Release\net10.0\ViceSharp.RomM.dll
  ViceSharp.RomFetch -> F:\GitHub\vice-sharp\src\ViceSharp.RomFetch\bin\Release\net10.0\ViceSharp.RomFetch.dll
  ViceSharp.Xbox.Input -> F:\GitHub\vice-sharp\src\ViceSharp.Xbox.Input\bin\Release\net10.0\ViceSharp.Xbox.Input.dll
  ViceSharp.Chips -> F:\GitHub\vice-sharp\src\ViceSharp.Chips\bin\Release\net10.0\ViceSharp.Chips.dll
  ViceSharp.Xbox.ViewModels -> F:\GitHub\vice-sharp\src\ViceSharp.Xbox.ViewModels\bin\Release\net10.0\ViceSharp.Xbox.ViewModels.dll
  ViceSharp.Core -> F:\GitHub\vice-sharp\src\ViceSharp.Core\bin\Release\net10.0\ViceSharp.Core.dll
  ViceSharp.Monitor -> F:\GitHub\vice-sharp\src\ViceSharp.Monitor\bin\Release\net10.0\ViceSharp.Monitor.dll
  ViceSharp.Architectures -> F:\GitHub\vice-sharp\src\ViceSharp.Architectures\bin\Release\net10.0\ViceSharp.Architectures.dll
  ViceSharp.Launcher -> F:\GitHub\vice-sharp\src\ViceSharp.Launcher\bin\Release\net10.0\ViceSharp.Launcher.dll
  ViceSharp.Benchmarks -> F:\GitHub\vice-sharp\tests\ViceSharp.Benchmarks\bin\Release\net10.0\ViceSharp.Benchmarks.dll
  ViceSharp.Host.InProcess -> F:\GitHub\vice-sharp\src\ViceSharp.Host.InProcess\bin\Release\net10.0\ViceSharp.Host.InProcess.dll
  ViceSharp.AdhocHelper -> F:\GitHub\vice-sharp\src\ViceSharp.AdhocHelper\bin\Release\net10.0\ViceSharp.AdhocHelper.dll
  ViceSharp.Console -> F:\GitHub\vice-sharp\src\ViceSharp.Console\bin\Release\net10.0\ViceSharp.Console.dll
  ViceSharp.Xbox -> F:\GitHub\vice-sharp\src\ViceSharp.Xbox\bin\Release\net10.0\ViceSharp.Xbox.dll
  ViceSharp.Host -> F:\GitHub\vice-sharp\src\ViceSharp.Host\bin\Release\net10.0\ViceSharp.Host.dll
  ViceSharp.Avalonia -> F:\GitHub\vice-sharp\src\ViceSharp.Avalonia\bin\Release\net10.0\ViceSharp.Avalonia.dll
  ViceSharp.Host.MacOS -> F:\GitHub\vice-sharp\src\ViceSharp.Host.MacOS\bin\Release\net10.0\ViceSharp.Host.MacOS.dll
  ViceSharp.TestHarness -> F:\GitHub\vice-sharp\tests\ViceSharp.TestHarness\bin\Release\net10.0\ViceSharp.TestHarness.dll
Test run for F:\GitHub\vice-sharp\tests\ViceSharp.TestHarness\bin\Release\net10.0\ViceSharp.TestHarness.dll (.NETCoreApp,Version=v10.0)
A total of 1 test files matched the specified pattern.

Passed!  - Failed:     0, Passed:     1, Skipped:     0, Total:     1, Duration: 2 s - ViceSharp.TestHarness.dll (net10.0)
FOCUSED_EXIT=0
Test run for F:\GitHub\vice-sharp\tests\ViceSharp.TestHarness\bin\Release\net10.0\ViceSharp.TestHarness.dll (.NETCoreApp,Version=v10.0)
A total of 1 test files matched the specified pattern.
[xUnit.net 00:00:03.97]     ViceSharp.TestHarness.Vic20.Vic20DivergeProbe.EveryCycle_CpuRegs_Match_TwoSecondPal [FAIL]
  Failed ViceSharp.TestHarness.Vic20.Vic20DivergeProbe.EveryCycle_CpuRegs_Match_TwoSecondPal [2 s]
  Error Message:
   DIV first=519327 matchedCycles=519326 budget=2216810
c=519316 nPC=$EABE mPC=$EABE nA=$97 mA=$97 nX=$16 mX=$16 nY=$15 mY=$15 nS=$EC mS=$EC nP=$B1 mP=$B1 dbgCyc=0 op=$85 trail=1 nonOvlR=False nonOvlF=False dly=False stg=False mis=False
c=519317 nPC=$EABE mPC=$EABE nA=$97 mA=$97 nX=$16 mX=$16 nY=$15 mY=$15 nS=$EC mS=$EC nP=$B1 mP=$B1 dbgCyc=5 op=$60 trail=1 nonOvlR=False nonOvlF=False dly=False stg=False mis=False
c=519318 nPC=$EABE mPC=$EABE nA=$97 mA=$97 nX=$16 mX=$16 nY=$15 mY=$15 nS=$EC mS=$EC nP=$B1 mP=$B1 dbgCyc=4 op=$60 trail=1 nonOvlR=False nonOvlF=False dly=False stg=False mis=False
c=519319 nPC=$EABE mPC=$EABE nA=$97 mA=$97 nX=$16 mX=$16 nY=$15 mY=$15 nS=$EC mS=$EC nP=$B1 mP=$B1 dbgCyc=3 op=$60 trail=1 nonOvlR=False nonOvlF=False dly=False stg=False mis=False
c=519320 nPC=$EABE mPC=$EABE nA=$97 mA=$97 nX=$16 mX=$16 nY=$15 mY=$15 nS=$ED mS=$ED nP=$B1 mP=$B1 dbgCyc=2 op=$60 trail=1 nonOvlR=False nonOvlF=False dly=False stg=False mis=False
c=519321 nPC=$EABE mPC=$EABE nA=$97 mA=$97 nX=$16 mX=$16 nY=$15 mY=$15 nS=$EE mS=$EE nP=$B1 mP=$B1 dbgCyc=1 op=$60 trail=1 nonOvlR=False nonOvlF=False dly=False stg=False mis=False
c=519322 nPC=$EABE mPC=$EABE nA=$97 mA=$97 nX=$16 mX=$16 nY=$15 mY=$15 nS=$EE mS=$EE nP=$B1 mP=$B1 dbgCyc=0 op=$60 trail=1 nonOvlR=False nonOvlF=False dly=True stg=False mis=False
c=519323 nPC=$EA95 mPC=$EA95 nA=$97 mA=$97 nX=$16 mX=$16 nY=$15 mY=$15 nS=$EE mS=$EE nP=$B1 mP=$B1 dbgCyc=0 op=$60 trail=1 nonOvlR=False nonOvlF=False dly=False stg=False mis=False
c=519324 nPC=$EA95 mPC=$EA95 nA=$97 mA=$97 nX=$16 mX=$16 nY=$15 mY=$15 nS=$EE mS=$EE nP=$B1 mP=$B1 dbgCyc=1 op=$A9 trail=1 nonOvlR=False nonOvlF=False dly=False stg=False mis=False
c=519325 nPC=$EA97 mPC=$EA97 nA=$20 mA=$20 nX=$16 mX=$16 nY=$15 mY=$15 nS=$EE mS=$EE nP=$31 mP=$31 dbgCyc=0 op=$A9 trail=1 nonOvlR=False nonOvlF=False dly=False stg=False mis=False
c=519326 nPC=$EA97 mPC=$EA97 nA=$20 mA=$20 nX=$16 mX=$16 nY=$15 mY=$15 nS=$EE mS=$EE nP=$31 mP=$31 dbgCyc=5 op=$91 trail=1 nonOvlR=False nonOvlF=False dly=False stg=False mis=False
c=519327 nPC=$EA99 mPC=$EA97 nA=$20 mA=$20 nX=$16 mX=$16 nY=$15 mY=$15 nS=$EE mS=$EE nP=$31 mP=$31 dbgCyc=4 op=$91 trail=1 nonOvlR=False nonOvlF=False dly=False stg=False mis=True
bus: m$C1=$00 m$C2=$20 n$C1=$00 n$C2=$20 m$C3=$6D m$C4=$FD n$C3=$6D n$C4=$FD m$0314=$BF n$0314=$BF

  Stack Trace:
     at ViceSharp.TestHarness.Vic20.Vic20DivergeProbe.RunEveryCycle(Int32 budget) in F:\GitHub\vice-sharp\tests\ViceSharp.TestHarness\Vic20\Vic20DivergeProbe.cs:line 104
   at ViceSharp.TestHarness.Vic20.Vic20DivergeProbe.EveryCycle_CpuRegs_Match_TwoSecondPal() in F:\GitHub\vice-sharp\tests\ViceSharp.TestHarness\Vic20\Vic20DivergeProbe.cs:line 47
   at System.Reflection.MethodBaseInvoker.InterpretedInvoke_Method(Object obj, IntPtr* args)
   at System.Reflection.MethodBaseInvoker.InvokeWithNoArgs(Object obj, BindingFlags invokeAttr)

Failed!  - Failed:     1, Passed:     0, Skipped:     0, Total:     1, Duration: 2 s - ViceSharp.TestHarness.dll (net10.0)
TWOSEC_EXIT=1

C:\Users\kingd\AppData\Local\Temp\grok-goal-7d45b1115e21\implementer\2s-ora-2026-08-06.log:6:   DIV first=519327 
matchedCycles=519326 budget=2216810
C:\Users\kingd\AppData\Local\Temp\grok-goal-7d45b1115e21\implementer\2s-ora-2026-08-06.log:27:Failed!  - Failed:     
1, Passed:     0, Skipped:     0, Total:     1, Duration: 2 s - ViceSharp.TestHarness.dll (net10.0)

