
Name
----
019fd0df-383d-7fc0-9f0a-69785afd78ed
019fd2e6-b6a4-70f1-9aa3-19a86a7c29a1
019fd2f3-5355-72f1-9385-5e81142eab4f
019fd301-a415-7b82-92e5-d39ea24e54ef
019fd30b-6f4e-7c02-b045-73823402d9fb
019fd30d-ae4c-7373-a9d6-f146eb504b35
019fd30d-ae4c-7373-a9d6-f15fd4e2d801
019fd30f-e64f-7cf1-89ee-cf579620f9bd
019fd336-74ea-7913-8042-400cc918967f
019fd354-fbdc-7c90-84b4-8d3fdff9af88
019fd376-832c-7360-a2ed-9d8d0b6755d5
019fd382-c9c6-77d3-8925-01f48f78eac7
019fd385-2bf9-7362-9bbe-c0f8461e5f41
019fd385-2bf9-7362-9bbe-c1091d7ff6a7
019fd388-753d-7440-980c-adf96dc43a0f
019fd573-1668-7042-bc0e-1ae7b92360c8
019fd58f-b6d9-7d51-b633-38d7116bfd03
019fd680-e4b0-7ec2-b2e3-383ee25e09bd
019fd682-9a3d-70a2-843f-561591a32ef4
019fd682-9a3d-70a2-843f-562d9649029d
bin
bundled
completions
docs
downloads
hooks
installed-plugins
logs
marketplace-cache
memtrace
relocations
sessions
skills
upload_queue
vendor
worktrees
.config-init.lock
.metadata_version
.nomedia
active_sessions.json
active_sessions.lock
agent_id
auth.json
auth.json.lock
campaigns_state.json
campaigns_state.json.lock
CHANGELOG.json
CHANGELOG.md
config.toml
last-copy.txt
managed_config.lock
models_cache.json
README.md
settings.json
slash-mru.json
tip_cursor.json
trusted_folders.toml
trusted_folders.toml.lock
user-settings.json
version.json
worktrees.db

