​
███╗   ██╗██╗   ██╗██╗  ██╗███████╗
████╗  ██║██║   ██║██║ ██╔╝██╔════╝
██╔██╗ ██║██║   ██║█████╔╝ █████╗  
██║╚██╗██║██║   ██║██╔═██╗ ██╔══╝  
██║ ╚████║╚██████╔╝██║  ██╗███████╗
╚═╝  ╚═══╝ ╚═════╝ ╚═╝  ╚═╝╚══════╝
​
NUKE Execution Engine version 10.1.0 (Windows,.NETCoreApp,Version=v10.0)
​
​
╬════════════════════
║ DeployXboxLocal
╬═══════════
​
05:54:37 [INF] > C:\Windows\System32\WindowsPowerShell\v1.0\powershell.exe -NoProfile -NonInteractive -Command ""Stop-Process -Name 'ViceSharp.Xbox' -Force -ErrorAction SilentlyContinue""
05:54:37 [INF] > "C:\Program Files (x86)\Microsoft Visual Studio\Installer\vswhere.exe" -latest -requires Microsoft.Component.MSBuild -find MSBuild\**\Bin\MSBuild.exe
05:54:38 [INF] > "C:\Program Files\Microsoft Visual Studio\18\Community\MSBuild\Current\Bin\MSBuild.exe" "F:\GitHub\vice-sharp\src\ViceSharp.Xbox\ViceSharp.Xbox.csproj" /p:Configuration=Release-UWP /p:Platform=x64 /restore /t:Build,GenerateProjectPriFile /v:m /nologo
05:54:38 [DBG] 
05:54:38 [DBG]   Determining projects to restore...
05:54:40 [DBG]   Restored F:\GitHub\vice-sharp\src\ViceSharp.Xbox\ViceSharp.Xbox.csproj (in 547 ms).
05:54:40 [DBG]   12 of 13 projects are up-to-date for restore.
05:54:41 [DBG]   ViceSharp.Abstractions -> F:\GitHub\vice-sharp\src\ViceSharp.Abstractions\bin\x64\Release-UWP\net10.0\ViceSharp.Abstractions.dll
05:54:44 [DBG]   ViceSharp.Chips -> F:\GitHub\vice-sharp\src\ViceSharp.Chips\bin\x64\Release-UWP\net10.0\ViceSharp.Chips.dll
05:54:44 [DBG]   ViceSharp.RomFetch -> F:\GitHub\vice-sharp\src\ViceSharp.RomFetch\bin\x64\Release-UWP\net10.0\ViceSharp.RomFetch.dll
05:54:45 [DBG]   ViceSharp.Core -> F:\GitHub\vice-sharp\src\ViceSharp.Core\bin\x64\Release-UWP\net10.0\ViceSharp.Core.dll
05:54:46 [DBG]   ViceSharp.Architectures -> F:\GitHub\vice-sharp\src\ViceSharp.Architectures\bin\x64\Release-UWP\net10.0\ViceSharp.Architectures.dll
05:54:46 [DBG]   ViceSharp.Monitor -> F:\GitHub\vice-sharp\src\ViceSharp.Monitor\bin\x64\Release-UWP\net10.0\ViceSharp.Monitor.dll
05:54:46 [DBG]   ViceSharp.Protocol -> F:\GitHub\vice-sharp\src\ViceSharp.Protocol\bin\x64\Release-UWP\net10.0\ViceSharp.Protocol.dll
05:54:46 [DBG]   ViceSharp.Host.InProcess -> F:\GitHub\vice-sharp\src\ViceSharp.Host.InProcess\bin\x64\Release-UWP\net10.0\ViceSharp.Host.InProcess.dll
05:54:47 [DBG]   ViceSharp.Xbox.Input -> F:\GitHub\vice-sharp\src\ViceSharp.Xbox.Input\bin\x64\Release-UWP\net10.0\ViceSharp.Xbox.Input.dll
05:54:47 [DBG]   ViceSharp.Xbox.ViewModels -> F:\GitHub\vice-sharp\src\ViceSharp.Xbox.ViewModels\bin\x64\Release-UWP\net10.0\ViceSharp.Xbox.ViewModels.dll
05:54:47 [DBG]   ViceSharp.Library.ViewModels -> F:\GitHub\vice-sharp\src\ViceSharp.Library.ViewModels\bin\x64\Release-UWP\net10.0\ViceSharp.Library.ViewModels.dll
05:54:47 [DBG]   ViceSharp.RomM -> F:\GitHub\vice-sharp\src\ViceSharp.RomM\bin\x64\Release-UWP\net10.0\ViceSharp.RomM.dll
05:54:59 [DBG] F:\GitHub\vice-sharp\src\ViceSharp.Xbox\Views\AboutPage.xaml(15,28): XamlCompiler warning WMC1506: OneWay bindings require at least one of their steps to support raising notifications when their value changes [F:\GitHub\vice-sharp\src\ViceSharp.Xbox\ViceSharp.Xbox.csproj]
05:54:59 [DBG] F:\GitHub\vice-sharp\src\ViceSharp.Xbox\Views\AboutPage.xaml(16,28): XamlCompiler warning WMC1506: OneWay bindings require at least one of their steps to support raising notifications when their value changes [F:\GitHub\vice-sharp\src\ViceSharp.Xbox\ViceSharp.Xbox.csproj]
05:54:59 [DBG] F:\GitHub\vice-sharp\src\ViceSharp.Xbox\Views\AboutPage.xaml(17,28): XamlCompiler warning WMC1506: OneWay bindings require at least one of their steps to support raising notifications when their value changes [F:\GitHub\vice-sharp\src\ViceSharp.Xbox\ViceSharp.Xbox.csproj]
05:54:59 [DBG] F:\GitHub\vice-sharp\src\ViceSharp.Xbox\Views\AboutPage.xaml(18,28): XamlCompiler warning WMC1506: OneWay bindings require at least one of their steps to support raising notifications when their value changes [F:\GitHub\vice-sharp\src\ViceSharp.Xbox\ViceSharp.Xbox.csproj]
05:54:59 [DBG] F:\GitHub\vice-sharp\src\ViceSharp.Xbox\Views\AboutPage.xaml(19,28): XamlCompiler warning WMC1506: OneWay bindings require at least one of their steps to support raising notifications when their value changes [F:\GitHub\vice-sharp\src\ViceSharp.Xbox\ViceSharp.Xbox.csproj]
05:54:59 [DBG] F:\GitHub\vice-sharp\src\ViceSharp.Xbox\Views\AboutPage.xaml(20,28): XamlCompiler warning WMC1506: OneWay bindings require at least one of their steps to support raising notifications when their value changes [F:\GitHub\vice-sharp\src\ViceSharp.Xbox\ViceSharp.Xbox.csproj]
05:54:59 [DBG] F:\GitHub\vice-sharp\src\ViceSharp.Xbox\Views\HomePage.xaml(33,21): XamlCompiler warning WMC1506: OneWay bindings require at least one of their steps to support raising notifications when their value changes [F:\GitHub\vice-sharp\src\ViceSharp.Xbox\ViceSharp.Xbox.csproj]
05:55:01 [DBG]   ViceSharp.Xbox -> F:\GitHub\vice-sharp\src\ViceSharp.Xbox\bin\x64\Release-UWP\net10.0-windows10.0.26100.0\win-x64\ViceSharp.Xbox.dll
05:55:01 [INF] > C:\Windows\System32\WindowsPowerShell\v1.0\powershell.exe -NoProfile -NonInteractive -Command ""(Get-AppxPackage -Name 'sharpninja.ViceSharp.Xbox').InstallLocation""
05:55:02 [INF] > C:\Windows\System32\Robocopy.exe "F:\GitHub\vice-sharp\src\ViceSharp.Xbox\bin\x64\Release-UWP\net10.0-windows10.0.26100.0\win-x64" "C:\Users\kingd\AppData\Local\ViceSharp.Xbox.AppXLayout" /S /XF AppxManifest.xml /XD AppX /NJH /NJS /NDL /NFL /NP
05:55:02 [DBG] 
05:55:02 [INF] Deployed Release-UWP build into the registered layout: C:\Users\kingd\AppData\Local\ViceSharp.Xbox.AppXLayout
05:55:03 [INF] > C:\Windows\System32\WindowsPowerShell\v1.0\powershell.exe -NoProfile -NonInteractive -Command ""(Get-AppxPackage -Name 'sharpninja.ViceSharp.Xbox').PackageFamilyName""
05:55:03 [INF] > C:\Windows\System32\WindowsPowerShell\v1.0\powershell.exe -NoProfile -NonInteractive -Command ""Start-Process 'shell:AppsFolder\sharpninja.ViceSharp.Xbox_wbxy578d68v3y!App'""
05:55:04 [INF] Launched sharpninja.ViceSharp.Xbox_wbxy578d68v3y. Log: %LOCALAPPDATA%\Packages\sharpninja.ViceSharp.Xbox_wbxy578d68v3y\LocalState\vicesharp.log
​
═══════════════════════════════════════
Target             Status      Duration
───────────────────────────────────────
DeployXboxLocal    Succeeded       0:26
───────────────────────────────────────
Total                              0:26
═══════════════════════════════════════
​
Build succeeded on 8/5/2026 5:55:04 AM. ＼（＾ᴗ＾）／
EXIT: 0
