   at ViceSharp.TestHarness.Vic20.Vic20DivergeProbe.EveryCycle_CpuRegs_Match_TwoSecondPal() in F:\GitHub\vice-sharp\tests\ViceSharp.TestHarness\Vic20\Vic20DivergeProbe.cs:line 48
   at System.Reflection.MethodBaseInvoker.InterpretedInvoke_Method(Object obj, IntPtr* args)
   at System.Reflection.MethodBaseInvoker.InvokeWithNoArgs(Object obj, BindingFlags invokeAttr)

Failed!  - Failed:     1, Passed:     1, Skipped:     0, Total:     2, Duration: 3 s - ViceSharp.TestHarness.dll (net10.0)

[xUnit.net 00:00:04.34]     ViceSharp.TestHarness.Vic20.Vic20DivergeProbe.EveryCycle_CpuRegs_Match_TwoSecondPal [FAIL]
  Failed ViceSharp.TestHarness.Vic20.Vic20DivergeProbe.EveryCycle_CpuRegs_Match_TwoSecondPal [2 s]
   DIV first=577850 matchedCycles=577849 budget=2216810
c=577839 nPC=$EABE mPC=$EABE nA=$96 mA=$96 nX=$00 mX=$00 nY=$00 mY=$00 nS=$EB mS=$EB nP=$A4 mP=$A4 dbgCyc=0 op=$85 
trail=1 nonOvlR=False nonOvlF=False dly=False stg=False irq=0 mis=False
c=577840 nPC=$EABE mPC=$EABE nA=$96 mA=$96 nX=$00 mX=$00 nY=$00 mY=$00 nS=$EB mS=$EB nP=$A4 mP=$A4 dbgCyc=5 op=$60 
trail=1 nonOvlR=False nonOvlF=False dly=False stg=False irq=0 mis=False
c=577841 nPC=$EABE mPC=$EABE nA=$96 mA=$96 nX=$00 mX=$00 nY=$00 mY=$00 nS=$EB mS=$EB nP=$A4 mP=$A4 dbgCyc=4 op=$60 
trail=1 nonOvlR=False nonOvlF=False dly=False stg=False irq=0 mis=False
c=577842 nPC=$EABE mPC=$EABE nA=$96 mA=$96 nX=$00 mX=$00 nY=$00 mY=$00 nS=$EB mS=$EB nP=$A4 mP=$A4 dbgCyc=3 op=$60 
trail=1 nonOvlR=False nonOvlF=False dly=False stg=False irq=0 mis=False
c=577843 nPC=$EABE mPC=$EABE nA=$96 mA=$96 nX=$00 mX=$00 nY=$00 mY=$00 nS=$EC mS=$EC nP=$A4 mP=$A4 dbgCyc=2 op=$60 
trail=1 nonOvlR=False nonOvlF=False dly=False stg=False irq=0 mis=False
c=577844 nPC=$EABE mPC=$EABE nA=$96 mA=$96 nX=$00 mX=$00 nY=$00 mY=$00 nS=$ED mS=$ED nP=$A4 mP=$A4 dbgCyc=1 op=$60 
trail=1 nonOvlR=False nonOvlF=False dly=False stg=False irq=0 mis=False
c=577845 nPC=$EABE mPC=$EABE nA=$96 mA=$96 nX=$00 mX=$00 nY=$00 mY=$00 nS=$ED mS=$ED nP=$A4 mP=$A4 dbgCyc=0 op=$60 
trail=1 nonOvlR=False nonOvlF=False dly=True stg=False irq=0 mis=False
c=577846 nPC=$EAE0 mPC=$EAE0 nA=$96 mA=$96 nX=$00 mX=$00 nY=$00 mY=$00 nS=$ED mS=$ED nP=$A4 mP=$A4 dbgCyc=0 op=$60 
trail=1 nonOvlR=False nonOvlF=False dly=False stg=False irq=0 mis=False
c=577847 nPC=$EAE0 mPC=$EAE0 nA=$96 mA=$96 nX=$00 mX=$00 nY=$00 mY=$00 nS=$ED mS=$ED nP=$A4 mP=$A4 dbgCyc=4 op=$B1 
trail=1 nonOvlR=False nonOvlF=False dly=False stg=False irq=0 mis=False
c=577848 nPC=$EAE0 mPC=$EAE0 nA=$96 mA=$96 nX=$00 mX=$00 nY=$00 mY=$00 nS=$ED mS=$ED nP=$A4 mP=$A4 dbgCyc=3 op=$B1 
trail=1 nonOvlR=False nonOvlF=False dly=False stg=False irq=0 mis=False
c=577849 nPC=$EAE0 mPC=$EAE0 nA=$96 mA=$96 nX=$00 mX=$00 nY=$00 mY=$00 nS=$ED mS=$ED nP=$A4 mP=$A4 dbgCyc=2 op=$B1 
trail=1 nonOvlR=False nonOvlF=False dly=False stg=False irq=0 mis=False
c=577850 nPC=$EAE0 mPC=$EAE0 nA=$91 mA=$01 nX=$00 mX=$00 nY=$00 mY=$00 nS=$ED mS=$ED nP=$A4 mP=$A4 dbgCyc=1 op=$B1 
trail=1 nonOvlR=False nonOvlF=False dly=False stg=True irq=0 mis=True
indy: zp=$F3 mPtr=$966E nPtr=$966E mEff=$966E=$01 nEff=$966E=$91 mVBus=$01 mRast=26 mCycLine=52 mFetch=3 mBuf=18 
n$9000=$0C m$9000=$0C n$9001=$26 m$9001=$26 n$9002=$96 m$9002=$96 n$9003=$2E n$9004=$0D m$9003=$2E m$9004=$0D
     at ViceSharp.TestHarness.Vic20.Vic20DivergeProbe.RunEveryCycle(Int32 budget) in 
F:\GitHub\vice-sharp\tests\ViceSharp.TestHarness\Vic20\Vic20DivergeProbe.cs:line 157
   at ViceSharp.TestHarness.Vic20.Vic20DivergeProbe.EveryCycle_CpuRegs_Match_TwoSecondPal() in 
F:\GitHub\vice-sharp\tests\ViceSharp.TestHarness\Vic20\Vic20DivergeProbe.cs:line 48
Failed!  - Failed:     1, Passed:     0, Skipped:     0, Total:     1, Duration: 2 s - ViceSharp.TestHarness.dll 
(net10.0)

