Test run for F:\GitHub\vice-sharp\tests\ViceSharp.TestHarness\bin\Release\net10.0\ViceSharp.TestHarness.dll (.NETCoreApp,Version=v10.0)
A total of 1 test files matched the specified pattern.
[xUnit.net 00:00:04.54]     ViceSharp.TestHarness.Vic20.Vic20DivergeProbe.EveryCycle_CpuRegs_Match_TwoSecondPal [FAIL]
  Failed ViceSharp.TestHarness.Vic20.Vic20DivergeProbe.EveryCycle_CpuRegs_Match_TwoSecondPal [2 s]
  Error Message:
   DIV first=577850 matchedCycles=577849 budget=2216810
c=577839 nPC=$EABE mPC=$EABE nA=$96 mA=$96 nX=$00 mX=$00 nY=$00 mY=$00 nS=$EB mS=$EB nP=$A4 mP=$A4 dbgCyc=0 op=$85 trail=1 nonOvlR=False nonOvlF=False dly=False stg=False irq=0 mis=False
c=577840 nPC=$EABE mPC=$EABE nA=$96 mA=$96 nX=$00 mX=$00 nY=$00 mY=$00 nS=$EB mS=$EB nP=$A4 mP=$A4 dbgCyc=5 op=$60 trail=1 nonOvlR=False nonOvlF=False dly=False stg=False irq=0 mis=False
c=577841 nPC=$EABE mPC=$EABE nA=$96 mA=$96 nX=$00 mX=$00 nY=$00 mY=$00 nS=$EB mS=$EB nP=$A4 mP=$A4 dbgCyc=4 op=$60 trail=1 nonOvlR=False nonOvlF=False dly=False stg=False irq=0 mis=False
c=577842 nPC=$EABE mPC=$EABE nA=$96 mA=$96 nX=$00 mX=$00 nY=$00 mY=$00 nS=$EB mS=$EB nP=$A4 mP=$A4 dbgCyc=3 op=$60 trail=1 nonOvlR=False nonOvlF=False dly=False stg=False irq=0 mis=False
c=577843 nPC=$EABE mPC=$EABE nA=$96 mA=$96 nX=$00 mX=$00 nY=$00 mY=$00 nS=$EC mS=$EC nP=$A4 mP=$A4 dbgCyc=2 op=$60 trail=1 nonOvlR=False nonOvlF=False dly=False stg=False irq=0 mis=False
c=577844 nPC=$EABE mPC=$EABE nA=$96 mA=$96 nX=$00 mX=$00 nY=$00 mY=$00 nS=$ED mS=$ED nP=$A4 mP=$A4 dbgCyc=1 op=$60 trail=1 nonOvlR=False nonOvlF=False dly=False stg=False irq=0 mis=False
c=577845 nPC=$EABE mPC=$EABE nA=$96 mA=$96 nX=$00 mX=$00 nY=$00 mY=$00 nS=$ED mS=$ED nP=$A4 mP=$A4 dbgCyc=0 op=$60 trail=1 nonOvlR=False nonOvlF=False dly=True stg=False irq=0 mis=False
c=577846 nPC=$EAE0 mPC=$EAE0 nA=$96 mA=$96 nX=$00 mX=$00 nY=$00 mY=$00 nS=$ED mS=$ED nP=$A4 mP=$A4 dbgCyc=0 op=$60 trail=1 nonOvlR=False nonOvlF=False dly=False stg=False irq=0 mis=False
c=577847 nPC=$EAE0 mPC=$EAE0 nA=$96 mA=$96 nX=$00 mX=$00 nY=$00 mY=$00 nS=$ED mS=$ED nP=$A4 mP=$A4 dbgCyc=4 op=$B1 trail=1 nonOvlR=False nonOvlF=False dly=False stg=False irq=0 mis=False
c=577848 nPC=$EAE0 mPC=$EAE0 nA=$96 mA=$96 nX=$00 mX=$00 nY=$00 mY=$00 nS=$ED mS=$ED nP=$A4 mP=$A4 dbgCyc=3 op=$B1 trail=1 nonOvlR=False nonOvlF=False dly=False stg=False irq=0 mis=False
c=577849 nPC=$EAE0 mPC=$EAE0 nA=$96 mA=$96 nX=$00 mX=$00 nY=$00 mY=$00 nS=$ED mS=$ED nP=$A4 mP=$A4 dbgCyc=2 op=$B1 trail=1 nonOvlR=False nonOvlF=False dly=False stg=False irq=0 mis=False
c=577850 nPC=$EAE0 mPC=$EAE0 nA=$91 mA=$01 nX=$00 mX=$00 nY=$00 mY=$00 nS=$ED mS=$ED nP=$A4 mP=$A4 dbgCyc=1 op=$B1 trail=1 nonOvlR=False nonOvlF=False dly=False stg=True irq=0 mis=True
bus: m$C1=$00 m$C2=$20 n$C1=$00 n$C2=$20 m$C3=$6D m$C4=$FD n$C3=$6D n$C4=$FD m$0314=$BF n$0314=$BF
irqdiag: nLastOp=0xB1 nDelays=False nPend=0x2 nIrqClk=577682 nClk=577856 mDelays=False mBound=False mIrqSeq=0

  Stack Trace:
     at ViceSharp.TestHarness.Vic20.Vic20DivergeProbe.RunEveryCycle(Int32 budget) in F:\GitHub\vice-sharp\tests\ViceSharp.TestHarness\Vic20\Vic20DivergeProbe.cs:line 132
   at ViceSharp.TestHarness.Vic20.Vic20DivergeProbe.EveryCycle_CpuRegs_Match_TwoSecondPal() in F:\GitHub\vice-sharp\tests\ViceSharp.TestHarness\Vic20\Vic20DivergeProbe.cs:line 47
   at System.Reflection.MethodBaseInvoker.InterpretedInvoke_Method(Object obj, IntPtr* args)
   at System.Reflection.MethodBaseInvoker.InvokeWithNoArgs(Object obj, BindingFlags invokeAttr)

Failed!  - Failed:     1, Passed:     0, Skipped:     0, Total:     1, Duration: 2 s - ViceSharp.TestHarness.dll (net10.0)
EXIT=1
