
---TOP---
---WIKI---
Name
----
announcements
maintenance
plans
Project
receipts
requirements
reviews
S-Blox
samples
schemas
session-logs
wireframes
xbox
audit-vic20-vs-vice-2026-08-07.md
receipts-vic20-ntsc-apply-stackoverflow-2026-08-07.md
receipts-vic20-video-40x40-2026-08-07.md
receipts-vic20-ram-all-stackoverflow-2026-08-06.md
Iteration-Roadmap.md
README.md
PRIVACY.md
xbox-store-publishing.md
romless-vic-badline-fix.md
receipts-viceparity-closure-2026-07-10.md
receipts-viceparity-s13-2026-07-10.md
receipts-viceparity-s12-2026-07-10.md
receipts-viceparity-s11b-2026-07-10.md
receipts-nativeresidue-002-2026-07-09.md
plan.md
ROL.md
Iteration-00-Foundations.md
StateWindow.md
PubSub.md
Decoupling.md
audit-vicii-vs-vice-2026-07-06.md
Public-API.md
Architecture.md
VICE-MIGRATION.md
USER-GUIDE.md
AI-Review.md
ROMs.md
receipts-test-baseline-2026-07-07.md
receipts-s9-filter-bitexact.md
True
7219


