
FullName                                                                Length
--------                                                                ------
F:\GitHub\vice-sharp\src\ViceSharp.Chips\IEC\Via6522.cs                  33027
                                                                          9852
                                                                           318
                                                                          1558
                                                                           467
                                                                          4570
                                                                          4115
                                                                          2418
                                                                          2062
                                                                           224
                                                                          4513
                                                                          2085
                                                                          6548
                                                                         10872
                                                                          2978
F:\GitHub\vice-sharp\native\vice\vice\src\core\viacore.c                 87208
F:\GitHub\vice-sharp\native\vice\vice\src\core\viacore.o                 99866
F:\GitHub\vice-sharp\native\vice\vice\src\core\.deps\viacore.Po           3798
                                                                             1
                                                                             1
                                                                             1
                                                                             1
                                                                             1
                                                                             1
                                                                             1
                                                                             1
                                                                             1
                                                                             1
                                                                             1
                                                                             1
                                                                             1
                                                                             1
                                                                             1
                                                                             1
                                                                             1
                                                                             1
                                                                             1
                                                                             1
                                                                             1
                                                                             1
                                                                             1
                                                                             1
                                                                             1
                                                                             1
                                                                             1
                                                                             1
                                                                             1
                                                                             1
                                                                             1
                                                                             1
                                                                             1
                                                                             1
                                                                             1
                                                                             1
                                                                             1
                                                                             1
                                                                             1
                                                                             1
                                                                             1
                                                                             1
                                                                             1
                                                                             1
                                                                             1
                                                                             1
                                                                             1
                                                                             1
                                                                             1
                                                                             1
                                                                             1
                                                                             1
                                                                             1
                                                                             1
F:\GitHub\vice-sharp\native\vice\vice\src\via.h                          10612
F:\GitHub\vice-sharp\native\vice\vice\src\core\viacore.c                 87208
F:\GitHub\vice-sharp\native\vice\vice\src\core\viacore.o                 99866
F:\GitHub\vice-sharp\native\vice\vice\src\core\.deps\viacore.Po           3798
F:\GitHub\vice-sharp\native\vice\vice\src\drive\viad.h                    1559
F:\GitHub\vice-sharp\native\vice\vice\src\drive\iec\via1d1541.c          12590
F:\GitHub\vice-sharp\native\vice\vice\src\drive\iec\via1d1541.h           1544
F:\GitHub\vice-sharp\native\vice\vice\src\drive\iec\via1d1541.o          29771
F:\GitHub\vice-sharp\native\vice\vice\src\drive\iec\via4000.c             8885
F:\GitHub\vice-sharp\native\vice\vice\src\drive\iec\via4000.h             1591
F:\GitHub\vice-sharp\native\vice\vice\src\drive\iec\via4000.o            27456
F:\GitHub\vice-sharp\native\vice\vice\src\drive\iec\.deps\via1d1541.Po    5138
F:\GitHub\vice-sharp\native\vice\vice\src\drive\iec\.deps\via4000.Po      5126
F:\GitHub\vice-sharp\native\vice\vice\src\drive\iecieee\via2d.c          19247
F:\GitHub\vice-sharp\native\vice\vice\src\drive\iecieee\via2d.o          32688
F:\GitHub\vice-sharp\native\vice\vice\src\drive\iecieee\.deps\via2d.Po    5170
F:\GitHub\vice-sharp\native\vice\vice\src\drive\ieee\via1d2031.c         11008
F:\GitHub\vice-sharp\native\vice\vice\src\drive\ieee\via1d2031.h          1552
F:\GitHub\vice-sharp\native\vice\vice\src\drive\ieee\via1d2031.o         29271
F:\GitHub\vice-sharp\native\vice\vice\src\drive\ieee\.deps\via1d2031.Po   5020
F:\GitHub\vice-sharp\native\vice\vice\src\pet\petvia.c                    8226
F:\GitHub\vice-sharp\native\vice\vice\src\pet\petvia.h                    1297
F:\GitHub\vice-sharp\native\vice\vice\src\pet\.deps\petvia.Po                0
F:\GitHub\vice-sharp\native\vice\vice\src\vic20\vic20ieeevia.h            1743
F:\GitHub\vice-sharp\native\vice\vice\src\vic20\vic20ieeevia1.c           5218
F:\GitHub\vice-sharp\native\vice\vice\src\vic20\vic20ieeevia1.o          24230
F:\GitHub\vice-sharp\native\vice\vice\src\vic20\vic20ieeevia2.c           5178
F:\GitHub\vice-sharp\native\vice\vice\src\vic20\vic20ieeevia2.o          20384
F:\GitHub\vice-sharp\native\vice\vice\src\vic20\vic20via.h                1766
F:\GitHub\vice-sharp\native\vice\vice\src\vic20\vic20via1.c               7963
F:\GitHub\vice-sharp\native\vice\vice\src\vic20\vic20via1.o              25371
F:\GitHub\vice-sharp\native\vice\vice\src\vic20\vic20via2.c               7252
F:\GitHub\vice-sharp\native\vice\vice\src\vic20\vic20via2.o              22365
F:\GitHub\vice-sharp\native\vice\vice\src\vic20\.deps\vic20ieeevia1.Po   13294
F:\GitHub\vice-sharp\native\vice\vice\src\vic20\.deps\vic20ieeevia2.Po   13294
F:\GitHub\vice-sharp\native\vice\vice\src\vic20\.deps\vic20via1.Po       12780
F:\GitHub\vice-sharp\native\vice\vice\src\vic20\.deps\vic20via2.Po       12558

