[33maaa53e3[m test(vic): ROM-less bad-line repro asserts VICE-faithful observables; VIC unchanged [FIX-ROMLESSVIC-001]
 tests/ViceSharp.TestHarness/RomlessBadLineTests.cs | 140 [32m+++++++++++++++++++++[m
 1 file changed, 140 insertions(+)
diff --git a/azure-pipelines.release.yml b/azure-pipelines.release.yml
index 49da4f6..26e6e25 100644
--- a/azure-pipelines.release.yml
+++ b/azure-pipelines.release.yml
@@ -66,3 +66,29 @@ stages:
             displayName: 'Run: PublishScoop'
             inputs:
               script: './build.cmd PublishScoop --skip'
+

+      - pwsh: |
+          if (-not $env:OCTOPUS_API_KEY) {
+            Write-Host 'OCTOPUS_API_KEY not set; skipping Octopus LEGION2 release'
+            exit 0
+          }
+          $url = if ($env:OCTOPUS_URL) { $env:OCTOPUS_URL.TrimEnd('/') } else { 'http://PAYTON-LEGION2:8066' }
+          $env:OCTOPUS_URL = $url
+          $env:OCTOPUS_SPACE = if ($env:OCTOPUS_SPACE) { $env:OCTOPUS_SPACE } else { 'Default' }
+          $project = 'vice-sharp'
+          $version = ('$(Build.BuildNumber)' -replace '[^0-9A-Za-z\.\-_+]', '-')
+          if ([string]::IsNullOrWhiteSpace($version)) { $version = '0.0.$(Build.BuildId)' }
+          $octo = 'C:\Program Files\Octopus CLI\octopus.exe'
+          if (-not (Test-Path $octo)) { throw "octopus CLI missing: $octo" }
+          Write-Host "Octopus $url project=$project version=$version"
+          & $octo release create --project $project --version $version --packageVersion $version --releaseNotes "ADO $(Build.DefinitionName) $(Build.SourceVersion)" --ignoreExisting --no-prompt
+          if ($LASTEXITCODE -ne 0) { throw "octopus release create failed exit $LASTEXITCODE" }
+          & $octo release deploy --project $project --version $version --deployTo Development --progress --no-prompt
+          if ($LASTEXITCODE -ne 0) { Write-Warning "octopus deploy Development exit $LASTEXITCODE (release still created)" }
+        displayName: Octopus LEGION2 release
+        condition: and(succeeded(), ne(variables['SkipOctopus'], 'true'))
+        env:
+          OCTOPUS_API_KEY: $(OCTOPUS_API_KEY)
+          OCTOPUS_URL: $(OCTOPUS_URL)
+          OCTOPUS_SPACE: $(OCTOPUS_SPACE)

+
