
FullName
--------
F:\GitHub\vice-sharp\src\ViceSharp.Architectures\Adhoc
F:\GitHub\vice-sharp\src\ViceSharp.Architectures\bin
F:\GitHub\vice-sharp\src\ViceSharp.Architectures\bin-review
F:\GitHub\vice-sharp\src\ViceSharp.Architectures\bin-s3slice
F:\GitHub\vice-sharp\src\ViceSharp.Architectures\bin-s4slice
F:\GitHub\vice-sharp\src\ViceSharp.Architectures\bin-v2slice
F:\GitHub\vice-sharp\src\ViceSharp.Architectures\bin-v3slice
F:\GitHub\vice-sharp\src\ViceSharp.Architectures\bin-v5slice
F:\GitHub\vice-sharp\src\ViceSharp.Architectures\bin-verify
F:\GitHub\vice-sharp\src\ViceSharp.Architectures\C1541
F:\GitHub\vice-sharp\src\ViceSharp.Architectures\C64
F:\GitHub\vice-sharp\src\ViceSharp.Architectures\EmptyMachine
F:\GitHub\vice-sharp\src\ViceSharp.Architectures\Multisystem
F:\GitHub\vice-sharp\src\ViceSharp.Architectures\obj
F:\GitHub\vice-sharp\src\ViceSharp.Architectures\ViceSharp.Architectures.csproj
F:\GitHub\vice-sharp\src\ViceSharp.Architectures\Adhoc\AdhocArchitectureDescriptor.cs
F:\GitHub\vice-sharp\src\ViceSharp.Architectures\Adhoc\AdhocMachineBlueprint.cs
F:\GitHub\vice-sharp\src\ViceSharp.Architectures\Adhoc\AdhocMachineDocument.cs
F:\GitHub\vice-sharp\src\ViceSharp.Architectures\Adhoc\AdhocMachinePlan.cs
F:\GitHub\vice-sharp\src\ViceSharp.Architectures\Adhoc\AdhocMachineValidationException.cs
F:\GitHub\vice-sharp\src\ViceSharp.Architectures\Adhoc\AdhocMachineYamlLoader.cs
F:\GitHub\vice-sharp\src\ViceSharp.Architectures\Adhoc\MachineDefinitionDocument.cs
F:\GitHub\vice-sharp\src\ViceSharp.Architectures\Adhoc\MachineDefinitionYamlContext.cs
F:\GitHub\vice-sharp\src\ViceSharp.Architectures\bin\Debug
F:\GitHub\vice-sharp\src\ViceSharp.Architectures\bin\Release
F:\GitHub\vice-sharp\src\ViceSharp.Architectures\bin\x64
F:\GitHub\vice-sharp\src\ViceSharp.Architectures\bin\Debug\net10.0
F:\GitHub\vice-sharp\src\ViceSharp.Architectures\bin\Debug\net10.0\ViceSharp.Abstractions.dll
F:\GitHub\vice-sharp\src\ViceSharp.Architectures\bin\Debug\net10.0\ViceSharp.Abstractions.pdb
F:\GitHub\vice-sharp\src\ViceSharp.Architectures\bin\Debug\net10.0\ViceSharp.Architectures.deps.json
F:\GitHub\vice-sharp\src\ViceSharp.Architectures\bin\Debug\net10.0\ViceSharp.Architectures.dll
F:\GitHub\vice-sharp\src\ViceSharp.Architectures\bin\Debug\net10.0\ViceSharp.Architectures.pdb
F:\GitHub\vice-sharp\src\ViceSharp.Architectures\bin\Debug\net10.0\ViceSharp.Chips.dll
F:\GitHub\vice-sharp\src\ViceSharp.Architectures\bin\Debug\net10.0\ViceSharp.Chips.pdb
F:\GitHub\vice-sharp\src\ViceSharp.Architectures\bin\Debug\net10.0\ViceSharp.Core.dll
F:\GitHub\vice-sharp\src\ViceSharp.Architectures\bin\Debug\net10.0\ViceSharp.Core.pdb
F:\GitHub\vice-sharp\src\ViceSharp.Architectures\bin\Debug\net10.0\ViceSharp.RomFetch.dll
F:\GitHub\vice-sharp\src\ViceSharp.Architectures\bin\Debug\net10.0\ViceSharp.RomFetch.pdb
F:\GitHub\vice-sharp\src\ViceSharp.Architectures\bin\Release\net10.0
F:\GitHub\vice-sharp\src\ViceSharp.Architectures\bin\Release\net10.0\ViceSharp.Abstractions.dll
F:\GitHub\vice-sharp\src\ViceSharp.Architectures\bin\Release\net10.0\ViceSharp.Abstractions.pdb
F:\GitHub\vice-sharp\src\ViceSharp.Architectures\bin\Release\net10.0\ViceSharp.Architectures.deps.json
F:\GitHub\vice-sharp\src\ViceSharp.Architectures\bin\Release\net10.0\ViceSharp.Architectures.dll
F:\GitHub\vice-sharp\src\ViceSharp.Architectures\bin\Release\net10.0\ViceSharp.Architectures.pdb
F:\GitHub\vice-sharp\src\ViceSharp.Architectures\bin\Release\net10.0\ViceSharp.Chips.dll
F:\GitHub\vice-sharp\src\ViceSharp.Architectures\bin\Release\net10.0\ViceSharp.Chips.pdb
F:\GitHub\vice-sharp\src\ViceSharp.Architectures\bin\Release\net10.0\ViceSharp.Core.dll
F:\GitHub\vice-sharp\src\ViceSharp.Architectures\bin\Release\net10.0\ViceSharp.Core.pdb
F:\GitHub\vice-sharp\src\ViceSharp.Architectures\bin\Release\net10.0\ViceSharp.RomFetch.dll
F:\GitHub\vice-sharp\src\ViceSharp.Architectures\bin\Release\net10.0\ViceSharp.RomFetch.pdb
F:\GitHub\vice-sharp\src\ViceSharp.Architectures\bin\x64\Release-UWP
F:\GitHub\vice-sharp\src\ViceSharp.Architectures\bin\x64\Release-UWP\net10.0
F:\GitHub\vice-sharp\src\ViceSharp.Architectures\bin\x64\Release-UWP\net10.0\ViceSharp.Abstractions.dll
F:\GitHub\vice-sharp\src\ViceSharp.Architectures\bin\x64\Release-UWP\net10.0\ViceSharp.Abstractions.pdb
F:\GitHub\vice-sharp\src\ViceSharp.Architectures\bin\x64\Release-UWP\net10.0\ViceSharp.Architectures.deps.json
F:\GitHub\vice-sharp\src\ViceSharp.Architectures\bin\x64\Release-UWP\net10.0\ViceSharp.Architectures.dll
F:\GitHub\vice-sharp\src\ViceSharp.Architectures\bin\x64\Release-UWP\net10.0\ViceSharp.Architectures.pdb
F:\GitHub\vice-sharp\src\ViceSharp.Architectures\bin\x64\Release-UWP\net10.0\ViceSharp.Chips.dll
F:\GitHub\vice-sharp\src\ViceSharp.Architectures\bin\x64\Release-UWP\net10.0\ViceSharp.Chips.pdb
F:\GitHub\vice-sharp\src\ViceSharp.Architectures\bin\x64\Release-UWP\net10.0\ViceSharp.Core.dll
F:\GitHub\vice-sharp\src\ViceSharp.Architectures\bin\x64\Release-UWP\net10.0\ViceSharp.Core.pdb
F:\GitHub\vice-sharp\src\ViceSharp.Architectures\bin\x64\Release-UWP\net10.0\ViceSharp.RomFetch.dll
F:\GitHub\vice-sharp\src\ViceSharp.Architectures\bin\x64\Release-UWP\net10.0\ViceSharp.RomFetch.pdb
F:\GitHub\vice-sharp\src\ViceSharp.Architectures\bin-review\Release
F:\GitHub\vice-sharp\src\ViceSharp.Architectures\bin-review\Release\net10.0
F:\GitHub\vice-sharp\src\ViceSharp.Architectures\bin-review\Release\net10.0\ViceSharp.Abstractions.dll
F:\GitHub\vice-sharp\src\ViceSharp.Architectures\bin-review\Release\net10.0\ViceSharp.Abstractions.pdb
F:\GitHub\vice-sharp\src\ViceSharp.Architectures\bin-review\Release\net10.0\ViceSharp.Architectures.deps.json
F:\GitHub\vice-sharp\src\ViceSharp.Architectures\bin-review\Release\net10.0\ViceSharp.Architectures.dll
F:\GitHub\vice-sharp\src\ViceSharp.Architectures\bin-review\Release\net10.0\ViceSharp.Architectures.pdb
F:\GitHub\vice-sharp\src\ViceSharp.Architectures\bin-review\Release\net10.0\ViceSharp.Chips.dll
F:\GitHub\vice-sharp\src\ViceSharp.Architectures\bin-review\Release\net10.0\ViceSharp.Chips.pdb
F:\GitHub\vice-sharp\src\ViceSharp.Architectures\bin-review\Release\net10.0\ViceSharp.Core.dll
F:\GitHub\vice-sharp\src\ViceSharp.Architectures\bin-review\Release\net10.0\ViceSharp.Core.pdb
F:\GitHub\vice-sharp\src\ViceSharp.Architectures\bin-review\Release\net10.0\ViceSharp.RomFetch.dll
F:\GitHub\vice-sharp\src\ViceSharp.Architectures\bin-review\Release\net10.0\ViceSharp.RomFetch.pdb
F:\GitHub\vice-sharp\src\ViceSharp.Architectures\bin-s3slice\Release
F:\GitHub\vice-sharp\src\ViceSharp.Architectures\bin-s3slice\Release\net10.0
F:\GitHub\vice-sharp\src\ViceSharp.Architectures\bin-s3slice\Release\net10.0\ViceSharp.Abstractions.dll
F:\GitHub\vice-sharp\src\ViceSharp.Architectures\bin-s3slice\Release\net10.0\ViceSharp.Abstractions.pdb
F:\GitHub\vice-sharp\src\ViceSharp.Architectures\bin-s3slice\Release\net10.0\ViceSharp.Architectures.deps.json
F:\GitHub\vice-sharp\src\ViceSharp.Architectures\bin-s3slice\Release\net10.0\ViceSharp.Architectures.dll
F:\GitHub\vice-sharp\src\ViceSharp.Architectures\bin-s3slice\Release\net10.0\ViceSharp.Architectures.pdb
F:\GitHub\vice-sharp\src\ViceSharp.Architectures\bin-s3slice\Release\net10.0\ViceSharp.Chips.dll
F:\GitHub\vice-sharp\src\ViceSharp.Architectures\bin-s3slice\Release\net10.0\ViceSharp.Chips.pdb
F:\GitHub\vice-sharp\src\ViceSharp.Architectures\bin-s3slice\Release\net10.0\ViceSharp.Core.dll
F:\GitHub\vice-sharp\src\ViceSharp.Architectures\bin-s3slice\Release\net10.0\ViceSharp.Core.pdb
F:\GitHub\vice-sharp\src\ViceSharp.Architectures\bin-s3slice\Release\net10.0\ViceSharp.RomFetch.dll
F:\GitHub\vice-sharp\src\ViceSharp.Architectures\bin-s3slice\Release\net10.0\ViceSharp.RomFetch.pdb
F:\GitHub\vice-sharp\src\ViceSharp.Architectures\bin-s4slice\Release
F:\GitHub\vice-sharp\src\ViceSharp.Architectures\bin-s4slice\Release\net10.0
F:\GitHub\vice-sharp\src\ViceSharp.Architectures\bin-s4slice\Release\net10.0\ViceSharp.Abstractions.dll
F:\GitHub\vice-sharp\src\ViceSharp.Architectures\bin-s4slice\Release\net10.0\ViceSharp.Abstractions.pdb
F:\GitHub\vice-sharp\src\ViceSharp.Architectures\bin-s4slice\Release\net10.0\ViceSharp.Architectures.deps.json
F:\GitHub\vice-sharp\src\ViceSharp.Architectures\bin-s4slice\Release\net10.0\ViceSharp.Architectures.dll
F:\GitHub\vice-sharp\src\ViceSharp.Architectures\bin-s4slice\Release\net10.0\ViceSharp.Architectures.pdb
F:\GitHub\vice-sharp\src\ViceSharp.Architectures\bin-s4slice\Release\net10.0\ViceSharp.Chips.dll
F:\GitHub\vice-sharp\src\ViceSharp.Architectures\bin-s4slice\Release\net10.0\ViceSharp.Chips.pdb
F:\GitHub\vice-sharp\src\ViceSharp.Architectures\bin-s4slice\Release\net10.0\ViceSharp.Core.dll
F:\GitHub\vice-sharp\src\ViceSharp.Architectures\bin-s4slice\Release\net10.0\ViceSharp.Core.pdb
F:\GitHub\vice-sharp\src\ViceSharp.Architectures\bin-s4slice\Release\net10.0\ViceSharp.RomFetch.dll
F:\GitHub\vice-sharp\src\ViceSharp.Architectures\bin-s4slice\Release\net10.0\ViceSharp.RomFetch.pdb
F:\GitHub\vice-sharp\src\ViceSharp.Architectures\bin-v2slice\Release
F:\GitHub\vice-sharp\src\ViceSharp.Architectures\bin-v2slice\Release\net10.0
F:\GitHub\vice-sharp\src\ViceSharp.Architectures\bin-v2slice\Release\net10.0\ViceSharp.Abstractions.dll
F:\GitHub\vice-sharp\src\ViceSharp.Architectures\bin-v2slice\Release\net10.0\ViceSharp.Abstractions.pdb
F:\GitHub\vice-sharp\src\ViceSharp.Architectures\bin-v2slice\Release\net10.0\ViceSharp.Architectures.deps.json
F:\GitHub\vice-sharp\src\ViceSharp.Architectures\bin-v2slice\Release\net10.0\ViceSharp.Architectures.dll
F:\GitHub\vice-sharp\src\ViceSharp.Architectures\bin-v2slice\Release\net10.0\ViceSharp.Architectures.pdb
F:\GitHub\vice-sharp\src\ViceSharp.Architectures\bin-v2slice\Release\net10.0\ViceSharp.Chips.dll
F:\GitHub\vice-sharp\src\ViceSharp.Architectures\bin-v2slice\Release\net10.0\ViceSharp.Chips.pdb
F:\GitHub\vice-sharp\src\ViceSharp.Architectures\bin-v2slice\Release\net10.0\ViceSharp.Core.dll
F:\GitHub\vice-sharp\src\ViceSharp.Architectures\bin-v2slice\Release\net10.0\ViceSharp.Core.pdb
F:\GitHub\vice-sharp\src\ViceSharp.Architectures\bin-v2slice\Release\net10.0\ViceSharp.RomFetch.dll
F:\GitHub\vice-sharp\src\ViceSharp.Architectures\bin-v2slice\Release\net10.0\ViceSharp.RomFetch.pdb
F:\GitHub\vice-sharp\src\ViceSharp.Architectures\bin-v3slice\Release
F:\GitHub\vice-sharp\src\ViceSharp.Architectures\bin-v3slice\Release\net10.0
F:\GitHub\vice-sharp\src\ViceSharp.Architectures\bin-v3slice\Release\net10.0\ViceSharp.Abstractions.dll
F:\GitHub\vice-sharp\src\ViceSharp.Architectures\bin-v3slice\Release\net10.0\ViceSharp.Abstractions.pdb
F:\GitHub\vice-sharp\src\ViceSharp.Architectures\bin-v3slice\Release\net10.0\ViceSharp.Architectures.deps.json
F:\GitHub\vice-sharp\src\ViceSharp.Architectures\bin-v3slice\Release\net10.0\ViceSharp.Architectures.dll
F:\GitHub\vice-sharp\src\ViceSharp.Architectures\bin-v3slice\Release\net10.0\ViceSharp.Architectures.pdb
F:\GitHub\vice-sharp\src\ViceSharp.Architectures\bin-v3slice\Release\net10.0\ViceSharp.Chips.dll
F:\GitHub\vice-sharp\src\ViceSharp.Architectures\bin-v3slice\Release\net10.0\ViceSharp.Chips.pdb
F:\GitHub\vice-sharp\src\ViceSharp.Architectures\bin-v3slice\Release\net10.0\ViceSharp.Core.dll
F:\GitHub\vice-sharp\src\ViceSharp.Architectures\bin-v3slice\Release\net10.0\ViceSharp.Core.pdb
F:\GitHub\vice-sharp\src\ViceSharp.Architectures\bin-v3slice\Release\net10.0\ViceSharp.RomFetch.dll
F:\GitHub\vice-sharp\src\ViceSharp.Architectures\bin-v3slice\Release\net10.0\ViceSharp.RomFetch.pdb
F:\GitHub\vice-sharp\src\ViceSharp.Architectures\bin-v5slice\Release
F:\GitHub\vice-sharp\src\ViceSharp.Architectures\bin-v5slice\Release\net10.0
F:\GitHub\vice-sharp\src\ViceSharp.Architectures\bin-v5slice\Release\net10.0\ViceSharp.Abstractions.dll
F:\GitHub\vice-sharp\src\ViceSharp.Architectures\bin-v5slice\Release\net10.0\ViceSharp.Abstractions.pdb
F:\GitHub\vice-sharp\src\ViceSharp.Architectures\bin-v5slice\Release\net10.0\ViceSharp.Architectures.deps.json
F:\GitHub\vice-sharp\src\ViceSharp.Architectures\bin-v5slice\Release\net10.0\ViceSharp.Architectures.dll
F:\GitHub\vice-sharp\src\ViceSharp.Architectures\bin-v5slice\Release\net10.0\ViceSharp.Architectures.pdb
F:\GitHub\vice-sharp\src\ViceSharp.Architectures\bin-v5slice\Release\net10.0\ViceSharp.Chips.dll
F:\GitHub\vice-sharp\src\ViceSharp.Architectures\bin-v5slice\Release\net10.0\ViceSharp.Chips.pdb
F:\GitHub\vice-sharp\src\ViceSharp.Architectures\bin-v5slice\Release\net10.0\ViceSharp.Core.dll
F:\GitHub\vice-sharp\src\ViceSharp.Architectures\bin-v5slice\Release\net10.0\ViceSharp.Core.pdb
F:\GitHub\vice-sharp\src\ViceSharp.Architectures\bin-v5slice\Release\net10.0\ViceSharp.RomFetch.dll
F:\GitHub\vice-sharp\src\ViceSharp.Architectures\bin-v5slice\Release\net10.0\ViceSharp.RomFetch.pdb
F:\GitHub\vice-sharp\src\ViceSharp.Architectures\bin-verify\Release
F:\GitHub\vice-sharp\src\ViceSharp.Architectures\bin-verify\Release\net10.0
F:\GitHub\vice-sharp\src\ViceSharp.Architectures\bin-verify\Release\net10.0\ViceSharp.Abstractions.dll
F:\GitHub\vice-sharp\src\ViceSharp.Architectures\bin-verify\Release\net10.0\ViceSharp.Abstractions.pdb
F:\GitHub\vice-sharp\src\ViceSharp.Architectures\bin-verify\Release\net10.0\ViceSharp.Architectures.deps.json
F:\GitHub\vice-sharp\src\ViceSharp.Architectures\bin-verify\Release\net10.0\ViceSharp.Architectures.dll
F:\GitHub\vice-sharp\src\ViceSharp.Architectures\bin-verify\Release\net10.0\ViceSharp.Architectures.pdb
F:\GitHub\vice-sharp\src\ViceSharp.Architectures\bin-verify\Release\net10.0\ViceSharp.Chips.dll
F:\GitHub\vice-sharp\src\ViceSharp.Architectures\bin-verify\Release\net10.0\ViceSharp.Chips.pdb
F:\GitHub\vice-sharp\src\ViceSharp.Architectures\bin-verify\Release\net10.0\ViceSharp.Core.dll
F:\GitHub\vice-sharp\src\ViceSharp.Architectures\bin-verify\Release\net10.0\ViceSharp.Core.pdb
F:\GitHub\vice-sharp\src\ViceSharp.Architectures\bin-verify\Release\net10.0\ViceSharp.RomFetch.dll
F:\GitHub\vice-sharp\src\ViceSharp.Architectures\bin-verify\Release\net10.0\ViceSharp.RomFetch.pdb
F:\GitHub\vice-sharp\src\ViceSharp.Architectures\C1541\C1541Descriptor.cs
F:\GitHub\vice-sharp\src\ViceSharp.Architectures\C1541\C1541RomSet.cs
F:\GitHub\vice-sharp\src\ViceSharp.Architectures\C1541\C1541ViceRomNames.cs
F:\GitHub\vice-sharp\src\ViceSharp.Architectures\C64\C64Descriptor.cs
F:\GitHub\vice-sharp\src\ViceSharp.Architectures\C64\C64MachineDefinitionWriter.cs
F:\GitHub\vice-sharp\src\ViceSharp.Architectures\C64\C64MachineProfile.cs
F:\GitHub\vice-sharp\src\ViceSharp.Architectures\C64\C64SystemCoreDefinition.cs
F:\GitHub\vice-sharp\src\ViceSharp.Architectures\C64\Commodore64.cs
F:\GitHub\vice-sharp\src\ViceSharp.Architectures\EmptyMachine\EmptyMachineDescriptor.cs
F:\GitHub\vice-sharp\src\ViceSharp.Architectures\Multisystem\MultiSystemBlueprint.cs
F:\GitHub\vice-sharp\src\ViceSharp.Architectures\Multisystem\MultiSystemDocument.cs
F:\GitHub\vice-sharp\src\ViceSharp.Architectures\Multisystem\MultiSystemValidationException.cs
F:\GitHub\vice-sharp\src\ViceSharp.Architectures\Multisystem\MultiSystemYamlLoader.cs
F:\GitHub\vice-sharp\src\ViceSharp.Architectures\obj\Debug
F:\GitHub\vice-sharp\src\ViceSharp.Architectures\obj\Release
F:\GitHub\vice-sharp\src\ViceSharp.Architectures\obj\x64
F:\GitHub\vice-sharp\src\ViceSharp.Architectures\obj\project.assets.json
F:\GitHub\vice-sharp\src\ViceSharp.Architectures\obj\project.nuget.cache
F:\GitHub\vice-sharp\src\ViceSharp.Architectures\obj\ViceSharp.Architectures.csproj.nuget.dgspec.json
F:\GitHub\vice-sharp\src\ViceSharp.Architectures\obj\ViceSharp.Architectures.csproj.nuget.g.props
F:\GitHub\vice-sharp\src\ViceSharp.Architectures\obj\ViceSharp.Architectures.csproj.nuget.g.targets
F:\GitHub\vice-sharp\src\ViceSharp.Architectures\obj\Debug\net10.0
F:\GitHub\vice-sharp\src\ViceSharp.Architectures\obj\Debug\net10.0\ref
F:\GitHub\vice-sharp\src\ViceSharp.Architectures\obj\Debug\net10.0\refint
F:\GitHub\vice-sharp\src\ViceSharp.Architectures\obj\Debug\net10.0\.NETCoreApp,Version=v10.0.AssemblyAttributes.cs
F:\GitHub\vice-sharp\src\ViceSharp.Architectures\obj\Debug\net10.0\ViceShar.DAD6E8DA.Up2Date
F:\GitHub\vice-sharp\src\ViceSharp.Architectures\obj\Debug\net10.0\ViceSharp.Architectures.AssemblyInfo.cs
F:\GitHub\vice-sharp\src\ViceSharp.Architectures\obj\Debug\net10.0\ViceSharp.Architectures.AssemblyInfoInputs.cache
F:\GitHub\vice-sharp\src\ViceSharp.Architectures\obj\Debug\net10.0\ViceSharp.Architectures.assets.cache
F:\GitHub\vice-sharp\src\ViceSharp.Architectures\obj\Debug\net10.0\ViceSharp.Architectures.csproj.AssemblyReference.ca.
F:\GitHub\vice-sharp\src\ViceSharp.Architectures\obj\Debug\net10.0\ViceSharp.Architectures.csproj.CoreCompileInputs.ca.
F:\GitHub\vice-sharp\src\ViceSharp.Architectures\obj\Debug\net10.0\ViceSharp.Architectures.csproj.FileListAbsolute.txt
F:\GitHub\vice-sharp\src\ViceSharp.Architectures\obj\Debug\net10.0\ViceSharp.Architectures.dll
F:\GitHub\vice-sharp\src\ViceSharp.Architectures\obj\Debug\net10.0\ViceSharp.Architectures.GeneratedMSBuildEditorConfi.
F:\GitHub\vice-sharp\src\ViceSharp.Architectures\obj\Debug\net10.0\ViceSharp.Architectures.GlobalUsings.g.cs
F:\GitHub\vice-sharp\src\ViceSharp.Architectures\obj\Debug\net10.0\ViceSharp.Architectures.pdb
F:\GitHub\vice-sharp\src\ViceSharp.Architectures\obj\Debug\net10.0\ViceSharp.Architectures.sourcelink.json
F:\GitHub\vice-sharp\src\ViceSharp.Architectures\obj\Debug\net10.0\ref\ViceSharp.Architectures.dll
F:\GitHub\vice-sharp\src\ViceSharp.Architectures\obj\Debug\net10.0\refint\ViceSharp.Architectures.dll
F:\GitHub\vice-sharp\src\ViceSharp.Architectures\obj\Release\net10.0
F:\GitHub\vice-sharp\src\ViceSharp.Architectures\obj\Release\net10.0\ref
F:\GitHub\vice-sharp\src\ViceSharp.Architectures\obj\Release\net10.0\refint
F:\GitHub\vice-sharp\src\ViceSharp.Architectures\obj\Release\net10.0\.NETCoreApp,Version=v10.0.AssemblyAttributes.cs
F:\GitHub\vice-sharp\src\ViceSharp.Architectures\obj\Release\net10.0\ViceShar.DAD6E8DA.Up2Date
F:\GitHub\vice-sharp\src\ViceSharp.Architectures\obj\Release\net10.0\ViceSharp.Architectures.AssemblyInfo.cs
F:\GitHub\vice-sharp\src\ViceSharp.Architectures\obj\Release\net10.0\ViceSharp.Architectures.AssemblyInfoInputs.cache
F:\GitHub\vice-sharp\src\ViceSharp.Architectures\obj\Release\net10.0\ViceSharp.Architectures.assets.cache
F:\GitHub\vice-sharp\src\ViceSharp.Architectures\obj\Release\net10.0\ViceSharp.Architectures.csproj.AssemblyReference..
F:\GitHub\vice-sharp\src\ViceSharp.Architectures\obj\Release\net10.0\ViceSharp.Architectures.csproj.CoreCompileInputs..
F:\GitHub\vice-sharp\src\ViceSharp.Architectures\obj\Release\net10.0\ViceSharp.Architectures.csproj.FileListAbsolute.t.
F:\GitHub\vice-sharp\src\ViceSharp.Architectures\obj\Release\net10.0\ViceSharp.Architectures.dll
F:\GitHub\vice-sharp\src\ViceSharp.Architectures\obj\Release\net10.0\ViceSharp.Architectures.GeneratedMSBuildEditorCon.
F:\GitHub\vice-sharp\src\ViceSharp.Architectures\obj\Release\net10.0\ViceSharp.Architectures.GlobalUsings.g.cs
F:\GitHub\vice-sharp\src\ViceSharp.Architectures\obj\Release\net10.0\ViceSharp.Architectures.pdb
F:\GitHub\vice-sharp\src\ViceSharp.Architectures\obj\Release\net10.0\ViceSharp.Architectures.sourcelink.json
F:\GitHub\vice-sharp\src\ViceSharp.Architectures\obj\Release\net10.0\ref\ViceSharp.Architectures.dll
F:\GitHub\vice-sharp\src\ViceSharp.Architectures\obj\Release\net10.0\refint\ViceSharp.Architectures.dll
F:\GitHub\vice-sharp\src\ViceSharp.Architectures\obj\x64\Release-UWP
F:\GitHub\vice-sharp\src\ViceSharp.Architectures\obj\x64\Release-UWP\net10.0
F:\GitHub\vice-sharp\src\ViceSharp.Architectures\obj\x64\Release-UWP\net10.0\ref
F:\GitHub\vice-sharp\src\ViceSharp.Architectures\obj\x64\Release-UWP\net10.0\refint
F:\GitHub\vice-sharp\src\ViceSharp.Architectures\obj\x64\Release-UWP\net10.0\.NETCoreApp,Version=v10.0.AssemblyAttribu.
F:\GitHub\vice-sharp\src\ViceSharp.Architectures\obj\x64\Release-UWP\net10.0\ViceShar.DAD6E8DA.Up2Date
F:\GitHub\vice-sharp\src\ViceSharp.Architectures\obj\x64\Release-UWP\net10.0\ViceSharp.Architectures.AssemblyInfo.cs
F:\GitHub\vice-sharp\src\ViceSharp.Architectures\obj\x64\Release-UWP\net10.0\ViceSharp.Architectures.AssemblyInfoInput.
F:\GitHub\vice-sharp\src\ViceSharp.Architectures\obj\x64\Release-UWP\net10.0\ViceSharp.Architectures.assets.cache
F:\GitHub\vice-sharp\src\ViceSharp.Architectures\obj\x64\Release-UWP\net10.0\ViceSharp.Architectures.csproj.AssemblyRe.
F:\GitHub\vice-sharp\src\ViceSharp.Architectures\obj\x64\Release-UWP\net10.0\ViceSharp.Architectures.csproj.CoreCompil.
F:\GitHub\vice-sharp\src\ViceSharp.Architectures\obj\x64\Release-UWP\net10.0\ViceSharp.Architectures.csproj.FileListAb.
F:\GitHub\vice-sharp\src\ViceSharp.Architectures\obj\x64\Release-UWP\net10.0\ViceSharp.Architectures.dll
F:\GitHub\vice-sharp\src\ViceSharp.Architectures\obj\x64\Release-UWP\net10.0\ViceSharp.Architectures.GeneratedMSBuildE.
F:\GitHub\vice-sharp\src\ViceSharp.Architectures\obj\x64\Release-UWP\net10.0\ViceSharp.Architectures.GlobalUsings.g.cs
F:\GitHub\vice-sharp\src\ViceSharp.Architectures\obj\x64\Release-UWP\net10.0\ViceSharp.Architectures.pdb
F:\GitHub\vice-sharp\src\ViceSharp.Architectures\obj\x64\Release-UWP\net10.0\ViceSharp.Architectures.sourcelink.json
F:\GitHub\vice-sharp\src\ViceSharp.Architectures\obj\x64\Release-UWP\net10.0\ref\ViceSharp.Architectures.dll
F:\GitHub\vice-sharp\src\ViceSharp.Architectures\obj\x64\Release-UWP\net10.0\refint\ViceSharp.Architectures.dll











