102:/** Configuration registers, plus state for re-enabling the registers */
111:    0xff, (CART_ROM_SIZE_MAX >> 21) - 1, /* RAM bank lo/hi (A13..A23) */
112:    0xff, (CART_ROM_SIZE_MAX >> 21) - 1, /* I/O bank lo/hi (A13..A23) */
113:    0xff, (CART_ROM_SIZE_MAX >> 21) - 1, /* BLK1 bank lo/hi (A13..A23) */
114:    0xff, (CART_ROM_SIZE_MAX >> 21) - 1, /* BLK2 bank lo/hi (A13..A23) */
115:    0xff, (CART_ROM_SIZE_MAX >> 21) - 1, /* BLK3 bank lo/hi (A13..A23) */
116:    0xff, (CART_ROM_SIZE_MAX >> 21) - 1  /* BLK5 bank lo/hi (A13..A23) */
119:/** Initial values for the registers at RESET */
128:enum blk_state_t {
136:#define CART_CFG_IO(x) (enum blk_state_t) (ultimem[1] >> (2 * (x - 1)) & 3)
141:#define CART_CFG_BLK(x) (enum blk_state_t) (ultimem[2] >> (2 * (x - 1)) & 3)
143:/** Get the 8KiB bank address for a block */
147:#define CART_BLK_ADDR(blk) CART_ADDR(6 + 2 * blk)
176:    0x9800, 0x9bff, 0x3ff,   /* range for the device, regs:$9800-$9bff */
193:    0x9c00, 0x9fff, 0x3ff,   /* range for the device, regs:$9c00-$9fff */
219:    mon_out("registers %sabled\n", CART_CFG_DISABLE ? "dis" : "en");
263:uint8_t vic_um_blk1_read(uint16_t addr)
281:void vic_um_blk1_store(uint16_t addr, uint8_t value)
300:uint8_t vic_um_blk23_read(uint16_t addr)
319:void vic_um_blk23_store(uint16_t addr, uint8_t value)
339:uint8_t vic_um_blk5_read(uint16_t addr)
357:void vic_um_blk5_store(uint16_t addr, uint8_t value)
375:/* read 0x9800-0x9bff */
398:/* peek 0x9800-0x9bff */
416:/* store 0x9800-0x9bff */
435:/* read 0x9c00-0x9fff */
441:        /* Implement the state machine for re-enabling the register. */
443:            case 0x355: /* Access 0x9f55 */
447:            case 0x3aa: /* Access 0x9faa */
451:            case 0x301: /* Access 0x9f01 */
462:                /* Accessing 0x9f00..0x9fff resets the state machine. */
492:/* peek 0x9c00-0x9fff */
514:/* store 0x9c00-0x9fff */
518:        /* Implement the state machine for re-enabling the register. */
520:            case 0x355: /* Access 0x9f55 */
524:            case 0x3aa: /* Access 0x9faa */
528:            case 0x301: /* Access 0x9f01 */
536:                /* Accessing 0x9f00..0x9fff resets the state machine. */
552:                    machine_trigger_reset(MACHINE_RESET_MODE_POWER_CYCLE);
704:    io2_list_item = io_source_register(&ultimem_io2);
89:static uint8_t *cart_nvram = NULL;
96: *   0x000000 - 0x0fffff  ->  Low ROM: banks 0x00-0x7f
97: *   0x100000 - 0x1fffff  ->  High ROM: banks 0x00-0x7f
106:static int nvram_en_flop = 0;
107:static uint8_t bank_low_reg = 0;
108:static uint8_t bank_high_reg = 0;
111:static char *nvram_filename = NULL;
112:static int nvram_writeback = 0;
153:    0x9c00, 0x9fff, 0x3ff,         /* range for the device, regs:$9c00-$9fff */
175:/* read 0x0400-0x0fff (nvram 0x0400 - 0x0fff) */
178:    if (nvram_en_flop) {
179:        return cart_nvram[addr & 0x0fff];
185:/* store 0x0400-0x0fff (nvram 0x0400 - 0x0fff) */
188:    if (nvram_en_flop) {
189:        cart_nvram[addr & 0x0fff] = value;
196:    uint8_t bank_low;
197:    uint8_t bank_high;
201:    /* get bank registers */
202:    bank_low = (oe_flop) ? bank_low_reg : 0x7f;
203:    bank_high = (oe_flop) ? bank_high_reg : 0x7f;
205:    /* determine flags from bank registers. */
206:    ram_low_en = (bank_low & 0x80) ? 1 : 0;
207:    ram_high_en = (bank_high & 0x80) ? 1 : 0;
210:        return cart_rom_low[(addr & 0x1fff) | (bank_low * 0x2000)];
223:    uint8_t bank_low;
224:    uint8_t bank_high;
229:    /* get bank registers */
230:    bank_low = (oe_flop) ? bank_low_reg : 0x7f;
231:    bank_high = (oe_flop) ? bank_high_reg : 0x7f;
233:    /* determine flags from bank registers. */
234:    ram_low_en = (bank_low & 0x80) ? 1 : 0;
235:    ram_high_en = (bank_high & 0x80) ? 1 : 0;
236:    ram_wp = (bank_high & 0x40) ? 0 : 1;
246:    uint8_t bank_low;
247:    uint8_t bank_high;
251:    /* get bank registers */
252:    bank_low = (oe_flop) ? bank_low_reg : 0x7f;
253:    bank_high = (oe_flop) ? bank_high_reg : 0x7f;
255:    /* determine flags from bank registers. */
256:    ram_low_en = (bank_low & 0x80) ? 1 : 0;
162:            MediaSlot.Cartridge => TryValidateCartridge(session, payload, out runtimePayload),
167:    private static string? TryValidateCartridge(
174:            runtimePayload = StandardCartridgeImage.FromBytes(payload).ToArray();
179:            if (IsGameSystemCartridgePayload(session, payload))
186:            return $"Cartridge media must be a supported generic CRT, raw 8K, raw 16K, or profile-compatible C64GS image. {ex.Message}";
190:    private static bool IsGameSystemCartridgePayload(EmulatorRuntimeSession session, byte[] payload)
192:        if (payload.Length != StandardCartridgeImage.GameSystemRomSize)
195:        var cartridgePort = session.Machine.Devices.GetAll<ICartridgePort>().SingleOrDefault();
196:        return cartridgePort?.DefaultMappingMode == CartridgeMappingMode.GameSystem;
213:        if (slot != MediaSlot.Cartridge)
216:        var cartridgePort = session.Machine.Devices.GetAll<ICartridgePort>().SingleOrDefault();
225:            cartridgePort.AttachCartridge(payload, CartridgeMappingMode.Auto);
243:        if (slot != MediaSlot.Cartridge)
246:        var cartridgePort = session.Machine.Devices.GetAll<ICartridgePort>().SingleOrDefault();
250:        cartridgePort.EjectCartridge();
