Test run for F:\GitHub\vice-sharp\tests\ViceSharp.TestHarness\bin\Release\net10.0\ViceSharp.TestHarness.dll (.NETCoreApp,Version=v10.0)
A total of 1 test files matched the specified pattern.
[xUnit.net 00:00:04.54]     ViceSharp.TestHarness.Vic20.Vic20DivergeProbe.EveryCycle_CpuRegs_Match_TwoSecondPal [FAIL]
  Failed ViceSharp.TestHarness.Vic20.Vic20DivergeProbe.EveryCycle_CpuRegs_Match_TwoSecondPal [2 s]
  Error Message:
   DIV first=543085 matchedCycles=543084 budget=2216810
c=543074 nPC=$DAB0 mPC=$DAB0 nA=$80 mA=$80 nX=$9B mX=$9B nY=$00 mY=$00 nS=$F5 mS=$F5 nP=$22 mP=$22 dbgCyc=2 op=$B1 trail=0 nonOvlR=False nonOvlF=False dly=False stg=False irq=0 mis=False
c=543075 nPC=$DAB0 mPC=$DAB0 nA=$80 mA=$80 nX=$9B mX=$9B nY=$00 mY=$00 nS=$F5 mS=$F5 nP=$22 mP=$22 dbgCyc=1 op=$B1 trail=0 nonOvlR=False nonOvlF=False dly=False stg=True irq=0 mis=False
c=543076 nPC=$DAB2 mPC=$DAB2 nA=$80 mA=$80 nX=$9B mX=$9B nY=$00 mY=$00 nS=$F5 mS=$F5 nP=$A0 mP=$A0 dbgCyc=0 op=$B1 trail=0 nonOvlR=False nonOvlF=False dly=False stg=False irq=0 mis=False
c=543077 nPC=$DAB2 mPC=$DAB2 nA=$80 mA=$80 nX=$9B mX=$9B nY=$00 mY=$00 nS=$F5 mS=$F5 nP=$A0 mP=$A0 dbgCyc=2 op=$85 trail=1 nonOvlR=False nonOvlF=False dly=False stg=False irq=0 mis=False
c=543078 nPC=$DAB4 mPC=$DAB4 nA=$80 mA=$80 nX=$9B mX=$9B nY=$00 mY=$00 nS=$F5 mS=$F5 nP=$A0 mP=$A0 dbgCyc=1 op=$85 trail=1 nonOvlR=False nonOvlF=False dly=False stg=True irq=0 mis=False
c=543079 nPC=$DAB4 mPC=$DAB4 nA=$80 mA=$80 nX=$9B mX=$9B nY=$00 mY=$00 nS=$F5 mS=$F5 nP=$A0 mP=$A0 dbgCyc=0 op=$85 trail=1 nonOvlR=False nonOvlF=False dly=False stg=False irq=0 mis=False
c=543080 nPC=$DAB4 mPC=$DAB4 nA=$80 mA=$80 nX=$9B mX=$9B nY=$00 mY=$00 nS=$F5 mS=$F5 nP=$A0 mP=$A0 dbgCyc=2 op=$A5 trail=2 nonOvlR=False nonOvlF=False dly=False stg=False irq=0 mis=False
c=543081 nPC=$DAB4 mPC=$DAB4 nA=$9D mA=$9D nX=$9B mX=$9B nY=$00 mY=$00 nS=$F5 mS=$F5 nP=$A0 mP=$A0 dbgCyc=1 op=$A5 trail=2 nonOvlR=False nonOvlF=False dly=False stg=True irq=0 mis=False
c=543082 nPC=$DAB6 mPC=$DAB6 nA=$9D mA=$9D nX=$9B mX=$9B nY=$00 mY=$00 nS=$F5 mS=$F5 nP=$A0 mP=$A0 dbgCyc=0 op=$A5 trail=2 nonOvlR=False nonOvlF=False dly=False stg=False irq=0 mis=False
c=543083 nPC=$DAB6 mPC=$DAB6 nA=$9D mA=$9D nX=$9B mX=$9B nY=$00 mY=$00 nS=$F5 mS=$F5 nP=$A0 mP=$A0 dbgCyc=5 op=$60 trail=1 nonOvlR=False nonOvlF=False dly=False stg=False irq=0 mis=False
c=543084 nPC=$DAB6 mPC=$DAB6 nA=$9D mA=$9D nX=$9B mX=$9B nY=$00 mY=$00 nS=$F5 mS=$F5 nP=$A0 mP=$A0 dbgCyc=4 op=$60 trail=1 nonOvlR=False nonOvlF=False dly=False stg=False irq=0 mis=False
c=543085 nPC=$DAB6 mPC=$DAB6 nA=$9D mA=$9D nX=$9B mX=$9B nY=$00 mY=$00 nS=$F6 mS=$F5 nP=$A0 mP=$A0 dbgCyc=3 op=$60 trail=1 nonOvlR=False nonOvlF=False dly=False stg=False irq=0 mis=True
bus: m$C1=$00 m$C2=$20 n$C1=$00 n$C2=$20 m$C3=$6D m$C4=$FD n$C3=$6D n$C4=$FD m$0314=$BF n$0314=$BF

  Stack Trace:
     at ViceSharp.TestHarness.Vic20.Vic20DivergeProbe.RunEveryCycle(Int32 budget) in F:\GitHub\vice-sharp\tests\ViceSharp.TestHarness\Vic20\Vic20DivergeProbe.cs:line 123
   at ViceSharp.TestHarness.Vic20.Vic20DivergeProbe.EveryCycle_CpuRegs_Match_TwoSecondPal() in F:\GitHub\vice-sharp\tests\ViceSharp.TestHarness\Vic20\Vic20DivergeProbe.cs:line 47
   at System.Reflection.MethodBaseInvoker.InterpretedInvoke_Method(Object obj, IntPtr* args)
   at System.Reflection.MethodBaseInvoker.InvokeWithNoArgs(Object obj, BindingFlags invokeAttr)

Failed!  - Failed:     1, Passed:     0, Skipped:     0, Total:     1, Duration: 2 s - ViceSharp.TestHarness.dll (net10.0)
2S_EXIT=1
