F:\GitHub\vice-sharp\src\ViceSharp.Avalonia\Views/SettingsView.axaml(69,18,69,18): Avalonia warning AVLN5001: 'TextBox.Watermark' is obsolete: Use PlaceholderText instead. [F:\GitHub\vice-sharp\src\ViceSharp.Avalonia\ViceSharp.Avalonia.csproj]

Build succeeded.

F:\GitHub\vice-sharp\src\ViceSharp.Avalonia\Views/SettingsView.axaml(69,18,69,18): Avalonia warning AVLN5001: 'TextBox.Watermark' is obsolete: Use PlaceholderText instead. [F:\GitHub\vice-sharp\src\ViceSharp.Avalonia\ViceSharp.Avalonia.csproj]
    1 Warning(s)
    0 Error(s)

Time Elapsed 00:00:25.07
xvic cycle_checkpoint: granted=1 running=1 paused=0 stop=0
xvic vice_machine_step_cycle call=16 machine=00000157db9a07b0
xvic cycle_checkpoint: granted=1 running=1 paused=0 stop=0
xvic vice_machine_create call=2 model=vic20
xvic vice_machine_reset call=2 machine=00000157db9a0910
[xUnit.net 00:00:03.19]       VIDEO DIV first=1 matchedCycles=0 budget=500000
c=1 nR=0 mR=0 nCyc=7 mCyc=7 nA=1 mA=1 nF=0 mF=0 nMem=0 mMem=0 nY=0 mY=0 nRow=0 mRow=0 nCols=0 mCols=0 nBlank=0 mBlank=0 mis=True
[xUnit.net 00:00:03.19]       LineWasBlank n=1 m=0
[xUnit.net 00:00:03.19]       nRegs= 0=00 1=00 2=00 3=00 4=00 5=00 6=00 7=00 8=00 9=00 A=00 B=00 C=00 D=00 E=00 F=00
[xUnit.net 00:00:03.19]       mRegs= 0=00 1=00 2=00 3=00 4=00 5=00 6=00 7=00 8=00 9=00 A=00 B=00 C=00 D=00 E=00 F=00
[xUnit.net 00:00:03.20]       peek $9003 n=$00 m=$00 $9004 n=$00 m=$00
[xUnit.net 00:00:03.19]     ViceSharp.TestHarness.Vic20.Vic20VideoLockstep.EveryCycle_VicI_VideoState_Match_FocusedWindow [FAIL]
[xUnit.net 00:00:03.20]       
[xUnit.net 00:00:03.20]       Stack Trace:
[xUnit.net 00:00:03.20]         F:\GitHub\vice-sharp\tests\ViceSharp.TestHarness\Vic20\Vic20VideoLockstep.cs(95,0): at ViceSharp.TestHarness.Vic20.Vic20VideoLockstep.RunEveryCycleVideo(Int32 budget, String modelSelector)
[xUnit.net 00:00:03.20]         F:\GitHub\vice-sharp\tests\ViceSharp.TestHarness\Vic20\Vic20VideoLockstep.cs(26,0): at ViceSharp.TestHarness.Vic20.Vic20VideoLockstep.EveryCycle_VicI_VideoState_Match_FocusedWindow()
[xUnit.net 00:00:03.20]            at System.Reflection.MethodBaseInvoker.InterpretedInvoke_Method(Object obj, IntPtr* args)
[xUnit.net 00:00:03.20]            at System.Reflection.MethodBaseInvoker.InvokeWithNoArgs(Object obj, BindingFlags invokeAttr)
[xUnit.net 00:00:03.21]   Finished:    ViceSharp.TestHarness (ID = 'ab71db7394e73a1adc1130e42fc74f059e0e20545bf7641bf1047ee89aadf982')
  Passed ViceSharp.TestHarness.Vic20.Vic20VideoLockstep.EveryCycle_VicI_VideoState_Match_2k [653 ms]
  Failed ViceSharp.TestHarness.Vic20.Vic20VideoLockstep.EveryCycle_VicI_VideoState_Match_FocusedWindow [13 ms]
  Error Message:
   VIDEO DIV first=1 matchedCycles=0 budget=500000
c=1 nR=0 mR=0 nCyc=7 mCyc=7 nA=1 mA=1 nF=0 mF=0 nMem=0 mMem=0 nY=0 mY=0 nRow=0 mRow=0 nCols=0 mCols=0 nBlank=0 mBlank=0 mis=True
LineWasBlank n=1 m=0
nRegs= 0=00 1=00 2=00 3=00 4=00 5=00 6=00 7=00 8=00 9=00 A=00 B=00 C=00 D=00 E=00 F=00
mRegs= 0=00 1=00 2=00 3=00 4=00 5=00 6=00 7=00 8=00 9=00 A=00 B=00 C=00 D=00 E=00 F=00
peek $9003 n=$00 m=$00 $9004 n=$00 m=$00

  Stack Trace:
     at ViceSharp.TestHarness.Vic20.Vic20VideoLockstep.RunEveryCycleVideo(Int32 budget, String modelSelector) in F:\GitHub\vice-sharp\tests\ViceSharp.TestHarness\Vic20\Vic20VideoLockstep.cs:line 95
   at ViceSharp.TestHarness.Vic20.Vic20VideoLockstep.EveryCycle_VicI_VideoState_Match_FocusedWindow() in F:\GitHub\vice-sharp\tests\ViceSharp.TestHarness\Vic20\Vic20VideoLockstep.cs:line 26
   at System.Reflection.MethodBaseInvoker.InterpretedInvoke_Method(Object obj, IntPtr* args)
   at System.Reflection.MethodBaseInvoker.InvokeWithNoArgs(Object obj, BindingFlags invokeAttr)

Total tests: 2
Test Run Failed.
     Passed: 1
     Failed: 1
 Total time: 3.8449 Seconds
EXIT=1
