
Name
----
accuracy-first-verify-sources.md
approve-before-execute.md
bring-the-receipts.md
lab-authorization.md
log-decisions-as-conclusions.md
never-skip-explicit-actions.md
no-attitude-honesty-tell.md
no-python-lab.md
no-shortcuts-precision-over-convenience.md
philosophical-dialogue-mode.md
PROFILE.md
session-turn-title-summary.md
user-payton-byrd.md
2s-pla-2026-08-06.log
pla-focused-2026-08-06.log
2s-bit5-2026-08-06.log
bit5-focused-2026-08-06.log
2s-bit4-2026-08-06.log
2s-bit3-2026-08-06.log
2s-beq-2026-08-06.log
2s-bit2-2026-08-06.log
2s-bit-2026-08-06.log
2s-via1iec-2026-08-06.log
focused-gates-final-2026-08-06.log
receipts-lockstep-vice-realign-2026-08-06.txt
2s-memdiag-2026-08-06.log
2s-incsticky-2026-08-06.log
2s-irqb-2026-08-06.log
2s-irqsuppress-2026-08-06.log
2s-final-2026-08-06.log
focused-final-2026-08-06.log
2s-irqfall-2026-08-06.log
2s-irqdiag-2026-08-06.log
2s-holdindy-2026-08-06.log
2s-ora-2026-08-06.log
2s-store-2026-08-06.log
2s-stazp-2026-08-06.log
receipts-lockstep-2s-ldax-2026-08-06.log

