commit 71e843b739d8e7cd2220372156d05a5f8adc860f
Author: Sharp Ninja <ninja@thesharp.ninja>
Date:   Wed Aug 5 03:16:44 2026 -0500

    ci: finish optional Octopus LEGION2 release steps [FEAT-XOCTOPUS-001]
    
    Wire a correct YAML step/job (not a mis-nested jobs item) on CI after CiTest
    and on release after package publish jobs. No-ops without OCTOPUS_API_KEY;
    honors SkipOctopus. Convention test pins the step text. Gate: XboxCiConfig 2/2.
    
    model-effort@agent confidence=88
    Co-Authored-By: Grok Code <noreply@x.ai>

 azure-pipelines.ci.yml                             | 111 ++++++++-----
 azure-pipelines.release.yml                        | 171 +++++++++++++--------
 tests/ViceSharp.TestHarness/RomlessBadLineTests.cs | 140 +++++++++++++++++
 .../Xbox/XboxCiConfigTests.cs                      |  27 ++++
 4 files changed, 339 insertions(+), 110 deletions(-)
commit 71e843b739d8e7cd2220372156d05a5f8adc860f
Author: Sharp Ninja <ninja@thesharp.ninja>
Date:   Wed Aug 5 03:16:44 2026 -0500

    ci: finish optional Octopus LEGION2 release steps [FEAT-XOCTOPUS-001]
    
    Wire a correct YAML step/job (not a mis-nested jobs item) on CI after CiTest
    and on release after package publish jobs. No-ops without OCTOPUS_API_KEY;
    honors SkipOctopus. Convention test pins the step text. Gate: XboxCiConfig 2/2.
    
    model-effort@agent confidence=88
    Co-Authored-By: Grok Code <noreply@x.ai>

diff --git a/azure-pipelines.ci.yml b/azure-pipelines.ci.yml
index c6721d1..9c08b9a 100644
--- a/azure-pipelines.ci.yml
+++ b/azure-pipelines.ci.yml
@@ -1,42 +1,69 @@
-# ------------------------------------------------------------------------------
-# <auto-generated>
-#
-#     This code was generated.
-#
-#     - To turn off auto-generation set:
-#
-#         [DefaultPoolAzurePipelines (AutoGenerate = false)]
-#
-#     - To trigger manual generation invoke:
-#
-#         nuke --generate-configuration AzurePipelines_ci --host AzurePipelines
-#
-# </auto-generated>
-# ------------------------------------------------------------------------------
-
-trigger:
-  branches:
-    include:
-      - main
-      - feat/*
-
-pr:
-  branches:
-    include:
-      - main
-
-stages:
-  - stage: default_pool
-    displayName: 'Default agent pool'
-    dependsOn: [  ]
-    pool:
-      name: 'Default'
-    jobs:
-      - job: CiTest
-        displayName: 'CiTest'
-        dependsOn: [  ]
-        steps:
-          - task: CmdLine@2
-            displayName: 'Run: CiTest'
-            inputs:
-              script: './build.cmd CiTest --skip'
+# ------------------------------------------------------------------------------
+# <auto-generated>
+#
+#     This code was generated.
+#
+#     - To turn off auto-generation set:
+#
+#         [DefaultPoolAzurePipelines (AutoGenerate = false)]
+#
+#     - To trigger manual generation invoke:
+#
+#         nuke --generate-configuration AzurePipelines_ci --host AzurePipelines
+#
+# </auto-generated>
+# ------------------------------------------------------------------------------
+
+trigger:
+  branches:
+    include:
+      - main
+      - feat/*
+
+pr:
+  branches:
+    include:
+      - main
+
+stages:
+  - stage: default_pool
+    displayName: 'Default agent pool'
+    dependsOn: [  ]
+    pool:
+      name: 'Default'
+    jobs:
+      - job: CiTest
+        displayName: 'CiTest'
+        dependsOn: [  ]
+        steps:
+          - task: CmdLine@2
+            displayName: 'Run: CiTest'
+            inputs:
+              script: './build.cmd CiTest --skip'
+
+          # FEAT-XOCTOPUS-001: optional LEGION2 Octopus release after green CiTest.
+          # No-ops without OCTOPUS_API_KEY; skip with SkipOctopus=true.
+          - pwsh: |
+              if (-not $env:OCTOPUS_API_KEY) {
+                Write-Host 'OCTOPUS_API_KEY not set; skipping Octopus LEGION2 release'
+                exit 0
+              }
+              $url = if ($env:OCTOPUS_URL) { $env:OCTOPUS_URL.TrimEnd('/') } else { 'http://PAYTON-LEGION2:8066' }
+              $env:OCTOPUS_URL = $url
+              $env:OCTOPUS_SPACE = if ($env:OCTOPUS_SPACE) { $env:OCTOPUS_SPACE } else { 'Default' }
+              $project = 'vice-sharp'
+              $version = ('$(Build.BuildNumber)' -replace '[^0-9A-Za-z\.\-_+]', '-')
+              if ([string]::IsNullOrWhiteSpace($version)) { $version = '0.0.$(Build.BuildId)' }
+              $octo = 'C:\Program Files\Octopus CLI\octopus.exe'
+              if (-not (Test-Path $octo)) { throw "octopus CLI missing: $octo" }
+              Write-Host "Octopus $url project=$project version=$version"
+              & $octo release create --project $project --version $version --packageVersion $version --releaseNotes "ADO $(Build.DefinitionName) $(Build.SourceVersion)" --ignoreExisting --no-prompt
+              if ($LASTEXITCODE -ne 0) { throw "octopus release create failed exit $LASTEXITCODE" }
+              & $octo release deploy --project $project --version $version --deployTo Development --progress --no-prompt
+              if ($LASTEXITCODE -ne 0) { Write-Warning "octopus deploy Development exit $LASTEXITCODE (release still created)" }
+            displayName: Octopus LEGION2 release
+            condition: and(succeeded(), ne(variables['SkipOctopus'], 'true'))
+            env:
+              OCTOPUS_API_KEY: $(OCTOPUS_API_KEY)
+              OCTOPUS_URL: $(OCTOPUS_URL)
+              OCTOPUS_SPACE: $(OCTOPUS_SPACE)
diff --git a/azure-pipelines.release.yml b/azure-pipelines.release.yml
index 49da4f6..ae31d2a 100644
--- a/azure-pipelines.release.yml
+++ b/azure-pipelines.release.yml
@@ -1,68 +1,103 @@
-# ------------------------------------------------------------------------------
-# <auto-generated>
-#
-#     This code was generated.
-#
-#     - To turn off auto-generation set:
-#
-#         [DefaultPoolAzurePipelines (AutoGenerate = false)]
-#
-#     - To trigger manual generation invoke:
-#
-#         nuke --generate-configuration AzurePipelines_release --host AzurePipelines
-#
-# </auto-generated>
-# ------------------------------------------------------------------------------
-
-trigger:
-  tags:
-    include:
-      - v*
-
-stages:
-  - stage: default_pool
-    displayName: 'Default agent pool'
-    dependsOn: [  ]
-    pool:
-      name: 'Default'
-    jobs:
-      - job: PublishNuget
-        displayName: 'PublishNuget'
-        dependsOn: [  ]
-        steps:
-          - task: CmdLine@2
-            displayName: 'Run: PublishNuget'
-            inputs:
-              script: './build.cmd PublishNuget --skip'
-      - job: PublishGitHubRelease
-        displayName: 'PublishGitHubRelease'
-        dependsOn: [  ]
-        steps:
-          - task: CmdLine@2
-            displayName: 'Run: PublishGitHubRelease'
-            inputs:
-              script: './build.cmd PublishGitHubRelease --skip'
-      - job: PublishWinget
-        displayName: 'PublishWinget'
-        dependsOn: [ PublishGitHubRelease ]
-        steps:
-          - task: CmdLine@2
-            displayName: 'Run: PublishWinget'
-            inputs:
-              script: './build.cmd PublishWinget --skip'
-      - job: PublishChocolatey
-        displayName: 'PublishChocolatey'
-        dependsOn: [ PublishGitHubRelease ]
-        steps:
-          - task: CmdLine@2
-            displayName: 'Run: PublishChocolatey'
-            inputs:
-              script: './build.cmd PublishChocolatey --skip'
-      - job: PublishScoop
-        displayName: 'PublishScoop'
-        dependsOn: [ PublishGitHubRelease ]
-        steps:
-          - task: CmdLine@2
-            displayName: 'Run: PublishScoop'
