
Name                                  Length
----                                  ------
vic20-cart-sound-gate.log               2731
vic20-exact-receipts.txt                 679
vic20-lockstep-gate.log                11742
vic20-pixel-gate.log                   23615
vic20-snapshot-gate.log                 3189
vic20-umbrella-gate.log                  787
vic20-cart-sound-gate-2026-08-11.log    2731
vic20-exact-receipts-2026-08-11.txt      679
vic20-lockstep-gate-2026-08-11.log     11325
vic20-phase-a-pixel-2026-08-11.txt       576
vic20-phase-b-video-2026-08-11.txt       374
vic20-phase-c-cart-2026-08-11.txt        165
vic20-phase-d-sound-2026-08-11.txt       284
vic20-phase-ef-2026-08-11.txt            204
vic20-phase-g-umbrella-2026-08-11.txt    848
vic20-pixel-gate-2026-08-11.log        23615
vic20-snapshot-gate-2026-08-11.log      3189
vic20-umbrella-gate-2026-08-11.log       787

