Test run for F:\GitHub\vice-sharp\tests\ViceSharp.TestHarness\bin\Release\net10.0\ViceSharp.TestHarness.dll (.NETCoreApp,Version=v10.0)
A total of 1 test files matched the specified pattern.
[xUnit.net 00:00:06.18]     ViceSharp.TestHarness.Vic20.Vic20DivergeProbe.EveryCycle_CpuRegs_Match_TwoSecondPal [FAIL]
  Failed ViceSharp.TestHarness.Vic20.Vic20DivergeProbe.EveryCycle_CpuRegs_Match_TwoSecondPal [4 s]
  Error Message:
   DIV first=1316731 matchedCycles=1316730 budget=2216810
c=1316720 nPC=$EABE mPC=$EABE nA=$96 mA=$96 nX=$91 mX=$91 nY=$00 mY=$00 nS=$EB mS=$EB nP=$A4 mP=$A4 dbgCyc=0 op=$85 trail=1 nonOvlR=False nonOvlF=False dly=False stg=False irq=0 mis=False
c=1316721 nPC=$EABE mPC=$EABE nA=$96 mA=$96 nX=$91 mX=$91 nY=$00 mY=$00 nS=$EB mS=$EB nP=$A4 mP=$A4 dbgCyc=5 op=$60 trail=1 nonOvlR=False nonOvlF=False dly=False stg=False irq=0 mis=False
c=1316722 nPC=$EABE mPC=$EABE nA=$96 mA=$96 nX=$91 mX=$91 nY=$00 mY=$00 nS=$EB mS=$EB nP=$A4 mP=$A4 dbgCyc=4 op=$60 trail=1 nonOvlR=False nonOvlF=False dly=False stg=False irq=0 mis=False
c=1316723 nPC=$EABE mPC=$EABE nA=$96 mA=$96 nX=$91 mX=$91 nY=$00 mY=$00 nS=$EB mS=$EB nP=$A4 mP=$A4 dbgCyc=3 op=$60 trail=1 nonOvlR=False nonOvlF=False dly=False stg=False irq=0 mis=False
c=1316724 nPC=$EABE mPC=$EABE nA=$96 mA=$96 nX=$91 mX=$91 nY=$00 mY=$00 nS=$EC mS=$EC nP=$A4 mP=$A4 dbgCyc=2 op=$60 trail=1 nonOvlR=False nonOvlF=False dly=False stg=False irq=0 mis=False
c=1316725 nPC=$EABE mPC=$EABE nA=$96 mA=$96 nX=$91 mX=$91 nY=$00 mY=$00 nS=$ED mS=$ED nP=$A4 mP=$A4 dbgCyc=1 op=$60 trail=1 nonOvlR=False nonOvlF=False dly=False stg=False irq=0 mis=False
c=1316726 nPC=$EABE mPC=$EABE nA=$96 mA=$96 nX=$91 mX=$91 nY=$00 mY=$00 nS=$ED mS=$ED nP=$A4 mP=$A4 dbgCyc=0 op=$60 trail=1 nonOvlR=False nonOvlF=False dly=True stg=False irq=0 mis=False
c=1316727 nPC=$EAE0 mPC=$EAE0 nA=$96 mA=$96 nX=$91 mX=$91 nY=$00 mY=$00 nS=$ED mS=$ED nP=$A4 mP=$A4 dbgCyc=0 op=$60 trail=1 nonOvlR=False nonOvlF=False dly=False stg=False irq=0 mis=False
c=1316728 nPC=$EAE0 mPC=$EAE0 nA=$96 mA=$96 nX=$91 mX=$91 nY=$00 mY=$00 nS=$ED mS=$ED nP=$A4 mP=$A4 dbgCyc=4 op=$B1 trail=1 nonOvlR=False nonOvlF=False dly=False stg=False irq=0 mis=False
c=1316729 nPC=$EAE0 mPC=$EAE0 nA=$96 mA=$96 nX=$91 mX=$91 nY=$00 mY=$00 nS=$ED mS=$ED nP=$A4 mP=$A4 dbgCyc=3 op=$B1 trail=1 nonOvlR=False nonOvlF=False dly=False stg=False irq=0 mis=False
c=1316730 nPC=$EAE0 mPC=$EAE0 nA=$96 mA=$96 nX=$91 mX=$91 nY=$00 mY=$00 nS=$ED mS=$ED nP=$A4 mP=$A4 dbgCyc=2 op=$B1 trail=1 nonOvlR=False nonOvlF=False dly=False stg=False irq=0 mis=False
c=1316731 nPC=$EAE0 mPC=$EAE0 nA=$01 mA=$91 nX=$91 mX=$91 nY=$00 mY=$00 nS=$ED mS=$ED nP=$A4 mP=$A4 dbgCyc=1 op=$B1 trail=1 nonOvlR=False nonOvlF=False dly=False stg=True irq=0 mis=True
bus: m$C1=$00 m$C2=$20 n$C1=$00 n$C2=$20 m$C3=$6D m$C4=$FD n$C3=$6D n$C4=$FD m$0314=$BF n$0314=$BF
irqdiag: nLastOp=0xB1 nDelays=False nPend=0x2 nIrqClk=1316562 nClk=1316737 mDelays=False mBound=False mIrqSeq=0
indy: zp=$F3 mPtr=$966E nPtr=$966E mEff=$966E=$B1 nEff=$966E=$21 mVBus=$BD mRast=137 n$9003=$AE n$9004=$44 m$9003=$AE m$9004=$44

  Stack Trace:
     at ViceSharp.TestHarness.Vic20.Vic20DivergeProbe.RunEveryCycle(Int32 budget) in F:\GitHub\vice-sharp\tests\ViceSharp.TestHarness\Vic20\Vic20DivergeProbe.cs:line 153
   at ViceSharp.TestHarness.Vic20.Vic20DivergeProbe.EveryCycle_CpuRegs_Match_TwoSecondPal() in F:\GitHub\vice-sharp\tests\ViceSharp.TestHarness\Vic20\Vic20DivergeProbe.cs:line 48
   at System.Reflection.MethodBaseInvoker.InterpretedInvoke_Method(Object obj, IntPtr* args)
   at System.Reflection.MethodBaseInvoker.InvokeWithNoArgs(Object obj, BindingFlags invokeAttr)

Failed!  - Failed:     1, Passed:     0, Skipped:     0, Total:     1, Duration: 4 s - ViceSharp.TestHarness.dll (net10.0)
EXIT=1
