
native\vice\vice\src\vic20\vic20mem.c:81:uint8_t vic20_cpu_last_data;
native\vice\vice\src\vic20\vic20mem.c:83:uint8_t vic20_v_bus_last_data;
native\vice\vice\src\vic20\vic20mem.c:117:    vic20_cpu_last_data = mem_ram[addr & 0xff];
native\vice\vice\src\vic20\vic20mem.c:119:    return vic20_cpu_last_data;
native\vice\vice\src\vic20\vic20mem.c:124:    vic20_cpu_last_data = value;
native\vice\vice\src\vic20\vic20mem.c:131:    vic20_cpu_last_data = mem_ram[addr];
native\vice\vice\src\vic20\vic20mem.c:132:    return vic20_cpu_last_data;
native\vice\vice\src\vic20\vic20mem.c:137:    vic20_cpu_last_data = mem_ram[addr];
native\vice\vice\src\vic20\vic20mem.c:139:    return vic20_cpu_last_data;
native\vice\vice\src\vic20\vic20mem.c:144:    vic20_cpu_last_data = value;
native\vice\vice\src\vic20\vic20mem.c:150:    vic20_cpu_last_data = value;
native\vice\vice\src\vic20\vic20mem.c:162:static uint8_t colorram_read(uint16_t addr)
native\vice\vice\src\vic20\vic20mem.c:166:        vic20_cpu_last_data = vfli_ram[addr] | (vic20_v_bus_last_data & 
0xf0);
native\vice\vice\src\vic20\vic20mem.c:168:        vic20_cpu_last_data = mem_ram[addr] | (vic20_v_bus_last_data & 0xf0);
native\vice\vice\src\vic20\vic20mem.c:170:    vic20_v_bus_last_data = vic20_cpu_last_data; /* TODO verify this */
native\vice\vice\src\vic20\vic20mem.c:171:    return vic20_cpu_last_data;
native\vice\vice\src\vic20\vic20mem.c:174:static void colorram_store(uint16_t addr, uint8_t value)
native\vice\vice\src\vic20\vic20mem.c:176:    vic20_cpu_last_data = value;
native\vice\vice\src\vic20\vic20mem.c:177:    vic20_v_bus_last_data = vic20_cpu_last_data; /* TODO verify this */
native\vice\vice\src\vic20\vic20mem.c:186:static uint8_t colorram_peek(uint16_t addr)
native\vice\vice\src\vic20\vic20mem.c:188:    return mem_ram[addr] | (vic20_v_bus_last_data & 0xf0);
native\vice\vice\src\vic20\vic20mem.c:212:    vic20_cpu_last_data = vic20memrom_chargen_read(addr);
native\vice\vice\src\vic20\vic20mem.c:214:    return vic20_cpu_last_data;
native\vice\vice\src\vic20\vic20mem.c:226:    vic20_cpu_last_data = vic20_v_bus_last_data;
native\vice\vice\src\vic20\vic20mem.c:228:    return vic20_cpu_last_data;
native\vice\vice\src\vic20\vic20mem.c:233:    return vic20_cpu_last_data;
native\vice\vice\src\vic20\vic20mem.c:238:    vic20_cpu_last_data = value;
native\vice\vice\src\vic20\vic20mem.c:244:    vic20_cpu_last_data = value;
native\vice\vice\src\vic20\vic20mem.c:249:    return vic20_v_bus_last_data;
native\vice\vice\src\vic20\vic20mem.c:254:    return vic20_cpu_last_data;
native\vice\vice\src\vic20\vic20mem.c:336:        set_mem(0x04, 0x0f,
native\vice\vice\src\vic20\vic20mem.c:354:        set_mem(0x04, 0x0f,
native\vice\vice\src\vic20\vic20mem.c:390:        set_mem(0x04, 0x0f,
native\vice\vice\src\vic20\vic20mem.c:478:    /* Setup color memory at $9400-$97FF.
native\vice\vice\src\vic20\vic20mem.c:479:       Warning: we use a kludge here.  Instead of mapping the color memory
native\vice\vice\src\vic20\vic20mem.c:483:            colorram_read, colorram_store, colorram_peek,

