
FullName
--------
F:\GitHub\vice-sharp\tests\ViceSharp.TestHarness\FlashCart
F:\GitHub\vice-sharp\tests\ViceSharp.TestHarness\FlashCart\Fe3Flash040Tests.cs
F:\GitHub\vice-sharp\tests\ViceSharp.TestHarness\FlashCart\Flash040CoreTests.cs
F:\GitHub\vice-sharp\tests\ViceSharp.TestHarness\FlashCart\FlashCartImageBuilderViewModelTests.cs
F:\GitHub\vice-sharp\tests\ViceSharp.TestHarness\FlashCart\FlashImageBuilderTests.cs
F:\GitHub\vice-sharp\tests\ViceSharp.TestHarness\CartPort
F:\GitHub\vice-sharp\tests\ViceSharp.TestHarness\FlashCart
F:\GitHub\vice-sharp\tests\ViceSharp.TestHarness\AdvancedCartridgeScaffoldTests.cs
F:\GitHub\vice-sharp\tests\ViceSharp.TestHarness\FinalCartridgeIIITests.cs
F:\GitHub\vice-sharp\tests\ViceSharp.TestHarness\MagicDeskCartridgeTests.cs
F:\GitHub\vice-sharp\tests\ViceSharp.TestHarness\OceanCartridgeTests.cs
F:\GitHub\vice-sharp\tests\ViceSharp.TestHarness\StandardCartridgeTests.cs
F:\GitHub\vice-sharp\tests\ViceSharp.TestHarness\CartPort\CartPortInterSystemBusTests.cs
F:\GitHub\vice-sharp\tests\ViceSharp.TestHarness\FlashCart\FlashCartImageBuilderViewModelTests.cs
F:\GitHub\vice-sharp\tests\ViceSharp.TestHarness\Vic20\Vic20ExpansionCartTests.cs
F:\GitHub\vice-sharp\tests\ViceSharp.TestHarness\Xbox\XboxDefaultCartridgeTests.cs
F:\GitHub\vice-sharp\tests\ViceSharp.TestHarness\FlashCart\Fe3Flash040Tests.cs
F:\GitHub\vice-sharp\tests\ViceSharp.TestHarness\FlashCart\Fe3PresetTests.cs
F:\GitHub\vice-sharp\tests\ViceSharp.TestHarness\Xbox\XboxManagedFrameGateTests.cs
F:\GitHub\vice-sharp\src\ViceSharp.Core\FlashCarts
F:\GitHub\vice-sharp\src\ViceSharp.Core\FlashCarts\Flash040Core.cs
F:\GitHub\vice-sharp\src\ViceSharp.Core\FlashCarts\FlashBankContentKind.cs
F:\GitHub\vice-sharp\src\ViceSharp.Core\FlashCarts\FlashBankSlot.cs
F:\GitHub\vice-sharp\src\ViceSharp.Core\FlashCarts\FlashCartImageBuilderViewModel.cs
F:\GitHub\vice-sharp\src\ViceSharp.Core\FlashCarts\FlashCartProfiles.cs
F:\GitHub\vice-sharp\src\ViceSharp.Core\FlashCarts\FlashImageBuilder.cs
F:\GitHub\vice-sharp\src\ViceSharp.Core\FlashCarts\IFlashBuilderFileIo.cs
F:\GitHub\vice-sharp\src\ViceSharp.Core\FlashCarts\IFlashCartProfile.cs
F:\GitHub\vice-sharp\src\ViceSharp.Abstractions\ICartridgePort.cs
F:\GitHub\vice-sharp\src\ViceSharp.Core\StandardCartridgeImage.cs
F:\GitHub\vice-sharp\src\ViceSharp.Core\StandardCartridgeSize.cs
F:\GitHub\vice-sharp\src\ViceSharp.Core\Vic20\FinalExpansion3Cartridge.cs
F:\GitHub\vice-sharp\src\ViceSharp.Core\Vic20\IVic20CartridgeHost.cs
F:\GitHub\vice-sharp\src\ViceSharp.Core\Vic20\MegaCartCartridge.cs
F:\GitHub\vice-sharp\src\ViceSharp.Core\Vic20\UltimemCartridge.cs
F:\GitHub\vice-sharp\src\ViceSharp.Core\Vic20\Vic20Cartridge.cs
F:\GitHub\vice-sharp\src\ViceSharp.Xbox\Assets\Cartridges
F:\GitHub\vice-sharp\src\ViceSharp.Xbox\Platform\DefaultCartridgeBoot.cs

