## [32mfeat/iteration2-vic20[m
 [31mM[m HANDOFF.md
 [31mM[m docs/requirements/functional/FR-Machine-Profiles.md
 [31mM[m src/ViceSharp.Abstractions/IDeviceRegistry.cs
 [31mM[m src/ViceSharp.Core/ArchitectureBuilder.cs
 [31mM[m src/ViceSharp.Launcher/ViceTopologyBuilder.cs
 [31mM[m tests/ViceSharp.TestHarness/Launcher/ViceTopologyBuilderTests.cs
 [31mM[m tests/ViceSharp.TestHarness/MachineTestFactory.cs
[31m??[m docs/S-Blox/
[31m??[m docs/requirements/functional/FR-VIC20.md
[31m??[m docs/reviews/code-review-20260714T001056552Z.md
[31m??[m docs/reviews/code-review-20260714T004256563Z.md
[31m??[m docs/romless-vic-badline-fix.md
[31m??[m manifests/
[31m??[m src/ViceSharp.Architectures/Vic20/
[31m??[m src/ViceSharp.Chips/Vic/
[31m??[m tests/ViceSharp.TestHarness/Vic20/
feat/iteration2-vic20
[33mb2ba4da[m ci: point ADO pipelines at GitHub; restore Octopus release steps
[33m3b20c4f[m release: bump patch to 1.2.1 on main
[33m521987b[m merge: feat/xbox-uwp-app into main for 1.2 line
