  Determining projects to restore...
  All projects are up-to-date for restore.
  ViceSharp.Abstractions -> F:\GitHub\vice-sharp\src\ViceSharp.Abstractions\bin\Release\net10.0\ViceSharp.Abstractions.dll
  ViceSharp.Protocol -> F:\GitHub\vice-sharp\src\ViceSharp.Protocol\bin\Release\net10.0\ViceSharp.Protocol.dll
  ViceSharp.Chips -> F:\GitHub\vice-sharp\src\ViceSharp.Chips\bin\Release\net10.0\ViceSharp.Chips.dll
  ViceSharp.RomFetch -> F:\GitHub\vice-sharp\src\ViceSharp.RomFetch\bin\Release\net10.0\ViceSharp.RomFetch.dll
  ViceSharp.Library.ViewModels -> F:\GitHub\vice-sharp\src\ViceSharp.Library.ViewModels\bin\Release\net10.0\ViceSharp.Library.ViewModels.dll
  ViceSharp.Xbox.Input -> F:\GitHub\vice-sharp\src\ViceSharp.Xbox.Input\bin\Release\net10.0\ViceSharp.Xbox.Input.dll
  ViceSharp.Core -> F:\GitHub\vice-sharp\src\ViceSharp.Core\bin\Release\net10.0\ViceSharp.Core.dll
  ViceSharp.RomM -> F:\GitHub\vice-sharp\src\ViceSharp.RomM\bin\Release\net10.0\ViceSharp.RomM.dll
  ViceSharp.Architectures -> F:\GitHub\vice-sharp\src\ViceSharp.Architectures\bin\Release\net10.0\ViceSharp.Architectures.dll
  ViceSharp.Xbox.ViewModels -> F:\GitHub\vice-sharp\src\ViceSharp.Xbox.ViewModels\bin\Release\net10.0\ViceSharp.Xbox.ViewModels.dll
  ViceSharp.Monitor -> F:\GitHub\vice-sharp\src\ViceSharp.Monitor\bin\Release\net10.0\ViceSharp.Monitor.dll
  ViceSharp.Host.InProcess -> F:\GitHub\vice-sharp\src\ViceSharp.Host.InProcess\bin\Release\net10.0\ViceSharp.Host.InProcess.dll
  ViceSharp.Host -> F:\GitHub\vice-sharp\src\ViceSharp.Host\bin\Release\net10.0\ViceSharp.Host.dll
F:\GitHub\vice-sharp\src\ViceSharp.Avalonia\Views/SettingsView.axaml(70,18,70,18): Avalonia warning AVLN5001: 'TextBox.Watermark' is obsolete: Use PlaceholderText instead. [F:\GitHub\vice-sharp\src\ViceSharp.Avalonia\ViceSharp.Avalonia.csproj]
  ViceSharp.Avalonia -> F:\GitHub\vice-sharp\src\ViceSharp.Avalonia\bin\Release\net10.0\ViceSharp.Avalonia.dll

Build succeeded.

F:\GitHub\vice-sharp\src\ViceSharp.Avalonia\Views/SettingsView.axaml(70,18,70,18): Avalonia warning AVLN5001: 'TextBox.Watermark' is obsolete: Use PlaceholderText instead. [F:\GitHub\vice-sharp\src\ViceSharp.Avalonia\ViceSharp.Avalonia.csproj]
    1 Warning(s)
    0 Error(s)

Time Elapsed 00:00:09.38
0
