Test run for F:\GitHub\vice-sharp\tests\ViceSharp.TestHarness\bin\Release\net10.0\ViceSharp.TestHarness.dll (.NETCoreApp,Version=v10.0)
A total of 1 test files matched the specified pattern.
[xUnit.net 00:00:04.34]     ViceSharp.TestHarness.Vic20.Vic20DivergeProbe.EveryCycle_CpuRegs_Match_TwoSecondPal [FAIL]
  Failed ViceSharp.TestHarness.Vic20.Vic20DivergeProbe.EveryCycle_CpuRegs_Match_TwoSecondPal [2 s]
  Error Message:
   DIV first=554366 matchedCycles=554365 budget=2216810
c=554355 nPC=$E914 mPC=$E914 nA=$0A mA=$0A nX=$07 mX=$07 nY=$00 mY=$00 nS=$EE mS=$EE nP=$30 mP=$30 dbgCyc=1 op=$DD trail=1 nonOvlR=False nonOvlF=False dly=False stg=False irq=0 mis=False
c=554356 nPC=$E917 mPC=$E917 nA=$0A mA=$0A nX=$07 mX=$07 nY=$00 mY=$00 nS=$EE mS=$EE nP=$30 mP=$30 dbgCyc=0 op=$DD trail=1 nonOvlR=False nonOvlF=False dly=False stg=False irq=0 mis=False
c=554357 nPC=$E917 mPC=$E917 nA=$0A mA=$0A nX=$07 mX=$07 nY=$00 mY=$00 nS=$EE mS=$EE nP=$30 mP=$30 dbgCyc=1 op=$F0 trail=1 nonOvlR=False nonOvlF=False dly=False stg=False irq=0 mis=False
c=554358 nPC=$E919 mPC=$E919 nA=$0A mA=$0A nX=$07 mX=$07 nY=$00 mY=$00 nS=$EE mS=$EE nP=$30 mP=$30 dbgCyc=0 op=$F0 trail=1 nonOvlR=False nonOvlF=False dly=False stg=False irq=0 mis=False
c=554359 nPC=$E919 mPC=$E919 nA=$0A mA=$0A nX=$07 mX=$07 nY=$00 mY=$00 nS=$EE mS=$EE nP=$30 mP=$30 dbgCyc=1 op=$CA trail=1 nonOvlR=False nonOvlF=False dly=False stg=False irq=0 mis=False
c=554360 nPC=$E91A mPC=$E91A nA=$0A mA=$0A nX=$06 mX=$06 nY=$00 mY=$00 nS=$EE mS=$EE nP=$30 mP=$30 dbgCyc=0 op=$CA trail=1 nonOvlR=False nonOvlF=False dly=False stg=False irq=0 mis=False
c=554361 nPC=$E91A mPC=$E91A nA=$0A mA=$0A nX=$06 mX=$06 nY=$00 mY=$00 nS=$EE mS=$EE nP=$30 mP=$30 dbgCyc=1 op=$10 trail=0 nonOvlR=False nonOvlF=False dly=False stg=False irq=0 mis=False
c=554362 nPC=$E91C mPC=$E91C nA=$0A mA=$0A nX=$06 mX=$06 nY=$00 mY=$00 nS=$EE mS=$EE nP=$30 mP=$30 dbgCyc=0 op=$10 trail=0 nonOvlR=False nonOvlF=False dly=False stg=False irq=0 mis=False
c=554363 nPC=$E914 mPC=$E914 nA=$0A mA=$0A nX=$06 mX=$06 nY=$00 mY=$00 nS=$EE mS=$EE nP=$30 mP=$30 dbgCyc=3 op=$DD trail=1 nonOvlR=False nonOvlF=False dly=False stg=False irq=0 mis=False
c=554364 nPC=$E914 mPC=$E914 nA=$0A mA=$0A nX=$06 mX=$06 nY=$00 mY=$00 nS=$EE mS=$EE nP=$30 mP=$30 dbgCyc=2 op=$DD trail=1 nonOvlR=False nonOvlF=False dly=False stg=False irq=0 mis=False
c=554365 nPC=$E914 mPC=$E914 nA=$0A mA=$0A nX=$06 mX=$06 nY=$00 mY=$00 nS=$EE mS=$EE nP=$30 mP=$30 dbgCyc=1 op=$DD trail=1 nonOvlR=False nonOvlF=False dly=False stg=False irq=0 mis=False
c=554366 nPC=$E914 mPC=$E917 nA=$0A mA=$0A nX=$06 mX=$06 nY=$00 mY=$00 nS=$EE mS=$EE nP=$30 mP=$B0 dbgCyc=0 op=$DD trail=1 nonOvlR=False nonOvlF=False dly=False stg=False irq=0 mis=True
bus: m$C1=$00 m$C2=$20 n$C1=$00 n$C2=$20 m$C3=$6D m$C4=$FD n$C3=$6D n$C4=$FD m$0314=$BF n$0314=$BF

  Stack Trace:
     at ViceSharp.TestHarness.Vic20.Vic20DivergeProbe.RunEveryCycle(Int32 budget) in F:\GitHub\vice-sharp\tests\ViceSharp.TestHarness\Vic20\Vic20DivergeProbe.cs:line 123
   at ViceSharp.TestHarness.Vic20.Vic20DivergeProbe.EveryCycle_CpuRegs_Match_TwoSecondPal() in F:\GitHub\vice-sharp\tests\ViceSharp.TestHarness\Vic20\Vic20DivergeProbe.cs:line 47
   at System.Reflection.MethodBaseInvoker.InterpretedInvoke_Method(Object obj, IntPtr* args)
   at System.Reflection.MethodBaseInvoker.InvokeWithNoArgs(Object obj, BindingFlags invokeAttr)

Failed!  - Failed:     1, Passed:     0, Skipped:     0, Total:     1, Duration: 2 s - ViceSharp.TestHarness.dll (net10.0)
2S_EXIT=1

docs\2s-rora-trail2-2026-08-06.log:4:  Failed 
ViceSharp.TestHarness.Vic20.Vic20DivergeProbe.EveryCycle_CpuRegs_Match_TwoSecondPal [2 s]
docs\2s-rora-trail2-2026-08-06.log:6:   DIV first=554366 matchedCycles=554365 budget=2216810
docs\2s-rora-trail2-2026-08-06.log:27:Failed!  - Failed:     1, Passed:     0, Skipped:     0, Total:     1, Duration: 
2 s - ViceSharp.TestHarness.dll (net10.0)

