
FullName
--------
F:\GitHub\vice-sharp\src\ViceSharp.Xbox\ViceSharp.Xbox.csproj
F:\GitHub\vice-sharp\src\ViceSharp.Xbox\Assets\vice-data
F:\GitHub\vice-sharp\src\ViceSharp.Xbox\bin\Release\net10.0\ViceSharp.Abstractions.dll
F:\GitHub\vice-sharp\src\ViceSharp.Xbox\bin\Release\net10.0\ViceSharp.Abstractions.pdb
F:\GitHub\vice-sharp\src\ViceSharp.Xbox\bin\Release\net10.0\ViceSharp.Architectures.dll
F:\GitHub\vice-sharp\src\ViceSharp.Xbox\bin\Release\net10.0\ViceSharp.Architectures.pdb
F:\GitHub\vice-sharp\src\ViceSharp.Xbox\bin\Release\net10.0\ViceSharp.Chips.dll
F:\GitHub\vice-sharp\src\ViceSharp.Xbox\bin\Release\net10.0\ViceSharp.Chips.pdb
F:\GitHub\vice-sharp\src\ViceSharp.Xbox\bin\Release\net10.0\ViceSharp.Core.dll
F:\GitHub\vice-sharp\src\ViceSharp.Xbox\bin\Release\net10.0\ViceSharp.Core.pdb
F:\GitHub\vice-sharp\src\ViceSharp.Xbox\bin\Release\net10.0\ViceSharp.Host.InProcess.dll
F:\GitHub\vice-sharp\src\ViceSharp.Xbox\bin\Release\net10.0\ViceSharp.Host.InProcess.pdb
F:\GitHub\vice-sharp\src\ViceSharp.Xbox\bin\Release\net10.0\ViceSharp.Library.ViewModels.dll
F:\GitHub\vice-sharp\src\ViceSharp.Xbox\bin\Release\net10.0\ViceSharp.Library.ViewModels.pdb
F:\GitHub\vice-sharp\src\ViceSharp.Xbox\bin\Release\net10.0\ViceSharp.Monitor.dll
F:\GitHub\vice-sharp\src\ViceSharp.Xbox\bin\Release\net10.0\ViceSharp.Monitor.pdb
F:\GitHub\vice-sharp\src\ViceSharp.Xbox\bin\Release\net10.0\ViceSharp.Protocol.dll
F:\GitHub\vice-sharp\src\ViceSharp.Xbox\bin\Release\net10.0\ViceSharp.Protocol.pdb
F:\GitHub\vice-sharp\src\ViceSharp.Xbox\bin\Release\net10.0\ViceSharp.RomFetch.dll
F:\GitHub\vice-sharp\src\ViceSharp.Xbox\bin\Release\net10.0\ViceSharp.RomFetch.pdb
F:\GitHub\vice-sharp\src\ViceSharp.Xbox\bin\Release\net10.0\ViceSharp.RomM.dll
F:\GitHub\vice-sharp\src\ViceSharp.Xbox\bin\Release\net10.0\ViceSharp.RomM.pdb
F:\GitHub\vice-sharp\src\ViceSharp.Xbox\bin\Release\net10.0\ViceSharp.Xbox.deps.json
F:\GitHub\vice-sharp\src\ViceSharp.Xbox\bin\Release\net10.0\ViceSharp.Xbox.dll
F:\GitHub\vice-sharp\src\ViceSharp.Xbox\bin\Release\net10.0\ViceSharp.Xbox.exe
F:\GitHub\vice-sharp\src\ViceSharp.Xbox\bin\Release\net10.0\ViceSharp.Xbox.Input.dll
F:\GitHub\vice-sharp\src\ViceSharp.Xbox\bin\Release\net10.0\ViceSharp.Xbox.Input.pdb
F:\GitHub\vice-sharp\src\ViceSharp.Xbox\bin\Release\net10.0\ViceSharp.Xbox.pdb
F:\GitHub\vice-sharp\src\ViceSharp.Xbox\bin\Release\net10.0\ViceSharp.Xbox.runtimeconfig.json
F:\GitHub\vice-sharp\src\ViceSharp.Xbox\bin\Release\net10.0\ViceSharp.Xbox.ViewModels.dll
F:\GitHub\vice-sharp\src\ViceSharp.Xbox\bin\Release\net10.0\ViceSharp.Xbox.ViewModels.pdb
F:\GitHub\vice-sharp\src\ViceSharp.Xbox\bin\x64\Release-UWP\net10.0-windows10.0.26100.0\win-x64\ViceSharp.Abstractions.
F:\GitHub\vice-sharp\src\ViceSharp.Xbox\bin\x64\Release-UWP\net10.0-windows10.0.26100.0\win-x64\ViceSharp.Abstractions.
F:\GitHub\vice-sharp\src\ViceSharp.Xbox\bin\x64\Release-UWP\net10.0-windows10.0.26100.0\win-x64\ViceSharp.Architecture.
F:\GitHub\vice-sharp\src\ViceSharp.Xbox\bin\x64\Release-UWP\net10.0-windows10.0.26100.0\win-x64\ViceSharp.Architecture.
F:\GitHub\vice-sharp\src\ViceSharp.Xbox\bin\x64\Release-UWP\net10.0-windows10.0.26100.0\win-x64\ViceSharp.Chips.dll
F:\GitHub\vice-sharp\src\ViceSharp.Xbox\bin\x64\Release-UWP\net10.0-windows10.0.26100.0\win-x64\ViceSharp.Chips.pdb
F:\GitHub\vice-sharp\src\ViceSharp.Xbox\bin\x64\Release-UWP\net10.0-windows10.0.26100.0\win-x64\ViceSharp.Core.dll
F:\GitHub\vice-sharp\src\ViceSharp.Xbox\bin\x64\Release-UWP\net10.0-windows10.0.26100.0\win-x64\ViceSharp.Core.pdb
F:\GitHub\vice-sharp\src\ViceSharp.Xbox\bin\x64\Release-UWP\net10.0-windows10.0.26100.0\win-x64\ViceSharp.Host.InProce.
F:\GitHub\vice-sharp\src\ViceSharp.Xbox\bin\x64\Release-UWP\net10.0-windows10.0.26100.0\win-x64\ViceSharp.Host.InProce.
F:\GitHub\vice-sharp\src\ViceSharp.Xbox\bin\x64\Release-UWP\net10.0-windows10.0.26100.0\win-x64\ViceSharp.Library.View.
F:\GitHub\vice-sharp\src\ViceSharp.Xbox\bin\x64\Release-UWP\net10.0-windows10.0.26100.0\win-x64\ViceSharp.Library.View.
F:\GitHub\vice-sharp\src\ViceSharp.Xbox\bin\x64\Release-UWP\net10.0-windows10.0.26100.0\win-x64\ViceSharp.Monitor.dll
F:\GitHub\vice-sharp\src\ViceSharp.Xbox\bin\x64\Release-UWP\net10.0-windows10.0.26100.0\win-x64\ViceSharp.Monitor.pdb
F:\GitHub\vice-sharp\src\ViceSharp.Xbox\bin\x64\Release-UWP\net10.0-windows10.0.26100.0\win-x64\ViceSharp.Protocol.dll
F:\GitHub\vice-sharp\src\ViceSharp.Xbox\bin\x64\Release-UWP\net10.0-windows10.0.26100.0\win-x64\ViceSharp.Protocol.pdb
F:\GitHub\vice-sharp\src\ViceSharp.Xbox\bin\x64\Release-UWP\net10.0-windows10.0.26100.0\win-x64\ViceSharp.RomFetch.dll
F:\GitHub\vice-sharp\src\ViceSharp.Xbox\bin\x64\Release-UWP\net10.0-windows10.0.26100.0\win-x64\ViceSharp.RomFetch.pdb
F:\GitHub\vice-sharp\src\ViceSharp.Xbox\bin\x64\Release-UWP\net10.0-windows10.0.26100.0\win-x64\ViceSharp.RomM.dll
F:\GitHub\vice-sharp\src\ViceSharp.Xbox\bin\x64\Release-UWP\net10.0-windows10.0.26100.0\win-x64\ViceSharp.RomM.pdb
F:\GitHub\vice-sharp\src\ViceSharp.Xbox\bin\x64\Release-UWP\net10.0-windows10.0.26100.0\win-x64\ViceSharp.Xbox.build.a.
F:\GitHub\vice-sharp\src\ViceSharp.Xbox\bin\x64\Release-UWP\net10.0-windows10.0.26100.0\win-x64\ViceSharp.Xbox.deps.js.
F:\GitHub\vice-sharp\src\ViceSharp.Xbox\bin\x64\Release-UWP\net10.0-windows10.0.26100.0\win-x64\ViceSharp.Xbox.dll
F:\GitHub\vice-sharp\src\ViceSharp.Xbox\bin\x64\Release-UWP\net10.0-windows10.0.26100.0\win-x64\ViceSharp.Xbox.exe
F:\GitHub\vice-sharp\src\ViceSharp.Xbox\bin\x64\Release-UWP\net10.0-windows10.0.26100.0\win-x64\ViceSharp.Xbox.Input.d.
F:\GitHub\vice-sharp\src\ViceSharp.Xbox\bin\x64\Release-UWP\net10.0-windows10.0.26100.0\win-x64\ViceSharp.Xbox.Input.p.
F:\GitHub\vice-sharp\src\ViceSharp.Xbox\bin\x64\Release-UWP\net10.0-windows10.0.26100.0\win-x64\ViceSharp.Xbox.pdb
F:\GitHub\vice-sharp\src\ViceSharp.Xbox\bin\x64\Release-UWP\net10.0-windows10.0.26100.0\win-x64\ViceSharp.Xbox.runtime.
F:\GitHub\vice-sharp\src\ViceSharp.Xbox\bin\x64\Release-UWP\net10.0-windows10.0.26100.0\win-x64\ViceSharp.Xbox.ViewMod.
F:\GitHub\vice-sharp\src\ViceSharp.Xbox\bin\x64\Release-UWP\net10.0-windows10.0.26100.0\win-x64\ViceSharp.Xbox.ViewMod.
F:\GitHub\vice-sharp\src\ViceSharp.Xbox\bin\x64\Release-UWP\net10.0-windows10.0.26100.0\win-x64\Assets\vice-data
F:\GitHub\vice-sharp\src\ViceSharp.Xbox\bin\x64\Release-UWP\net10.0-windows10.0.26100.0\win-x64\Views\DeviceSetupPage..
F:\GitHub\vice-sharp\src\ViceSharp.Xbox\obj\ViceSharp.Xbox.csproj.nuget.dgspec.json
F:\GitHub\vice-sharp\src\ViceSharp.Xbox\obj\ViceSharp.Xbox.csproj.nuget.g.props
F:\GitHub\vice-sharp\src\ViceSharp.Xbox\obj\ViceSharp.Xbox.csproj.nuget.g.targets
F:\GitHub\vice-sharp\src\ViceSharp.Xbox\obj\Release\net10.0\ViceShar.B528508F.Up2Date
F:\GitHub\vice-sharp\src\ViceSharp.Xbox\obj\Release\net10.0\ViceSharp.Xbox.AssemblyInfo.cs
F:\GitHub\vice-sharp\src\ViceSharp.Xbox\obj\Release\net10.0\ViceSharp.Xbox.AssemblyInfoInputs.cache
F:\GitHub\vice-sharp\src\ViceSharp.Xbox\obj\Release\net10.0\ViceSharp.Xbox.assets.cache
F:\GitHub\vice-sharp\src\ViceSharp.Xbox\obj\Release\net10.0\ViceSharp.Xbox.csproj.AssemblyReference.cache
F:\GitHub\vice-sharp\src\ViceSharp.Xbox\obj\Release\net10.0\ViceSharp.Xbox.csproj.CoreCompileInputs.cache
F:\GitHub\vice-sharp\src\ViceSharp.Xbox\obj\Release\net10.0\ViceSharp.Xbox.csproj.FileListAbsolute.txt
F:\GitHub\vice-sharp\src\ViceSharp.Xbox\obj\Release\net10.0\ViceSharp.Xbox.dll
F:\GitHub\vice-sharp\src\ViceSharp.Xbox\obj\Release\net10.0\ViceSharp.Xbox.GeneratedMSBuildEditorConfig.editorconfig
F:\GitHub\vice-sharp\src\ViceSharp.Xbox\obj\Release\net10.0\ViceSharp.Xbox.genruntimeconfig.cache
F:\GitHub\vice-sharp\src\ViceSharp.Xbox\obj\Release\net10.0\ViceSharp.Xbox.GlobalUsings.g.cs
F:\GitHub\vice-sharp\src\ViceSharp.Xbox\obj\Release\net10.0\ViceSharp.Xbox.pdb
F:\GitHub\vice-sharp\src\ViceSharp.Xbox\obj\Release\net10.0\ViceSharp.Xbox.sourcelink.json
F:\GitHub\vice-sharp\src\ViceSharp.Xbox\obj\Release\net10.0\ref\ViceSharp.Xbox.dll
F:\GitHub\vice-sharp\src\ViceSharp.Xbox\obj\Release\net10.0\refint\ViceSharp.Xbox.dll
F:\GitHub\vice-sharp\src\ViceSharp.Xbox\obj\Release\net10.0-windows10.0.26100.0\ViceSharp.Xbox.csproj.FileListAbsolute.
F:\GitHub\vice-sharp\src\ViceSharp.Xbox\obj\Release\net10.0-windows10.0.26100.0\ViceSharp.Xbox.GlobalUsings.g.cs
F:\GitHub\vice-sharp\src\ViceSharp.Xbox\obj\x64\Release-UWP\net10.0-windows10.0.26100.0\win-x64\ViceShar.B528508F.Up2D.
F:\GitHub\vice-sharp\src\ViceSharp.Xbox\obj\x64\Release-UWP\net10.0-windows10.0.26100.0\win-x64\ViceSharp.Xbox.Assembl.
F:\GitHub\vice-sharp\src\ViceSharp.Xbox\obj\x64\Release-UWP\net10.0-windows10.0.26100.0\win-x64\ViceSharp.Xbox.Assembl.
F:\GitHub\vice-sharp\src\ViceSharp.Xbox\obj\x64\Release-UWP\net10.0-windows10.0.26100.0\win-x64\ViceSharp.Xbox.assets..
F:\GitHub\vice-sharp\src\ViceSharp.Xbox\obj\x64\Release-UWP\net10.0-windows10.0.26100.0\win-x64\ViceSharp.Xbox.csproj..
F:\GitHub\vice-sharp\src\ViceSharp.Xbox\obj\x64\Release-UWP\net10.0-windows10.0.26100.0\win-x64\ViceSharp.Xbox.csproj..
F:\GitHub\vice-sharp\src\ViceSharp.Xbox\obj\x64\Release-UWP\net10.0-windows10.0.26100.0\win-x64\ViceSharp.Xbox.csproj..
F:\GitHub\vice-sharp\src\ViceSharp.Xbox\obj\x64\Release-UWP\net10.0-windows10.0.26100.0\win-x64\ViceSharp.Xbox.deps.js.
F:\GitHub\vice-sharp\src\ViceSharp.Xbox\obj\x64\Release-UWP\net10.0-windows10.0.26100.0\win-x64\ViceSharp.Xbox.dll
F:\GitHub\vice-sharp\src\ViceSharp.Xbox\obj\x64\Release-UWP\net10.0-windows10.0.26100.0\win-x64\ViceSharp.Xbox.Generat.
F:\GitHub\vice-sharp\src\ViceSharp.Xbox\obj\x64\Release-UWP\net10.0-windows10.0.26100.0\win-x64\ViceSharp.Xbox.genpubl.
F:\GitHub\vice-sharp\src\ViceSharp.Xbox\obj\x64\Release-UWP\net10.0-windows10.0.26100.0\win-x64\ViceSharp.Xbox.genrunt.
F:\GitHub\vice-sharp\src\ViceSharp.Xbox\obj\x64\Release-UWP\net10.0-windows10.0.26100.0\win-x64\ViceSharp.Xbox.GlobalU.
F:\GitHub\vice-sharp\src\ViceSharp.Xbox\obj\x64\Release-UWP\net10.0-windows10.0.26100.0\win-x64\ViceSharp.Xbox.pdb
F:\GitHub\vice-sharp\src\ViceSharp.Xbox\obj\x64\Release-UWP\net10.0-windows10.0.26100.0\win-x64\ViceSharp.Xbox.sourcel.
F:\GitHub\vice-sharp\src\ViceSharp.Xbox\obj\x64\Release-UWP\net10.0-windows10.0.26100.0\win-x64\embed\Views\DeviceSetu.
F:\GitHub\vice-sharp\src\ViceSharp.Xbox\obj\x64\Release-UWP\net10.0-windows10.0.26100.0\win-x64\intermediatexaml\ViceS.
F:\GitHub\vice-sharp\src\ViceSharp.Xbox\obj\x64\Release-UWP\net10.0-windows10.0.26100.0\win-x64\ref\ViceSharp.Xbox.dll
F:\GitHub\vice-sharp\src\ViceSharp.Xbox\obj\x64\Release-UWP\net10.0-windows10.0.26100.0\win-x64\refint\ViceSharp.Xbox..
F:\GitHub\vice-sharp\src\ViceSharp.Xbox\obj\x64\Release-UWP\net10.0-windows10.0.26100.0\win-x64\Views\DeviceSetupPage..
F:\GitHub\vice-sharp\src\ViceSharp.Xbox\obj\x64\Release-UWP\net10.0-windows10.0.26100.0\win-x64\Views\DeviceSetupPage..
F:\GitHub\vice-sharp\src\ViceSharp.Xbox\obj\x64\Release-UWP\net10.0-windows10.0.26100.0\win-x64\Views\DeviceSetupPage..
F:\GitHub\vice-sharp\src\ViceSharp.Xbox\obj\x64\Release-UWP\net10.0-windows10.0.26100.0\win-x64\Views\DeviceSetupPage..
F:\GitHub\vice-sharp\src\ViceSharp.Xbox\Views\DeviceSetupPage.xaml
F:\GitHub\vice-sharp\src\ViceSharp.Xbox\Views\DeviceSetupPage.xaml.cs
F:\GitHub\vice-sharp\src\ViceSharp.Xbox\Assets\Cartridges
F:\GitHub\vice-sharp\src\ViceSharp.Xbox\Assets\Fonts
F:\GitHub\vice-sharp\src\ViceSharp.Xbox\Assets\vice-data
F:\GitHub\vice-sharp\src\ViceSharp.Xbox\Assets\SplashScreen.png
F:\GitHub\vice-sharp\src\ViceSharp.Xbox\Assets\Square150x150Logo.png
F:\GitHub\vice-sharp\src\ViceSharp.Xbox\Assets\Square44x44Logo.png
F:\GitHub\vice-sharp\src\ViceSharp.Xbox\Assets\StoreLogo.png
F:\GitHub\vice-sharp\src\ViceSharp.Xbox\Assets\Wide310x150Logo.png
F:\GitHub\vice-sharp\src\ViceSharp.Xbox\Assets\Cartridges\sblox.CRT
F:\GitHub\vice-sharp\src\ViceSharp.Xbox\Assets\Fonts\PetMe-FreeLicense.txt
F:\GitHub\vice-sharp\src\ViceSharp.Xbox\Assets\Fonts\PetMe64.ttf
F:\GitHub\vice-sharp\src\ViceSharp.Xbox\Assets\vice-data\C64
F:\GitHub\vice-sharp\src\ViceSharp.Xbox\Assets\vice-data\C64\gtk3_keyrah_de.vkm
F:\GitHub\vice-sharp\src\ViceSharp.Xbox\Assets\vice-data\C64\gtk3_keyrah.vkm
F:\GitHub\vice-sharp\src\ViceSharp.Xbox\Assets\vice-data\C64\gtk3_pos_bmc64.vkm
F:\GitHub\vice-sharp\src\ViceSharp.Xbox\Assets\vice-data\C64\gtk3_pos_de.vkm
F:\GitHub\vice-sharp\src\ViceSharp.Xbox\Assets\vice-data\C64\gtk3_pos_es.vkm
F:\GitHub\vice-sharp\src\ViceSharp.Xbox\Assets\vice-data\C64\gtk3_pos_it.vkm
F:\GitHub\vice-sharp\src\ViceSharp.Xbox\Assets\vice-data\C64\gtk3_pos_se.vkm
F:\GitHub\vice-sharp\src\ViceSharp.Xbox\Assets\vice-data\C64\gtk3_pos_tr.vkm
F:\GitHub\vice-sharp\src\ViceSharp.Xbox\Assets\vice-data\C64\gtk3_pos_uk.vkm
F:\GitHub\vice-sharp\src\ViceSharp.Xbox\Assets\vice-data\C64\gtk3_pos.vkm
F:\GitHub\vice-sharp\src\ViceSharp.Xbox\Assets\vice-data\C64\gtk3_sym_be.vkm
F:\GitHub\vice-sharp\src\ViceSharp.Xbox\Assets\vice-data\C64\gtk3_sym_da.vkm
F:\GitHub\vice-sharp\src\ViceSharp.Xbox\Assets\vice-data\C64\gtk3_sym_de.vkm
F:\GitHub\vice-sharp\src\ViceSharp.Xbox\Assets\vice-data\C64\gtk3_sym_fr.vkm
F:\GitHub\vice-sharp\src\ViceSharp.Xbox\Assets\vice-data\C64\gtk3_sym_it.vkm
F:\GitHub\vice-sharp\src\ViceSharp.Xbox\Assets\vice-data\C64\gtk3_sym_nl.vkm
F:\GitHub\vice-sharp\src\ViceSharp.Xbox\Assets\vice-data\C64\gtk3_sym_se.vkm
F:\GitHub\vice-sharp\src\ViceSharp.Xbox\Assets\vice-data\C64\gtk3_sym_tr.vkm
F:\GitHub\vice-sharp\src\ViceSharp.Xbox\Assets\vice-data\C64\gtk3_sym_uk.vkm
F:\GitHub\vice-sharp\src\ViceSharp.Xbox\Assets\vice-data\C64\gtk3_sym.vkm
F:\GitHub\vice-sharp\src\ViceSharp.Xbox\Assets\vice-data\C64\gtk3_the64_de.vkm
F:\GitHub\vice-sharp\src\ViceSharp.Xbox\Assets\vice-data\C64\sdl_c64p.vkm
F:\GitHub\vice-sharp\src\ViceSharp.Xbox\Assets\vice-data\C64\sdl_keyrah_combian.vkm
F:\GitHub\vice-sharp\src\ViceSharp.Xbox\Assets\vice-data\C64\sdl_keyrah_de.vkm
F:\GitHub\vice-sharp\src\ViceSharp.Xbox\Assets\vice-data\C64\sdl_keyrah_retropie_de.vkm
F:\GitHub\vice-sharp\src\ViceSharp.Xbox\Assets\vice-data\C64\sdl_keyrah_retropie.vkm
F:\GitHub\vice-sharp\src\ViceSharp.Xbox\Assets\vice-data\C64\sdl_keyrah.vkm
F:\GitHub\vice-sharp\src\ViceSharp.Xbox\Assets\vice-data\C64\sdl_pos_ch.vkm







