
docs\10s-lockstep-2026-08-06.log:29:   DIV first=3533371 matchedCycles=3533370 budget=11084050
docs\10s-lockstep-2026-08-06.log:30:c=3533360 nPC=$EABE mPC=$EABE nA=$96 mA=$96 nX=$91 mX=$91 nY=$00 mY=$00 nS=$EB 
mS=$EB nP=$A4 mP=$A4 dbgCyc=0 op=$85 trail=1 nonOvlR=False nonOvlF=False dly=False stg=False irq=0 mis=False
docs\10s-lockstep-2026-08-06.log:31:c=3533361 nPC=$EABE mPC=$EABE nA=$96 mA=$96 nX=$91 mX=$91 nY=$00 mY=$00 nS=$EB 
mS=$EB nP=$A4 mP=$A4 dbgCyc=5 op=$60 trail=1 nonOvlR=False nonOvlF=False dly=False stg=False irq=0 mis=False
docs\10s-lockstep-2026-08-06.log:32:c=3533362 nPC=$EABE mPC=$EABE nA=$96 mA=$96 nX=$91 mX=$91 nY=$00 mY=$00 nS=$EB 
mS=$EB nP=$A4 mP=$A4 dbgCyc=4 op=$60 trail=1 nonOvlR=False nonOvlF=False dly=False stg=False irq=0 mis=False
docs\10s-lockstep-2026-08-06.log:33:c=3533363 nPC=$EABE mPC=$EABE nA=$96 mA=$96 nX=$91 mX=$91 nY=$00 mY=$00 nS=$EB 
mS=$EB nP=$A4 mP=$A4 dbgCyc=3 op=$60 trail=1 nonOvlR=False nonOvlF=False dly=False stg=False irq=0 mis=False
docs\10s-lockstep-2026-08-06.log:34:c=3533364 nPC=$EABE mPC=$EABE nA=$96 mA=$96 nX=$91 mX=$91 nY=$00 mY=$00 nS=$EC 
mS=$EC nP=$A4 mP=$A4 dbgCyc=2 op=$60 trail=1 nonOvlR=False nonOvlF=False dly=False stg=False irq=0 mis=False
docs\10s-lockstep-2026-08-06.log:35:c=3533365 nPC=$EABE mPC=$EABE nA=$96 mA=$96 nX=$91 mX=$91 nY=$00 mY=$00 nS=$ED 
mS=$ED nP=$A4 mP=$A4 dbgCyc=1 op=$60 trail=1 nonOvlR=False nonOvlF=False dly=False stg=False irq=0 mis=False
docs\10s-lockstep-2026-08-06.log:36:c=3533366 nPC=$EABE mPC=$EABE nA=$96 mA=$96 nX=$91 mX=$91 nY=$00 mY=$00 nS=$ED 
mS=$ED nP=$A4 mP=$A4 dbgCyc=0 op=$60 trail=1 nonOvlR=False nonOvlF=False dly=True stg=False irq=0 mis=False
docs\10s-lockstep-2026-08-06.log:37:c=3533367 nPC=$EAE0 mPC=$EAE0 nA=$96 mA=$96 nX=$91 mX=$91 nY=$00 mY=$00 nS=$ED 
mS=$ED nP=$A4 mP=$A4 dbgCyc=0 op=$60 trail=1 nonOvlR=False nonOvlF=False dly=False stg=False irq=0 mis=False
docs\10s-lockstep-2026-08-06.log:38:c=3533368 nPC=$EAE0 mPC=$EAE0 nA=$96 mA=$96 nX=$91 mX=$91 nY=$00 mY=$00 nS=$ED 
mS=$ED nP=$A4 mP=$A4 dbgCyc=4 op=$B1 trail=1 nonOvlR=False nonOvlF=False dly=False stg=False irq=0 mis=False
docs\10s-lockstep-2026-08-06.log:39:c=3533369 nPC=$EAE0 mPC=$EAE0 nA=$96 mA=$96 nX=$91 mX=$91 nY=$00 mY=$00 nS=$ED 
mS=$ED nP=$A4 mP=$A4 dbgCyc=3 op=$B1 trail=1 nonOvlR=False nonOvlF=False dly=False stg=False irq=0 mis=False
docs\10s-lockstep-2026-08-06.log:40:c=3533370 nPC=$EAE0 mPC=$EAE0 nA=$96 mA=$96 nX=$91 mX=$91 nY=$00 mY=$00 nS=$ED 
mS=$ED nP=$A4 mP=$A4 dbgCyc=2 op=$B1 trail=1 nonOvlR=False nonOvlF=False dly=False stg=False irq=0 mis=False
docs\10s-lockstep-2026-08-06.log:41:c=3533371 nPC=$EAE0 mPC=$EAE0 nA=$91 mA=$01 nX=$91 mX=$91 nY=$00 mY=$00 nS=$ED 
mS=$ED nP=$A4 mP=$A4 dbgCyc=1 op=$B1 trail=1 nonOvlR=False nonOvlF=False dly=False stg=True irq=0 mis=True
docs\10s-lockstep-2026-08-06.log:42:bus: m$C1=$00 m$C2=$20 n$C1=$00 n$C2=$20 m$C3=$6D m$C4=$FD n$C3=$6D n$C4=$FD 
m$0314=$BF n$0314=$BF
docs\10s-lockstep-2026-08-06.log:43:irqdiag: nLastOp=0xB1 nDelays=False nPend=0x2 nIrqClk=3533202 nClk=3533377 
mDelays=False mBound=False mIrqSeq=0
docs\10s-lockstep-2026-08-06.log:44:indy: zp=$F3 mPtr=$966E nPtr=$966E mEff=$966E=$21 nEff=$966E=$91 mVBus=$20 
mRast=157 mCycLine=56 mFetch=3 mBuf=20 n$9000=$0C m$9000=$0C n$9001=$26 m$9001=$26 n$9002=$96 m$9002=$96 n$9003=$AE 
n$9004=$4E m$9003=$AE m$9004=$4E
  ViceSharp.Architectures -> F:\GitHub\vice-sharp\src\ViceSharp.Architectures\bin\Release\net10.0\ViceSharp.Architectures.dll
  ViceSharp.AdhocHelper -> F:\GitHub\vice-sharp\src\ViceSharp.AdhocHelper\bin\Release\net10.0\ViceSharp.AdhocHelper.dll
  ViceSharp.Benchmarks -> F:\GitHub\vice-sharp\tests\ViceSharp.Benchmarks\bin\Release\net10.0\ViceSharp.Benchmarks.dll
  ViceSharp.Launcher -> F:\GitHub\vice-sharp\src\ViceSharp.Launcher\bin\Release\net10.0\ViceSharp.Launcher.dll
  ViceSharp.Host.InProcess -> F:\GitHub\vice-sharp\src\ViceSharp.Host.InProcess\bin\Release\net10.0\ViceSharp.Host.InProcess.dll
  ViceSharp.Xbox -> F:\GitHub\vice-sharp\src\ViceSharp.Xbox\bin\Release\net10.0\ViceSharp.Xbox.dll
  ViceSharp.Console -> F:\GitHub\vice-sharp\src\ViceSharp.Console\bin\Release\net10.0\ViceSharp.Console.dll
  ViceSharp.Host -> F:\GitHub\vice-sharp\src\ViceSharp.Host\bin\Release\net10.0\ViceSharp.Host.dll
  ViceSharp.Avalonia -> F:\GitHub\vice-sharp\src\ViceSharp.Avalonia\bin\Release\net10.0\ViceSharp.Avalonia.dll
  ViceSharp.Host.MacOS -> F:\GitHub\vice-sharp\src\ViceSharp.Host.MacOS\bin\Release\net10.0\ViceSharp.Host.MacOS.dll
  ViceSharp.TestHarness -> F:\GitHub\vice-sharp\tests\ViceSharp.TestHarness\bin\Release\net10.0\ViceSharp.TestHarness.dll
Test run for F:\GitHub\vice-sharp\tests\ViceSharp.TestHarness\bin\Release\net10.0\ViceSharp.TestHarness.dll (.NETCoreApp,Version=v10.0)
A total of 1 test files matched the specified pattern.
[xUnit.net 00:00:12.02]     ViceSharp.TestHarness.Vic20.Vic20DivergeProbe.EveryCycle_CpuRegs_Match_TenSecondPal [FAIL]
  Failed ViceSharp.TestHarness.Vic20.Vic20DivergeProbe.EveryCycle_CpuRegs_Match_TenSecondPal [10 s]
  Error Message:
   DIV first=3533371 matchedCycles=3533370 budget=11084050
c=3533360 nPC=$EABE mPC=$EABE nA=$96 mA=$96 nX=$91 mX=$91 nY=$00 mY=$00 nS=$EB mS=$EB nP=$A4 mP=$A4 dbgCyc=0 op=$85 trail=1 nonOvlR=False nonOvlF=False dly=False stg=False irq=0 mis=False
c=3533361 nPC=$EABE mPC=$EABE nA=$96 mA=$96 nX=$91 mX=$91 nY=$00 mY=$00 nS=$EB mS=$EB nP=$A4 mP=$A4 dbgCyc=5 op=$60 trail=1 nonOvlR=False nonOvlF=False dly=False stg=False irq=0 mis=False
c=3533362 nPC=$EABE mPC=$EABE nA=$96 mA=$96 nX=$91 mX=$91 nY=$00 mY=$00 nS=$EB mS=$EB nP=$A4 mP=$A4 dbgCyc=4 op=$60 trail=1 nonOvlR=False nonOvlF=False dly=False stg=False irq=0 mis=False
c=3533363 nPC=$EABE mPC=$EABE nA=$96 mA=$96 nX=$91 mX=$91 nY=$00 mY=$00 nS=$EB mS=$EB nP=$A4 mP=$A4 dbgCyc=3 op=$60 trail=1 nonOvlR=False nonOvlF=False dly=False stg=False irq=0 mis=False
c=3533364 nPC=$EABE mPC=$EABE nA=$96 mA=$96 nX=$91 mX=$91 nY=$00 mY=$00 nS=$EC mS=$EC nP=$A4 mP=$A4 dbgCyc=2 op=$60 trail=1 nonOvlR=False nonOvlF=False dly=False stg=False irq=0 mis=False
c=3533365 nPC=$EABE mPC=$EABE nA=$96 mA=$96 nX=$91 mX=$91 nY=$00 mY=$00 nS=$ED mS=$ED nP=$A4 mP=$A4 dbgCyc=1 op=$60 trail=1 nonOvlR=False nonOvlF=False dly=False stg=False irq=0 mis=False
c=3533366 nPC=$EABE mPC=$EABE nA=$96 mA=$96 nX=$91 mX=$91 nY=$00 mY=$00 nS=$ED mS=$ED nP=$A4 mP=$A4 dbgCyc=0 op=$60 trail=1 nonOvlR=False nonOvlF=False dly=True stg=False irq=0 mis=False
c=3533367 nPC=$EAE0 mPC=$EAE0 nA=$96 mA=$96 nX=$91 mX=$91 nY=$00 mY=$00 nS=$ED mS=$ED nP=$A4 mP=$A4 dbgCyc=0 op=$60 trail=1 nonOvlR=False nonOvlF=False dly=False stg=False irq=0 mis=False
c=3533368 nPC=$EAE0 mPC=$EAE0 nA=$96 mA=$96 nX=$91 mX=$91 nY=$00 mY=$00 nS=$ED mS=$ED nP=$A4 mP=$A4 dbgCyc=4 op=$B1 trail=1 nonOvlR=False nonOvlF=False dly=False stg=False irq=0 mis=False
c=3533369 nPC=$EAE0 mPC=$EAE0 nA=$96 mA=$96 nX=$91 mX=$91 nY=$00 mY=$00 nS=$ED mS=$ED nP=$A4 mP=$A4 dbgCyc=3 op=$B1 trail=1 nonOvlR=False nonOvlF=False dly=False stg=False irq=0 mis=False
c=3533370 nPC=$EAE0 mPC=$EAE0 nA=$96 mA=$96 nX=$91 mX=$91 nY=$00 mY=$00 nS=$ED mS=$ED nP=$A4 mP=$A4 dbgCyc=2 op=$B1 trail=1 nonOvlR=False nonOvlF=False dly=False stg=False irq=0 mis=False
c=3533371 nPC=$EAE0 mPC=$EAE0 nA=$91 mA=$01 nX=$91 mX=$91 nY=$00 mY=$00 nS=$ED mS=$ED nP=$A4 mP=$A4 dbgCyc=1 op=$B1 trail=1 nonOvlR=False nonOvlF=False dly=False stg=True irq=0 mis=True
bus: m$C1=$00 m$C2=$20 n$C1=$00 n$C2=$20 m$C3=$6D m$C4=$FD n$C3=$6D n$C4=$FD m$0314=$BF n$0314=$BF
irqdiag: nLastOp=0xB1 nDelays=False nPend=0x2 nIrqClk=3533202 nClk=3533377 mDelays=False mBound=False mIrqSeq=0
indy: zp=$F3 mPtr=$966E nPtr=$966E mEff=$966E=$21 nEff=$966E=$91 mVBus=$20 mRast=157 mCycLine=56 mFetch=3 mBuf=20 n$9000=$0C m$9000=$0C n$9001=$26 m$9001=$26 n$9002=$96 m$9002=$96 n$9003=$AE n$9004=$4E m$9003=$AE m$9004=$4E

  Stack Trace:
     at ViceSharp.TestHarness.Vic20.Vic20DivergeProbe.RunEveryCycle(Int32 budget) in F:\GitHub\vice-sharp\tests\ViceSharp.TestHarness\Vic20\Vic20DivergeProbe.cs:line 197
   at ViceSharp.TestHarness.Vic20.Vic20DivergeProbe.EveryCycle_CpuRegs_Match_TenSecondPal() in F:\GitHub\vice-sharp\tests\ViceSharp.TestHarness\Vic20\Vic20DivergeProbe.cs:line 68
   at System.Reflection.MethodBaseInvoker.InterpretedInvoke_Method(Object obj, IntPtr* args)
   at System.Reflection.MethodBaseInvoker.InvokeWithNoArgs(Object obj, BindingFlags invokeAttr)

Failed!  - Failed:     1, Passed:     0, Skipped:     0, Total:     1, Duration: 10 s - ViceSharp.TestHarness.dll (net10.0)

