{"openapi":"3.1.0","info":{"title":"RomM API","version":"5.0.0"},"paths":{"/api/heartbeat":{"get":{"tags":["system"],"summary":"Heartbeat","description":"Endpoint to set the CSRF token in cache and return all the basic RomM config\n\nReturns:\n    HeartbeatReturn: TypedDict structure with all the defined values in the HeartbeatReturn class.","operationId":"heartbeat_api_heartbeat_get","responses":{"200":{"description":"Successful Response","content":{"application/json":{"schema":{"$ref":"#/compo
=== limit=5&platform_ids=4&order_by=name&order_dir=asc&group_by=name === total=6772 items=5 keys=items,total,limit,offset,char_index,rom_id_index,filter_values
  12 .gb64-import-state
  8 '04 Lucky Poker Game, The
  9 'Twas the Night Before Christmas
=== limit=5&platform_ids=4&order_by=name&order_dir=asc&group_by=true === total=6772 items=5 keys=items,total,limit,offset,char_index,rom_id_index,filter_values
  12 .gb64-import-state
  8 '04 Lucky Poker Game, The
  9 'Twas the Night Before Christmas
=== limit=5&platform_ids=4&matched=true === total=6598 items=5 keys=items,total,limit,offset,char_index,rom_id_index,filter_values
  8 '04 Lucky Poker Game, The
  9 'Twas the Night Before Christmas
  1 #2 v abc
Simple: Id
Simple: Name
Simple: FsName
Simple: FsPath
Simple: PlatformId
Simple: PlatformSlug
Simple: PlatformFsSlug
Simple: PlatformDisplayName
Simple: FsSizeBytes
Simple: ExtensionData
Detailed: Summary
Detailed: Slug
Detailed: Id
Detailed: Name
Detailed: FsName
Detailed: FsPath
Detailed: PlatformId
Detailed: PlatformSlug
Detailed: PlatformFsSlug
Detailed: PlatformDisplayName
Detailed: FsSizeBytes
Detailed: ExtensionData
