08:17:39 [DBG] F:\GitHub\vice-sharp\src\ViceSharp.Xbox\Views\AboutPage.xaml(21,28): XamlCompiler warning WMC1506: OneWay bindings require at least one of their steps to support raising notifications when their value changes [F:\GitHub\vice-sharp\src\ViceSharp.Xbox\ViceSharp.Xbox.csproj]
08:17:39 [DBG] F:\GitHub\vice-sharp\src\ViceSharp.Xbox\Views\HomePage.xaml(33,21): XamlCompiler warning WMC1506: OneWay bindings require at least one of their steps to support raising notifications when their value changes [F:\GitHub\vice-sharp\src\ViceSharp.Xbox\ViceSharp.Xbox.csproj]
08:17:41 [DBG]   ViceSharp.Xbox -> F:\GitHub\vice-sharp\src\ViceSharp.Xbox\bin\x64\Release-UWP\net10.0-windows10.0.26100.0\win-x64\ViceSharp.Xbox.dll
08:17:41 [INF] > C:\Windows\System32\WindowsPowerShell\v1.0\powershell.exe -NoProfile -NonInteractive -Command ""(Get-AppxPackage -Name 'sharpninja.ViceSharp.Xbox').InstallLocation""
08:17:43 [INF] > C:\Windows\System32\Robocopy.exe "F:\GitHub\vice-sharp\src\ViceSharp.Xbox\bin\x64\Release-UWP\net10.0-windows10.0.26100.0\win-x64" "C:\Users\kingd\AppData\Local\ViceSharp.Xbox.AppXLayout" /S /XF AppxManifest.xml /XD AppX /NJH /NJS /NDL /NFL /NP
08:17:43 [DBG] 
08:17:43 [INF] Deployed Release-UWP build into the registered layout: C:\Users\kingd\AppData\Local\ViceSharp.Xbox.AppXLayout
08:17:43 [INF] > C:\Windows\System32\WindowsPowerShell\v1.0\powershell.exe -NoProfile -NonInteractive -Command ""(Get-AppxPackage -Name 'sharpninja.ViceSharp.Xbox').PackageFamilyName""
08:17:44 [INF] > C:\Windows\System32\WindowsPowerShell\v1.0\powershell.exe -NoProfile -NonInteractive -Command ""Start-Process 'shell:AppsFolder\sharpninja.ViceSharp.Xbox_wbxy578d68v3y!App'""
08:17:44 [INF] Launched sharpninja.ViceSharp.Xbox_wbxy578d68v3y. Log: %LOCALAPPDATA%\Packages\sharpninja.ViceSharp.Xbox_wbxy578d68v3y\LocalState\vicesharp.log
​
═══════════════════════════════════════
Target             Status      Duration
───────────────────────────────────────
DeployXboxLocal    Succeeded       0:25
───────────────────────────────────────
Total                              0:25
═══════════════════════════════════════
​
Build succeeded on 8/7/2026 8:17:44 AM. ＼（＾ᴗ＾）／
