
Build succeeded.
    0 Warning(s)
    0 Error(s)

Time Elapsed 00:00:09.95
xvic vice_machine_step_cycle call=11 machine=000001c49e3a08a0
xvic cycle_checkpoint: granted=1 running=1 paused=0 stop=0
xvic vice_machine_step_cycle call=12 machine=000001c49e3a08a0
xvic cycle_checkpoint: granted=1 running=1 paused=0 stop=0
xvic vice_machine_step_cycle call=13 machine=000001c49e3a08a0
xvic cycle_checkpoint: granted=1 running=1 paused=0 stop=0
xvic vice_machine_step_cycle call=14 machine=000001c49e3a08a0
xvic cycle_checkpoint: granted=1 running=1 paused=0 stop=0
xvic vice_machine_step_cycle call=15 machine=000001c49e3a08a0
xvic cycle_checkpoint: granted=1 running=1 paused=0 stop=0
xvic vice_machine_step_cycle call=16 machine=000001c49e3a08a0
xvic cycle_checkpoint: granted=1 running=1 paused=0 stop=0
xvic vice_machine_create call=2 model=vic20
xvic vice_machine_reset call=2 machine=000001c49e3a06e0
  Passed ViceSharp.TestHarness.Vic20.Vic20DivergeProbe.EveryCycle_CpuRegs_Match_FocusedWindow [2 s]
xvic vice_machine_create call=3 model=vic20
xvic vice_machine_reset call=3 machine=000001c49e3a0950
[xUnit.net 00:00:06.30]   Finished:    ViceSharp.TestHarness (ID = 'ab71db7394e73a1adc1130e42fc74f059e0e20545bf7641bf1047ee89aadf982')
  Passed ViceSharp.TestHarness.Vic20.Vic20VideoLockstep.EveryCycle_VicI_VideoState_Match_2k [21 ms]
  Passed ViceSharp.TestHarness.Vic20.Vic20VideoLockstep.EveryCycle_VicI_VideoState_Match_FocusedWindow [1 s]

Test Run Successful.
Total tests: 3
     Passed: 3
 Total time: 6.9318 Seconds
EXIT=0
