  Determining projects to restore...
  All projects are up-to-date for restore.
  ViceSharp.Protocol -> F:\GitHub\vice-sharp\src\ViceSharp.Protocol\bin\Release\net10.0\ViceSharp.Protocol.dll
  ViceSharp.Abstractions -> F:\GitHub\vice-sharp\src\ViceSharp.Abstractions\bin\Release\net10.0\ViceSharp.Abstractions.dll
  ViceSharp.Library.ViewModels -> F:\GitHub\vice-sharp\src\ViceSharp.Library.ViewModels\bin\Release\net10.0\ViceSharp.Library.ViewModels.dll
  ViceSharp.RomM -> F:\GitHub\vice-sharp\src\ViceSharp.RomM\bin\Release\net10.0\ViceSharp.RomM.dll
  ViceSharp.RomFetch -> F:\GitHub\vice-sharp\src\ViceSharp.RomFetch\bin\Release\net10.0\ViceSharp.RomFetch.dll
  ViceSharp.Chips -> F:\GitHub\vice-sharp\src\ViceSharp.Chips\bin\Release\net10.0\ViceSharp.Chips.dll
  ViceSharp.Core -> F:\GitHub\vice-sharp\src\ViceSharp.Core\bin\Release\net10.0\ViceSharp.Core.dll
  ViceSharp.Monitor -> F:\GitHub\vice-sharp\src\ViceSharp.Monitor\bin\Release\net10.0\ViceSharp.Monitor.dll
  ViceSharp.Architectures -> F:\GitHub\vice-sharp\src\ViceSharp.Architectures\bin\Release\net10.0\ViceSharp.Architectures.dll
  ViceSharp.Host.InProcess -> F:\GitHub\vice-sharp\src\ViceSharp.Host.InProcess\bin\Release\net10.0\ViceSharp.Host.InProcess.dll
  ViceSharp.Host -> F:\GitHub\vice-sharp\src\ViceSharp.Host\bin\Release\net10.0\ViceSharp.Host.dll
F:\GitHub\vice-sharp\src\ViceSharp.Avalonia\Views\ListsView.cs(130,45): error CS0234: The type or namespace name 'Controls' does not exist in the namespace 'ViceSharp.Avalonia' (are you missing an assembly reference?) [F:\GitHub\vice-sharp\src\ViceSharp.Avalonia\ViceSharp.Avalonia.csproj]
F:\GitHub\vice-sharp\src\ViceSharp.Avalonia\Views\ListsView.cs(131,43): error CS0234: The type or namespace name 'Controls' does not exist in the namespace 'ViceSharp.Avalonia' (are you missing an assembly reference?) [F:\GitHub\vice-sharp\src\ViceSharp.Avalonia\ViceSharp.Avalonia.csproj]

Build FAILED.

F:\GitHub\vice-sharp\src\ViceSharp.Avalonia\Views\ListsView.cs(130,45): error CS0234: The type or namespace name 'Controls' does not exist in the namespace 'ViceSharp.Avalonia' (are you missing an assembly reference?) [F:\GitHub\vice-sharp\src\ViceSharp.Avalonia\ViceSharp.Avalonia.csproj]
F:\GitHub\vice-sharp\src\ViceSharp.Avalonia\Views\ListsView.cs(131,43): error CS0234: The type or namespace name 'Controls' does not exist in the namespace 'ViceSharp.Avalonia' (are you missing an assembly reference?) [F:\GitHub\vice-sharp\src\ViceSharp.Avalonia\ViceSharp.Avalonia.csproj]
    0 Warning(s)
    2 Error(s)

Time Elapsed 00:00:04.65
