size=1500x1410
y100 : x50=140,142,143 | x150=246,245,244 | x250=246,245,244 | x400=161,198,227 | x600=246,245,244 | x750=246,245,244 | x900=246,245,244 | x1050=246,245,244 | x1200=246,245,244 | x1350=246,245,244 | x1450=246,245,244
y200 : x50=70,227,224 | x150=70,227,224 | x250=70,227,224 | x400=70,227,224 | x600=70,227,224 | x750=70,227,224 | x900=70,227,224 | x1050=70,227,224 | x1200=70,227,224 | x1350=70,227,224 | x1450=70,227,224
y300 : x50=74,227,224 | x150=74,227,224 | x250=74,227,224 | x400=74,227,224 | x600=74,227,224 | x750=74,227,224 | x900=74,227,224 | x1050=74,227,224 | x1200=74,227,224 | x1350=74,227,224 | x1450=74,227,224
y400 : x50=70,227,224 | x150=70,227,224 | x250=136,136,195 | x400=241,241,241 | x600=78,70,160 | x750=241,241,241 | x900=186,180,199 | x1050=241,241,241 | x1200=241,241,241 | x1350=70,227,224 | x1450=70,227,224
y500 : x50=74,227,224 | x150=74,227,224 | x250=241,241,241 | x400=241,241,241 | x600=241,241,241 | x750=241,241,241 | x900=241,241,241 | x1050=241,241,241 | x1200=241,241,241 | x1350=74,227,224 | x1450=74,227,224
y600 : x50=70,227,224 | x150=70,227,224 | x250=241,241,241 | x400=241,241,241 | x600=241,241,241 | x750=241,241,241 | x900=241,241,241 | x1050=241,241,241 | x1200=241,241,241 | x1350=70,227,224 | x1450=70,227,224
y700 : x50=74,227,224 | x150=74,227,224 | x250=241,241,241 | x400=241,241,241 | x600=241,241,241 | x750=241,241,241 | x900=241,241,241 | x1050=241,241,241 | x1200=241,241,241 | x1350=74,227,224 | x1450=74,227,224
y800 : x50=82,250,249 | x150=82,250,249 | x250=252,252,252 | x400=252,252,252 | x600=252,252,252 | x750=252,252,252 | x900=252,252,252 | x1050=252,252,252 | x1200=252,252,252 | x1350=82,250,249 | x1450=82,250,249
y900 : x50=94,250,249 | x150=94,250,249 | x250=252,252,252 | x400=252,252,252 | x600=252,252,252 | x750=252,252,252 | x900=252,252,252 | x1050=252,252,252 | x1200=252,252,252 | x1350=94,250,249 | x1450=94,250,249
y1000 : x50=82,250,249 | x150=82,250,249 | x250=252,252,252 | x400=252,252,252 | x600=252,252,252 | x750=252,252,252 | x900=252,252,252 | x1050=252,252,252 | x1200=252,252,252 | x1350=82,250,249 | x1450=82,250,249
y1100 : x50=94,250,249 | x150=94,250,249 | x250=94,250,249 | x400=94,250,249 | x600=94,250,249 | x750=94,250,249 | x900=94,250,249 | x1050=94,250,249 | x1200=94,250,249 | x1350=94,250,249 | x1450=94,250,249
y1200 : x50=82,250,249 | x150=82,250,249 | x250=82,250,249 | x400=82,250,249 | x600=82,250,249 | x750=82,250,249 | x900=82,250,249 | x1050=82,250,249 | x1200=82,250,249 | x1350=82,250,249 | x1450=82,250,249
y1300 : x50=246,245,244 | x150=246,245,244 | x250=255,255,255 | x400=246,245,244 | x600=246,245,244 | x750=246,245,244 | x900=246,245,244 | x1050=246,245,244 | x1200=246,245,244 | x1350=246,245,244 | x1450=246,245,244
--- row 600 R profile every 20px ---
0:0 20:70 40:70 60:70 80:70 100:70 120:70 140:70 160:98 180:241 200:241 220:241 240:241 260:241 280:241 300:241 320:241 340:241 360:241 380:241 400:241 420:241 440:241 460:241 480:241 500:241 520:241 540:241 560:241 580:241 600:241 620:241 640:241 660:241 680:241 700:241 720:241 740:241 760:241 780:241 800:241 820:241 840:241 860:241 880:241 900:241 920:241 940:241 960:241 980:241 1000:241 1020:241 1040:241 1060:241 1080:241 1100:241 1120:241 1140:241 1160:241 1180:241 1200:241 1220:241 1240:241 1260:241 1280:241 1300:241 1320:241 1340:99 1360:70 1380:70 1400:70 1420:70 1440:70 1460:70 1480:70
--- paper edges by R>200 ---
y=350 firstR>200=164 last=1335  leftPxRGB=82,250,249 rightPxRGB=82,250,249
y=500 firstR>200=217 last=1333  leftPxRGB=74,227,224 rightPxRGB=74,227,224
y=700 firstR>200=166 last=1333  leftPxRGB=74,227,224 rightPxRGB=74,227,224
y=900 firstR>200=163 last=1335  leftPxRGB=94,250,249 rightPxRGB=94,250,249
y=1100 firstR>200=-1 last=-1  leftPxRGB=94,250,249 rightPxRGB=94,250,249
