
Name
----
accuracy-first-verify-sources.md
add-profile.grok.md
approve-before-execute.md
bring-the-receipts.md
lab-authorization.md
log-decisions-as-conclusions.md
never-skip-explicit-actions.md
no-attitude-honesty-tell.md
no-python-lab.md
no-shortcuts-precision-over-convenience.md
philosophical-dialogue-mode.md
PROFILE.md
session-turn-title-summary.md
user-payton-byrd.md
C%3A%5CUsers%5Ckingd%5C.grok%5Cworktrees%5Cgithub-mcpserver%5Csubagent-019fdca7-9e30-7ee3-95b4-865ae132cae5
C%3A%5CUsers%5Ckingd%5C.grok%5Cworktrees%5Cgithub-mcpserver%5Csubagent-019fdca7-9e31-7132-9518-81ccba581d1d
C%3A%5CUsers%5Ckingd%5C.grok%5Cworktrees%5Cgithub-mcpserver%5Csubagent-019fdca7-9e31-7132-9518-81defd9bdfe1
F%3A%5CGitHub%5CBBCrawler
F%3A%5CGitHub%5CEternalReddit

accuracy-first-verify-sources.md
add-profile.grok.md
approve-before-execute.md
bring-the-receipts.md
lab-authorization.md
log-decisions-as-conclusions.md
never-skip-explicit-actions.md
no-attitude-honesty-tell.md
no-python-lab.md
no-shortcuts-precision-over-convenience.md
philosophical-dialogue-mode.md
PROFILE.md
session-turn-title-summary.md
user-payton-byrd.md

