   443 native\vice\vice\src\vic20\vic.c
   391 native\vice\vice\src\vic20\vic-cycle.c
   205 native\vice\vice\src\vic20\vic-draw.c
   312 native\vice\vice\src\vic20\vic-mem.c
   261 native\vice\vice\src\vic20\vic-color.c
    64 native\vice\vice\src\vic20\vic-timing.h
   508 native\vice\vice\src\vic20\vic20sound.c
   630 native\vice\vice\src\vic20\vic20mem.c
   251 native\vice\vice\src\vic20\vic20via1.c
   226 native\vice\vice\src\vic20\vic20via2.c
   227 native\vice\vice\src\vic20\vic20iec.c
    77 native\vice\vice\src\vic20\vic20bus.c
   535 native\vice\vice\src\vic20\vic20io.c
   153 native\vice\vice\src\vic20\vic20cpu.c
   120 native\vice\vice\src\vic20\vic20model.c
    63 native\vice\vice\src\vic20\vic20datasette.c
    51 native\vice\vice\src\vic20\vic20rsuser.c
    55 native\vice\vice\src\vic20\vic20printer.c
   196 native\vice\vice\src\vic20\vic20drive.c
   520 src\ViceSharp.Chips\Vic\Mos6561.cs
    64 src\ViceSharp.Core\Vic20\Vic20SystemRam.cs
   270 src\ViceSharp.Core\Vic20\Vic20MemoryLayout.cs
