  Determining projects to restore...
  Restored F:\GitHub\vice-sharp\src\ViceSharp.RomFetch\ViceSharp.RomFetch.csproj (in 582 ms).
  Restored F:\GitHub\vice-sharp\src\ViceSharp.Xbox.ViewModels\ViceSharp.Xbox.ViewModels.csproj (in 582 ms).
  Restored F:\GitHub\vice-sharp\src\ViceSharp.Xbox.Input\ViceSharp.Xbox.Input.csproj (in 582 ms).
  Restored F:\GitHub\vice-sharp\src\ViceSharp.Library.ViewModels\ViceSharp.Library.ViewModels.csproj (in 581 ms).
  Restored F:\GitHub\vice-sharp\src\ViceSharp.Abstractions\ViceSharp.Abstractions.csproj (in 582 ms).
  Restored F:\GitHub\vice-sharp\src\ViceSharp.RomM\ViceSharp.RomM.csproj (in 582 ms).
  Restored F:\GitHub\vice-sharp\src\ViceSharp.Protocol\ViceSharp.Protocol.csproj (in 581 ms).
  Restored F:\GitHub\vice-sharp\src\ViceSharp.Chips\ViceSharp.Chips.csproj (in 583 ms).
  Restored F:\GitHub\vice-sharp\src\ViceSharp.Monitor\ViceSharp.Monitor.csproj (in 582 ms).
  Restored F:\GitHub\vice-sharp\src\ViceSharp.Architectures\ViceSharp.Architectures.csproj (in 583 ms).
  Restored F:\GitHub\vice-sharp\src\ViceSharp.Host.InProcess\ViceSharp.Host.InProcess.csproj (in 581 ms).
  Restored F:\GitHub\vice-sharp\src\ViceSharp.Core\ViceSharp.Core.csproj (in 582 ms).
  Restored F:\GitHub\vice-sharp\src\ViceSharp.Xbox\ViceSharp.Xbox.csproj (in 641 ms).

  Determining projects to restore...
  Restored F:\GitHub\vice-sharp\src\ViceSharp.Xbox\ViceSharp.Xbox.csproj (in 1.08 sec).
  12 of 13 projects are up-to-date for restore.
  ViceSharp.Abstractions -> F:\GitHub\vice-sharp\src\ViceSharp.Abstractions\bin\x64\Release-UWP\net10.0\ViceSharp.Abstractions.dll
  ViceSharp.Chips -> F:\GitHub\vice-sharp\src\ViceSharp.Chips\bin\x64\Release-UWP\net10.0\ViceSharp.Chips.dll
  ViceSharp.RomFetch -> F:\GitHub\vice-sharp\src\ViceSharp.RomFetch\bin\x64\Release-UWP\net10.0\ViceSharp.RomFetch.dll
  ViceSharp.Core -> F:\GitHub\vice-sharp\src\ViceSharp.Core\bin\x64\Release-UWP\net10.0\ViceSharp.Core.dll
  ViceSharp.Architectures -> F:\GitHub\vice-sharp\src\ViceSharp.Architectures\bin\x64\Release-UWP\net10.0\ViceSharp.Architectures.dll
  ViceSharp.Monitor -> F:\GitHub\vice-sharp\src\ViceSharp.Monitor\bin\x64\Release-UWP\net10.0\ViceSharp.Monitor.dll
  ViceSharp.Protocol -> F:\GitHub\vice-sharp\src\ViceSharp.Protocol\bin\x64\Release-UWP\net10.0\ViceSharp.Protocol.dll
  ViceSharp.Host.InProcess -> F:\GitHub\vice-sharp\src\ViceSharp.Host.InProcess\bin\x64\Release-UWP\net10.0\ViceSharp.Host.InProcess.dll
  ViceSharp.Xbox.Input -> F:\GitHub\vice-sharp\src\ViceSharp.Xbox.Input\bin\x64\Release-UWP\net10.0\ViceSharp.Xbox.Input.dll
  ViceSharp.Xbox.ViewModels -> F:\GitHub\vice-sharp\src\ViceSharp.Xbox.ViewModels\bin\x64\Release-UWP\net10.0\ViceSharp.Xbox.ViewModels.dll
  ViceSharp.Library.ViewModels -> F:\GitHub\vice-sharp\src\ViceSharp.Library.ViewModels\bin\x64\Release-UWP\net10.0\ViceSharp.Library.ViewModels.dll
  ViceSharp.RomM -> F:\GitHub\vice-sharp\src\ViceSharp.RomM\bin\x64\Release-UWP\net10.0\ViceSharp.RomM.dll
F:\GitHub\vice-sharp\src\ViceSharp.Xbox\Views\SettingsPage.xaml(32,18): XamlCompiler error WMC0001: Unknown type 'WrapPanel' in XML namespace 'http://schemas.microsoft.com/winfx/2006/xaml/presentation' [F:\GitHub\vice-sharp\src\ViceSharp.Xbox\ViceSharp.Xbox.csproj]
1
