
   DIV first=5032
c=5025 nPC=$FE98 mPC=$FE98 nA=$55 mA=$55 nX=$04 mX=$04 nY=$00 mY=$00 nS=$FB mS=$FB nP=$24 mP=$24 dbgCyc=2 op=$91 
bound=False trail=0 fullBr=False mis=False
c=5026 nPC=$FE98 mPC=$FE98 nA=$55 mA=$55 nX=$04 mX=$04 nY=$00 mY=$00 nS=$FB mS=$FB nP=$24 mP=$24 dbgCyc=1 op=$91 
bound=False trail=0 fullBr=False mis=False
c=5027 nPC=$FE98 mPC=$FE98 nA=$55 mA=$55 nX=$04 mX=$04 nY=$00 mY=$00 nS=$FB mS=$FB nP=$24 mP=$24 dbgCyc=0 op=$91 
bound=True trail=0 fullBr=False mis=False
c=5028 nPC=$FE98 mPC=$FE98 nA=$55 mA=$55 nX=$04 mX=$04 nY=$00 mY=$00 nS=$FB mS=$FB nP=$24 mP=$24 dbgCyc=4 op=$D1 
bound=False trail=4 fullBr=False mis=False
c=5029 nPC=$FE98 mPC=$FE98 nA=$55 mA=$55 nX=$04 mX=$04 nY=$00 mY=$00 nS=$FB mS=$FB nP=$24 mP=$24 dbgCyc=3 op=$D1 
bound=False trail=4 fullBr=False mis=False
c=5030 nPC=$FE98 mPC=$FE98 nA=$55 mA=$55 nX=$04 mX=$04 nY=$00 mY=$00 nS=$FB mS=$FB nP=$24 mP=$24 dbgCyc=2 op=$D1 
bound=False trail=4 fullBr=False mis=False
c=5031 nPC=$FE98 mPC=$FE98 nA=$55 mA=$55 nX=$04 mX=$04 nY=$00 mY=$00 nS=$FB mS=$FB nP=$24 mP=$24 dbgCyc=1 op=$D1 
bound=False trail=4 fullBr=False mis=False
c=5032 nPC=$FE98 mPC=$FE9A nA=$55 mA=$55 nX=$04 mX=$04 nY=$00 mY=$00 nS=$FB mS=$FB nP=$24 mP=$25 dbgCyc=0 op=$D1 
bound=True trail=4 fullBr=False mis=True
c=5033 nPC=$FE9A mPC=$FE9A nA=$55 mA=$55 nX=$04 mX=$04 nY=$00 mY=$00 nS=$FB mS=$FB nP=$25 mP=$25 dbgCyc=1 op=$D0 
bound=False trail=1 fullBr=False mis=False
c=5034 nPC=$FE9A mPC=$FE9C nA=$55 mA=$55 nX=$04 mX=$04 nY=$00 mY=$00 nS=$FB mS=$FB nP=$25 mP=$25 dbgCyc=0 op=$D0 
bound=False trail=1 fullBr=False mis=True
c=5035 nPC=$FE9C mPC=$FEA4 nA=$55 mA=$55 nX=$04 mX=$04 nY=$00 mY=$00 nS=$FB mS=$FB nP=$25 mP=$25 dbgCyc=1 op=$18 
bound=False trail=1 fullBr=False mis=True
c=5036 nPC=$FEA4 mPC=$FEA4 nA=$55 mA=$55 nX=$04 mX=$04 nY=$00 mY=$00 nS=$FB mS=$FB nP=$25 mP=$25 dbgCyc=0 op=$18 
bound=False trail=1 fullBr=False mis=False
c=5037 nPC=$FEA4 mPC=$FEA5 nA=$55 mA=$55 nX=$04 mX=$04 nY=$00 mY=$00 nS=$FB mS=$FB nP=$25 mP=$24 dbgCyc=0 op=$18 
bound=True trail=1 fullBr=False mis=True
c=5038 nPC=$FEA5 mPC=$FEA5 nA=$55 mA=$55 nX=$04 mX=$04 nY=$00 mY=$00 nS=$FB mS=$FB nP=$24 mP=$24 dbgCyc=1 op=$8A 
bound=False trail=1 fullBr=False mis=False
c=5039 nPC=$FEA5 mPC=$FEA6 nA=$55 mA=$04 nX=$04 mX=$04 nY=$00 mY=$00 nS=$FB mS=$FB nP=$24 mP=$24 dbgCyc=0 op=$8A 
bound=True trail=1 fullBr=False mis=True
c=5040 nPC=$FEA6 mPC=$FEA6 nA=$04 mA=$04 nX=$04 mX=$04 nY=$00 mY=$00 nS=$FB mS=$FB nP=$24 mP=$24 dbgCyc=5 op=$91 
bound=False trail=0 fullBr=False mis=False
c=5041 nPC=$FEA6 mPC=$FEA8 nA=$04 mA=$04 nX=$04 mX=$04 nY=$00 mY=$00 nS=$FB mS=$FB nP=$24 mP=$24 dbgCyc=4 op=$91 
bound=False trail=0 fullBr=False mis=True
c=5042 nPC=$FEA8 mPC=$FEA8 nA=$04 mA=$04 nX=$04 mX=$04 nY=$00 mY=$00 nS=$FB mS=$FB nP=$24 mP=$24 dbgCyc=3 op=$91 
bound=False trail=0 fullBr=False mis=False
c=5043 nPC=$FEA8 mPC=$FEA8 nA=$04 mA=$04 nX=$04 mX=$04 nY=$00 mY=$00 nS=$FB mS=$FB nP=$24 mP=$24 dbgCyc=2 op=$91 
bound=False trail=0 fullBr=False mis=False
c=5044 nPC=$FEA8 mPC=$FEA8 nA=$04 mA=$04 nX=$04 mX=$04 nY=$00 mY=$00 nS=$FB mS=$FB nP=$24 mP=$24 dbgCyc=0 op=$91 
bound=True trail=0 fullBr=False mis=False
c=5045 nPC=$FEA8 mPC=$FEA8 nA=$04 mA=$04 nX=$04 mX=$04 nY=$00 mY=$00 nS=$FB mS=$FB nP=$24 mP=$24 dbgCyc=5 op=$60 
bound=False trail=4 fullBr=False mis=False

