=== section: xbox-uwp
done: false ===

    totalCount: 0
=== keyword: Xbox
done: false ===
      title: Zip archives as virtual folders for disk/tape/cart media
    totalCount: 1
=== keyword: UWP
done: false ===
    totalCount: 0
=== keyword: sideload
done: false ===
    totalCount: 0
=== keyword: Dev-Mode
done: false ===
    totalCount: 0
=== keyword: Dev Mode
done: false ===
      title: Wire per-drive True Drive end-to-end (protocol field + session recreation + faithful PB3 LED)
      title: Create 1571 disk drive
      title: System builder UI with drag-and-drop components
      title: XAML vector art backgrounds for device cards (drives, datasette, cartridge, keyboards)
    totalCount: 4
=== keyword: DeployXbox
done: false ===
    totalCount: 0
=== keyword: XBOX
done: false ===
      title: Zip archives as virtual folders for disk/tape/cart media
    totalCount: 1

