
---
---VIA---
---VIC chip---
Name                    Length
----                    ------
libvic20.a              911526
libvic20stubs.a           3168
Makefile                 33697
Makefile.am               1912
Makefile.in              34491
vic-cmdline-options.c     2283
vic-cmdline-options.h     1092
vic-cmdline-options.o     9667
vic-color.c              11694
vic-color.h               1201
vic-color.o               7294
vic-cycle.c              14442
vic-cycle.h               1028
vic-cycle.o              26402
vic-draw.c                8041
vic-draw.h                1044
vic-draw.o               27607
vic-mem.c                14029
vic-mem.h                 1148
vic-mem.o                30524
vic-resources.c           3127
vic-resources.h           1233
vic-resources.o          10455
vic-snapshot.c            5982
vic-snapshot.h            1156
vic-snapshot.o           16384
vic-timing.c              5187
vic-timing.h              3067
vic-timing.o              7705
vic.c                    14377
vic.h                     2640
vic.o                    34790
vic20-cmdline-options.c   8291
vic20-cmdline-options.h   1051
vic20-cmdline-options.o  14447
vic20-resources.c         5712
vic20-resources.h         1281
vic20-resources.o        14061
vic20-snapshot.c          4931
vic20-snapshot.h          1169
vic20-snapshot.o         14182
vic20-stubs.c             1757
vic20-stubs.o             2937
vic20.c                  36747
vic20.h                   3740
vic20.o                  68111
vic20bus.c                2639
vic20bus.o                8442
vic20cpu.c                6982
vic20datasette.c          1941
vic20datasette.o          7306
vic20drive.c              5948
vic20drive.o             22801
vic20export.c             4525
vic20export.o             8561
vic20iec.c                7369
vic20iec.h                1237
vic20iec.o               30978
vic20ieeevia.h            1743
vic20ieeevia1.c           5218
vic20ieeevia1.o          24230
vic20ieeevia2.c           5178
vic20ieeevia2.o          20384
vic20io.c                20895
vic20io.o                38618
vic20mem.c               21422
vic20mem.h                2888
vic20mem.o               66130
vic20memrom.c             2776
vic20memrom.h             1444
vic20memrom.o             6296
vic20memsnapshot.c        9545
vic20memsnapshot.h        1176
vic20memsnapshot.o       18911
vic20model.c              4520
vic20model.h              1374
vic20model.o              9886
vic20printer.c            1567
vic20printer.o            6466
vic20rom.c                5403
vic20rom.h                2084
vic20rom.o               15464
vic20romset.c             1910
vic20romset.o             5292
vic20rsuser.c             1754
vic20rsuser.h             1045
vic20rsuser.o             5630
vic20sound.c             22880
vic20sound.h              1190
vic20sound.o             21967
vic20via.h                1766
vic20via1.c               7963
vic20via1.o              25371
vic20via2.c               7252
vic20via2.o              22365
vic20video.c              1333
vic20video.o              3171
victypes.h                7778
.deps                        1
cart                         1
                             1
                             1
                             1
                             1
                             1
                             1
                             1
                             1
                             1
                             1
                             1
                             1
                             1
                             1
                             1
                             1
                             1
                             1
                             1
                             1
                             1
                             1
                             1

