
FullName
--------                                                                                                               
C:\Users\kingd\.grok\sessions\F%3A%5CGitHub%5Cvice-sharp\019fd0df-383d-7fc0-9f0a-69785afd78ed\assets\image-07135e11-2a.
C:\Users\kingd\.grok\sessions\F%3A%5CGitHub%5Cvice-sharp\019fd0df-383d-7fc0-9f0a-69785afd78ed\assets\image-0c8c9a78-2f.
C:\Users\kingd\.grok\sessions\F%3A%5CGitHub%5Cvice-sharp\019fd0df-383d-7fc0-9f0a-69785afd78ed\assets\image-0d7d75df-e7.
C:\Users\kingd\.grok\sessions\F%3A%5CGitHub%5Cvice-sharp\019fd0df-383d-7fc0-9f0a-69785afd78ed\assets\image-11f0c577-3d.
C:\Users\kingd\.grok\sessions\F%3A%5CGitHub%5Cvice-sharp\019fd0df-383d-7fc0-9f0a-69785afd78ed\assets\image-3f413bf4-70.
C:\Users\kingd\.grok\sessions\F%3A%5CGitHub%5Cvice-sharp\019fd0df-383d-7fc0-9f0a-69785afd78ed\assets\image-4638ac58-4e.
C:\Users\kingd\.grok\sessions\F%3A%5CGitHub%5Cvice-sharp\019fd0df-383d-7fc0-9f0a-69785afd78ed\assets\image-50c3a6d9-80.
C:\Users\kingd\.grok\sessions\F%3A%5CGitHub%5Cvice-sharp\019fd0df-383d-7fc0-9f0a-69785afd78ed\assets\image-6990b548-dc.
C:\Users\kingd\.grok\sessions\F%3A%5CGitHub%5Cvice-sharp\019fd0df-383d-7fc0-9f0a-69785afd78ed\assets\image-84f244fd-76.
C:\Users\kingd\.grok\sessions\F%3A%5CGitHub%5Cvice-sharp\019fd0df-383d-7fc0-9f0a-69785afd78ed\assets\image-8b2c042e-3e.
C:\Users\kingd\.grok\sessions\F%3A%5CGitHub%5Cvice-sharp\019fd0df-383d-7fc0-9f0a-69785afd78ed\assets\image-916feac0-a9.
C:\Users\kingd\.grok\sessions\F%3A%5CGitHub%5Cvice-sharp\019fd0df-383d-7fc0-9f0a-69785afd78ed\assets\image-9ab69978-46.
C:\Users\kingd\.grok\sessions\F%3A%5CGitHub%5Cvice-sharp\019fd0df-383d-7fc0-9f0a-69785afd78ed\assets\image-e1a19158-66.
C:\Users\kingd\.grok\sessions\F%3A%5CGitHub%5Cvice-sharp\019fd0df-383d-7fc0-9f0a-69785afd78ed\assets\image-e3fcd4ae-42.
C:\Users\kingd\.grok\sessions\F%3A%5CGitHub%5Cvice-sharp\019fd0df-383d-7fc0-9f0a-69785afd78ed\images\image-46cf52fd-d5.
C:\Users\kingd\.grok\sessions\F%3A%5CGitHub%5Cvice-sharp\019fd0df-383d-7fc0-9f0a-69785afd78ed\images\image-5cc45683-09.
C:\Users\kingd\.grok\sessions\F%3A%5CGitHub%5Cvice-sharp\019fd0df-383d-7fc0-9f0a-69785afd78ed\images\image-6a6a01e8-33.
C:\Users\kingd\.grok\sessions\F%3A%5CGitHub%5Cvice-sharp\019fd0df-383d-7fc0-9f0a-69785afd78ed\images\image-76ac2d91-1f.
C:\Users\kingd\.grok\sessions\F%3A%5CGitHub%5Cvice-sharp\019fd0df-383d-7fc0-9f0a-69785afd78ed\images\image-7e30220b-53.
C:\Users\kingd\.grok\sessions\F%3A%5CGitHub%5Cvice-sharp\019fd0df-383d-7fc0-9f0a-69785afd78ed\images\image-832179fd-c1.
C:\Users\kingd\.grok\sessions\F%3A%5CGitHub%5Cvice-sharp\019fd0df-383d-7fc0-9f0a-69785afd78ed\images\image-a37d6fe2-78.
C:\Users\kingd\.grok\sessions\F%3A%5CGitHub%5Cvice-sharp\019fd0df-383d-7fc0-9f0a-69785afd78ed\images\image-b1340a67-17.
C:\Users\kingd\.grok\sessions\F%3A%5CGitHub%5Cvice-sharp\019fd0df-383d-7fc0-9f0a-69785afd78ed\images\image-be4c8867-ea.
C:\Users\kingd\.grok\sessions\F%3A%5CGitHub%5Cvice-sharp\019fd0df-383d-7fc0-9f0a-69785afd78ed\images\image-c0236104-df.
C:\Users\kingd\.grok\sessions\F%3A%5CGitHub%5Cvice-sharp\019fd0df-383d-7fc0-9f0a-69785afd78ed\images\image-d9782243-87.
C:\Users\kingd\.grok\sessions\F%3A%5CGitHub%5Cvice-sharp\019fd0df-383d-7fc0-9f0a-69785afd78ed\images\image-de59db94-6f.
C:\Users\kingd\.grok\sessions\F%3A%5CGitHub%5Cvice-sharp\019fd0df-383d-7fc0-9f0a-69785afd78ed\images\image-dfca8198-4e.
C:\Users\kingd\.grok\sessions\F%3A%5CGitHub%5Cvice-sharp\019fd0df-383d-7fc0-9f0a-69785afd78ed\images\image-fb20b517-03.
                                                                                                                       
                                                                                                                       
                                                                                                                       
                                                                                                                       
                                                                                                                       
                                                                                                                       
                                                                                                                       
                                                                                                                       
                                                                                                                       
                                                                                                                       
                                                                                                                       
                                                                                                                       
                                                                                                                       
                                                                                                                       
                                                                                                                       
                                                                                                                       
                                                                                                                       
                                                                                                                       
                                                                                                                       
                                                                                                                       
                                                                                                                       
                                                                                                                       

