=== Our Vic20 / VIA / IEC layout ===

=== VICE vic20 tree (source only) ===
Name
----
FinalExpansion3Cartridge.cs
IVic20CartridgeHost.cs
IVic20ExpansionCartPort.cs
IVic20RamConfiguration.cs
MegaCartCartridge.cs
UltimemCartridge.cs
Vic20Cartridge.cs
Vic20ColorRam.cs
Vic20ExpansionCartKind.cs
Vic20ExpansionCartPort.cs
Vic20IecPort.cs
Vic20KeyboardMatrix.cs
Vic20MemoryLayout.cs
Vic20SystemRam.cs
Vic20Descriptor.cs
Vic20Expansion.cs
Vic20MachineProfile.cs
Vic20RomSet.cs
Vic20SystemCoreDefinition.cs
Vic20ViceRomNames.cs
Mos6561.cs
VicIStub.cs
Audio
bin
bin-review
bin-s3slice
bin-s4slice
bin-v2slice
bin-v3slice
bin-v5slice
bin-verify
Cia
Cpu
IEC
obj
PLA
Serial
Tape
Vic
VicIi

vic-cmdline-options.c
vic-cmdline-options.h
vic-color.c
vic-color.h
vic-cycle.c
vic-cycle.h
vic-draw.c
vic-draw.h
vic-mem.c
vic-mem.h
vic-resources.c
vic-resources.h
vic-snapshot.c
vic-snapshot.h
vic-timing.c
vic-timing.h
vic.c
vic.h
vic20-cmdline-options.c
vic20-cmdline-options.h
vic20-resources.c
vic20-resources.h
vic20-snapshot.c
vic20-snapshot.h
vic20-stubs.c
vic20.c
vic20.h
vic20bus.c
vic20cpu.c
vic20datasette.c
vic20drive.c
vic20export.c
vic20iec.c
vic20iec.h
vic20ieeevia.h
vic20ieeevia1.c
vic20ieeevia2.c
vic20io.c
vic20mem.c
vic20mem.h
vic20memrom.c
vic20memrom.h
vic20memsnapshot.c
vic20memsnapshot.h
vic20model.c
vic20model.h
vic20printer.c
vic20rom.c
vic20rom.h
vic20romset.c
vic20rsuser.c
vic20rsuser.h
vic20sound.c
vic20sound.h
vic20via.h
vic20via1.c
vic20via2.c
vic20video.c
victypes.h

