VirtualKeyboardLayout.cs:92: <<<<<<< HEAD
VirtualKeyboardLayout.cs:95: =======
VirtualKeyboardLayout.cs:99: >>>>>>> feat/romm-integration
VirtualKeyboardLayout.cs:111: <<<<<<< HEAD
VirtualKeyboardLayout.cs:114: =======
VirtualKeyboardLayout.cs:119: >>>>>>> feat/romm-integration
VirtualKeyboardLayout.cs:138: <<<<<<< HEAD
VirtualKeyboardLayout.cs:141: =======
VirtualKeyboardLayout.cs:145: >>>>>>> feat/romm-integration
VirtualKeyboardLayout.cs:166: <<<<<<< HEAD
VirtualKeyboardLayout.cs:171: =======
VirtualKeyboardLayout.cs:177: >>>>>>> feat/romm-integration
VirtualKeyboardOverlay.xaml:39: <<<<<<< HEAD
VirtualKeyboardOverlay.xaml:46: =======
VirtualKeyboardOverlay.xaml:51: >>>>>>> feat/romm-integration
VirtualKeyboardOverlay.xaml:68: <<<<<<< HEAD
VirtualKeyboardOverlay.xaml:69: =======
VirtualKeyboardOverlay.xaml:71: >>>>>>> feat/romm-integration
VirtualKeyboardOverlay.xaml:82: <<<<<<< HEAD
VirtualKeyboardOverlay.xaml:84: =======
VirtualKeyboardOverlay.xaml:86: >>>>>>> feat/romm-integration
VirtualKeyboardOverlay.xaml:91: <<<<<<< HEAD
VirtualKeyboardOverlay.xaml:93: =======
VirtualKeyboardOverlay.xaml:96: >>>>>>> feat/romm-integration
VirtualKeyboardOverlay.xaml.cs:32: <<<<<<< HEAD
VirtualKeyboardOverlay.xaml.cs:42: =======
VirtualKeyboardOverlay.xaml.cs:50: >>>>>>> feat/romm-integration
VirtualKeyboardOverlay.xaml.cs:57: <<<<<<< HEAD
VirtualKeyboardOverlay.xaml.cs:61: =======
VirtualKeyboardOverlay.xaml.cs:64: >>>>>>> feat/romm-integration
