F:\GitHub\vice-sharp\native\vice\vice\data\VIC20\basic-901486-01.bin
F:\GitHub\vice-sharp\native\vice\vice\data\VIC20\kernal.901486-02.bin
F:\GitHub\vice-sharp\native\vice\vice\data\VIC20\kernal.901486-06.bin
F:\GitHub\vice-sharp\native\vice\vice\data\VIC20\kernal.901486-07.bin

Name
----
C128
C64
C64DTV
CBM-II
common
DRIVES
GLSL
hotkeys
joymaps
PET
PLUS4
PRINTER
SCPU64
VIC20
basic-901486-01.bin
chargen-901460-02.bin
chargen-901460-03.bin
colodore_vic.vpl
default.vrs
gtk3_pos_de.vkm
gtk3_pos_it.vkm
gtk3_pos.vkm
gtk3_sym_de.vkm
gtk3_sym_fr.vkm
gtk3_sym_it.vkm
gtk3_sym.vkm
kernal.901486-02.bin
kernal.901486-06.bin
kernal.901486-07.bin
Makefile
Makefile.am
Makefile.in
mike-ntsc.vpl
mike-pal.vpl
PALette.vpl
sdl_pos_de.vkm
sdl_pos_fi.vkm
sdl_pos_fr.vkm
sdl_pos_uk.vkm
sdl_pos.vkm
sdl_sym_de.vkm
sdl_sym_uk.vkm
sdl_sym.vkm
vice.vpl

