
FullName
--------
F:\GitHub\vice-sharp\build\bin
F:\GitHub\vice-sharp\build\obj
F:\GitHub\vice-sharp\build\_build.csproj
F:\GitHub\vice-sharp\build\Build.CI.cs
F:\GitHub\vice-sharp\build\Build.cs
F:\GitHub\vice-sharp\build\DefaultPoolAzurePipelinesAttribute.cs
F:\GitHub\vice-sharp\build\Set-StoreIdentity.ps1
F:\GitHub\vice-sharp\build\bin\Debug
F:\GitHub\vice-sharp\build\bin\Debug\runtimes
F:\GitHub\vice-sharp\build\bin\Debug\_build.deps.json
F:\GitHub\vice-sharp\build\bin\Debug\_build.dll
F:\GitHub\vice-sharp\build\bin\Debug\_build.exe
F:\GitHub\vice-sharp\build\bin\Debug\_build.pdb
F:\GitHub\vice-sharp\build\bin\Debug\_build.runtimeconfig.json
F:\GitHub\vice-sharp\build\bin\Debug\Azure.Core.dll
F:\GitHub\vice-sharp\build\bin\Debug\Azure.Identity.dll
F:\GitHub\vice-sharp\build\bin\Debug\Azure.Security.KeyVault.Certificates.dll
F:\GitHub\vice-sharp\build\bin\Debug\Azure.Security.KeyVault.Keys.dll
F:\GitHub\vice-sharp\build\bin\Debug\Azure.Security.KeyVault.Secrets.dll
F:\GitHub\vice-sharp\build\bin\Debug\Glob.dll
F:\GitHub\vice-sharp\build\bin\Debug\ICSharpCode.SharpZipLib.dll
F:\GitHub\vice-sharp\build\bin\Debug\JetBrains.Annotations.dll
F:\GitHub\vice-sharp\build\bin\Debug\Microsoft.ApplicationInsights.dll
F:\GitHub\vice-sharp\build\bin\Debug\Microsoft.Bcl.AsyncInterfaces.dll
F:\GitHub\vice-sharp\build\bin\Debug\Microsoft.Build.Locator.dll
F:\GitHub\vice-sharp\build\bin\Debug\Microsoft.Extensions.DependencyInjection.Abstractions.dll
F:\GitHub\vice-sharp\build\bin\Debug\Microsoft.Extensions.DependencyModel.dll
F:\GitHub\vice-sharp\build\bin\Debug\Microsoft.Extensions.Logging.Abstractions.dll
F:\GitHub\vice-sharp\build\bin\Debug\Microsoft.Identity.Client.dll
F:\GitHub\vice-sharp\build\bin\Debug\Microsoft.Identity.Client.Extensions.Msal.dll
F:\GitHub\vice-sharp\build\bin\Debug\Microsoft.IdentityModel.Abstractions.dll
F:\GitHub\vice-sharp\build\bin\Debug\Microsoft.VisualStudio.SolutionPersistence.dll
F:\GitHub\vice-sharp\build\bin\Debug\Namotion.Reflection.dll
F:\GitHub\vice-sharp\build\bin\Debug\Newtonsoft.Json.dll
F:\GitHub\vice-sharp\build\bin\Debug\NJsonSchema.Annotations.dll
F:\GitHub\vice-sharp\build\bin\Debug\NJsonSchema.dll
F:\GitHub\vice-sharp\build\bin\Debug\NJsonSchema.NewtonsoftJson.dll
F:\GitHub\vice-sharp\build\bin\Debug\NuGet.Common.dll
F:\GitHub\vice-sharp\build\bin\Debug\NuGet.Configuration.dll
F:\GitHub\vice-sharp\build\bin\Debug\NuGet.Frameworks.dll
F:\GitHub\vice-sharp\build\bin\Debug\NuGet.Packaging.dll
F:\GitHub\vice-sharp\build\bin\Debug\NuGet.Versioning.dll
F:\GitHub\vice-sharp\build\bin\Debug\Nuke.Build.dll
F:\GitHub\vice-sharp\build\bin\Debug\Nuke.Build.Shared.dll
F:\GitHub\vice-sharp\build\bin\Debug\Nuke.Common.dll
F:\GitHub\vice-sharp\build\bin\Debug\Nuke.ProjectModel.dll
F:\GitHub\vice-sharp\build\bin\Debug\Nuke.SolutionModel.dll
F:\GitHub\vice-sharp\build\bin\Debug\Nuke.Tooling.dll
F:\GitHub\vice-sharp\build\bin\Debug\Nuke.Utilities.dll
F:\GitHub\vice-sharp\build\bin\Debug\Nuke.Utilities.IO.Compression.dll
F:\GitHub\vice-sharp\build\bin\Debug\Nuke.Utilities.IO.Globbing.dll
F:\GitHub\vice-sharp\build\bin\Debug\Nuke.Utilities.Net.dll
F:\GitHub\vice-sharp\build\bin\Debug\Nuke.Utilities.Text.Json.dll
F:\GitHub\vice-sharp\build\bin\Debug\Nuke.Utilities.Text.Yaml.dll
F:\GitHub\vice-sharp\build\bin\Debug\Octokit.dll
F:\GitHub\vice-sharp\build\bin\Debug\Serilog.dll
F:\GitHub\vice-sharp\build\bin\Debug\Serilog.Formatting.Compact.dll
F:\GitHub\vice-sharp\build\bin\Debug\Serilog.Formatting.Compact.Reader.dll
F:\GitHub\vice-sharp\build\bin\Debug\Serilog.Sinks.Console.dll
F:\GitHub\vice-sharp\build\bin\Debug\Serilog.Sinks.File.dll
F:\GitHub\vice-sharp\build\bin\Debug\System.ClientModel.dll
F:\GitHub\vice-sharp\build\bin\Debug\System.Memory.Data.dll
F:\GitHub\vice-sharp\build\bin\Debug\System.Security.Cryptography.Pkcs.dll
F:\GitHub\vice-sharp\build\bin\Debug\System.Security.Cryptography.ProtectedData.dll
F:\GitHub\vice-sharp\build\bin\Debug\System.Security.Cryptography.Xml.dll
F:\GitHub\vice-sharp\build\bin\Debug\YamlDotNet.dll
F:\GitHub\vice-sharp\build\bin\Debug\runtimes\win
F:\GitHub\vice-sharp\build\bin\Debug\runtimes\win\lib
F:\GitHub\vice-sharp\build\bin\Debug\runtimes\win\lib\net10.0
F:\GitHub\vice-sharp\build\bin\Debug\runtimes\win\lib\net10.0\System.Security.Cryptography.Pkcs.dll
F:\GitHub\vice-sharp\build\obj\Debug
F:\GitHub\vice-sharp\build\obj\_build.csproj.nuget.dgspec.json
F:\GitHub\vice-sharp\build\obj\_build.csproj.nuget.g.props
F:\GitHub\vice-sharp\build\obj\_build.csproj.nuget.g.targets
F:\GitHub\vice-sharp\build\obj\project.assets.json
F:\GitHub\vice-sharp\build\obj\project.nuget.cache
F:\GitHub\vice-sharp\build\obj\Debug\ref
F:\GitHub\vice-sharp\build\obj\Debug\refint
F:\GitHub\vice-sharp\build\obj\Debug\_build.AssemblyInfo.cs
F:\GitHub\vice-sharp\build\obj\Debug\_build.AssemblyInfoInputs.cache
F:\GitHub\vice-sharp\build\obj\Debug\_build.assets.cache
F:\GitHub\vice-sharp\build\obj\Debug\_build.csproj.AssemblyReference.cache
F:\GitHub\vice-sharp\build\obj\Debug\_build.csproj.CoreCompileInputs.cache
F:\GitHub\vice-sharp\build\obj\Debug\_build.csproj.FileListAbsolute.txt
F:\GitHub\vice-sharp\build\obj\Debug\_build.csproj.Up2Date
F:\GitHub\vice-sharp\build\obj\Debug\_build.dll
F:\GitHub\vice-sharp\build\obj\Debug\_build.GeneratedMSBuildEditorConfig.editorconfig
F:\GitHub\vice-sharp\build\obj\Debug\_build.genruntimeconfig.cache
F:\GitHub\vice-sharp\build\obj\Debug\_build.GlobalUsings.g.cs
F:\GitHub\vice-sharp\build\obj\Debug\_build.pdb
F:\GitHub\vice-sharp\build\obj\Debug\_build.sourcelink.json
F:\GitHub\vice-sharp\build\obj\Debug\.NETCoreApp,Version=v10.0.AssemblyAttributes.cs
F:\GitHub\vice-sharp\build\obj\Debug\apphost.exe
F:\GitHub\vice-sharp\build\obj\Debug\ref\_build.dll
F:\GitHub\vice-sharp\build\obj\Debug\refint\_build.dll
C:\Users\kingd\.nuget\packages\nuke.common\10.1.0\lib\net10.0\Nuke.Common.dll
C:\Users\kingd\.nuget\packages\nuke.globaltool\10.1.0\tools\net10.0\any\Nuke.Common.dll

