  ViceSharp.Benchmarks -> F:\GitHub\vice-sharp\tests\ViceSharp.Benchmarks\bin\Release\net10.0\ViceSharp.Benchmarks.dll
  ViceSharp.Launcher -> F:\GitHub\vice-sharp\src\ViceSharp.Launcher\bin\Release\net10.0\ViceSharp.Launcher.dll
  ViceSharp.Host.InProcess -> F:\GitHub\vice-sharp\src\ViceSharp.Host.InProcess\bin\Release\net10.0\ViceSharp.Host.InProcess.dll
  ViceSharp.Console -> F:\GitHub\vice-sharp\src\ViceSharp.Console\bin\Release\net10.0\ViceSharp.Console.dll
  ViceSharp.AdhocHelper -> F:\GitHub\vice-sharp\src\ViceSharp.AdhocHelper\bin\Release\net10.0\ViceSharp.AdhocHelper.dll
  ViceSharp.Host -> F:\GitHub\vice-sharp\src\ViceSharp.Host\bin\Release\net10.0\ViceSharp.Host.dll
  ViceSharp.Xbox -> F:\GitHub\vice-sharp\src\ViceSharp.Xbox\bin\Release\net10.0\ViceSharp.Xbox.dll
F:\GitHub\vice-sharp\src\ViceSharp.Avalonia\Views/SettingsView.axaml(69,18,69,18): Avalonia warning AVLN5001: 'TextBox.Watermark' is obsolete: Use PlaceholderText instead. [F:\GitHub\vice-sharp\src\ViceSharp.Avalonia\ViceSharp.Avalonia.csproj]
  ViceSharp.Avalonia -> F:\GitHub\vice-sharp\src\ViceSharp.Avalonia\bin\Release\net10.0\ViceSharp.Avalonia.dll
  ViceSharp.Host.MacOS -> F:\GitHub\vice-sharp\src\ViceSharp.Host.MacOS\bin\Release\net10.0\ViceSharp.Host.MacOS.dll
  ViceSharp.TestHarness -> F:\GitHub\vice-sharp\tests\ViceSharp.TestHarness\bin\Release\net10.0\ViceSharp.TestHarness.dll
Test run for F:\GitHub\vice-sharp\tests\ViceSharp.TestHarness\bin\Release\net10.0\ViceSharp.TestHarness.dll (.NETCoreApp,Version=v10.0)
A total of 1 test files matched the specified pattern.
[xUnit.net 00:00:02.33]     ViceSharp.TestHarness.Vic20.Vic20VideoTests.CharacterMode_RendersInkPixels_AtDecodedScreenBase_ForPlantedGlyph [FAIL]
[xUnit.net 00:00:02.35]     ViceSharp.TestHarness.Vic20.Vic20VideoPumpSmokeTests.Mos6561_RenderWithZeroRegs_KeepsDefaultGeometry [FAIL]
  Failed ViceSharp.TestHarness.Vic20.Vic20VideoTests.CharacterMode_RendersInkPixels_AtDecodedScreenBase_ForPlantedGlyph [11 ms]
  Error Message:
   Assert.Equal() Failure: Values differ
Expected: 0
Actual:   24
  Stack Trace:
     at ViceSharp.TestHarness.Vic20.Vic20VideoTests.CharacterMode_RendersInkPixels_AtDecodedScreenBase_ForPlantedGlyph() in F:\GitHub\vice-sharp\tests\ViceSharp.TestHarness\Vic20\Vic20VideoTests.cs:line 125
   at System.Reflection.MethodBaseInvoker.InterpretedInvoke_Method(Object obj, IntPtr* args)
   at System.Reflection.MethodBaseInvoker.InvokeWithNoArgs(Object obj, BindingFlags invokeAttr)
  Failed ViceSharp.TestHarness.Vic20.Vic20VideoPumpSmokeTests.Mos6561_RenderWithZeroRegs_KeepsDefaultGeometry [1 ms]
  Error Message:
   Assert.Equal() Failure: Values differ
Expected: 368
Actual:   448
  Stack Trace:
     at ViceSharp.TestHarness.Vic20.Vic20VideoPumpSmokeTests.Mos6561_RenderWithZeroRegs_KeepsDefaultGeometry() in F:\GitHub\vice-sharp\tests\ViceSharp.TestHarness\Vic20\Vic20VideoPumpSmokeTests.cs:line 52
   at System.Reflection.MethodBaseInvoker.InterpretedInvoke_Method(Object obj, IntPtr* args)
   at System.Reflection.MethodBaseInvoker.InvokeWithNoArgs(Object obj, BindingFlags invokeAttr)

Failed!  - Failed:     2, Passed:    12, Skipped:     0, Total:    14, Duration: 332 ms - ViceSharp.TestHarness.dll (net10.0)
