  Determining projects to restore...
  Restored F:\GitHub\vice-sharp\src\ViceSharp.Protocol\ViceSharp.Protocol.csproj (in 795 ms).
  Restored F:\GitHub\vice-sharp\src\ViceSharp.RomM\ViceSharp.RomM.csproj (in 795 ms).
  Restored F:\GitHub\vice-sharp\src\ViceSharp.Core\ViceSharp.Core.csproj (in 795 ms).
  Restored F:\GitHub\vice-sharp\src\ViceSharp.Monitor\ViceSharp.Monitor.csproj (in 795 ms).
  Restored F:\GitHub\vice-sharp\src\ViceSharp.RomFetch\ViceSharp.RomFetch.csproj (in 711 ms).
  Restored F:\GitHub\vice-sharp\src\ViceSharp.Abstractions\ViceSharp.Abstractions.csproj (in 795 ms).
  Restored F:\GitHub\vice-sharp\src\ViceSharp.Chips\ViceSharp.Chips.csproj (in 698 ms).
  Restored F:\GitHub\vice-sharp\src\ViceSharp.Library.ViewModels\ViceSharp.Library.ViewModels.csproj (in 795 ms).
  Restored F:\GitHub\vice-sharp\src\ViceSharp.Architectures\ViceSharp.Architectures.csproj (in 712 ms).
  Restored F:\GitHub\vice-sharp\src\ViceSharp.Host\ViceSharp.Host.csproj (in 795 ms).
  Restored F:\GitHub\vice-sharp\src\ViceSharp.Host.InProcess\ViceSharp.Host.InProcess.csproj (in 795 ms).
  Restored F:\GitHub\vice-sharp\src\ViceSharp.Avalonia\ViceSharp.Avalonia.csproj (in 798 ms).
  9 of 21 projects are up-to-date for restore.
  ViceSharp.Abstractions -> F:\GitHub\vice-sharp\src\ViceSharp.Abstractions\bin\Release\net10.0\ViceSharp.Abstractions.dll
  ViceSharp.Protocol -> F:\GitHub\vice-sharp\src\ViceSharp.Protocol\bin\Release\net10.0\ViceSharp.Protocol.dll
  ViceSharp.RomFetch -> F:\GitHub\vice-sharp\src\ViceSharp.RomFetch\bin\Release\net10.0\ViceSharp.RomFetch.dll
  ViceSharp.Chips -> F:\GitHub\vice-sharp\src\ViceSharp.Chips\bin\Release\net10.0\ViceSharp.Chips.dll
  ViceSharp.Library.ViewModels -> F:\GitHub\vice-sharp\src\ViceSharp.Library.ViewModels\bin\Release\net10.0\ViceSharp.Library.ViewModels.dll
  ViceSharp.Xbox.Input -> F:\GitHub\vice-sharp\src\ViceSharp.Xbox.Input\bin\Release\net10.0\ViceSharp.Xbox.Input.dll
  ViceSharp.Xbox.ViewModels -> F:\GitHub\vice-sharp\src\ViceSharp.Xbox.ViewModels\bin\Release\net10.0\ViceSharp.Xbox.ViewModels.dll
  ViceSharp.Core -> F:\GitHub\vice-sharp\src\ViceSharp.Core\bin\Release\net10.0\ViceSharp.Core.dll
  ViceSharp.RomM -> F:\GitHub\vice-sharp\src\ViceSharp.RomM\bin\Release\net10.0\ViceSharp.RomM.dll
  ViceSharp.Monitor -> F:\GitHub\vice-sharp\src\ViceSharp.Monitor\bin\Release\net10.0\ViceSharp.Monitor.dll
  ViceSharp.Architectures -> F:\GitHub\vice-sharp\src\ViceSharp.Architectures\bin\Release\net10.0\ViceSharp.Architectures.dll
  ViceSharp.Launcher -> F:\GitHub\vice-sharp\src\ViceSharp.Launcher\bin\Release\net10.0\ViceSharp.Launcher.dll
  ViceSharp.Benchmarks -> F:\GitHub\vice-sharp\tests\ViceSharp.Benchmarks\bin\Release\net10.0\ViceSharp.Benchmarks.dll
  ViceSharp.Host.InProcess -> F:\GitHub\vice-sharp\src\ViceSharp.Host.InProcess\bin\Release\net10.0\ViceSharp.Host.InProcess.dll
  ViceSharp.Console -> F:\GitHub\vice-sharp\src\ViceSharp.Console\bin\Release\net10.0\ViceSharp.Console.dll
  ViceSharp.Xbox -> F:\GitHub\vice-sharp\src\ViceSharp.Xbox\bin\Release\net10.0\ViceSharp.Xbox.dll
  ViceSharp.AdhocHelper -> F:\GitHub\vice-sharp\src\ViceSharp.AdhocHelper\bin\Release\net10.0\ViceSharp.AdhocHelper.dll
  ViceSharp.Host -> F:\GitHub\vice-sharp\src\ViceSharp.Host\bin\Release\net10.0\ViceSharp.Host.dll
  ViceSharp.Avalonia -> F:\GitHub\vice-sharp\src\ViceSharp.Avalonia\bin\Release\net10.0\ViceSharp.Avalonia.dll
  ViceSharp.Host.MacOS -> F:\GitHub\vice-sharp\src\ViceSharp.Host.MacOS\bin\Release\net10.0\ViceSharp.Host.MacOS.dll
F:\GitHub\vice-sharp\tests\ViceSharp.TestHarness\HostShells\AvaloniaFullscreenHotkeyTests.cs(5,16): error CS0234: The type or namespace name 'Input' does not exist in the namespace 'ViceSharp.Avalonia' (are you missing an assembly reference?) [F:\GitHub\vice-sharp\tests\ViceSharp.TestHarness\ViceSharp.TestHarness.csproj]
F:\GitHub\vice-sharp\tests\ViceSharp.TestHarness\HostShells\AvaloniaFullscreenHotkeyTests.cs(24,66): error CS0246: The type or namespace name 'Key' could not be found (are you missing a using directive or an assembly reference?) [F:\GitHub\vice-sharp\tests\ViceSharp.TestHarness\ViceSharp.TestHarness.csproj]
F:\GitHub\vice-sharp\tests\ViceSharp.TestHarness\HostShells\AvaloniaFullscreenHotkeyTests.cs(24,75): error CS0246: The type or namespace name 'KeyModifiers' could not be found (are you missing a using directive or an assembly reference?) [F:\GitHub\vice-sharp\tests\ViceSharp.TestHarness\ViceSharp.TestHarness.csproj]
F:\GitHub\vice-sharp\tests\ViceSharp.TestHarness\HostShells\AvaloniaFullscreenHotkeyTests.cs(16,17): error CS0103: The name 'Key' does not exist in the current context [F:\GitHub\vice-sharp\tests\ViceSharp.TestHarness\ViceSharp.TestHarness.csproj]
F:\GitHub\vice-sharp\tests\ViceSharp.TestHarness\HostShells\AvaloniaFullscreenHotkeyTests.cs(16,26): error CS0103: The name 'KeyModifiers' does not exist in the current context [F:\GitHub\vice-sharp\tests\ViceSharp.TestHarness\ViceSharp.TestHarness.csproj]
F:\GitHub\vice-sharp\tests\ViceSharp.TestHarness\HostShells\AvaloniaFullscreenHotkeyTests.cs(17,17): error CS0103: The name 'Key' does not exist in the current context [F:\GitHub\vice-sharp\tests\ViceSharp.TestHarness\ViceSharp.TestHarness.csproj]
F:\GitHub\vice-sharp\tests\ViceSharp.TestHarness\HostShells\AvaloniaFullscreenHotkeyTests.cs(17,26): error CS0103: The name 'KeyModifiers' does not exist in the current context [F:\GitHub\vice-sharp\tests\ViceSharp.TestHarness\ViceSharp.TestHarness.csproj]
F:\GitHub\vice-sharp\tests\ViceSharp.TestHarness\HostShells\AvaloniaFullscreenHotkeyTests.cs(18,17): error CS0103: The name 'Key' does not exist in the current context [F:\GitHub\vice-sharp\tests\ViceSharp.TestHarness\ViceSharp.TestHarness.csproj]
F:\GitHub\vice-sharp\tests\ViceSharp.TestHarness\HostShells\AvaloniaFullscreenHotkeyTests.cs(18,26): error CS0103: The name 'KeyModifiers' does not exist in the current context [F:\GitHub\vice-sharp\tests\ViceSharp.TestHarness\ViceSharp.TestHarness.csproj]
F:\GitHub\vice-sharp\tests\ViceSharp.TestHarness\HostShells\AvaloniaFullscreenHotkeyTests.cs(19,17): error CS0103: The name 'Key' does not exist in the current context [F:\GitHub\vice-sharp\tests\ViceSharp.TestHarness\ViceSharp.TestHarness.csproj]
F:\GitHub\vice-sharp\tests\ViceSharp.TestHarness\HostShells\AvaloniaFullscreenHotkeyTests.cs(19,28): error CS0103: The name 'KeyModifiers' does not exist in the current context [F:\GitHub\vice-sharp\tests\ViceSharp.TestHarness\ViceSharp.TestHarness.csproj]
F:\GitHub\vice-sharp\tests\ViceSharp.TestHarness\HostShells\AvaloniaFullscreenHotkeyTests.cs(20,17): error CS0103: The name 'Key' does not exist in the current context [F:\GitHub\vice-sharp\tests\ViceSharp.TestHarness\ViceSharp.TestHarness.csproj]
F:\GitHub\vice-sharp\tests\ViceSharp.TestHarness\HostShells\AvaloniaFullscreenHotkeyTests.cs(20,29): error CS0103: The name 'KeyModifiers' does not exist in the current context [F:\GitHub\vice-sharp\tests\ViceSharp.TestHarness\ViceSharp.TestHarness.csproj]
F:\GitHub\vice-sharp\tests\ViceSharp.TestHarness\HostShells\AvaloniaFullscreenHotkeyTests.cs(21,17): error CS0103: The name 'Key' does not exist in the current context [F:\GitHub\vice-sharp\tests\ViceSharp.TestHarness\ViceSharp.TestHarness.csproj]
F:\GitHub\vice-sharp\tests\ViceSharp.TestHarness\HostShells\AvaloniaFullscreenHotkeyTests.cs(21,28): error CS0103: The name 'KeyModifiers' does not exist in the current context [F:\GitHub\vice-sharp\tests\ViceSharp.TestHarness\ViceSharp.TestHarness.csproj]
F:\GitHub\vice-sharp\tests\ViceSharp.TestHarness\HostShells\AvaloniaFullscreenHotkeyTests.cs(22,17): error CS0103: The name 'Key' does not exist in the current context [F:\GitHub\vice-sharp\tests\ViceSharp.TestHarness\ViceSharp.TestHarness.csproj]
F:\GitHub\vice-sharp\tests\ViceSharp.TestHarness\HostShells\AvaloniaFullscreenHotkeyTests.cs(22,28): error CS0103: The name 'KeyModifiers' does not exist in the current context [F:\GitHub\vice-sharp\tests\ViceSharp.TestHarness\ViceSharp.TestHarness.csproj]
F:\GitHub\vice-sharp\tests\ViceSharp.TestHarness\HostShells\AvaloniaFullscreenHotkeyTests.cs(22,47): error CS0103: The name 'KeyModifiers' does not exist in the current context [F:\GitHub\vice-sharp\tests\ViceSharp.TestHarness\ViceSharp.TestHarness.csproj]
F:\GitHub\vice-sharp\tests\ViceSharp.TestHarness\HostShells\AvaloniaFullscreenHotkeyTests.cs(23,17): error CS0103: The name 'Key' does not exist in the current context [F:\GitHub\vice-sharp\tests\ViceSharp.TestHarness\ViceSharp.TestHarness.csproj]
F:\GitHub\vice-sharp\tests\ViceSharp.TestHarness\HostShells\AvaloniaFullscreenHotkeyTests.cs(23,24): error CS0103: The name 'KeyModifiers' does not exist in the current context [F:\GitHub\vice-sharp\tests\ViceSharp.TestHarness\ViceSharp.TestHarness.csproj]
EXIT: 1
