A total of 1 test files matched the specified pattern.
[xUnit.net 00:00:03.76]     ViceSharp.TestHarness.Vic20.Vic20DivergeProbe.EveryCycle_CpuRegs_Match_FocusedWindow [FAIL]
  Failed ViceSharp.TestHarness.Vic20.Vic20DivergeProbe.EveryCycle_CpuRegs_Match_FocusedWindow [812 ms]
  Error Message:
   DIV first=195405 matchedCycles=195404 budget=500000
c=195394 nPC=$FDB5 mPC=$FDB5 nA=$00 mA=$00 nX=$0F mX=$0F nY=$00 mY=$00 nS=$FD mS=$FD nP=$24 mP=$24 dbgCyc=0 op=$E6 mis=False
c=195395 nPC=$FDB5 mPC=$FDB5 nA=$00 mA=$00 nX=$0F mX=$0F nY=$00 mY=$00 nS=$FD mS=$FD nP=$24 mP=$24 dbgCyc=5 op=$20 mis=False
c=195396 nPC=$FDB5 mPC=$FDB5 nA=$00 mA=$00 nX=$0F mX=$0F nY=$00 mY=$00 nS=$FD mS=$FD nP=$24 mP=$24 dbgCyc=4 op=$20 mis=False
c=195397 nPC=$FDB5 mPC=$FDB5 nA=$00 mA=$00 nX=$0F mX=$0F nY=$00 mY=$00 nS=$FD mS=$FD nP=$24 mP=$24 dbgCyc=3 op=$20 mis=False
c=195398 nPC=$FDB7 mPC=$FDB7 nA=$00 mA=$00 nX=$0F mX=$0F nY=$00 mY=$00 nS=$FC mS=$FC nP=$24 mP=$24 dbgCyc=2 op=$20 mis=False
c=195399 nPC=$FDB7 mPC=$FDB7 nA=$00 mA=$00 nX=$0F mX=$0F nY=$00 mY=$00 nS=$FB mS=$FB nP=$24 mP=$24 dbgCyc=1 op=$20 mis=False
c=195400 nPC=$FDB7 mPC=$FDB7 nA=$00 mA=$00 nX=$0F mX=$0F nY=$00 mY=$00 nS=$FB mS=$FB nP=$24 mP=$24 dbgCyc=0 op=$20 mis=False
c=195401 nPC=$FE91 mPC=$FE91 nA=$00 mA=$00 nX=$0F mX=$0F nY=$00 mY=$00 nS=$FB mS=$FB nP=$24 mP=$24 dbgCyc=4 op=$B1 mis=False
c=195402 nPC=$FE91 mPC=$FE91 nA=$00 mA=$00 nX=$0F mX=$0F nY=$00 mY=$00 nS=$FB mS=$FB nP=$24 mP=$24 dbgCyc=3 op=$B1 mis=False
c=195403 nPC=$FE91 mPC=$FE91 nA=$00 mA=$00 nX=$0F mX=$0F nY=$00 mY=$00 nS=$FB mS=$FB nP=$24 mP=$24 dbgCyc=2 op=$B1 mis=False
c=195404 nPC=$FE91 mPC=$FE91 nA=$00 mA=$00 nX=$0F mX=$0F nY=$00 mY=$00 nS=$FB mS=$FB nP=$24 mP=$24 dbgCyc=1 op=$B1 mis=False
c=195405 nPC=$FE91 mPC=$FE91 nA=$FF mA=$00 nX=$0F mX=$0F nY=$00 mY=$00 nS=$FB mS=$FB nP=$24 mP=$24 dbgCyc=0 op=$B1 mis=True

  Stack Trace:
     at ViceSharp.TestHarness.Vic20.Vic20DivergeProbe.RunEveryCycle(Int32 budget) in F:\GitHub\vice-sharp\tests\ViceSharp.TestHarness\Vic20\Vic20DivergeProbe.cs:line 91
   at ViceSharp.TestHarness.Vic20.Vic20DivergeProbe.EveryCycle_CpuRegs_Match_FocusedWindow() in F:\GitHub\vice-sharp\tests\ViceSharp.TestHarness\Vic20\Vic20DivergeProbe.cs:line 30
   at System.Reflection.MethodBaseInvoker.InterpretedInvoke_Method(Object obj, IntPtr* args)
   at System.Reflection.MethodBaseInvoker.InvokeWithNoArgs(Object obj, BindingFlags invokeAttr)

Failed!  - Failed:     1, Passed:    24, Skipped:     0, Total:    25, Duration: 2 s - ViceSharp.TestHarness.dll (net10.0)
