
docs\2s-jsr-irq-2026-08-06.log:3:[xUnit.net 00:00:04.39]     
ViceSharp.TestHarness.Vic20.Vic20DivergeProbe.EveryCycle_CpuRegs_Match_TwoSecondPal [FAIL]
docs\2s-jsr-irq-2026-08-06.log:4:  Failed 
ViceSharp.TestHarness.Vic20.Vic20DivergeProbe.EveryCycle_CpuRegs_Match_TwoSecondPal [2 s]
docs\2s-jsr-irq-2026-08-06.log:6:   DIV first=540896 matchedCycles=540895 budget=2216810
docs\2s-jsr-irq-2026-08-06.log:7:c=540885 nPC=$EB25 mPC=$EB25 nA=$00 mA=$00 nX=$00 mX=$00 nY=$40 mY=$40 nS=$EB mS=$EB 
nP=$25 mP=$25 dbgCyc=1 op=$84 trail=0 nonOvlR=True nonOvlF=True dly=False stg=True irq=0 mis=False
docs\2s-jsr-irq-2026-08-06.log:8:c=540886 nPC=$EB27 mPC=$EB27 nA=$00 mA=$00 nX=$00 mX=$00 nY=$40 mY=$40 nS=$EB mS=$EB 
nP=$25 mP=$25 dbgCyc=0 op=$84 trail=0 nonOvlR=True nonOvlF=True dly=False stg=False irq=0 mis=False
docs\2s-jsr-irq-2026-08-06.log:9:c=540887 nPC=$EB27 mPC=$EB27 nA=$00 mA=$00 nX=$00 mX=$00 nY=$40 mY=$40 nS=$EB mS=$EB 
nP=$25 mP=$25 dbgCyc=3 op=$8D trail=1 nonOvlR=True nonOvlF=True dly=False stg=False irq=0 mis=False
docs\2s-jsr-irq-2026-08-06.log:10:c=540888 nPC=$EB27 mPC=$EB27 nA=$00 mA=$00 nX=$00 mX=$00 nY=$40 mY=$40 nS=$EB mS=$EB 
nP=$25 mP=$25 dbgCyc=2 op=$8D trail=1 nonOvlR=True nonOvlF=True dly=False stg=False irq=0 mis=False
docs\2s-jsr-irq-2026-08-06.log:11:c=540889 nPC=$EB27 mPC=$EB27 nA=$00 mA=$00 nX=$00 mX=$00 nY=$40 mY=$40 nS=$EB mS=$EB 
nP=$25 mP=$25 dbgCyc=1 op=$8D trail=1 nonOvlR=True nonOvlF=True dly=False stg=True irq=0 mis=False
docs\2s-jsr-irq-2026-08-06.log:12:c=540890 nPC=$EB2A mPC=$EB2A nA=$00 mA=$00 nX=$00 mX=$00 nY=$40 mY=$40 nS=$EB mS=$EB 
nP=$25 mP=$25 dbgCyc=0 op=$8D trail=1 nonOvlR=True nonOvlF=True dly=False stg=False irq=0 mis=False
docs\2s-jsr-irq-2026-08-06.log:13:c=540891 nPC=$EB2A mPC=$EB2A nA=$00 mA=$00 nX=$00 mX=$00 nY=$40 mY=$40 nS=$EB mS=$EB 
nP=$25 mP=$25 dbgCyc=3 op=$AE trail=1 nonOvlR=True nonOvlF=True dly=False stg=False irq=0 mis=False
docs\2s-jsr-irq-2026-08-06.log:14:c=540892 nPC=$EB2A mPC=$EB2A nA=$00 mA=$00 nX=$00 mX=$00 nY=$40 mY=$40 nS=$EB mS=$EB 
nP=$25 mP=$25 dbgCyc=2 op=$AE trail=1 nonOvlR=True nonOvlF=True dly=False stg=False irq=0 mis=False
docs\2s-jsr-irq-2026-08-06.log:15:c=540893 nPC=$EB2A mPC=$EB2A nA=$00 mA=$00 nX=$00 mX=$00 nY=$40 mY=$40 nS=$EB mS=$EB 
nP=$25 mP=$25 dbgCyc=1 op=$AE trail=1 nonOvlR=True nonOvlF=True dly=False stg=True irq=0 mis=False
docs\2s-jsr-irq-2026-08-06.log:16:c=540894 nPC=$EB2A mPC=$EB2A nA=$00 mA=$00 nX=$FF mX=$FF nY=$40 mY=$40 nS=$EB mS=$EB 
nP=$25 mP=$25 dbgCyc=0 op=$AE trail=1 nonOvlR=True nonOvlF=True dly=False stg=False irq=0 mis=False
docs\2s-jsr-irq-2026-08-06.log:17:c=540895 nPC=$EB2D mPC=$EB2D nA=$00 mA=$00 nX=$FF mX=$FF nY=$40 mY=$40 nS=$EB mS=$EB 
nP=$A5 mP=$A5 dbgCyc=1 op=$E0 trail=0 nonOvlR=True nonOvlF=True dly=False stg=False irq=0 mis=False
docs\2s-jsr-irq-2026-08-06.log:18:c=540896 nPC=$EB2D mPC=$EB2F nA=$00 mA=$00 nX=$FF mX=$FF nY=$40 mY=$40 nS=$EB mS=$EB 
nP=$A5 mP=$27 dbgCyc=0 op=$E0 trail=0 nonOvlR=True nonOvlF=True dly=False stg=False irq=0 mis=True
docs\2s-jsr-irq-2026-08-06.log:22:     at ViceSharp.TestHarness.Vic20.Vic20DivergeProbe.RunEveryCycle(Int32 budget) in 
F:\GitHub\vice-sharp\tests\ViceSharp.TestHarness\Vic20\Vic20DivergeProbe.cs:line 123
docs\2s-jsr-irq-2026-08-06.log:23:   at 
ViceSharp.TestHarness.Vic20.Vic20DivergeProbe.EveryCycle_CpuRegs_Match_TwoSecondPal() in 
F:\GitHub\vice-sharp\tests\ViceSharp.TestHarness\Vic20\Vic20DivergeProbe.cs:line 47

