
Build succeeded.
    0 Warning(s)
    0 Error(s)

Time Elapsed 00:00:17.62
EXIT=1

A total of 1 test files matched the specified pattern.
[xUnit.net 00:00:04.44]       Assert.Equal() Failure: Values differ
[xUnit.net 00:00:04.44]         
F:\GitHub\vice-sharp\tests\ViceSharp.TestHarness\Vic20\Vic20SnapshotRoundTripTests.cs(167,0): at 
ViceSharp.TestHarness.Vic20.Vic20SnapshotRoundTripTests.AssertEqualCpu(IViceNative native, IMachine managed)
  Failed ViceSharp.TestHarness.Vic20.Vic20SnapshotRoundTripTests.Unexpanded_ManagedBlob_ResumeLockstep_Short [1 s]
  Error Message:
   Assert.Equal() Failure: Values differ
     at ViceSharp.TestHarness.Vic20.Vic20SnapshotRoundTripTests.AssertEqualCpu(IViceNative native, IMachine managed) 
in F:\GitHub\vice-sharp\tests\ViceSharp.TestHarness\Vic20\Vic20SnapshotRoundTripTests.cs:line 167
  Passed ViceSharp.TestHarness.Vic20.Vic20SnapshotRoundTripTests.Inventory_DocumentsXvicVsfModules [8 ms]
  Passed ViceSharp.TestHarness.Vic20.Vic20SnapshotRoundTripTests.Unexpanded_ManagedStateBlob_RoundTripEqual [30 ms]
  Passed ViceSharp.TestHarness.Vic20.Vic20SnapshotRoundTripTests.Fe3_ConfigBlob_RoundTrip [1 ms]
Test Run Failed.
Total tests: 4
     Passed: 3
     Failed: 1
 Total time: 5.3074 Seconds

