Test run for F:\GitHub\vice-sharp\tests\ViceSharp.TestHarness\bin\Release\net10.0\ViceSharp.TestHarness.dll (.NETCoreApp,Version=v10.0)
A total of 1 test files matched the specified pattern.
[xUnit.net 00:00:04.34]     ViceSharp.TestHarness.Vic20.Vic20DivergeProbe.EveryCycle_CpuRegs_Match_TwoSecondPal [FAIL]
  Failed ViceSharp.TestHarness.Vic20.Vic20DivergeProbe.EveryCycle_CpuRegs_Match_TwoSecondPal [2 s]
  Error Message:
   DIV first=559234 matchedCycles=559233 budget=2216810
c=559223 nPC=$FF74 mPC=$FF74 nA=$00 mA=$00 nX=$00 mX=$00 nY=$0A mY=$0A nS=$EE mS=$EE nP=$26 mP=$26 dbgCyc=1 op=$48 trail=0 nonOvlR=True nonOvlF=True dly=False stg=True irq=0 mis=False
c=559224 nPC=$FF75 mPC=$FF75 nA=$00 mA=$00 nX=$00 mX=$00 nY=$0A mY=$0A nS=$EE mS=$EE nP=$26 mP=$26 dbgCyc=0 op=$48 trail=0 nonOvlR=True nonOvlF=True dly=False stg=False irq=0 mis=False
c=559225 nPC=$FF75 mPC=$FF75 nA=$00 mA=$00 nX=$00 mX=$00 nY=$0A mY=$0A nS=$EE mS=$EE nP=$26 mP=$26 dbgCyc=1 op=$98 trail=1 nonOvlR=True nonOvlF=True dly=False stg=False irq=0 mis=False
c=559226 nPC=$FF76 mPC=$FF76 nA=$0A mA=$0A nX=$00 mX=$00 nY=$0A mY=$0A nS=$EE mS=$EE nP=$24 mP=$24 dbgCyc=0 op=$98 trail=1 nonOvlR=True nonOvlF=True dly=False stg=False irq=0 mis=False
c=559227 nPC=$FF76 mPC=$FF76 nA=$0A mA=$0A nX=$00 mX=$00 nY=$0A mY=$0A nS=$EE mS=$EE nP=$24 mP=$24 dbgCyc=2 op=$48 trail=0 nonOvlR=True nonOvlF=True dly=False stg=False irq=0 mis=False
c=559228 nPC=$FF76 mPC=$FF76 nA=$0A mA=$0A nX=$00 mX=$00 nY=$0A mY=$0A nS=$ED mS=$ED nP=$24 mP=$24 dbgCyc=1 op=$48 trail=0 nonOvlR=True nonOvlF=True dly=False stg=True irq=0 mis=False
c=559229 nPC=$FF77 mPC=$FF77 nA=$0A mA=$0A nX=$00 mX=$00 nY=$0A mY=$0A nS=$ED mS=$ED nP=$24 mP=$24 dbgCyc=0 op=$48 trail=0 nonOvlR=True nonOvlF=True dly=False stg=False irq=0 mis=False
c=559230 nPC=$FF77 mPC=$FF77 nA=$0A mA=$0A nX=$00 mX=$00 nY=$0A mY=$0A nS=$ED mS=$ED nP=$24 mP=$24 dbgCyc=1 op=$BA trail=1 nonOvlR=True nonOvlF=True dly=False stg=False irq=0 mis=False
c=559231 nPC=$FF78 mPC=$FF78 nA=$0A mA=$0A nX=$ED mX=$ED nY=$0A mY=$0A nS=$ED mS=$ED nP=$A4 mP=$A4 dbgCyc=0 op=$BA trail=1 nonOvlR=True nonOvlF=True dly=False stg=False irq=0 mis=False
c=559232 nPC=$FF78 mPC=$FF78 nA=$0A mA=$0A nX=$ED mX=$ED nY=$0A mY=$0A nS=$ED mS=$ED nP=$A4 mP=$A4 dbgCyc=3 op=$BD trail=0 nonOvlR=True nonOvlF=True dly=False stg=False irq=0 mis=False
c=559233 nPC=$FF78 mPC=$FF78 nA=$0A mA=$0A nX=$ED mX=$ED nY=$0A mY=$0A nS=$ED mS=$ED nP=$A4 mP=$A4 dbgCyc=2 op=$BD trail=0 nonOvlR=True nonOvlF=True dly=False stg=False irq=0 mis=False
c=559234 nPC=$FF78 mPC=$FF78 nA=$22 mA=$0A nX=$ED mX=$ED nY=$0A mY=$0A nS=$ED mS=$ED nP=$A4 mP=$A4 dbgCyc=1 op=$BD trail=0 nonOvlR=True nonOvlF=True dly=False stg=True irq=0 mis=True
bus: m$C1=$00 m$C2=$20 n$C1=$00 n$C2=$20 m$C3=$6D m$C4=$FD n$C3=$6D n$C4=$FD m$0314=$BF n$0314=$BF opAddr=$FF78 abs=$01F1 m[$01F1]=$22 n[$01F1]=$22

  Stack Trace:
     at ViceSharp.TestHarness.Vic20.Vic20DivergeProbe.RunEveryCycle(Int32 budget) in F:\GitHub\vice-sharp\tests\ViceSharp.TestHarness\Vic20\Vic20DivergeProbe.cs:line 123
   at ViceSharp.TestHarness.Vic20.Vic20DivergeProbe.EveryCycle_CpuRegs_Match_TwoSecondPal() in F:\GitHub\vice-sharp\tests\ViceSharp.TestHarness\Vic20\Vic20DivergeProbe.cs:line 47
   at System.Reflection.MethodBaseInvoker.InterpretedInvoke_Method(Object obj, IntPtr* args)
   at System.Reflection.MethodBaseInvoker.InvokeWithNoArgs(Object obj, BindingFlags invokeAttr)

Failed!  - Failed:     1, Passed:     0, Skipped:     0, Total:     1, Duration: 2 s - ViceSharp.TestHarness.dll (net10.0)
2S_EXIT=1

docs\2s-sta-irq-2026-08-06.log:6:   DIV first=559234 matchedCycles=559233 budget=2216810
docs\2s-sta-irq-2026-08-06.log:27:Failed!  - Failed:     1, Passed:     0, Skipped:     0, Total:     1, Duration: 2 s 
- ViceSharp.TestHarness.dll (net10.0)

