  Determining projects to restore...
  Restored F:\GitHub\vice-sharp\src\ViceSharp.Abstractions\ViceSharp.Abstractions.csproj (in 366 ms).
  Restored F:\GitHub\vice-sharp\src\ViceSharp.Architectures\ViceSharp.Architectures.csproj (in 366 ms).
  Restored F:\GitHub\vice-sharp\src\ViceSharp.Chips\ViceSharp.Chips.csproj (in 366 ms).
  Restored F:\GitHub\vice-sharp\src\ViceSharp.Library.ViewModels\ViceSharp.Library.ViewModels.csproj (in 366 ms).
  Restored F:\GitHub\vice-sharp\src\ViceSharp.Protocol\ViceSharp.Protocol.csproj (in 298 ms).
  Restored F:\GitHub\vice-sharp\src\ViceSharp.RomM\ViceSharp.RomM.csproj (in 299 ms).
  Restored F:\GitHub\vice-sharp\src\ViceSharp.Xbox\ViceSharp.Xbox.csproj (in 299 ms).
  Restored F:\GitHub\vice-sharp\src\ViceSharp.Xbox.ViewModels\ViceSharp.Xbox.ViewModels.csproj (in 366 ms).
  Restored F:\GitHub\vice-sharp\src\ViceSharp.Core\ViceSharp.Core.csproj (in 366 ms).
  Restored F:\GitHub\vice-sharp\src\ViceSharp.RomFetch\ViceSharp.RomFetch.csproj (in 366 ms).
  Restored F:\GitHub\vice-sharp\src\ViceSharp.Host.InProcess\ViceSharp.Host.InProcess.csproj (in 366 ms).
  Restored F:\GitHub\vice-sharp\src\ViceSharp.Xbox.Input\ViceSharp.Xbox.Input.csproj (in 298 ms).
  Restored F:\GitHub\vice-sharp\src\ViceSharp.Monitor\ViceSharp.Monitor.csproj (in 366 ms).
  8 of 21 projects are up-to-date for restore.
  ViceSharp.Abstractions -> F:\GitHub\vice-sharp\src\ViceSharp.Abstractions\bin\Release\net10.0\ViceSharp.Abstractions.dll
  ViceSharp.Protocol -> F:\GitHub\vice-sharp\src\ViceSharp.Protocol\bin\Release\net10.0\ViceSharp.Protocol.dll
  ViceSharp.RomFetch -> F:\GitHub\vice-sharp\src\ViceSharp.RomFetch\bin\Release\net10.0\ViceSharp.RomFetch.dll
  ViceSharp.Library.ViewModels -> F:\GitHub\vice-sharp\src\ViceSharp.Library.ViewModels\bin\Release\net10.0\ViceSharp.Library.ViewModels.dll
  ViceSharp.Xbox.Input -> F:\GitHub\vice-sharp\src\ViceSharp.Xbox.Input\bin\Release\net10.0\ViceSharp.Xbox.Input.dll
  ViceSharp.RomM -> F:\GitHub\vice-sharp\src\ViceSharp.RomM\bin\Release\net10.0\ViceSharp.RomM.dll
  ViceSharp.Xbox.ViewModels -> F:\GitHub\vice-sharp\src\ViceSharp.Xbox.ViewModels\bin\Release\net10.0\ViceSharp.Xbox.ViewModels.dll
F:\GitHub\vice-sharp\src\ViceSharp.Chips\Vic\Mos6561.cs(117,12): error CS8618: Non-nullable field '_frameBuffer' must contain a non-null value when exiting constructor. Consider adding the 'required' modifier or declaring the field as nullable. [F:\GitHub\vice-sharp\src\ViceSharp.Chips\ViceSharp.Chips.csproj]
F:\GitHub\vice-sharp\src\ViceSharp.Chips\Vic\Mos6561.cs(487,32): error CA2014: Potential stack overflow. Move the stackalloc out of the loop. (https://learn.microsoft.com/dotnet/fundamentals/code-analysis/quality-rules/ca2014) [F:\GitHub\vice-sharp\src\ViceSharp.Chips\ViceSharp.Chips.csproj]
