  ViceSharp.Core -> F:\GitHub\vice-sharp\src\ViceSharp.Core\bin\Release\net10.0\ViceSharp.Core.dll
  ViceSharp.Monitor -> F:\GitHub\vice-sharp\src\ViceSharp.Monitor\bin\Release\net10.0\ViceSharp.Monitor.dll
  ViceSharp.Architectures -> F:\GitHub\vice-sharp\src\ViceSharp.Architectures\bin\Release\net10.0\ViceSharp.Architectures.dll
  ViceSharp.Host.InProcess -> F:\GitHub\vice-sharp\src\ViceSharp.Host.InProcess\bin\Release\net10.0\ViceSharp.Host.InProcess.dll
  ViceSharp.Launcher -> F:\GitHub\vice-sharp\src\ViceSharp.Launcher\bin\Release\net10.0\ViceSharp.Launcher.dll
  ViceSharp.Benchmarks -> F:\GitHub\vice-sharp\tests\ViceSharp.Benchmarks\bin\Release\net10.0\ViceSharp.Benchmarks.dll
  ViceSharp.AdhocHelper -> F:\GitHub\vice-sharp\src\ViceSharp.AdhocHelper\bin\Release\net10.0\ViceSharp.AdhocHelper.dll
  ViceSharp.Console -> F:\GitHub\vice-sharp\src\ViceSharp.Console\bin\Release\net10.0\ViceSharp.Console.dll
  ViceSharp.Xbox -> F:\GitHub\vice-sharp\src\ViceSharp.Xbox\bin\Release\net10.0\ViceSharp.Xbox.dll
  ViceSharp.Host -> F:\GitHub\vice-sharp\src\ViceSharp.Host\bin\Release\net10.0\ViceSharp.Host.dll
  ViceSharp.Avalonia -> F:\GitHub\vice-sharp\src\ViceSharp.Avalonia\bin\Release\net10.0\ViceSharp.Avalonia.dll
  ViceSharp.Host.MacOS -> F:\GitHub\vice-sharp\src\ViceSharp.Host.MacOS\bin\Release\net10.0\ViceSharp.Host.MacOS.dll
  ViceSharp.TestHarness -> F:\GitHub\vice-sharp\tests\ViceSharp.TestHarness\bin\Release\net10.0\ViceSharp.TestHarness.dll
  Building VICE native library
  make: Entering directory '/f/GitHub/vice-sharp/native/vice/vice/src/lib/linenoise-ng'
  make: Nothing to be done for 'all'.
  make: Leaving directory '/f/GitHub/vice-sharp/native/vice/vice/src/lib/linenoise-ng'
  make: Entering directory '/f/GitHub/vice-sharp/native/vice/vice/src'
  make: Leaving directory '/f/GitHub/vice-sharp/native/vice/vice/src'
Test run for F:\GitHub\vice-sharp\tests\ViceSharp.TestHarness\bin\Release\net10.0\ViceSharp.TestHarness.dll (.NETCoreApp,Version=v10.0)
A total of 1 test files matched the specified pattern.
  Skipped ViceSharp.TestHarness.Vic20.BranchCycleCountTests.TakenBne_CycleTrace [1 ms]
  Skipped ViceSharp.TestHarness.Vic20.BranchCycleCountTests.NotTakenBne_CycleTrace [1 ms]

Passed!  - Failed:     0, Passed:   198, Skipped:     0, Total:   198, Duration: 8 s - ViceSharp.TestHarness.dll (net10.0)

src\ViceSharp.Chips\Vic\Mos6561.cs:588:        // No invent paper strip: VICE paints all 8 bit slots (transparent=0), 
so space
src\ViceSharp.Chips\Vic\Mos6561.cs:671:        Buffer.BlockCopy(line, src, _frameBuffer, dst, copyW * 4);
True

