  Determining projects to restore...
  Restored F:\GitHub\vice-sharp\build\_build.csproj (in 424 ms).
03:37:38 [WRN] Configuration files for AzurePipelines (release) have changed.
03:37:38 [WRN] Configuration files for AzurePipelines (ci) have changed.
​
███╗   ██╗██╗   ██╗██╗  ██╗███████╗
████╗  ██║██║   ██║██║ ██╔╝██╔════╝
██╔██╗ ██║██║   ██║█████╔╝ █████╗  
██║╚██╗██║██║   ██║██╔═██╗ ██╔══╝  
██║ ╚████║╚██████╔╝██║  ██╗███████╗
╚═╝  ╚═══╝ ╚═════╝ ╚═╝  ╚═╝╚══════╝
​
NUKE Execution Engine version 10.1.0 (Windows,.NETCoreApp,Version=v10.0)
​
​
╬════════════════════
║ DeployXboxLocal
╬═══════════
​
03:37:39 [INF] > C:\Windows\System32\WindowsPowerShell\v1.0\powershell.exe -NoProfile -NonInteractive -Command ""Stop-Process -Name 'ViceSharp.Xbox' -Force -ErrorAction SilentlyContinue""
03:37:39 [INF] > "C:\Program Files (x86)\Microsoft Visual Studio\Installer\vswhere.exe" -latest -requires Microsoft.Component.MSBuild -find MSBuild\**\Bin\MSBuild.exe
03:37:40 [INF] > "C:\Program Files\Microsoft Visual Studio\18\Community\MSBuild\Current\Bin\MSBuild.exe" "F:\GitHub\vice-sharp\src\ViceSharp.Xbox\ViceSharp.Xbox.csproj" /p:Configuration=Release-UWP /p:Platform=x64 /restore /t:Build,GenerateProjectPriFile /v:m /nologo
03:37:40 [DBG] 
03:37:41 [DBG]   Determining projects to restore...
03:37:43 [DBG]   Restored F:\GitHub\vice-sharp\src\ViceSharp.Xbox\ViceSharp.Xbox.csproj (in 621 ms).
03:37:43 [DBG]   12 of 13 projects are up-to-date for restore.
03:37:46 [DBG]   ViceSharp.Abstractions -> F:\GitHub\vice-sharp\src\ViceSharp.Abstractions\bin\x64\Release-UWP\net10.0\ViceSharp.Abstractions.dll
03:37:47 [DBG]   ViceSharp.Chips -> F:\GitHub\vice-sharp\src\ViceSharp.Chips\bin\x64\Release-UWP\net10.0\ViceSharp.Chips.dll
03:37:47 [DBG]   ViceSharp.RomFetch -> F:\GitHub\vice-sharp\src\ViceSharp.RomFetch\bin\x64\Release-UWP\net10.0\ViceSharp.RomFetch.dll
03:37:48 [DBG]   ViceSharp.Core -> F:\GitHub\vice-sharp\src\ViceSharp.Core\bin\x64\Release-UWP\net10.0\ViceSharp.Core.dll
03:37:49 [DBG]   ViceSharp.Architectures -> F:\GitHub\vice-sharp\src\ViceSharp.Architectures\bin\x64\Release-UWP\net10.0\ViceSharp.Architectures.dll
03:37:49 [DBG]   ViceSharp.Monitor -> F:\GitHub\vice-sharp\src\ViceSharp.Monitor\bin\x64\Release-UWP\net10.0\ViceSharp.Monitor.dll
03:37:50 [DBG]   ViceSharp.Protocol -> F:\GitHub\vice-sharp\src\ViceSharp.Protocol\bin\x64\Release-UWP\net10.0\ViceSharp.Protocol.dll
03:37:51 [DBG]   ViceSharp.Host.InProcess -> F:\GitHub\vice-sharp\src\ViceSharp.Host.InProcess\bin\x64\Release-UWP\net10.0\ViceSharp.Host.InProcess.dll
03:37:51 [DBG]   ViceSharp.Xbox.Input -> F:\GitHub\vice-sharp\src\ViceSharp.Xbox.Input\bin\x64\Release-UWP\net10.0\ViceSharp.Xbox.Input.dll
03:37:52 [DBG]   ViceSharp.Xbox.ViewModels -> F:\GitHub\vice-sharp\src\ViceSharp.Xbox.ViewModels\bin\x64\Release-UWP\net10.0\ViceSharp.Xbox.ViewModels.dll
03:37:52 [DBG]   ViceSharp.Library.ViewModels -> F:\GitHub\vice-sharp\src\ViceSharp.Library.ViewModels\bin\x64\Release-UWP\net10.0\ViceSharp.Library.ViewModels.dll
03:37:52 [DBG]   ViceSharp.RomM -> F:\GitHub\vice-sharp\src\ViceSharp.RomM\bin\x64\Release-UWP\net10.0\ViceSharp.RomM.dll
03:38:02 [DBG] F:\GitHub\vice-sharp\src\ViceSharp.Xbox\Views\AboutPage.xaml(15,28): XamlCompiler warning WMC1506: OneWay bindings require at least one of their steps to support raising notifications when their value changes [F:\GitHub\vice-sharp\src\ViceSharp.Xbox\ViceSharp.Xbox.csproj]
03:38:02 [DBG] F:\GitHub\vice-sharp\src\ViceSharp.Xbox\Views\AboutPage.xaml(16,28): XamlCompiler warning WMC1506: OneWay bindings require at least one of their steps to support raising notifications when their value changes [F:\GitHub\vice-sharp\src\ViceSharp.Xbox\ViceSharp.Xbox.csproj]
03:38:02 [DBG] F:\GitHub\vice-sharp\src\ViceSharp.Xbox\Views\AboutPage.xaml(17,28): XamlCompiler warning WMC1506: OneWay bindings require at least one of their steps to support raising notifications when their value changes [F:\GitHub\vice-sharp\src\ViceSharp.Xbox\ViceSharp.Xbox.csproj]
03:38:02 [DBG] F:\GitHub\vice-sharp\src\ViceSharp.Xbox\Views\AboutPage.xaml(18,28): XamlCompiler warning WMC1506: OneWay bindings require at least one of their steps to support raising notifications when their value changes [F:\GitHub\vice-sharp\src\ViceSharp.Xbox\ViceSharp.Xbox.csproj]
03:38:02 [DBG] F:\GitHub\vice-sharp\src\ViceSharp.Xbox\Views\AboutPage.xaml(19,28): XamlCompiler warning WMC1506: OneWay bindings require at least one of their steps to support raising notifications when their value changes [F:\GitHub\vice-sharp\src\ViceSharp.Xbox\ViceSharp.Xbox.csproj]
03:38:02 [DBG] F:\GitHub\vice-sharp\src\ViceSharp.Xbox\Views\AboutPage.xaml(20,28): XamlCompiler warning WMC1506: OneWay bindings require at least one of their steps to support raising notifications when their value changes [F:\GitHub\vice-sharp\src\ViceSharp.Xbox\ViceSharp.Xbox.csproj]
03:38:02 [DBG] F:\GitHub\vice-sharp\src\ViceSharp.Xbox\Views\HomePage.xaml(33,21): XamlCompiler warning WMC1506: OneWay bindings require at least one of their steps to support raising notifications when their value changes [F:\GitHub\vice-sharp\src\ViceSharp.Xbox\ViceSharp.Xbox.csproj]
03:38:03 [DBG] F:\GitHub\vice-sharp\src\ViceSharp.Xbox\Views\RomProvisioningPage.xaml.cs(21,21): error CS8601: Possible null reference assignment. [F:\GitHub\vice-sharp\src\ViceSharp.Xbox\ViceSharp.Xbox.csproj]
03:38:03 [DBG] F:\GitHub\vice-sharp\src\ViceSharp.Xbox\Views\RomProvisioningPage.xaml.cs(19,12): error CS8618: Non-nullable property 'ViewModel' must contain a non-null value when exiting constructor. Consider adding the 'required' modifier or declaring the property as nullable. [F:\GitHub\vice-sharp\src\ViceSharp.Xbox\ViceSharp.Xbox.csproj]
03:38:03 [ERR] Target DeployXboxLocal has thrown an exception
System.InvalidOperationException: MSBuild failed with exit code 1.
   at Build.<get_DeployXboxLocal>b__97_1() in F:\GitHub\vice-sharp\build\Build.cs:line 1022
   at Nuke.Common.Execution.BuildExecutor.<>c.<Execute>b__4_2(Action x) in /_/source/Nuke.Build/Execution/BuildExecutor.cs:line 120
   at System.Collections.Generic.List`1.ForEach(Action`1 action)
   at Nuke.Common.Execution.BuildExecutor.Execute(NukeBuild build, ExecutableTarget target, IReadOnlyCollection`1 previouslyExecutedTargets, Boolean failureMode) in /_/source/Nuke.Build/Execution/BuildExecutor.cs:line 120
​
╬══════════════════════
║ Errors & Warnings
╬═════════════
​
[WRN] : Configuration files for AzurePipelines (release) have changed.
[WRN] : Configuration files for AzurePipelines (ci) have changed.
[ERR] DeployXboxLocal: Target DeployXboxLocal has thrown an exception
​
═══════════════════════════════════════
Target             Status      Duration
───────────────────────────────────────
DeployXboxLocal    Failed          0:24   // InvalidOperationException: MSBuild failed with exit code 1.
───────────────────────────────────────
Total                              0:24
═══════════════════════════════════════
​
Build failed on 8/5/2026 3:38:03 AM. (╯°□°）╯︵ ┻━┻
