                </StackPanel>
                <TextBlock x:Name="ConnectStatus" Text="Scanning the local network for RomM..." Foreground="#FFDDDDDD" TextWrapping="Wrap" />
            </StackPanel>
        </Border>

        <!-- Selected-game bar: selection, slot picker, download progress. -->
        <Border Grid.Row="2" Background="#26FFFFFF" CornerRadius="8" Padding="16,10" Margin="0,12,0,0">
            <Grid>
                <Grid.ColumnDefinitions>
                    <ColumnDefinition Width="*" />
                    <ColumnDefinition Width="Auto" />
                </Grid.ColumnDefinitions>
                <StackPanel Grid.Column="0" VerticalAlignment="Center">
                    <TextBlock x:Name="SelectedText" Text="No game selected" Foreground="White" FontSize="18" />
                    <TextBlock x:Name="StatusText" Text="" Foreground="#FFCFCFCF" FontSize="14" Margin="0,2,0,0" TextWrapping="Wrap" />
                </StackPanel>
                <StackPanel Grid.Column="1" Orientation="Horizontal" Spacing="12" VerticalAlignment="Center">
                    <TextBlock Text="Slot" Foreground="#FFCFCFCF" VerticalAlignment="Center" />
                    <ComboBox x:Name="SlotBox" Width="150" SelectionChanged="OnSlotChanged" />
                    <ProgressBar x:Name="DownloadBar" Width="220" Minimum="0" Maximum="1" Value="0" VerticalAlignment="Center" />
                </StackPanel>
            </Grid>
        </Border>

        <!-- Gamepad action bar. -->
        <TextBlock Grid.Row="3" Margin="4,12,0,0" Foreground="#FFE0E0E0" FontSize="18"
                   Text="(A) Attach     (Y) Attach + autostart     (X) Add to list     (B) Back" />
    </Grid>
</Page>
