
FullName
--------
F:\GitHub\vice-sharp\native\vice\vice\data\C128\palette_6569R1_v1r.vpl
F:\GitHub\vice-sharp\native\vice\vice\data\C128\palette_6569R5_v1r.vpl
F:\GitHub\vice-sharp\native\vice\vice\data\C128\palette_8565R2_v1r.vpl
F:\GitHub\vice-sharp\native\vice\vice\data\C128\palette_C64_amber.vpl
F:\GitHub\vice-sharp\native\vice\vice\data\C128\palette_C64_cyan.vpl
F:\GitHub\vice-sharp\native\vice\vice\data\C128\palette_C64_green.vpl
F:\GitHub\vice-sharp\native\vice\vice\data\C128\palette.vpl
F:\GitHub\vice-sharp\native\vice\vice\data\C64\palette_6569R1_v1r.vpl
F:\GitHub\vice-sharp\native\vice\vice\data\C64\palette_6569R5_v1r.vpl
F:\GitHub\vice-sharp\native\vice\vice\data\C64\palette_8565R2_v1r.vpl
F:\GitHub\vice-sharp\native\vice\vice\data\C64\palette_C64_amber.vpl
F:\GitHub\vice-sharp\native\vice\vice\data\C64\palette_C64_cyan.vpl
F:\GitHub\vice-sharp\native\vice\vice\data\C64\palette_C64_green.vpl
F:\GitHub\vice-sharp\native\vice\vice\data\C64\palette.vpl
F:\GitHub\vice-sharp\native\vice\vice\data\CBM-II\palette_6569R1_v1r.vpl
F:\GitHub\vice-sharp\native\vice\vice\data\CBM-II\palette_6569R5_v1r.vpl
F:\GitHub\vice-sharp\native\vice\vice\data\CBM-II\palette_8565R2_v1r.vpl
F:\GitHub\vice-sharp\native\vice\vice\data\CBM-II\palette_C64_amber.vpl
F:\GitHub\vice-sharp\native\vice\vice\data\CBM-II\palette_C64_cyan.vpl
F:\GitHub\vice-sharp\native\vice\vice\data\CBM-II\palette_C64_green.vpl
F:\GitHub\vice-sharp\native\vice\vice\data\CBM-II\palette.vpl
F:\GitHub\vice-sharp\native\vice\vice\data\SCPU64\palette_6569R1_v1r.vpl
F:\GitHub\vice-sharp\native\vice\vice\data\SCPU64\palette_6569R5_v1r.vpl
F:\GitHub\vice-sharp\native\vice\vice\data\SCPU64\palette_8565R2_v1r.vpl
F:\GitHub\vice-sharp\native\vice\vice\data\SCPU64\palette_C64_amber.vpl
F:\GitHub\vice-sharp\native\vice\vice\data\SCPU64\palette_C64_cyan.vpl
F:\GitHub\vice-sharp\native\vice\vice\data\SCPU64\palette_C64_green.vpl
F:\GitHub\vice-sharp\native\vice\vice\data\SCPU64\palette.vpl
F:\GitHub\vice-sharp\native\vice\vice\data\VIC20\PALette.vpl
F:\GitHub\vice-sharp\native\vice\vice\src\palette.c
F:\GitHub\vice-sharp\native\vice\vice\src\palette.h
F:\GitHub\vice-sharp\native\vice\vice\src\palette.o
F:\GitHub\vice-sharp\native\vice\vice\src\.deps\palette.Po
F:\GitHub\vice-sharp\native\vice\vice\src\arch\gtk3\widgets\videopalettewidget.c
F:\GitHub\vice-sharp\native\vice\vice\src\arch\gtk3\widgets\videopalettewidget.h
F:\GitHub\vice-sharp\native\vice\vice\src\arch\gtk3\widgets\.deps\videopalettewidget.Po
F:\GitHub\vice-sharp\native\vice\vice\src\buildtools\palette2c.sh
F:\GitHub\vice-sharp\native\vice\vice\src\vic20\vic20video.c
F:\GitHub\vice-sharp\native\vice\vice\src\vic20\vic20video.o
F:\GitHub\vice-sharp\native\vice\vice\src\vic20\.deps\vic20video.Po

