src\ViceSharp.Chips\Vic\Mos6561.cs: 583 lines
src\ViceSharp.Chips\IEC\Via6522.cs: 827 lines
src\ViceSharp.Core\Vic20\Vic20SystemRam.cs: 77 lines
src\ViceSharp.Core\Vic20\Vic20ColorRam.cs: 63 lines
src\ViceSharp.Core\Vic20\Vic20KeyboardMatrix.cs: 190 lines
src\ViceSharp.Core\Vic20\Vic20IecPort.cs: 54 lines
src\ViceSharp.Core\Vic20\Vic20MemoryLayout.cs: 297 lines
src\ViceSharp.Core\ArchitectureBuilder.cs: 757 lines
--- VICE ---
vic-cycle.c: 459 lines
vic-draw.c: 246 lines
vic-mem.c: 352 lines
vic-color.c: 296 lines
vic-timing.c: 113 lines
vic.c: 537 lines
vic20mem.c: 746 lines
vic20cpu.c: 188 lines
vic20via1.c: 310 lines
vic20via2.c: 268 lines
vic20iec.c: 282 lines
vic20sound.c: 580 lines
vic20bus.c: 90 lines
