[feat/xbox-uwp-app 7442c1d] release: bump minor to 1.2.0 (RomM, T64, Avalonia UX)
 63 files changed, 4535 insertions(+), 708 deletions(-)
 create mode 100644 src/ViceSharp.Chips/IEC/D64SingleFileBuilder.cs
 create mode 100644 src/ViceSharp.Chips/Tape/T64Image.cs
 create mode 100644 src/ViceSharp.Library.ViewModels/GameGroup.cs
 create mode 100644 src/ViceSharp.Library.ViewModels/GameGrouper.cs
 create mode 100644 src/ViceSharp.Library.ViewModels/IRecentsStore.cs
 create mode 100644 src/ViceSharp.Library.ViewModels/IRomMServerProbe.cs
 create mode 100644 src/ViceSharp.Library.ViewModels/RecentGame.cs
 create mode 100644 src/ViceSharp.Library.ViewModels/RomMLocateResult.cs
 create mode 100644 src/ViceSharp.Library.ViewModels/RomMServerLocator.cs
 create mode 100644 src/ViceSharp.RomM/FileRecentsStore.cs
 create mode 100644 src/ViceSharp.RomM/RomMHeartbeatProbe.cs
 create mode 100644 tests/ViceSharp.Library.Tests/Browse/GameGrouperTests.cs
 create mode 100644 tests/ViceSharp.Library.Tests/Connection/FileRecentsStoreTests.cs
 create mode 100644 tests/ViceSharp.Library.Tests/Connection/RomMServerLocatorTests.cs
 create mode 100644 tests/ViceSharp.TestHarness/HostShells/AvaloniaFullscreenHotkeyTests.cs
 create mode 100644 tests/ViceSharp.TestHarness/IEC/T64ImageTests.cs
## [32mfeat/xbox-uwp-app[m...[31morigin/feat/xbox-uwp-app[m [ahead [32m1[m]
[31m??[m docs/S-Blox/
[31m??[m docs/reviews/code-review-20260714T001056552Z.md
[31m??[m docs/reviews/code-review-20260714T004256563Z.md
[31m??[m docs/romless-vic-badline-fix.md
[33m7442c1d[m release: bump minor to 1.2.0 (RomM, T64, Avalonia UX)
v1.2.0          ViceSharp 1.2.0
