Test run for F:\GitHub\vice-sharp\tests\ViceSharp.TestHarness\bin\Release\net10.0\ViceSharp.TestHarness.dll (.NETCoreApp,Version=v10.0)
A total of 1 test files matched the specified pattern.
[xUnit.net 00:00:04.62]     ViceSharp.TestHarness.Vic20.Vic20DivergeProbe.EveryCycle_CpuRegs_Match_TwoSecondPal [FAIL]
  Failed ViceSharp.TestHarness.Vic20.Vic20DivergeProbe.EveryCycle_CpuRegs_Match_TwoSecondPal [2 s]
  Error Message:
   DIV first=543316 matchedCycles=543315 budget=2216810
c=543305 nPC=$D9B2 mPC=$D9B2 nA=$00 mA=$00 nX=$69 mX=$69 nY=$FB mY=$FB nS=$F5 mS=$F5 nP=$22 mP=$22 dbgCyc=3 op=$76 trail=2 nonOvlR=False nonOvlF=False dly=False stg=False irq=0 mis=False
c=543306 nPC=$D9B2 mPC=$D9B2 nA=$00 mA=$00 nX=$69 mX=$69 nY=$FB mY=$FB nS=$F5 mS=$F5 nP=$22 mP=$22 dbgCyc=2 op=$76 trail=2 nonOvlR=False nonOvlF=False dly=False stg=False irq=0 mis=False
c=543307 nPC=$D9B4 mPC=$D9B4 nA=$00 mA=$00 nX=$69 mX=$69 nY=$FB mY=$FB nS=$F5 mS=$F5 nP=$22 mP=$22 dbgCyc=1 op=$76 trail=2 nonOvlR=False nonOvlF=False dly=False stg=False irq=0 mis=False
c=543308 nPC=$D9B4 mPC=$D9B4 nA=$00 mA=$00 nX=$69 mX=$69 nY=$FB mY=$FB nS=$F5 mS=$F5 nP=$22 mP=$22 dbgCyc=0 op=$76 trail=2 nonOvlR=False nonOvlF=False dly=False stg=False irq=0 mis=False
c=543309 nPC=$D9B4 mPC=$D9B4 nA=$00 mA=$00 nX=$69 mX=$69 nY=$FB mY=$FB nS=$F5 mS=$F5 nP=$22 mP=$22 dbgCyc=5 op=$76 trail=2 nonOvlR=False nonOvlF=False dly=False stg=False irq=0 mis=False
c=543310 nPC=$D9B4 mPC=$D9B4 nA=$00 mA=$00 nX=$69 mX=$69 nY=$FB mY=$FB nS=$F5 mS=$F5 nP=$22 mP=$22 dbgCyc=4 op=$76 trail=2 nonOvlR=False nonOvlF=False dly=False stg=False irq=0 mis=False
c=543311 nPC=$D9B4 mPC=$D9B4 nA=$00 mA=$00 nX=$69 mX=$69 nY=$FB mY=$FB nS=$F5 mS=$F5 nP=$22 mP=$22 dbgCyc=3 op=$76 trail=2 nonOvlR=False nonOvlF=False dly=False stg=False irq=0 mis=False
c=543312 nPC=$D9B4 mPC=$D9B4 nA=$00 mA=$00 nX=$69 mX=$69 nY=$FB mY=$FB nS=$F5 mS=$F5 nP=$22 mP=$22 dbgCyc=2 op=$76 trail=2 nonOvlR=False nonOvlF=False dly=False stg=False irq=0 mis=False
c=543313 nPC=$D9B6 mPC=$D9B6 nA=$00 mA=$00 nX=$69 mX=$69 nY=$FB mY=$FB nS=$F5 mS=$F5 nP=$20 mP=$20 dbgCyc=1 op=$76 trail=2 nonOvlR=False nonOvlF=False dly=False stg=False irq=0 mis=False
c=543314 nPC=$D9B6 mPC=$D9B6 nA=$00 mA=$00 nX=$69 mX=$69 nY=$FB mY=$FB nS=$F5 mS=$F5 nP=$20 mP=$20 dbgCyc=0 op=$76 trail=2 nonOvlR=False nonOvlF=False dly=False stg=False irq=0 mis=False
c=543315 nPC=$D9B6 mPC=$D9B6 nA=$00 mA=$00 nX=$69 mX=$69 nY=$FB mY=$FB nS=$F5 mS=$F5 nP=$20 mP=$20 dbgCyc=1 op=$6A trail=2 nonOvlR=False nonOvlF=False dly=False stg=False irq=0 mis=False
c=543316 nPC=$D9B6 mPC=$D9B7 nA=$00 mA=$00 nX=$69 mX=$69 nY=$FB mY=$FB nS=$F5 mS=$F5 nP=$20 mP=$22 dbgCyc=0 op=$6A trail=2 nonOvlR=False nonOvlF=False dly=False stg=False irq=0 mis=True
bus: m$C1=$00 m$C2=$20 n$C1=$00 n$C2=$20 m$C3=$6D m$C4=$FD n$C3=$6D n$C4=$FD m$0314=$BF n$0314=$BF

  Stack Trace:
     at ViceSharp.TestHarness.Vic20.Vic20DivergeProbe.RunEveryCycle(Int32 budget) in F:\GitHub\vice-sharp\tests\ViceSharp.TestHarness\Vic20\Vic20DivergeProbe.cs:line 123
   at ViceSharp.TestHarness.Vic20.Vic20DivergeProbe.EveryCycle_CpuRegs_Match_TwoSecondPal() in F:\GitHub\vice-sharp\tests\ViceSharp.TestHarness\Vic20\Vic20DivergeProbe.cs:line 47
   at System.Reflection.MethodBaseInvoker.InterpretedInvoke_Method(Object obj, IntPtr* args)
   at System.Reflection.MethodBaseInvoker.InvokeWithNoArgs(Object obj, BindingFlags invokeAttr)

Failed!  - Failed:     1, Passed:     0, Skipped:     0, Total:     1, Duration: 2 s - ViceSharp.TestHarness.dll (net10.0)
2S_EXIT=1
