  Determining projects to restore...
  All projects are up-to-date for restore.
  ViceSharp.Abstractions -> F:\GitHub\vice-sharp\src\ViceSharp.Abstractions\bin\Release\net10.0\ViceSharp.Abstractions.dll
  ViceSharp.Protocol -> F:\GitHub\vice-sharp\src\ViceSharp.Protocol\bin\Release\net10.0\ViceSharp.Protocol.dll
  ViceSharp.Library.ViewModels -> F:\GitHub\vice-sharp\src\ViceSharp.Library.ViewModels\bin\Release\net10.0\ViceSharp.Library.ViewModels.dll
  ViceSharp.Xbox.Input -> F:\GitHub\vice-sharp\src\ViceSharp.Xbox.Input\bin\Release\net10.0\ViceSharp.Xbox.Input.dll
  ViceSharp.RomFetch -> F:\GitHub\vice-sharp\src\ViceSharp.RomFetch\bin\Release\net10.0\ViceSharp.RomFetch.dll
  ViceSharp.RomM -> F:\GitHub\vice-sharp\src\ViceSharp.RomM\bin\Release\net10.0\ViceSharp.RomM.dll
  ViceSharp.Chips -> F:\GitHub\vice-sharp\src\ViceSharp.Chips\bin\Release\net10.0\ViceSharp.Chips.dll
  ViceSharp.Xbox.ViewModels -> F:\GitHub\vice-sharp\src\ViceSharp.Xbox.ViewModels\bin\Release\net10.0\ViceSharp.Xbox.ViewModels.dll
  ViceSharp.Core -> F:\GitHub\vice-sharp\src\ViceSharp.Core\bin\Release\net10.0\ViceSharp.Core.dll
  ViceSharp.Monitor -> F:\GitHub\vice-sharp\src\ViceSharp.Monitor\bin\Release\net10.0\ViceSharp.Monitor.dll
  ViceSharp.Architectures -> F:\GitHub\vice-sharp\src\ViceSharp.Architectures\bin\Release\net10.0\ViceSharp.Architectures.dll
  ViceSharp.Launcher -> F:\GitHub\vice-sharp\src\ViceSharp.Launcher\bin\Release\net10.0\ViceSharp.Launcher.dll
  ViceSharp.Benchmarks -> F:\GitHub\vice-sharp\tests\ViceSharp.Benchmarks\bin\Release\net10.0\ViceSharp.Benchmarks.dll
  ViceSharp.Host.InProcess -> F:\GitHub\vice-sharp\src\ViceSharp.Host.InProcess\bin\Release\net10.0\ViceSharp.Host.InProcess.dll
  ViceSharp.AdhocHelper -> F:\GitHub\vice-sharp\src\ViceSharp.AdhocHelper\bin\Release\net10.0\ViceSharp.AdhocHelper.dll
  ViceSharp.Xbox -> F:\GitHub\vice-sharp\src\ViceSharp.Xbox\bin\Release\net10.0\ViceSharp.Xbox.dll
  ViceSharp.Console -> F:\GitHub\vice-sharp\src\ViceSharp.Console\bin\Release\net10.0\ViceSharp.Console.dll
  ViceSharp.Host -> F:\GitHub\vice-sharp\src\ViceSharp.Host\bin\Release\net10.0\ViceSharp.Host.dll
  ViceSharp.Avalonia -> F:\GitHub\vice-sharp\src\ViceSharp.Avalonia\bin\Release\net10.0\ViceSharp.Avalonia.dll
  ViceSharp.Host.MacOS -> F:\GitHub\vice-sharp\src\ViceSharp.Host.MacOS\bin\Release\net10.0\ViceSharp.Host.MacOS.dll
  ViceSharp.TestHarness -> F:\GitHub\vice-sharp\tests\ViceSharp.TestHarness\bin\Release\net10.0\ViceSharp.TestHarness.dll
Test run for F:\GitHub\vice-sharp\tests\ViceSharp.TestHarness\bin\Release\net10.0\ViceSharp.TestHarness.dll (.NETCoreApp,Version=v10.0)
A total of 1 test files matched the specified pattern.

Passed!  - Failed:     0, Passed:    20, Skipped:     0, Total:    20, Duration: 2 s - ViceSharp.TestHarness.dll (net10.0)
FOCUSED_EXIT=0
Test run for F:\GitHub\vice-sharp\tests\ViceSharp.TestHarness\bin\Release\net10.0\ViceSharp.TestHarness.dll (.NETCoreApp,Version=v10.0)
A total of 1 test files matched the specified pattern.
[xUnit.net 00:00:03.92]     ViceSharp.TestHarness.Vic20.Vic20DivergeProbe.EveryCycle_CpuRegs_Match_TwoSecondPal [FAIL]
  Failed ViceSharp.TestHarness.Vic20.Vic20DivergeProbe.EveryCycle_CpuRegs_Match_TwoSecondPal [2 s]
  Error Message:
   DIV first=522467 matchedCycles=522466 budget=2216810
c=522456 nPC=$EBDB mPC=$EBDB nA=$F7 mA=$F7 nX=$FF mX=$FF nY=$00 mY=$00 nS=$E6 mS=$E6 nP=$A5 mP=$A5 dbgCyc=0 op=$8D trail=0 nonOvlR=True nonOvlF=True dly=False stg=False irq=0 mis=False
c=522457 nPC=$EBDB mPC=$EBDB nA=$F7 mA=$F7 nX=$FF mX=$FF nY=$00 mY=$00 nS=$E6 mS=$E6 nP=$A5 mP=$A5 dbgCyc=5 op=$60 trail=1 nonOvlR=True nonOvlF=True dly=False stg=False irq=0 mis=False
c=522458 nPC=$EBDB mPC=$EBDB nA=$F7 mA=$F7 nX=$FF mX=$FF nY=$00 mY=$00 nS=$E6 mS=$E6 nP=$A5 mP=$A5 dbgCyc=4 op=$60 trail=1 nonOvlR=True nonOvlF=True dly=False stg=False irq=0 mis=False
c=522459 nPC=$EBDB mPC=$EBDB nA=$F7 mA=$F7 nX=$FF mX=$FF nY=$00 mY=$00 nS=$E6 mS=$E6 nP=$A5 mP=$A5 dbgCyc=3 op=$60 trail=1 nonOvlR=True nonOvlF=True dly=False stg=False irq=0 mis=False
c=522460 nPC=$EBDB mPC=$EBDB nA=$F7 mA=$F7 nX=$FF mX=$FF nY=$00 mY=$00 nS=$E7 mS=$E7 nP=$A5 mP=$A5 dbgCyc=2 op=$60 trail=1 nonOvlR=True nonOvlF=True dly=False stg=False irq=0 mis=False
c=522461 nPC=$EBDB mPC=$EBDB nA=$F7 mA=$F7 nX=$FF mX=$FF nY=$00 mY=$00 nS=$E8 mS=$E8 nP=$A5 mP=$A5 dbgCyc=1 op=$60 trail=1 nonOvlR=True nonOvlF=True dly=False stg=False irq=0 mis=False
c=522462 nPC=$EBDB mPC=$EBDB nA=$F7 mA=$F7 nX=$FF mX=$FF nY=$00 mY=$00 nS=$E8 mS=$E8 nP=$A5 mP=$A5 dbgCyc=0 op=$60 trail=1 nonOvlR=False nonOvlF=False dly=True stg=False irq=0 mis=False
c=522463 nPC=$EB15 mPC=$EB15 nA=$F7 mA=$F7 nX=$FF mX=$FF nY=$00 mY=$00 nS=$E8 mS=$E8 nP=$A5 mP=$A5 dbgCyc=0 op=$60 trail=1 nonOvlR=False nonOvlF=False dly=False stg=False irq=0 mis=False
c=522464 nPC=$EB15 mPC=$EB15 nA=$F7 mA=$F7 nX=$FF mX=$FF nY=$00 mY=$00 nS=$E8 mS=$E8 nP=$A5 mP=$A5 dbgCyc=3 op=$2C trail=1 nonOvlR=False nonOvlF=False dly=False stg=False irq=0 mis=False
c=522465 nPC=$EB15 mPC=$EB15 nA=$F7 mA=$F7 nX=$FF mX=$FF nY=$00 mY=$00 nS=$E8 mS=$E8 nP=$A5 mP=$A5 dbgCyc=2 op=$2C trail=1 nonOvlR=False nonOvlF=False dly=False stg=False irq=0 mis=False
c=522466 nPC=$EB15 mPC=$EB15 nA=$F7 mA=$F7 nX=$FF mX=$FF nY=$00 mY=$00 nS=$E8 mS=$E8 nP=$A5 mP=$A5 dbgCyc=1 op=$2C trail=1 nonOvlR=False nonOvlF=False dly=False stg=False irq=0 mis=False
c=522467 nPC=$EB18 mPC=$EB15 nA=$F7 mA=$F7 nX=$FF mX=$FF nY=$00 mY=$00 nS=$E8 mS=$E8 nP=$65 mP=$A5 dbgCyc=0 op=$2C trail=1 nonOvlR=False nonOvlF=False dly=False stg=False irq=0 mis=True
bus: m$C1=$00 m$C2=$20 n$C1=$00 n$C2=$20 m$C3=$6D m$C4=$FD n$C3=$6D n$C4=$FD m$0314=$BF n$0314=$BF

  Stack Trace:
     at ViceSharp.TestHarness.Vic20.Vic20DivergeProbe.RunEveryCycle(Int32 budget) in F:\GitHub\vice-sharp\tests\ViceSharp.TestHarness\Vic20\Vic20DivergeProbe.cs:line 123
   at ViceSharp.TestHarness.Vic20.Vic20DivergeProbe.EveryCycle_CpuRegs_Match_TwoSecondPal() in F:\GitHub\vice-sharp\tests\ViceSharp.TestHarness\Vic20\Vic20DivergeProbe.cs:line 47
   at System.Reflection.MethodBaseInvoker.InterpretedInvoke_Method(Object obj, IntPtr* args)
   at System.Reflection.MethodBaseInvoker.InvokeWithNoArgs(Object obj, BindingFlags invokeAttr)

Failed!  - Failed:     1, Passed:     0, Skipped:     0, Total:     1, Duration: 2 s - ViceSharp.TestHarness.dll (net10.0)
TWOSEC_EXIT=1

C:\Users\kingd\AppData\Local\Temp\grok-goal-7d45b1115e21\implementer\beq-focused-2026-08-06.log:27:Passed!  - Failed:  
   0, Passed:    20, Skipped:     0, Total:    20, Duration: 2 s - ViceSharp.TestHarness.dll (net10.0)
C:\Users\kingd\AppData\Local\Temp\grok-goal-7d45b1115e21\implementer\2s-beq-2026-08-06.log:6:   DIV first=522467 
matchedCycles=522466 budget=2216810
C:\Users\kingd\AppData\Local\Temp\grok-goal-7d45b1115e21\implementer\2s-beq-2026-08-06.log:27:Failed!  - Failed:     
1, Passed:     0, Skipped:     0, Total:     1, Duration: 2 s - ViceSharp.TestHarness.dll (net10.0)

