
Name
----
.deps
archdep.c
archdep.h
archdep.o
c128ui.c
c128ui.o
c64dtvui.c
c64dtvui.o
c64scui.c
c64scui.o
c64ui.c
c64ui.o
cbm2ui.c
cbm2ui.o
cbm5x0ui.c
cbm5x0ui.o
console.c
console.o
debug_headless.h
kbd.c
kbd.h
kbd.o
libarch.a
main.c
main.o
make-bindist_win32.sh
Makefile
Makefile.am
Makefile.in
mousedrv.c
mousedrv.h
mousedrv.o
petui.c
petui.o
plus4ui.c
plus4ui.o
scpu64ui.c
scpu64ui.o
ui.c
ui.h
ui.o
uimon.c
uimon.o
uistatusbar.c
uistatusbar.h
uistatusbar.o
vic20ui.c
vic20ui.o
video.c
video.o
videoarch.h
vsidui.c
vsidui.o
vsyncarch.c
vsyncarch.o














