src/ViceSharp.Chips/Cpu\Mos6502.Opcodes.cs:147:            case 0xAD: A = _bus.Read(Absolute()); UpdateNZ(A); break;
src/ViceSharp.Chips/Cpu\Mos6502.Opcodes.cs:157:            case 0xAE: X = _bus.Read(Absolute()); UpdateNZ(X); break;
src/ViceSharp.Chips/Cpu\Mos6502.Opcodes.cs:164:            case 0xAC: Y = _bus.Read(Absolute()); UpdateNZ(Y); break;
src/ViceSharp.Chips/Cpu\Mos6502.Opcodes.cs:202:                var target = Absolute();
src/ViceSharp.Chips/Cpu\Mos6502.Opcodes.cs:219:                ushort addr = Absolute();
src/ViceSharp.Chips/Cpu\Mos6502.Opcodes.cs:229:            case 0x8D: _bus.Write(Absolute(), A); break;
src/ViceSharp.Chips/Cpu\Mos6502.Opcodes.cs:239:                var stxAddress = Absolute();
src/ViceSharp.Chips/Cpu\Mos6502.Opcodes.cs:247:            case 0x8C: _bus.Write(Absolute(), Y); break;
src/ViceSharp.Chips/Cpu\Mos6502.Opcodes.cs:321:                value = _bus.Read(Absolute());
src/ViceSharp.Chips/Cpu\Mos6502.Opcodes.cs:352:                _effectiveAddress = Absolute();
src/ViceSharp.Chips/Cpu\Mos6502.Opcodes.cs:382:                _effectiveAddress = Absolute();
src/ViceSharp.Chips/Cpu\Mos6502.Opcodes.cs:400:            case 0xCD: Compare(A, Absolute()); break;
src/ViceSharp.Chips/Cpu\Mos6502.Opcodes.cs:409:            case 0xEC: Compare(X, Absolute()); break;
src/ViceSharp.Chips/Cpu\Mos6502.Opcodes.cs:414:            case 0xCC: Compare(Y, Absolute()); break;
src/ViceSharp.Chips/Cpu\Mos6502.Opcodes.cs:430:            case 0x2D: A &= _bus.Read(Absolute()); UpdateNZ(A); break;
src/ViceSharp.Chips/Cpu\Mos6502.Opcodes.cs:440:            case 0x0D: A |= _bus.Read(Absolute()); UpdateNZ(A); break;
src/ViceSharp.Chips/Cpu\Mos6502.Opcodes.cs:450:            case 0x4D: A ^= _bus.Read(Absolute()); UpdateNZ(A); break;
src/ViceSharp.Chips/Cpu\Mos6502.Opcodes.cs:467:                _effectiveAddress = Absolute();
src/ViceSharp.Chips/Cpu\Mos6502.Opcodes.cs:486:                _effectiveAddress = Absolute();
src/ViceSharp.Chips/Cpu\Mos6502.Opcodes.cs:505:                _effectiveAddress = Absolute();
src/ViceSharp.Chips/Cpu\Mos6502.Opcodes.cs:524:                _effectiveAddress = Absolute();
src/ViceSharp.Chips/Cpu\Mos6502.Opcodes.cs:536:            case 0x6D: ADC(_bus.Read(Absolute())); break;
src/ViceSharp.Chips/Cpu\Mos6502.Opcodes.cs:546:            case 0xED: SBC(_bus.Read(Absolute())); break;
src/ViceSharp.Chips/Cpu\Mos6502.Opcodes.cs:560:            case 0xAF: A = X = _bus.Read(Absolute()); UpdateNZ(A); break;
src/ViceSharp.Chips/Cpu\Mos6502.Opcodes.cs:568:            case 0x8F: _bus.Write(Absolute(), (byte)(A & X)); break;
src/ViceSharp.Chips/Cpu\Mos6502.cs:1126:                _pendingJmpTarget = ReadAbsoluteOperand();
src/ViceSharp.Chips/Cpu\Mos6502.cs:1167:            _ = Read(ReadAbsoluteOperand());
src/ViceSharp.Chips/Cpu\Mos6502.cs:1811:                var aAbs = Read(ReadAbsoluteOperand());
src/ViceSharp.Chips/Cpu\Mos6502.cs:1826:                var xAbs = Read(ReadAbsoluteOperand());
src/ViceSharp.Chips/Cpu\Mos6502.cs:1834:                var yAbs = Read(ReadAbsoluteOperand());
src/ViceSharp.Chips/Cpu\Mos6502.cs:1841:                _bus.Write(ReadAbsoluteOperand(), A);
src/ViceSharp.Chips/Cpu\Mos6502.cs:1845:                var stxAddress = ReadAbsoluteOperand();
src/ViceSharp.Chips/Cpu\Mos6502.cs:1855:                _bus.Write(ReadAbsoluteOperand(), Y);
src/ViceSharp.Chips/Cpu\Mos6502.cs:1859:                _bus.Write((ushort)(ReadAbsoluteOperand() + X), A);
src/ViceSharp.Chips/Cpu\Mos6502.cs:1864:                _bus.Write((ushort)(ReadAbsoluteOperand() + Y), A);
src/ViceSharp.Chips/Cpu\Mos6502.cs:1904:                var absoluteXBase = ReadAbsoluteOperand();
src/ViceSharp.Chips/Cpu\Mos6502.cs:1925:                var absoluteYBase = ReadAbsoluteOperand();
src/ViceSharp.Chips/Cpu\Mos6502.cs:1941:                var ldyBase = ReadAbsoluteOperand();
src/ViceSharp.Chips/Cpu\Mos6502.cs:1953:                var ldxBase = ReadAbsoluteOperand();
src/ViceSharp.Chips/Cpu\Mos6502.cs:1990:                CompareStagedMemory(ReadAbsoluteOperand(), 3);
