make: Entering directory '/f/GitHub/vice-sharp/native/vice/vice/src'
make: Leaving directory '/f/GitHub/vice-sharp/native/vice/vice/src'
F:/GitHub/vice-sharp/native/vice-shim-vic20.c: In function 'vice_shim_set_current_thread_description':
F:/GitHub/vice-sharp/native/vice-shim-vic20.c:267:30: warning: cast between incompatible function types from 'FARPROC' {aka 'long long int (*)(void)'} to 'HRESULT (*)(void *, const WCHAR *)' {aka 'long int (*)(void *, const short unsigned int *)'} [-Wcast-function-type]
  267 |     set_thread_description = (vice_shim_set_thread_description_fn)GetProcAddress(kernel32, "SetThreadDescription");
      |                              ^
Built: /f/GitHub/vice-sharp/native/vice_xvic.dll
-rwxr-xr-x 1 kingd kingd 10922825 Aug 11 12:42 /f/GitHub/vice-sharp/native/vice_xvic.dll
  ViceSharp.Launcher -> F:\GitHub\vice-sharp\src\ViceSharp.Launcher\bin\Release\net10.0\ViceSharp.Launcher.dll
  ViceSharp.Benchmarks -> F:\GitHub\vice-sharp\tests\ViceSharp.Benchmarks\bin\Release\net10.0\ViceSharp.Benchmarks.dll
  ViceSharp.Host.InProcess -> F:\GitHub\vice-sharp\src\ViceSharp.Host.InProcess\bin\Release\net10.0\ViceSharp.Host.InProcess.dll
  ViceSharp.AdhocHelper -> F:\GitHub\vice-sharp\src\ViceSharp.AdhocHelper\bin\Release\net10.0\ViceSharp.AdhocHelper.dll
  ViceSharp.Xbox -> F:\GitHub\vice-sharp\src\ViceSharp.Xbox\bin\Release\net10.0\ViceSharp.Xbox.dll
  ViceSharp.Console -> F:\GitHub\vice-sharp\src\ViceSharp.Console\bin\Release\net10.0\ViceSharp.Console.dll
  ViceSharp.Host -> F:\GitHub\vice-sharp\src\ViceSharp.Host\bin\Release\net10.0\ViceSharp.Host.dll
  ViceSharp.Avalonia -> F:\GitHub\vice-sharp\src\ViceSharp.Avalonia\bin\Release\net10.0\ViceSharp.Avalonia.dll
  ViceSharp.Host.MacOS -> F:\GitHub\vice-sharp\src\ViceSharp.Host.MacOS\bin\Release\net10.0\ViceSharp.Host.MacOS.dll
  ViceSharp.TestHarness -> F:\GitHub\vice-sharp\tests\ViceSharp.TestHarness\bin\Release\net10.0\ViceSharp.TestHarness.dll
  Building VICE native library
  make: Entering directory '/f/GitHub/vice-sharp/native/vice/vice/src/lib/linenoise-ng'
  make: Nothing to be done for 'all'.
  make: Leaving directory '/f/GitHub/vice-sharp/native/vice/vice/src/lib/linenoise-ng'
  make: Entering directory '/f/GitHub/vice-sharp/native/vice/vice/src'
  make: Leaving directory '/f/GitHub/vice-sharp/native/vice/vice/src'
Test run for F:\GitHub\vice-sharp\tests\ViceSharp.TestHarness\bin\Release\net10.0\ViceSharp.TestHarness.dll (.NETCoreApp,Version=v10.0)
A total of 1 test files matched the specified pattern.
[xUnit.net 00:00:16.76]     ViceSharp.TestHarness.Vic20.Vic20PixelLockstep.Index_ReadyNtsc_SequenceEqual [FAIL]
  Failed ViceSharp.TestHarness.Vic20.Vic20PixelLockstep.Index_ReadyNtsc_SequenceEqual [4 s]
  Error Message:
   Assert.Equal() Failure: Values differ
Expected: 234
Actual:   233
  Stack Trace:
     at ViceSharp.TestHarness.Vic20.Vic20PixelLockstep.Index_ReadyNtsc_SequenceEqual() in F:\GitHub\vice-sharp\tests\ViceSharp.TestHarness\Vic20\Vic20PixelLockstep.cs:line 49
   at System.Reflection.MethodBaseInvoker.InterpretedInvoke_Method(Object obj, IntPtr* args)
   at System.Reflection.MethodBaseInvoker.InvokeWithNoArgs(Object obj, BindingFlags invokeAttr)

Failed!  - Failed:     1, Passed:     7, Skipped:     0, Total:     8, Duration: 34 s - ViceSharp.TestHarness.dll (net10.0)
