Test run for F:\GitHub\vice-sharp\tests\ViceSharp.TestHarness\bin\Release\net10.0\ViceSharp.TestHarness.dll (.NETCoreApp,Version=v10.0)
A total of 1 test files matched the specified pattern.
[xUnit.net 00:00:04.39]     ViceSharp.TestHarness.Vic20.Vic20DivergeProbe.EveryCycle_CpuRegs_Match_TwoSecondPal [FAIL]
  Failed ViceSharp.TestHarness.Vic20.Vic20DivergeProbe.EveryCycle_CpuRegs_Match_TwoSecondPal [2 s]
  Error Message:
   DIV first=540896 matchedCycles=540895 budget=2216810
c=540885 nPC=$EB25 mPC=$EB25 nA=$00 mA=$00 nX=$00 mX=$00 nY=$40 mY=$40 nS=$EB mS=$EB nP=$25 mP=$25 dbgCyc=1 op=$84 trail=0 nonOvlR=True nonOvlF=True dly=False stg=True irq=0 mis=False
c=540886 nPC=$EB27 mPC=$EB27 nA=$00 mA=$00 nX=$00 mX=$00 nY=$40 mY=$40 nS=$EB mS=$EB nP=$25 mP=$25 dbgCyc=0 op=$84 trail=0 nonOvlR=True nonOvlF=True dly=False stg=False irq=0 mis=False
c=540887 nPC=$EB27 mPC=$EB27 nA=$00 mA=$00 nX=$00 mX=$00 nY=$40 mY=$40 nS=$EB mS=$EB nP=$25 mP=$25 dbgCyc=3 op=$8D trail=1 nonOvlR=True nonOvlF=True dly=False stg=False irq=0 mis=False
c=540888 nPC=$EB27 mPC=$EB27 nA=$00 mA=$00 nX=$00 mX=$00 nY=$40 mY=$40 nS=$EB mS=$EB nP=$25 mP=$25 dbgCyc=2 op=$8D trail=1 nonOvlR=True nonOvlF=True dly=False stg=False irq=0 mis=False
c=540889 nPC=$EB27 mPC=$EB27 nA=$00 mA=$00 nX=$00 mX=$00 nY=$40 mY=$40 nS=$EB mS=$EB nP=$25 mP=$25 dbgCyc=1 op=$8D trail=1 nonOvlR=True nonOvlF=True dly=False stg=True irq=0 mis=False
c=540890 nPC=$EB2A mPC=$EB2A nA=$00 mA=$00 nX=$00 mX=$00 nY=$40 mY=$40 nS=$EB mS=$EB nP=$25 mP=$25 dbgCyc=0 op=$8D trail=1 nonOvlR=True nonOvlF=True dly=False stg=False irq=0 mis=False
c=540891 nPC=$EB2A mPC=$EB2A nA=$00 mA=$00 nX=$00 mX=$00 nY=$40 mY=$40 nS=$EB mS=$EB nP=$25 mP=$25 dbgCyc=3 op=$AE trail=1 nonOvlR=True nonOvlF=True dly=False stg=False irq=0 mis=False
c=540892 nPC=$EB2A mPC=$EB2A nA=$00 mA=$00 nX=$00 mX=$00 nY=$40 mY=$40 nS=$EB mS=$EB nP=$25 mP=$25 dbgCyc=2 op=$AE trail=1 nonOvlR=True nonOvlF=True dly=False stg=False irq=0 mis=False
c=540893 nPC=$EB2A mPC=$EB2A nA=$00 mA=$00 nX=$00 mX=$00 nY=$40 mY=$40 nS=$EB mS=$EB nP=$25 mP=$25 dbgCyc=1 op=$AE trail=1 nonOvlR=True nonOvlF=True dly=False stg=True irq=0 mis=False
c=540894 nPC=$EB2A mPC=$EB2A nA=$00 mA=$00 nX=$FF mX=$FF nY=$40 mY=$40 nS=$EB mS=$EB nP=$25 mP=$25 dbgCyc=0 op=$AE trail=1 nonOvlR=True nonOvlF=True dly=False stg=False irq=0 mis=False
c=540895 nPC=$EB2D mPC=$EB2D nA=$00 mA=$00 nX=$FF mX=$FF nY=$40 mY=$40 nS=$EB mS=$EB nP=$A5 mP=$A5 dbgCyc=1 op=$E0 trail=0 nonOvlR=True nonOvlF=True dly=False stg=False irq=0 mis=False
c=540896 nPC=$EB2D mPC=$EB2F nA=$00 mA=$00 nX=$FF mX=$FF nY=$40 mY=$40 nS=$EB mS=$EB nP=$A5 mP=$27 dbgCyc=0 op=$E0 trail=0 nonOvlR=True nonOvlF=True dly=False stg=False irq=0 mis=True
bus: m$C1=$00 m$C2=$20 n$C1=$00 n$C2=$20 m$C3=$6D m$C4=$FD n$C3=$6D n$C4=$FD m$0314=$BF n$0314=$BF

  Stack Trace:
     at ViceSharp.TestHarness.Vic20.Vic20DivergeProbe.RunEveryCycle(Int32 budget) in F:\GitHub\vice-sharp\tests\ViceSharp.TestHarness\Vic20\Vic20DivergeProbe.cs:line 123
   at ViceSharp.TestHarness.Vic20.Vic20DivergeProbe.EveryCycle_CpuRegs_Match_TwoSecondPal() in F:\GitHub\vice-sharp\tests\ViceSharp.TestHarness\Vic20\Vic20DivergeProbe.cs:line 47
   at System.Reflection.MethodBaseInvoker.InterpretedInvoke_Method(Object obj, IntPtr* args)
   at System.Reflection.MethodBaseInvoker.InvokeWithNoArgs(Object obj, BindingFlags invokeAttr)

Failed!  - Failed:     1, Passed:     0, Skipped:     0, Total:     1, Duration: 2 s - ViceSharp.TestHarness.dll (net10.0)
2S_EXIT=1
