
A total of 1 test files matched the specified pattern.
  Failed ViceSharp.TestHarness.Vic20.Vic20DivergeProbe.EveryCycle_CpuRegs_Match_TenSecondPal [95 ms]
   DIV first=2 matchedCycles=1 budget=11084050
  Failed ViceSharp.TestHarness.Vic20.Vic20DivergeProbe.EveryCycle_CpuRegs_Match_FocusedWindow [10 ms]
   DIV first=2 matchedCycles=1 budget=500000
  Failed ViceSharp.TestHarness.Vic20.Vic20DivergeProbe.EveryCycle_CpuRegs_Match_TwoSecondPal [5 ms]
   DIV first=2 matchedCycles=1 budget=2216810
  Failed ViceSharp.TestHarness.Vic20.Vic20DivergeProbe.EveryCycle_CpuRegs_Match_TenSecondNtsc [7 ms]
   DIV first=2 matchedCycles=1 budget=10227270
Failed!  - Failed:     4, Passed:     0, Skipped:     0, Total:     4, Duration: 152 ms - ViceSharp.TestHarness.dll 
(net10.0)
EXIT=1 WALL_MS=26326
C:\Users\kingd\AppData\Local\Temp\grok-goal-7d45b1115e21\implementer\ntsc-irq-fix.log:32:   DIV first=2 
matchedCycles=1 budget=11084050
C:\Users\kingd\AppData\Local\Temp\grok-goal-7d45b1115e21\implementer\ntsc-irq-fix.log:34:c=2 nPC=$FD22 mPC=$FD24 
nA=$00 mA=$00 nX=$00 mX=$FF nY=$00 mY=$00 nS=$00 mS=$00 nP=$26 mP=$A4 dbgCyc=1 op=$78 trail=1 nonOvlR=False 
nonOvlF=False dly=False stg=False irq=0 mis=True
C:\Users\kingd\AppData\Local\Temp\grok-goal-7d45b1115e21\implementer\ntsc-irq-fix.log:36:irqdiag: nLastOp=0x0 
nDelays=False nPend=0x0 nIrqClk=0 nClk=8 mDelays=False mBound=False mIrqSeq=0
C:\Users\kingd\AppData\Local\Temp\grok-goal-7d45b1115e21\implementer\ntsc-irq-fix.log:45:   DIV first=2 
matchedCycles=1 budget=500000
C:\Users\kingd\AppData\Local\Temp\grok-goal-7d45b1115e21\implementer\ntsc-irq-fix.log:47:c=2 nPC=$FD22 mPC=$FD24 
nA=$00 mA=$00 nX=$00 mX=$FF nY=$00 mY=$00 nS=$00 mS=$00 nP=$26 mP=$A4 dbgCyc=1 op=$78 trail=1 nonOvlR=False 
nonOvlF=False dly=False stg=False irq=0 mis=True
C:\Users\kingd\AppData\Local\Temp\grok-goal-7d45b1115e21\implementer\ntsc-irq-fix.log:49:irqdiag: nLastOp=0x0 
nDelays=False nPend=0x0 nIrqClk=0 nClk=8 mDelays=False mBound=False mIrqSeq=0
C:\Users\kingd\AppData\Local\Temp\grok-goal-7d45b1115e21\implementer\ntsc-irq-fix.log:58:   DIV first=2 
matchedCycles=1 budget=2216810
C:\Users\kingd\AppData\Local\Temp\grok-goal-7d45b1115e21\implementer\ntsc-irq-fix.log:60:c=2 nPC=$FD22 mPC=$FD24 
nA=$00 mA=$00 nX=$00 mX=$FF nY=$00 mY=$00 nS=$00 mS=$00 nP=$26 mP=$A4 dbgCyc=1 op=$78 trail=1 nonOvlR=False 
nonOvlF=False dly=False stg=False irq=0 mis=True
C:\Users\kingd\AppData\Local\Temp\grok-goal-7d45b1115e21\implementer\ntsc-irq-fix.log:62:irqdiag: nLastOp=0x0 
nDelays=False nPend=0x0 nIrqClk=0 nClk=8 mDelays=False mBound=False mIrqSeq=0
C:\Users\kingd\AppData\Local\Temp\grok-goal-7d45b1115e21\implementer\ntsc-irq-fix.log:71:   DIV first=2 
matchedCycles=1 budget=10227270
C:\Users\kingd\AppData\Local\Temp\grok-goal-7d45b1115e21\implementer\ntsc-irq-fix.log:73:c=2 nPC=$FD22 mPC=$FD24 
nA=$00 mA=$00 nX=$00 mX=$FF nY=$00 mY=$00 nS=$00 mS=$00 nP=$26 mP=$A4 dbgCyc=1 op=$78 trail=1 nonOvlR=False 
nonOvlF=False dly=False stg=False irq=0 mis=True
C:\Users\kingd\AppData\Local\Temp\grok-goal-7d45b1115e21\implementer\ntsc-irq-fix.log:75:irqdiag: nLastOp=0x0 
nDelays=False nPend=0x0 nIrqClk=0 nClk=8 mDelays=False mBound=False mIrqSeq=0

