  Determining projects to restore...
  All projects are up-to-date for restore.
  ViceSharp.Abstractions -> F:\GitHub\vice-sharp\src\ViceSharp.Abstractions\bin\Release\net10.0\ViceSharp.Abstractions.dll
  ViceSharp.Protocol -> F:\GitHub\vice-sharp\src\ViceSharp.Protocol\bin\Release\net10.0\ViceSharp.Protocol.dll
  ViceSharp.Library.ViewModels -> F:\GitHub\vice-sharp\src\ViceSharp.Library.ViewModels\bin\Release\net10.0\ViceSharp.Library.ViewModels.dll
  ViceSharp.Xbox.Input -> F:\GitHub\vice-sharp\src\ViceSharp.Xbox.Input\bin\Release\net10.0\ViceSharp.Xbox.Input.dll
  ViceSharp.RomFetch -> F:\GitHub\vice-sharp\src\ViceSharp.RomFetch\bin\Release\net10.0\ViceSharp.RomFetch.dll
  ViceSharp.RomM -> F:\GitHub\vice-sharp\src\ViceSharp.RomM\bin\Release\net10.0\ViceSharp.RomM.dll
  ViceSharp.Chips -> F:\GitHub\vice-sharp\src\ViceSharp.Chips\bin\Release\net10.0\ViceSharp.Chips.dll
  ViceSharp.Xbox.ViewModels -> F:\GitHub\vice-sharp\src\ViceSharp.Xbox.ViewModels\bin\Release\net10.0\ViceSharp.Xbox.ViewModels.dll
  ViceSharp.Core -> F:\GitHub\vice-sharp\src\ViceSharp.Core\bin\Release\net10.0\ViceSharp.Core.dll
  ViceSharp.Monitor -> F:\GitHub\vice-sharp\src\ViceSharp.Monitor\bin\Release\net10.0\ViceSharp.Monitor.dll
  ViceSharp.Architectures -> F:\GitHub\vice-sharp\src\ViceSharp.Architectures\bin\Release\net10.0\ViceSharp.Architectures.dll
  ViceSharp.Launcher -> F:\GitHub\vice-sharp\src\ViceSharp.Launcher\bin\Release\net10.0\ViceSharp.Launcher.dll
  ViceSharp.Benchmarks -> F:\GitHub\vice-sharp\tests\ViceSharp.Benchmarks\bin\Release\net10.0\ViceSharp.Benchmarks.dll
  ViceSharp.Host.InProcess -> F:\GitHub\vice-sharp\src\ViceSharp.Host.InProcess\bin\Release\net10.0\ViceSharp.Host.InProcess.dll
  ViceSharp.AdhocHelper -> F:\GitHub\vice-sharp\src\ViceSharp.AdhocHelper\bin\Release\net10.0\ViceSharp.AdhocHelper.dll
  ViceSharp.Console -> F:\GitHub\vice-sharp\src\ViceSharp.Console\bin\Release\net10.0\ViceSharp.Console.dll
  ViceSharp.Xbox -> F:\GitHub\vice-sharp\src\ViceSharp.Xbox\bin\Release\net10.0\ViceSharp.Xbox.dll
  ViceSharp.Host -> F:\GitHub\vice-sharp\src\ViceSharp.Host\bin\Release\net10.0\ViceSharp.Host.dll
  ViceSharp.Avalonia -> F:\GitHub\vice-sharp\src\ViceSharp.Avalonia\bin\Release\net10.0\ViceSharp.Avalonia.dll
  ViceSharp.Host.MacOS -> F:\GitHub\vice-sharp\src\ViceSharp.Host.MacOS\bin\Release\net10.0\ViceSharp.Host.MacOS.dll
  ViceSharp.TestHarness -> F:\GitHub\vice-sharp\tests\ViceSharp.TestHarness\bin\Release\net10.0\ViceSharp.TestHarness.dll
Test run for F:\GitHub\vice-sharp\tests\ViceSharp.TestHarness\bin\Release\net10.0\ViceSharp.TestHarness.dll (.NETCoreApp,Version=v10.0)
A total of 1 test files matched the specified pattern.

Passed!  - Failed:     0, Passed:     1, Skipped:     0, Total:     1, Duration: 2 s - ViceSharp.TestHarness.dll (net10.0)
FOCUSED_EXIT=0
Test run for F:\GitHub\vice-sharp\tests\ViceSharp.TestHarness\bin\Release\net10.0\ViceSharp.TestHarness.dll (.NETCoreApp,Version=v10.0)
A total of 1 test files matched the specified pattern.
[xUnit.net 00:00:04.30]     ViceSharp.TestHarness.Vic20.Vic20DivergeProbe.EveryCycle_CpuRegs_Match_TwoSecondPal [FAIL]
  Failed ViceSharp.TestHarness.Vic20.Vic20DivergeProbe.EveryCycle_CpuRegs_Match_TwoSecondPal [2 s]
  Error Message:
   DIV first=522317 matchedCycles=522316 budget=2216810
c=522306 nPC=$EAC1 mPC=$EAC1 nA=$00 mA=$00 nX=$E8 mX=$E8 nY=$0A mY=$0A nS=$E7 mS=$E7 nP=$27 mP=$27 dbgCyc=3 op=$20 trail=1 nonOvlR=False nonOvlF=False dly=False stg=False irq=0 mis=False
c=522307 nPC=$EAC1 mPC=$EAC1 nA=$00 mA=$00 nX=$E8 mX=$E8 nY=$0A mY=$0A nS=$E6 mS=$E6 nP=$27 mP=$27 dbgCyc=2 op=$20 trail=1 nonOvlR=False nonOvlF=False dly=False stg=False irq=0 mis=False
c=522308 nPC=$EAC1 mPC=$EAC1 nA=$00 mA=$00 nX=$E8 mX=$E8 nY=$0A mY=$0A nS=$E6 mS=$E6 nP=$27 mP=$27 dbgCyc=1 op=$20 trail=1 nonOvlR=False nonOvlF=False dly=False stg=False irq=0 mis=False
c=522309 nPC=$FFEA mPC=$FFEA nA=$00 mA=$00 nX=$E8 mX=$E8 nY=$0A mY=$0A nS=$E6 mS=$E6 nP=$27 mP=$27 dbgCyc=0 op=$20 trail=1 nonOvlR=False nonOvlF=False dly=False stg=False irq=0 mis=False
c=522310 nPC=$FFEA mPC=$FFEA nA=$00 mA=$00 nX=$E8 mX=$E8 nY=$0A mY=$0A nS=$E6 mS=$E6 nP=$27 mP=$27 dbgCyc=2 op=$4C trail=4 nonOvlR=False nonOvlF=False dly=False stg=False irq=0 mis=False
c=522311 nPC=$FFEA mPC=$FFEA nA=$00 mA=$00 nX=$E8 mX=$E8 nY=$0A mY=$0A nS=$E6 mS=$E6 nP=$27 mP=$27 dbgCyc=1 op=$4C trail=4 nonOvlR=False nonOvlF=False dly=False stg=False irq=0 mis=False
c=522312 nPC=$F734 mPC=$F734 nA=$00 mA=$00 nX=$E8 mX=$E8 nY=$0A mY=$0A nS=$E6 mS=$E6 nP=$27 mP=$27 dbgCyc=0 op=$4C trail=4 nonOvlR=False nonOvlF=False dly=False stg=False irq=0 mis=False
c=522313 nPC=$F734 mPC=$F734 nA=$00 mA=$00 nX=$E8 mX=$E8 nY=$0A mY=$0A nS=$E6 mS=$E6 nP=$27 mP=$27 dbgCyc=1 op=$A2 trail=1 nonOvlR=False nonOvlF=False dly=False stg=False irq=0 mis=False
c=522314 nPC=$F736 mPC=$F736 nA=$00 mA=$00 nX=$00 mX=$00 nY=$0A mY=$0A nS=$E6 mS=$E6 nP=$27 mP=$27 dbgCyc=0 op=$A2 trail=1 nonOvlR=False nonOvlF=False dly=False stg=False irq=0 mis=False
c=522315 nPC=$F736 mPC=$F736 nA=$00 mA=$00 nX=$00 mX=$00 nY=$0A mY=$0A nS=$E6 mS=$E6 nP=$27 mP=$27 dbgCyc=4 op=$E6 trail=1 nonOvlR=False nonOvlF=False dly=False stg=False irq=0 mis=False
c=522316 nPC=$F736 mPC=$F736 nA=$00 mA=$00 nX=$00 mX=$00 nY=$0A mY=$0A nS=$E6 mS=$E6 nP=$27 mP=$27 dbgCyc=3 op=$E6 trail=1 nonOvlR=False nonOvlF=False dly=False stg=False irq=0 mis=False
c=522317 nPC=$F738 mPC=$F736 nA=$00 mA=$00 nX=$00 mX=$00 nY=$0A mY=$0A nS=$E6 mS=$E6 nP=$25 mP=$27 dbgCyc=2 op=$E6 trail=1 nonOvlR=False nonOvlF=False dly=False stg=False irq=0 mis=True
bus: m$C1=$00 m$C2=$20 n$C1=$00 n$C2=$20 m$C3=$6D m$C4=$FD n$C3=$6D n$C4=$FD m$0314=$BF n$0314=$BF

  Stack Trace:
     at ViceSharp.TestHarness.Vic20.Vic20DivergeProbe.RunEveryCycle(Int32 budget) in F:\GitHub\vice-sharp\tests\ViceSharp.TestHarness\Vic20\Vic20DivergeProbe.cs:line 105
   at ViceSharp.TestHarness.Vic20.Vic20DivergeProbe.EveryCycle_CpuRegs_Match_TwoSecondPal() in F:\GitHub\vice-sharp\tests\ViceSharp.TestHarness\Vic20\Vic20DivergeProbe.cs:line 47
   at System.Reflection.MethodBaseInvoker.InterpretedInvoke_Method(Object obj, IntPtr* args)
   at System.Reflection.MethodBaseInvoker.InvokeWithNoArgs(Object obj, BindingFlags invokeAttr)

Failed!  - Failed:     1, Passed:     0, Skipped:     0, Total:     1, Duration: 2 s - ViceSharp.TestHarness.dll (net10.0)
TWOSEC_EXIT=1

C:\Users\kingd\AppData\Local\Temp\grok-goal-7d45b1115e21\implementer\focused-irqb-2026-08-06.log:27:Passed!  - Failed: 
    0, Passed:     1, Skipped:     0, Total:     1, Duration: 2 s - ViceSharp.TestHarness.dll (net10.0)
C:\Users\kingd\AppData\Local\Temp\grok-goal-7d45b1115e21\implementer\2s-irqb-2026-08-06.log:6:   DIV first=522317 
matchedCycles=522316 budget=2216810
C:\Users\kingd\AppData\Local\Temp\grok-goal-7d45b1115e21\implementer\2s-irqb-2026-08-06.log:27:Failed!  - Failed:     
1, Passed:     0, Skipped:     0, Total:     1, Duration: 2 s - ViceSharp.TestHarness.dll (net10.0)

