Test run for F:\GitHub\vice-sharp\tests\ViceSharp.TestHarness\bin\Release\net10.0\ViceSharp.TestHarness.dll (.NETCoreApp,Version=v10.0)
A total of 1 test files matched the specified pattern.
[xUnit.net 00:00:04.17]     ViceSharp.TestHarness.Vic20.Vic20DivergeProbe.EveryCycle_CpuRegs_Match_TwoSecondPal [FAIL]
  Failed ViceSharp.TestHarness.Vic20.Vic20DivergeProbe.EveryCycle_CpuRegs_Match_TwoSecondPal [2 s]
  Error Message:
   DIV first=541100 matchedCycles=541099 budget=2216810
c=541089 nPC=$D936 mPC=$D936 nA=$17 mA=$17 nX=$61 mX=$61 nY=$00 mY=$00 nS=$F5 mS=$F5 nP=$21 mP=$21 dbgCyc=1 op=$90 trail=0 nonOvlR=True nonOvlF=True dly=False stg=False irq=0 mis=False
c=541090 nPC=$D936 mPC=$D936 nA=$17 mA=$17 nX=$61 mX=$61 nY=$00 mY=$00 nS=$F5 mS=$F5 nP=$21 mP=$21 dbgCyc=0 op=$90 trail=0 nonOvlR=True nonOvlF=True dly=False stg=False irq=0 mis=False
c=541091 nPC=$D938 mPC=$D938 nA=$17 mA=$17 nX=$61 mX=$61 nY=$00 mY=$00 nS=$F5 mS=$F5 nP=$21 mP=$21 dbgCyc=4 op=$E6 trail=0 nonOvlR=True nonOvlF=True dly=False stg=False irq=0 mis=False
c=541092 nPC=$D938 mPC=$D938 nA=$17 mA=$17 nX=$61 mX=$61 nY=$00 mY=$00 nS=$F5 mS=$F5 nP=$21 mP=$21 dbgCyc=3 op=$E6 trail=0 nonOvlR=True nonOvlF=True dly=False stg=False irq=0 mis=False
c=541093 nPC=$D938 mPC=$D938 nA=$17 mA=$17 nX=$61 mX=$61 nY=$00 mY=$00 nS=$F5 mS=$F5 nP=$21 mP=$21 dbgCyc=2 op=$E6 trail=0 nonOvlR=True nonOvlF=True dly=False stg=False irq=0 mis=False
c=541094 nPC=$D93A mPC=$D93A nA=$17 mA=$17 nX=$61 mX=$61 nY=$00 mY=$00 nS=$F5 mS=$F5 nP=$A1 mP=$A1 dbgCyc=1 op=$E6 trail=0 nonOvlR=True nonOvlF=True dly=False stg=True irq=0 mis=False
c=541095 nPC=$D93A mPC=$D93A nA=$17 mA=$17 nX=$61 mX=$61 nY=$00 mY=$00 nS=$F5 mS=$F5 nP=$A1 mP=$A1 dbgCyc=0 op=$E6 trail=0 nonOvlR=True nonOvlF=True dly=False stg=False irq=0 mis=False
c=541096 nPC=$D93A mPC=$D93A nA=$17 mA=$17 nX=$61 mX=$61 nY=$00 mY=$00 nS=$F5 mS=$F5 nP=$A1 mP=$A1 dbgCyc=1 op=$F0 trail=2 nonOvlR=True nonOvlF=True dly=False stg=False irq=0 mis=False
c=541097 nPC=$D93A mPC=$D93A nA=$17 mA=$17 nX=$61 mX=$61 nY=$00 mY=$00 nS=$F5 mS=$F5 nP=$A1 mP=$A1 dbgCyc=0 op=$F0 trail=2 nonOvlR=True nonOvlF=True dly=False stg=False irq=0 mis=False
c=541098 nPC=$D93C mPC=$D93C nA=$17 mA=$17 nX=$61 mX=$61 nY=$00 mY=$00 nS=$F5 mS=$F5 nP=$A1 mP=$A1 dbgCyc=4 op=$66 trail=0 nonOvlR=True nonOvlF=True dly=False stg=False irq=0 mis=False
c=541099 nPC=$D93C mPC=$D93C nA=$17 mA=$17 nX=$61 mX=$61 nY=$00 mY=$00 nS=$F5 mS=$F5 nP=$A1 mP=$A1 dbgCyc=3 op=$66 trail=0 nonOvlR=True nonOvlF=True dly=False stg=False irq=0 mis=False
c=541100 nPC=$D93C mPC=$D93E nA=$17 mA=$17 nX=$61 mX=$61 nY=$00 mY=$00 nS=$F5 mS=$F5 nP=$A1 mP=$A1 dbgCyc=2 op=$66 trail=0 nonOvlR=True nonOvlF=True dly=False stg=False irq=0 mis=True
bus: m$C1=$00 m$C2=$20 n$C1=$00 n$C2=$20 m$C3=$6D m$C4=$FD n$C3=$6D n$C4=$FD m$0314=$BF n$0314=$BF

  Stack Trace:
     at ViceSharp.TestHarness.Vic20.Vic20DivergeProbe.RunEveryCycle(Int32 budget) in F:\GitHub\vice-sharp\tests\ViceSharp.TestHarness\Vic20\Vic20DivergeProbe.cs:line 123
   at ViceSharp.TestHarness.Vic20.Vic20DivergeProbe.EveryCycle_CpuRegs_Match_TwoSecondPal() in F:\GitHub\vice-sharp\tests\ViceSharp.TestHarness\Vic20\Vic20DivergeProbe.cs:line 47
   at System.Reflection.MethodBaseInvoker.InterpretedInvoke_Method(Object obj, IntPtr* args)
   at System.Reflection.MethodBaseInvoker.InvokeWithNoArgs(Object obj, BindingFlags invokeAttr)

Failed!  - Failed:     1, Passed:     0, Skipped:     0, Total:     1, Duration: 2 s - ViceSharp.TestHarness.dll (net10.0)
2S_EXIT=1
