   at System.Reflection.MethodBaseInvoker.InvokeWithFewArgs(Object obj, BindingFlags invokeAttr, Binder binder, Object[] parameters, CultureInfo culture)
  Failed ViceSharp.TestHarness.Vic20.Vic20NativeLockstepTests.NativeXvic_Managed_CpuRegs_Lockstep(modelSelector: "vic20", cycles: 256) [3 ms]
  Error Message:
   CPU mismatch after 256 cycles model=vic20: native PC=$FD90 A=$00 X=$0B Y=$00 S=$FD P=$25; managed PC=$FD99 A=$00 X=$0B Y=$00 S=$FD P=$25
  Stack Trace:
     at ViceSharp.TestHarness.Vic20.Vic20NativeLockstepTests.NativeXvic_Managed_CpuRegs_Lockstep(String modelSelector, Int32 cycles) in F:\GitHub\vice-sharp\tests\ViceSharp.TestHarness\Vic20\Vic20NativeLockstepTests.cs:line 60
   at InvokeStub_Vic20NativeLockstepTests.NativeXvic_Managed_CpuRegs_Lockstep(Object, Span`1)
   at System.Reflection.MethodBaseInvoker.InvokeWithFewArgs(Object obj, BindingFlags invokeAttr, Binder binder, Object[] parameters, CultureInfo culture)
  Failed ViceSharp.TestHarness.Vic20.Vic20NativeLockstepTests.NativeXvic_Managed_PMatches_ThroughCmpAbsX [3 ms]
  Error Message:
   mismatch at cycle 27: native PC=$FD49 P=$A5 A=$CD X=$05; managed PC=$FD47 P=$A5 A=$CD X=$05
  Stack Trace:
     at ViceSharp.TestHarness.Vic20.Vic20NativeLockstepTests.NativeXvic_Managed_PMatches_ThroughCmpAbsX() in F:\GitHub\vice-sharp\tests\ViceSharp.TestHarness\Vic20\Vic20NativeLockstepTests.cs:line 86
   at System.Reflection.MethodBaseInvoker.InterpretedInvoke_Method(Object obj, IntPtr* args)
   at System.Reflection.MethodBaseInvoker.InvokeWithNoArgs(Object obj, BindingFlags invokeAttr)
[xUnit.net 00:00:02.96]     ViceSharp.TestHarness.Vic20.Vic20DivergeProbe.FirstDiverge [FAIL]
  Failed ViceSharp.TestHarness.Vic20.Vic20DivergeProbe.FirstDiverge [5 ms]
  Error Message:
   DIV c=27 nPC=$FD49 mPC=$FD47 nA=$CD mA=$CD nX=$05 mX=$05 nY=$00 mY=$00 nS=$FD mS=$FD nP=$A5 mP=$A5
  Stack Trace:
     at ViceSharp.TestHarness.Vic20.Vic20DivergeProbe.FirstDiverge() in F:\GitHub\vice-sharp\tests\ViceSharp.TestHarness\Vic20\Vic20DivergeProbe.cs:line 22
   at System.Reflection.MethodBaseInvoker.InterpretedInvoke_Method(Object obj, IntPtr* args)
   at System.Reflection.MethodBaseInvoker.InvokeWithNoArgs(Object obj, BindingFlags invokeAttr)

Failed!  - Failed:     7, Passed:    12, Skipped:     0, Total:    19, Duration: 1 s - ViceSharp.TestHarness.dll (net10.0)
EXIT=1

C:\Users\kingd\AppData\Local\Temp\grok-goal-607a2dad3956\implementer\ls-taken3-nodefer.log:77:   DIV c=27 nPC=$FD49 
mPC=$FD47 nA=$CD mA=$CD nX=$05 mX=$05 nY=$00 mY=$00 nS=$FD mS=$FD nP=$A5 mP=$A5
C:\Users\kingd\AppData\Local\Temp\grok-goal-607a2dad3956\implementer\ls-taken3-nodefer.log:83:Failed!  - Failed:     
7, Passed:    12, Skipped:     0, Total:    19, Duration: 1 s - ViceSharp.TestHarness.dll (net10.0)
C:\Users\kingd\AppData\Local\Temp\grok-goal-607a2dad3956\implementer\ls-diverge-100k.log:65:[xUnit.net 00:00:01.91]    
   DIV c=27 nPC=$FD49 mPC=$FD47 nA=$CD mA=$CD nX=$05 mX=$05 nY=$00 mY=$00 nS=$FD mS=$FD nP=$A5 mP=$A5
C:\Users\kingd\AppData\Local\Temp\grok-goal-607a2dad3956\implementer\ls-diverge-100k.log:73:   DIV c=27 nPC=$FD49 
mPC=$FD47 nA=$CD mA=$CD nX=$05 mX=$05 nY=$00 mY=$00 nS=$FD mS=$FD nP=$A5 mP=$A5

