Test run for F:\GitHub\vice-sharp\tests\ViceSharp.TestHarness\bin\Release\net10.0\ViceSharp.TestHarness.dll (.NETCoreApp,Version=v10.0)
A total of 1 test files matched the specified pattern.
[xUnit.net 00:00:04.24]     ViceSharp.TestHarness.Vic20.Vic20DivergeProbe.EveryCycle_CpuRegs_Match_TwoSecondPal [FAIL]
  Failed ViceSharp.TestHarness.Vic20.Vic20DivergeProbe.EveryCycle_CpuRegs_Match_TwoSecondPal [2 s]
  Error Message:
   DIV first=541559 matchedCycles=541558 budget=2216810
c=541548 nPC=$D918 mPC=$D918 nA=$AE mA=$AE nX=$61 mX=$61 nY=$00 mY=$00 nS=$F5 mS=$F5 nP=$A0 mP=$A0 dbgCyc=2 op=$85 trail=0 nonOvlR=True nonOvlF=True dly=False stg=False irq=0 mis=False
c=541549 nPC=$D918 mPC=$D918 nA=$AE mA=$AE nX=$61 mX=$61 nY=$00 mY=$00 nS=$F5 mS=$F5 nP=$A0 mP=$A0 dbgCyc=1 op=$85 trail=0 nonOvlR=True nonOvlF=True dly=False stg=True irq=0 mis=False
c=541550 nPC=$D91A mPC=$D91A nA=$AE mA=$AE nX=$61 mX=$61 nY=$00 mY=$00 nS=$F5 mS=$F5 nP=$A0 mP=$A0 dbgCyc=0 op=$85 trail=0 nonOvlR=True nonOvlF=True dly=False stg=False irq=0 mis=False
c=541551 nPC=$D91A mPC=$D91A nA=$AE mA=$AE nX=$61 mX=$61 nY=$00 mY=$00 nS=$F5 mS=$F5 nP=$A0 mP=$A0 dbgCyc=2 op=$4C trail=1 nonOvlR=True nonOvlF=True dly=False stg=False irq=0 mis=False
c=541552 nPC=$D91A mPC=$D91A nA=$AE mA=$AE nX=$61 mX=$61 nY=$00 mY=$00 nS=$F5 mS=$F5 nP=$A0 mP=$A0 dbgCyc=1 op=$4C trail=1 nonOvlR=True nonOvlF=True dly=False stg=False irq=0 mis=False
c=541553 nPC=$D91A mPC=$D91A nA=$AE mA=$AE nX=$61 mX=$61 nY=$00 mY=$00 nS=$F5 mS=$F5 nP=$A0 mP=$A0 dbgCyc=0 op=$4C trail=1 nonOvlR=True nonOvlF=True dly=False stg=False irq=0 mis=False
c=541554 nPC=$D936 mPC=$D936 nA=$AE mA=$AE nX=$61 mX=$61 nY=$00 mY=$00 nS=$F5 mS=$F5 nP=$A0 mP=$A0 dbgCyc=2 op=$90 trail=0 nonOvlR=True nonOvlF=True dly=False stg=False irq=0 mis=False
c=541555 nPC=$D936 mPC=$D936 nA=$AE mA=$AE nX=$61 mX=$61 nY=$00 mY=$00 nS=$F5 mS=$F5 nP=$A0 mP=$A0 dbgCyc=1 op=$90 trail=0 nonOvlR=True nonOvlF=True dly=False stg=False irq=0 mis=False
c=541556 nPC=$D938 mPC=$D938 nA=$AE mA=$AE nX=$61 mX=$61 nY=$00 mY=$00 nS=$F5 mS=$F5 nP=$A0 mP=$A0 dbgCyc=0 op=$90 trail=0 nonOvlR=True nonOvlF=True dly=False stg=False irq=0 mis=False
c=541557 nPC=$D946 mPC=$D946 nA=$AE mA=$AE nX=$61 mX=$61 nY=$00 mY=$00 nS=$F5 mS=$F5 nP=$A0 mP=$A0 dbgCyc=5 op=$60 trail=1 nonOvlR=True nonOvlF=True dly=False stg=False irq=0 mis=False
c=541558 nPC=$D946 mPC=$D946 nA=$AE mA=$AE nX=$61 mX=$61 nY=$00 mY=$00 nS=$F5 mS=$F5 nP=$A0 mP=$A0 dbgCyc=4 op=$60 trail=1 nonOvlR=True nonOvlF=True dly=False stg=False irq=0 mis=False
c=541559 nPC=$D946 mPC=$D946 nA=$AE mA=$AE nX=$61 mX=$61 nY=$00 mY=$00 nS=$F5 mS=$F6 nP=$A0 mP=$A0 dbgCyc=3 op=$60 trail=1 nonOvlR=True nonOvlF=True dly=False stg=False irq=0 mis=True
bus: m$C1=$00 m$C2=$20 n$C1=$00 n$C2=$20 m$C3=$6D m$C4=$FD n$C3=$6D n$C4=$FD m$0314=$BF n$0314=$BF

  Stack Trace:
     at ViceSharp.TestHarness.Vic20.Vic20DivergeProbe.RunEveryCycle(Int32 budget) in F:\GitHub\vice-sharp\tests\ViceSharp.TestHarness\Vic20\Vic20DivergeProbe.cs:line 123
   at ViceSharp.TestHarness.Vic20.Vic20DivergeProbe.EveryCycle_CpuRegs_Match_TwoSecondPal() in F:\GitHub\vice-sharp\tests\ViceSharp.TestHarness\Vic20\Vic20DivergeProbe.cs:line 47
   at System.Reflection.MethodBaseInvoker.InterpretedInvoke_Method(Object obj, IntPtr* args)
   at System.Reflection.MethodBaseInvoker.InvokeWithNoArgs(Object obj, BindingFlags invokeAttr)

Failed!  - Failed:     1, Passed:     0, Skipped:     0, Total:     1, Duration: 2 s - ViceSharp.TestHarness.dll (net10.0)
2S_EXIT=1
