=== C:\Users\kingd\AppData\Local\ViceSharp ===

=== C:\Users\kingd\Documents\ViceSharp ===
=== F:\GitHub\vice-sharp\artifacts ===
=== C:\Users\kingd\AppData\Local\Packages ===
Name                                              LastWriteTime
----                                              -------------
romm-cache                                        8/5/2026 6:30:54 AM
romm-connection.json                              8/5/2026 2:52:54 PM
romm-recents.json                                 8/5/2026 10:55:00 AM
chocolatey                                        7/10/2026 7:15:54 PM
deploy-logs                                       8/6/2026 11:22:29 PM
diagnostics                                       6/26/2026 4:25:10 PM
installer                                         8/6/2026 11:51:26 PM
packages                                          8/5/2026 11:43:40 AM
rastercmp                                         6/30/2026 7:59:40 PM
store-upload                                      8/6/2026 9:29:53 PM
verify                                            6/26/2026 6:38:59 PM
vice-parity-requirements                          7/7/2026 4:28:22 PM
winget                                            8/5/2026 11:43:59 AM
baseline-settings                                 7/2/2026 6:39:45 PM
deps-s1.err                                       7/8/2026 12:43:38 PM
deps-s1.log                                       7/8/2026 12:52:37 PM
deps-s1b.err                                      7/8/2026 12:56:30 PM
deps-s1b.log                                      7/8/2026 1:06:55 PM
deps-s2.err                                       7/8/2026 1:13:36 PM
deps-s2.log                                       7/8/2026 1:22:16 PM
deps-s3.err                                       7/8/2026 1:25:14 PM
deps-s3.log                                       7/8/2026 1:33:14 PM
deps-s4.err                                       7/8/2026 1:38:25 PM
34791E63.CanonPrintAssistant_6e5tt8cgb93ep        7/1/2026 5:37:34 AM
aimgr_8wekyb3d8bbwe                               7/27/2026 2:29:38 AM
AIToolkit.Inference.Agent_8wekyb3d8bbwe           8/5/2026 2:31:59 PM
Claude_pzs8sxrjxfjjc                              7/4/2026 10:47:58 AM
Clipchamp.Clipchamp_yxz26nhyzhsrt                 7/1/2026 5:37:33 AM
cr.sb.cdmf5200eafd3ad904629cbb0f87a78a3c7211081fe 7/1/2026 6:43:07 AM
cr.sb.odm1F0CB4F1253346A01A43DFF03E768CD84EFDEDFD 7/20/2026 10:06:07 AM
cr.sb.odm489DA391BE0EDFC7FAD54DA6B44315A838DB4D40 7/13/2026 5:10:32 AM
cr.sb.odm8CDC31F66986A628113FD059FEE82F1F6C25765D 7/4/2026 10:53:05 AM
cr.sb.odmAD0216FF10D28F1E5209BB6C0A85DF8316B825E9 7/9/2026 2:54:10 PM
cr.sb.odmBFFC80AA6CE180480A9F8B3A0FC01F684400AD24 7/25/2026 8:18:48 AM
cr.sb.odmD1D0B9567F8D71A4CAECABE9D35ACF0044061468 7/31/2026 5:44:50 AM
cr.sb.odmDC8FF3B3839DF92DC9E5EF5FEA225779986D81D7 8/5/2026 2:25:23 PM
cr.sb.odmf5200eafd3ad904629cbb0f87a78a3c7211081fe 7/1/2026 5:24:11 AM
dotPDNLLC.paint.net_h55e3w7q8jbva                 7/3/2026 9:00:42 AM
eternalsocial.ngrok.app-2D330635_qzp6dv61gtw32    7/13/2026 4:50:46 PM
eternalsocial.ngrok.app-517EF209_qzp6dv61gtw32    7/13/2026 5:36:04 PM
McpServerManager_jfp4h9j3qfh0y                    7/8/2026 12:54:40 PM
Microsoft.6365217CE6EB4_8wekyb3d8bbwe             7/1/2026 5:37:33 AM
Microsoft.AAD.BrokerPlugin_cw5n1h2txyewy          7/1/2026 5:21:05 AM
MicrosoftWindows.CrossDevice_cw5n1h2txyewy        
sharpninja.github.io-3E8176AD_rta6bb6b6h9he       
sharpninja.ViceSharp.Xbox_wbxy578d68v3y           

