make: Entering directory '/f/GitHub/vice-sharp/native/vice/vice/src/lib/linenoise-ng'
make: Nothing to be done for 'all'.
make: Leaving directory '/f/GitHub/vice-sharp/native/vice/vice/src/lib/linenoise-ng'
make: Entering directory '/f/GitHub/vice-sharp/native/vice/vice/src'
make: Leaving directory '/f/GitHub/vice-sharp/native/vice/vice/src'
F:/GitHub/vice-sharp/native/vice-shim-vic20.c: In function 'vice_shim_set_current_thread_description':
F:/GitHub/vice-sharp/native/vice-shim-vic20.c:267:30: warning: cast between incompatible function types from 'FARPROC' {aka 'long long int (*)(void)'} to 'HRESULT (*)(void *, const WCHAR *)' {aka 'long int (*)(void *, const short unsigned int *)'} [-Wcast-function-type]
  267 |     set_thread_description = (vice_shim_set_thread_description_fn)GetProcAddress(kernel32, "SetThreadDescription");
      |                              ^
Built: /f/GitHub/vice-sharp/native/vice_xvic.dll
-rwxr-xr-x 1 kingd kingd 10920265 Aug 11 09:44 /f/GitHub/vice-sharp/native/vice_xvic.dll
  ViceSharp.Abstractions -> F:\GitHub\vice-sharp\src\ViceSharp.Abstractions\bin\Release\net10.0\ViceSharp.Abstractions.dll
  ViceSharp.Protocol -> F:\GitHub\vice-sharp\src\ViceSharp.Protocol\bin\Release\net10.0\ViceSharp.Protocol.dll
  ViceSharp.RomFetch -> F:\GitHub\vice-sharp\src\ViceSharp.RomFetch\bin\Release\net10.0\ViceSharp.RomFetch.dll
  ViceSharp.Library.ViewModels -> F:\GitHub\vice-sharp\src\ViceSharp.Library.ViewModels\bin\Release\net10.0\ViceSharp.Library.ViewModels.dll
  ViceSharp.Chips -> F:\GitHub\vice-sharp\src\ViceSharp.Chips\bin\Release\net10.0\ViceSharp.Chips.dll
  ViceSharp.RomM -> F:\GitHub\vice-sharp\src\ViceSharp.RomM\bin\Release\net10.0\ViceSharp.RomM.dll
  ViceSharp.Xbox.Input -> F:\GitHub\vice-sharp\src\ViceSharp.Xbox.Input\bin\Release\net10.0\ViceSharp.Xbox.Input.dll
  ViceSharp.Core -> F:\GitHub\vice-sharp\src\ViceSharp.Core\bin\Release\net10.0\ViceSharp.Core.dll
  ViceSharp.Xbox.ViewModels -> F:\GitHub\vice-sharp\src\ViceSharp.Xbox.ViewModels\bin\Release\net10.0\ViceSharp.Xbox.ViewModels.dll
  ViceSharp.Monitor -> F:\GitHub\vice-sharp\src\ViceSharp.Monitor\bin\Release\net10.0\ViceSharp.Monitor.dll
  ViceSharp.Architectures -> F:\GitHub\vice-sharp\src\ViceSharp.Architectures\bin\Release\net10.0\ViceSharp.Architectures.dll
  ViceSharp.Benchmarks -> F:\GitHub\vice-sharp\tests\ViceSharp.Benchmarks\bin\Release\net10.0\ViceSharp.Benchmarks.dll
  ViceSharp.Launcher -> F:\GitHub\vice-sharp\src\ViceSharp.Launcher\bin\Release\net10.0\ViceSharp.Launcher.dll
  ViceSharp.Host.InProcess -> F:\GitHub\vice-sharp\src\ViceSharp.Host.InProcess\bin\Release\net10.0\ViceSharp.Host.InProcess.dll
  ViceSharp.AdhocHelper -> F:\GitHub\vice-sharp\src\ViceSharp.AdhocHelper\bin\Release\net10.0\ViceSharp.AdhocHelper.dll
  ViceSharp.Console -> F:\GitHub\vice-sharp\src\ViceSharp.Console\bin\Release\net10.0\ViceSharp.Console.dll
  ViceSharp.Host -> F:\GitHub\vice-sharp\src\ViceSharp.Host\bin\Release\net10.0\ViceSharp.Host.dll
  ViceSharp.Xbox -> F:\GitHub\vice-sharp\src\ViceSharp.Xbox\bin\Release\net10.0\ViceSharp.Xbox.dll
  ViceSharp.Avalonia -> F:\GitHub\vice-sharp\src\ViceSharp.Avalonia\bin\Release\net10.0\ViceSharp.Avalonia.dll
  ViceSharp.Host.MacOS -> F:\GitHub\vice-sharp\src\ViceSharp.Host.MacOS\bin\Release\net10.0\ViceSharp.Host.MacOS.dll
C:\Program Files\dotnet\sdk\10.0.302\Microsoft.Common.CurrentVersion.targets(4919,5): warning MSB3026: Could not copy "obj\Release\net10.0\ViceSharp.TestHarness.dll" to "bin\Release\net10.0\ViceSharp.TestHarness.dll". Beginning retry 1 in 1000ms. The process cannot access the file 'F:\GitHub\vice-sharp\tests\ViceSharp.TestHarness\bin\Release\net10.0\ViceSharp.TestHarness.dll' because it is being used by another process. The file is locked by: ".NET Host (32504)" [F:\GitHub\vice-sharp\tests\ViceSharp.TestHarness\ViceSharp.TestHarness.csproj]
C:\Program Files\dotnet\sdk\10.0.302\Microsoft.Common.CurrentVersion.targets(4919,5): warning MSB3026: Could not copy "obj\Release\net10.0\ViceSharp.TestHarness.dll" to "bin\Release\net10.0\ViceSharp.TestHarness.dll". Beginning retry 2 in 1000ms. The process cannot access the file 'F:\GitHub\vice-sharp\tests\ViceSharp.TestHarness\bin\Release\net10.0\ViceSharp.TestHarness.dll' because it is being used by another process. The file is locked by: ".NET Host (32504)" [F:\GitHub\vice-sharp\tests\ViceSharp.TestHarness\ViceSharp.TestHarness.csproj]
C:\Program Files\dotnet\sdk\10.0.302\Microsoft.Common.CurrentVersion.targets(4919,5): warning MSB3026: Could not copy "obj\Release\net10.0\ViceSharp.TestHarness.dll" to "bin\Release\net10.0\ViceSharp.TestHarness.dll". Beginning retry 3 in 1000ms. The process cannot access the file 'F:\GitHub\vice-sharp\tests\ViceSharp.TestHarness\bin\Release\net10.0\ViceSharp.TestHarness.dll' because it is being used by another process. The file is locked by: ".NET Host (32504)" [F:\GitHub\vice-sharp\tests\ViceSharp.TestHarness\ViceSharp.TestHarness.csproj]
C:\Program Files\dotnet\sdk\10.0.302\Microsoft.Common.CurrentVersion.targets(4919,5): warning MSB3026: Could not copy "obj\Release\net10.0\ViceSharp.TestHarness.dll" to "bin\Release\net10.0\ViceSharp.TestHarness.dll". Beginning retry 4 in 1000ms. The process cannot access the file 'F:\GitHub\vice-sharp\tests\ViceSharp.TestHarness\bin\Release\net10.0\ViceSharp.TestHarness.dll' because it is being used by another process. The file is locked by: ".NET Host (32504)" [F:\GitHub\vice-sharp\tests\ViceSharp.TestHarness\ViceSharp.TestHarness.csproj]
C:\Program Files\dotnet\sdk\10.0.302\Microsoft.Common.CurrentVersion.targets(4919,5): warning MSB3026: Could not copy "obj\Release\net10.0\ViceSharp.TestHarness.dll" to "bin\Release\net10.0\ViceSharp.TestHarness.dll". Beginning retry 5 in 1000ms. The process cannot access the file 'F:\GitHub\vice-sharp\tests\ViceSharp.TestHarness\bin\Release\net10.0\ViceSharp.TestHarness.dll' because it is being used by another process. The file is locked by: ".NET Host (32504)" [F:\GitHub\vice-sharp\tests\ViceSharp.TestHarness\ViceSharp.TestHarness.csproj]
C:\Program Files\dotnet\sdk\10.0.302\Microsoft.Common.CurrentVersion.targets(4919,5): warning MSB3026: Could not copy "obj\Release\net10.0\ViceSharp.TestHarness.dll" to "bin\Release\net10.0\ViceSharp.TestHarness.dll". Beginning retry 6 in 1000ms. The process cannot access the file 'F:\GitHub\vice-sharp\tests\ViceSharp.TestHarness\bin\Release\net10.0\ViceSharp.TestHarness.dll' because it is being used by another process. The file is locked by: ".NET Host (32504)" [F:\GitHub\vice-sharp\tests\ViceSharp.TestHarness\ViceSharp.TestHarness.csproj]
C:\Program Files\dotnet\sdk\10.0.302\Microsoft.Common.CurrentVersion.targets(4919,5): warning MSB3026: Could not copy "obj\Release\net10.0\ViceSharp.TestHarness.dll" to "bin\Release\net10.0\ViceSharp.TestHarness.dll". Beginning retry 7 in 1000ms. The process cannot access the file 'F:\GitHub\vice-sharp\tests\ViceSharp.TestHarness\bin\Release\net10.0\ViceSharp.TestHarness.dll' because it is being used by another process. The file is locked by: ".NET Host (32504)" [F:\GitHub\vice-sharp\tests\ViceSharp.TestHarness\ViceSharp.TestHarness.csproj]
C:\Program Files\dotnet\sdk\10.0.302\Microsoft.Common.CurrentVersion.targets(4919,5): warning MSB3026: Could not copy "obj\Release\net10.0\ViceSharp.TestHarness.dll" to "bin\Release\net10.0\ViceSharp.TestHarness.dll". Beginning retry 8 in 1000ms. The process cannot access the file 'F:\GitHub\vice-sharp\tests\ViceSharp.TestHarness\bin\Release\net10.0\ViceSharp.TestHarness.dll' because it is being used by another process. The file is locked by: ".NET Host (32504)" [F:\GitHub\vice-sharp\tests\ViceSharp.TestHarness\ViceSharp.TestHarness.csproj]
C:\Program Files\dotnet\sdk\10.0.302\Microsoft.Common.CurrentVersion.targets(4919,5): warning MSB3026: Could not copy "obj\Release\net10.0\ViceSharp.TestHarness.dll" to "bin\Release\net10.0\ViceSharp.TestHarness.dll". Beginning retry 9 in 1000ms. The process cannot access the file 'F:\GitHub\vice-sharp\tests\ViceSharp.TestHarness\bin\Release\net10.0\ViceSharp.TestHarness.dll' because it is being used by another process. The file is locked by: ".NET Host (32504)" [F:\GitHub\vice-sharp\tests\ViceSharp.TestHarness\ViceSharp.TestHarness.csproj]
C:\Program Files\dotnet\sdk\10.0.302\Microsoft.Common.CurrentVersion.targets(4919,5): warning MSB3026: Could not copy "obj\Release\net10.0\ViceSharp.TestHarness.dll" to "bin\Release\net10.0\ViceSharp.TestHarness.dll". Beginning retry 10 in 1000ms. The process cannot access the file 'F:\GitHub\vice-sharp\tests\ViceSharp.TestHarness\bin\Release\net10.0\ViceSharp.TestHarness.dll' because it is being used by another process. The file is locked by: ".NET Host (32504)" [F:\GitHub\vice-sharp\tests\ViceSharp.TestHarness\ViceSharp.TestHarness.csproj]
C:\Program Files\dotnet\sdk\10.0.302\Microsoft.Common.CurrentVersion.targets(4919,5): error MSB3027: Could not copy "obj\Release\net10.0\ViceSharp.TestHarness.dll" to "bin\Release\net10.0\ViceSharp.TestHarness.dll". Exceeded retry count of 10. Failed. The file is locked by: ".NET Host (32504)" [F:\GitHub\vice-sharp\tests\ViceSharp.TestHarness\ViceSharp.TestHarness.csproj]
C:\Program Files\dotnet\sdk\10.0.302\Microsoft.Common.CurrentVersion.targets(4919,5): error MSB3021: Unable to copy file "obj\Release\net10.0\ViceSharp.TestHarness.dll" to "bin\Release\net10.0\ViceSharp.TestHarness.dll". The process cannot access the file 'F:\GitHub\vice-sharp\tests\ViceSharp.TestHarness\bin\Release\net10.0\ViceSharp.TestHarness.dll' because it is being used by another process. [F:\GitHub\vice-sharp\tests\ViceSharp.TestHarness\ViceSharp.TestHarness.csproj]
