Faulting application name: ViceSharp.Avalonia.exe, version: 1.2.167.0, time stamp: 0x6a3ed1eb
Faulting module name: ntdll.dll, version: 10.0.26100.8875, time stamp: 0xba65e4a2
Exception code: 0xc00000fd
Fault offset: 0x0000000000071630
Faulting process id: 0x9E0
Faulting application start time: 0x1DD24CAA54D422D
Faulting application path: C:\Program Files\ViceSharp\ViceSharp.Avalonia.exe
Faulting module path: C:\WINDOWS\SYSTEM32\ntdll.dll
Report Id: a2a8d59c-db62-4214-a93d-de69dd87cd7d
Faulting package full name: 
Faulting package-relative application ID: 
---
Faulting application name: ViceSharp.Avalonia.exe, version: 1.2.167.0, time stamp: 0x6a3ed1eb
Faulting module name: ntdll.dll, version: 10.0.26100.8875, time stamp: 0xba65e4a2
Exception code: 0xc00000fd
Fault offset: 0x00000000000716a5
Faulting process id: 0x19530
Faulting application start time: 0x1DD24CA9683A224
Faulting application path: C:\Program Files\ViceSharp\ViceSharp.Avalonia.exe
Faulting module path: C:\WINDOWS\SYSTEM32\ntdll.dll
Report Id: fb1217bb-01f4-4fa7-89a9-a8a5263b9360
Faulting package full name: 
Faulting package-relative application ID: 
---
Faulting application name: ViceSharp.Avalonia.exe, version: 1.2.167.0, time stamp: 0x6a3ed1eb
Faulting module name: ntdll.dll, version: 10.0.26100.8875, time stamp: 0xba65e4a2
Exception code: 0xc00000fd
Fault offset: 0x0000000000071630
Faulting process id: 0xCD6C
Faulting application start time: 0x1DD24CA606A95FF
Faulting application path: C:\Program Files\ViceSharp\ViceSharp.Avalonia.exe
Faulting module path: C:\WINDOWS\SYSTEM32\ntdll.dll
Report Id: 82ad6dc9-5f57-4b93-9078-107e0058d206
Faulting package full name: 
Faulting package-relative application ID: 
---
Faulting application name: ViceSharp.Avalonia.exe, version: 1.2.167.0, time stamp: 0x6a3ed1eb
Faulting module name: ntdll.dll, version: 10.0.26100.8875, time stamp: 0xba65e4a2
Exception code: 0xc00000fd
Fault offset: 0x000000000006f8cc
Faulting process id: 0x344
Faulting application start time: 0x1DD24CA4C4F13B0
Faulting application path: C:\Program Files\ViceSharp\ViceSharp.Avalonia.exe
Faulting module path: C:\WINDOWS\SYSTEM32\ntdll.dll
Report Id: f6dedc4c-6856-4eee-b477-31e2fbcc49a3
Faulting package full name: 
Faulting package-relative application ID: 
---

src\ViceSharp.Core\LockFreePubSub.cs:454:        while (true)
src\ViceSharp.Core\LockFreePubSub.cs:744:        while (true)
src\ViceSharp.Core\LockFreePubSub.cs:806:        while (true)
src\ViceSharp.Core\LockFreePubSub.cs:939:        while (true)
src\ViceSharp.Core\LockFreePubSub.cs:1055:        while (true)

