[xUnit.net 00:00:04.02]     ViceSharp.TestHarness.Vic20.Vic20DivergeProbe.EveryCycle_CpuRegs_Match_TwoSecondPal [FAIL]
  Failed ViceSharp.TestHarness.Vic20.Vic20DivergeProbe.EveryCycle_CpuRegs_Match_TwoSecondPal [2 s]
  Error Message:
   DIV first=502793 matchedCycles=502792 budget=2216810
c=502782 nPC=$FD5B mPC=$FD5B nA=$10 mA=$10 nX=$6D mX=$6D nY=$FD mY=$FD nS=$FD mS=$FD nP=$A4 mP=$A4 dbgCyc=1 op=$A0 mis=False
c=502783 nPC=$FD5D mPC=$FD5D nA=$10 mA=$10 nX=$6D mX=$6D nY=$1F mY=$1F nS=$FD mS=$FD nP=$24 mP=$24 dbgCyc=0 op=$A0 mis=False
c=502784 nPC=$FD5D mPC=$FD5D nA=$10 mA=$10 nX=$6D mX=$6D nY=$1F mY=$1F nS=$FD mS=$FD nP=$24 mP=$24 dbgCyc=3 op=$B9 mis=False
c=502785 nPC=$FD5D mPC=$FD5D nA=$10 mA=$10 nX=$6D mX=$6D nY=$1F mY=$1F nS=$FD mS=$FD nP=$24 mP=$24 dbgCyc=2 op=$B9 mis=False
c=502786 nPC=$FD5D mPC=$FD5D nA=$00 mA=$00 nX=$6D mX=$6D nY=$1F mY=$1F nS=$FD mS=$FD nP=$24 mP=$24 dbgCyc=1 op=$B9 mis=False
c=502787 nPC=$FD60 mPC=$FD60 nA=$00 mA=$00 nX=$6D mX=$6D nY=$1F mY=$1F nS=$FD mS=$FD nP=$26 mP=$26 dbgCyc=0 op=$B9 mis=False
c=502788 nPC=$FD60 mPC=$FD60 nA=$00 mA=$00 nX=$6D mX=$6D nY=$1F mY=$1F nS=$FD mS=$FD nP=$26 mP=$26 dbgCyc=1 op=$B0 mis=False
c=502789 nPC=$FD62 mPC=$FD62 nA=$00 mA=$00 nX=$6D mX=$6D nY=$1F mY=$1F nS=$FD mS=$FD nP=$26 mP=$26 dbgCyc=0 op=$B0 mis=False
c=502790 nPC=$FD62 mPC=$FD62 nA=$00 mA=$00 nX=$6D mX=$6D nY=$1F mY=$1F nS=$FD mS=$FD nP=$26 mP=$26 dbgCyc=4 op=$B1 mis=False
c=502791 nPC=$FD62 mPC=$FD62 nA=$00 mA=$00 nX=$6D mX=$6D nY=$1F mY=$1F nS=$FD mS=$FD nP=$26 mP=$26 dbgCyc=3 op=$B1 mis=False
c=502792 nPC=$FD62 mPC=$FD62 nA=$00 mA=$00 nX=$6D mX=$6D nY=$1F mY=$1F nS=$FD mS=$FD nP=$26 mP=$26 dbgCyc=2 op=$B1 mis=False
c=502793 nPC=$FD62 mPC=$FD62 nA=$F6 mA=$00 nX=$6D mX=$6D nY=$1F mY=$1F nS=$FD mS=$FD nP=$26 mP=$26 dbgCyc=1 op=$B1 mis=True
bus: m$00=$00 m$01=$00 m$C1=$00 m$C2=$20 n$C1=$00 n$C2=$20 m$FE91=$B1 n$FE91=$B1

  Stack Trace:
     at ViceSharp.TestHarness.Vic20.Vic20DivergeProbe.RunEveryCycle(Int32 budget) in F:\GitHub\vice-sharp\tests\ViceSharp.TestHarness\Vic20\Vic20DivergeProbe.cs:line 101
   at ViceSharp.TestHarness.Vic20.Vic20DivergeProbe.EveryCycle_CpuRegs_Match_TwoSecondPal() in F:\GitHub\vice-sharp\tests\ViceSharp.TestHarness\Vic20\Vic20DivergeProbe.cs:line 47
   at System.Reflection.MethodBaseInvoker.InterpretedInvoke_Method(Object obj, IntPtr* args)
   at System.Reflection.MethodBaseInvoker.InvokeWithNoArgs(Object obj, BindingFlags invokeAttr)

Failed!  - Failed:     1, Passed:     0, Skipped:     0, Total:     1, Duration: 2 s - ViceSharp.TestHarness.dll (net10.0)
