    44 vic20video.c
    48 vic20-stubs.c
    51 vic20rsuser.c
    55 vic20printer.c
    63 vic20datasette.c
    65 vic-cmdline-options.c
    68 vic20romset.c
    77 vic20bus.c
    92 vic-resources.c
    94 vic20memrom.c
   108 vic-timing.c
   120 vic20model.c
   139 vic20export.c
   141 vic20-snapshot.c
   153 vic20cpu.c
   168 vic20ieeevia1.c
   171 vic20ieeevia2.c
   172 vic-snapshot.c
   182 vic20-resources.c
   184 vic20rom.c
   196 vic20drive.c
   205 vic-draw.c
   226 vic20via2.c
   227 vic20iec.c
   230 vic20-cmdline-options.c
   251 vic20via1.c
   261 vic-color.c
   281 vic20memsnapshot.c
   312 vic-mem.c
   391 vic-cycle.c
   443 vic.c
   508 vic20sound.c
   535 vic20io.c
   630 vic20mem.c
  1151 vic20.c
---cart---
   269 behrbonz.c
   128 debugcart.c
  1015 finalexpansion.c
   256 ioramcart.c
    49 mascuerade-stubs.c
   717 megacart.c
   266 mikroassembler.c
   815 minimon.c
   248 rabbit.c
   247 superexpander.c
   903 ultimem.c
   580 vic-fp.c
   808 vic20-generic.c
   180 vic20-ieee488.c
   173 vic20-midi.c
   296 vic20-sidcart.c
  1517 vic20cart.c
   680 vic20cartmem.c
   227 writenow.c
---managed Vic20---
   273 src\ViceSharp.Core\Vic20\FinalExpansion3Cartridge.cs
    10 src\ViceSharp.Core\Vic20\IVic20CartridgeHost.cs
    31 src\ViceSharp.Core\Vic20\IVic20ExpansionCartPort.cs
    11 src\ViceSharp.Core\Vic20\IVic20RamConfiguration.cs
   136 src\ViceSharp.Core\Vic20\MegaCartCartridge.cs
   125 src\ViceSharp.Core\Vic20\UltimemCartridge.cs
    59 src\ViceSharp.Core\Vic20\Vic20Cartridge.cs
    53 src\ViceSharp.Core\Vic20\Vic20ColorRam.cs
     9 src\ViceSharp.Core\Vic20\Vic20ExpansionCartKind.cs
   137 src\ViceSharp.Core\Vic20\Vic20ExpansionCartPort.cs
    51 src\ViceSharp.Core\Vic20\Vic20IecPort.cs
   165 src\ViceSharp.Core\Vic20\Vic20KeyboardMatrix.cs
   270 src\ViceSharp.Core\Vic20\Vic20MemoryLayout.cs
    64 src\ViceSharp.Core\Vic20\Vic20SystemRam.cs
   618 src\ViceSharp.Chips\Vic\Mos6561.cs
   120 src\ViceSharp.Chips\Vic\VicIStub.cs
    64 src\ViceSharp.Architectures\Vic20\Vic20Descriptor.cs
    34 src\ViceSharp.Architectures\Vic20\Vic20Expansion.cs
   109 src\ViceSharp.Architectures\Vic20\Vic20MachineProfile.cs
    50 src\ViceSharp.Architectures\Vic20\Vic20RomSet.cs
    55 src\ViceSharp.Architectures\Vic20\Vic20SystemCoreDefinition.cs
    32 src\ViceSharp.Architectures\Vic20\Vic20ViceRomNames.cs
---Via+CPU---
   771 Via6522
  1966 viacore
    41 Mos6502.Addressing.cs
  2922 Mos6502.cs
   640 Mos6502.Opcodes.cs
