  Determining projects to restore...
  All projects are up-to-date for restore.
  ViceSharp.Protocol -> F:\GitHub\vice-sharp\src\ViceSharp.Protocol\bin\Release\net10.0\ViceSharp.Protocol.dll
  ViceSharp.Abstractions -> F:\GitHub\vice-sharp\src\ViceSharp.Abstractions\bin\Release\net10.0\ViceSharp.Abstractions.dll
  ViceSharp.Library.ViewModels -> F:\GitHub\vice-sharp\src\ViceSharp.Library.ViewModels\bin\Release\net10.0\ViceSharp.Library.ViewModels.dll
  ViceSharp.Xbox.Input -> F:\GitHub\vice-sharp\src\ViceSharp.Xbox.Input\bin\Release\net10.0\ViceSharp.Xbox.Input.dll
  ViceSharp.RomFetch -> F:\GitHub\vice-sharp\src\ViceSharp.RomFetch\bin\Release\net10.0\ViceSharp.RomFetch.dll
  ViceSharp.RomM -> F:\GitHub\vice-sharp\src\ViceSharp.RomM\bin\Release\net10.0\ViceSharp.RomM.dll
  ViceSharp.Xbox.ViewModels -> F:\GitHub\vice-sharp\src\ViceSharp.Xbox.ViewModels\bin\Release\net10.0\ViceSharp.Xbox.ViewModels.dll
  ViceSharp.Chips -> F:\GitHub\vice-sharp\src\ViceSharp.Chips\bin\Release\net10.0\ViceSharp.Chips.dll
  ViceSharp.Core -> F:\GitHub\vice-sharp\src\ViceSharp.Core\bin\Release\net10.0\ViceSharp.Core.dll
  ViceSharp.Architectures -> F:\GitHub\vice-sharp\src\ViceSharp.Architectures\bin\Release\net10.0\ViceSharp.Architectures.dll
  ViceSharp.Monitor -> F:\GitHub\vice-sharp\src\ViceSharp.Monitor\bin\Release\net10.0\ViceSharp.Monitor.dll
  ViceSharp.Benchmarks -> F:\GitHub\vice-sharp\tests\ViceSharp.Benchmarks\bin\Release\net10.0\ViceSharp.Benchmarks.dll
  ViceSharp.Launcher -> F:\GitHub\vice-sharp\src\ViceSharp.Launcher\bin\Release\net10.0\ViceSharp.Launcher.dll
  ViceSharp.Host.InProcess -> F:\GitHub\vice-sharp\src\ViceSharp.Host.InProcess\bin\Release\net10.0\ViceSharp.Host.InProcess.dll
  ViceSharp.AdhocHelper -> F:\GitHub\vice-sharp\src\ViceSharp.AdhocHelper\bin\Release\net10.0\ViceSharp.AdhocHelper.dll
  ViceSharp.Console -> F:\GitHub\vice-sharp\src\ViceSharp.Console\bin\Release\net10.0\ViceSharp.Console.dll
  ViceSharp.Xbox -> F:\GitHub\vice-sharp\src\ViceSharp.Xbox\bin\Release\net10.0\ViceSharp.Xbox.dll
  ViceSharp.Host -> F:\GitHub\vice-sharp\src\ViceSharp.Host\bin\Release\net10.0\ViceSharp.Host.dll
  ViceSharp.Avalonia -> F:\GitHub\vice-sharp\src\ViceSharp.Avalonia\bin\Release\net10.0\ViceSharp.Avalonia.dll
  ViceSharp.Host.MacOS -> F:\GitHub\vice-sharp\src\ViceSharp.Host.MacOS\bin\Release\net10.0\ViceSharp.Host.MacOS.dll
  ViceSharp.TestHarness -> F:\GitHub\vice-sharp\tests\ViceSharp.TestHarness\bin\Release\net10.0\ViceSharp.TestHarness.dll
Test run for F:\GitHub\vice-sharp\tests\ViceSharp.TestHarness\bin\Release\net10.0\ViceSharp.TestHarness.dll (.NETCoreApp,Version=v10.0)
A total of 1 test files matched the specified pattern.

Passed!  - Failed:     0, Passed:     1, Skipped:     0, Total:     1, Duration: 2 s - ViceSharp.TestHarness.dll (net10.0)
FOCUSED_EXIT=0
Test run for F:\GitHub\vice-sharp\tests\ViceSharp.TestHarness\bin\Release\net10.0\ViceSharp.TestHarness.dll (.NETCoreApp,Version=v10.0)
A total of 1 test files matched the specified pattern.
[xUnit.net 00:00:03.87]     ViceSharp.TestHarness.Vic20.Vic20DivergeProbe.EveryCycle_CpuRegs_Match_TwoSecondPal [FAIL]
  Failed ViceSharp.TestHarness.Vic20.Vic20DivergeProbe.EveryCycle_CpuRegs_Match_TwoSecondPal [2 s]
  Error Message:
   DIV first=518582 matchedCycles=518581 budget=2216810
c=518571 nPC=$D6BC mPC=$D6BC nA=$E4 mA=$E4 nX=$36 mX=$36 nY=$02 mY=$02 nS=$F7 mS=$F7 nP=$21 mP=$21 dbgCyc=1 op=$B1 trail=0 nonOvlR=False nonOvlF=False dly=False stg=True mis=False
c=518572 nPC=$D6BE mPC=$D6BE nA=$E4 mA=$E4 nX=$36 mX=$36 nY=$02 mY=$02 nS=$F7 mS=$F7 nP=$A1 mP=$A1 dbgCyc=0 op=$B1 trail=0 nonOvlR=False nonOvlF=False dly=False stg=False mis=False
c=518573 nPC=$D6BE mPC=$D6BE nA=$E4 mA=$E4 nX=$36 mX=$36 nY=$02 mY=$02 nS=$F7 mS=$F7 nP=$A1 mP=$A1 dbgCyc=1 op=$A8 trail=1 nonOvlR=False nonOvlF=False dly=False stg=False mis=False
c=518574 nPC=$D6BF mPC=$D6BF nA=$E4 mA=$E4 nX=$36 mX=$36 nY=$E4 mY=$E4 nS=$F7 mS=$F7 nP=$A1 mP=$A1 dbgCyc=0 op=$A8 trail=1 nonOvlR=False nonOvlF=False dly=False stg=False mis=False
c=518575 nPC=$D6BF mPC=$D6BF nA=$E4 mA=$E4 nX=$36 mX=$36 nY=$E4 mY=$E4 nS=$F7 mS=$F7 nP=$A1 mP=$A1 dbgCyc=3 op=$68 trail=0 nonOvlR=False nonOvlF=False dly=False stg=False mis=False
c=518576 nPC=$D6BF mPC=$D6BF nA=$E4 mA=$E4 nX=$36 mX=$36 nY=$E4 mY=$E4 nS=$F7 mS=$F7 nP=$A1 mP=$A1 dbgCyc=2 op=$68 trail=0 nonOvlR=False nonOvlF=False dly=False stg=False mis=False
c=518577 nPC=$D6BF mPC=$D6BF nA=$18 mA=$18 nX=$36 mX=$36 nY=$E4 mY=$E4 nS=$F8 mS=$F8 nP=$A1 mP=$A1 dbgCyc=1 op=$68 trail=0 nonOvlR=False nonOvlF=False dly=False stg=True mis=False
c=518578 nPC=$D6C0 mPC=$D6C0 nA=$18 mA=$18 nX=$36 mX=$36 nY=$E4 mY=$E4 nS=$F8 mS=$F8 nP=$21 mP=$21 dbgCyc=0 op=$68 trail=0 nonOvlR=False nonOvlF=False dly=False stg=False mis=False
c=518579 nPC=$D6C0 mPC=$D6C0 nA=$18 mA=$18 nX=$36 mX=$36 nY=$E4 mY=$E4 nS=$F8 mS=$F8 nP=$21 mP=$21 dbgCyc=3 op=$28 trail=1 nonOvlR=False nonOvlF=False dly=False stg=False mis=False
c=518580 nPC=$D6C0 mPC=$D6C0 nA=$18 mA=$18 nX=$36 mX=$36 nY=$E4 mY=$E4 nS=$F8 mS=$F8 nP=$21 mP=$21 dbgCyc=2 op=$28 trail=1 nonOvlR=False nonOvlF=False dly=False stg=False mis=False
c=518581 nPC=$D6C0 mPC=$D6C0 nA=$18 mA=$18 nX=$36 mX=$36 nY=$E4 mY=$E4 nS=$F9 mS=$F9 nP=$21 mP=$21 dbgCyc=1 op=$28 trail=1 nonOvlR=False nonOvlF=False dly=False stg=True mis=False
c=518582 nPC=$D6C1 mPC=$D6C1 nA=$18 mA=$18 nX=$36 mX=$36 nY=$E4 mY=$E4 nS=$F9 mS=$F9 nP=$33 mP=$23 dbgCyc=0 op=$28 trail=1 nonOvlR=False nonOvlF=False dly=False stg=False mis=True
bus: m$C1=$00 m$C2=$20 n$C1=$00 n$C2=$20 m$C3=$6D m$C4=$FD n$C3=$6D n$C4=$FD m$0314=$BF n$0314=$BF

  Stack Trace:
     at ViceSharp.TestHarness.Vic20.Vic20DivergeProbe.RunEveryCycle(Int32 budget) in F:\GitHub\vice-sharp\tests\ViceSharp.TestHarness\Vic20\Vic20DivergeProbe.cs:line 104
   at ViceSharp.TestHarness.Vic20.Vic20DivergeProbe.EveryCycle_CpuRegs_Match_TwoSecondPal() in F:\GitHub\vice-sharp\tests\ViceSharp.TestHarness\Vic20\Vic20DivergeProbe.cs:line 47
   at System.Reflection.MethodBaseInvoker.InterpretedInvoke_Method(Object obj, IntPtr* args)
   at System.Reflection.MethodBaseInvoker.InvokeWithNoArgs(Object obj, BindingFlags invokeAttr)

Failed!  - Failed:     1, Passed:     0, Skipped:     0, Total:     1, Duration: 2 s - ViceSharp.TestHarness.dll (net10.0)
TWOSEC_EXIT=1
