## [32mfeat/xbox-uwp-app[m
 [31mM[m HANDOFF.md
 [31mM[m azure-pipelines.ci.yml
 [31mM[m azure-pipelines.release.yml
 [31mM[m src/ViceSharp.Xbox.ViewModels/VirtualKeyboardLayout.cs
 [31mM[m src/ViceSharp.Xbox.ViewModels/VirtualKeyboardViewModel.cs
 [31mM[m src/ViceSharp.Xbox/Controls/VirtualKeyboardOverlay.xaml
 [31mM[m src/ViceSharp.Xbox/Controls/VirtualKeyboardOverlay.xaml.cs
 [31mM[m src/ViceSharp.Xbox/Views/AboutPage.xaml
 [31mM[m src/ViceSharp.Xbox/Views/AboutPage.xaml.cs
 [31mM[m src/ViceSharp.Xbox/Views/DeviceSetupPage.xaml
 [31mM[m src/ViceSharp.Xbox/Views/DeviceSetupPage.xaml.cs
 [31mM[m src/ViceSharp.Xbox/Views/HomePage.xaml
 [31mM[m src/ViceSharp.Xbox/Views/HomePage.xaml.cs
 [31mM[m src/ViceSharp.Xbox/Views/InputMappingPage.xaml
 [31mM[m src/ViceSharp.Xbox/Views/InputMappingPage.xaml.cs
 [31mM[m src/ViceSharp.Xbox/Views/RomProvisioningPage.xaml
 [31mM[m src/ViceSharp.Xbox/Views/RomProvisioningPage.xaml.cs
 [31mM[m src/ViceSharp.Xbox/Views/SettingsPage.xaml
 [31mM[m src/ViceSharp.Xbox/Views/SettingsPage.xaml.cs
 [31mM[m tests/ViceSharp.AiReview.Tests/appsettings.aiunit.json
[32mA[m  tests/ViceSharp.TestHarness/RomlessBadLineTests.cs
 [31mM[m tests/ViceSharp.TestHarness/Xbox/XboxCiConfigTests.cs
[31m??[m docs/S-Blox/
[31m??[m docs/reviews/code-review-20260714T001056552Z.md
[31m??[m docs/reviews/code-review-20260714T004256563Z.md
[31m??[m docs/romless-vic-badline-fix.md
[31m??[m src/ViceSharp.Xbox.ViewModels/VirtualKeyRow.cs
[31m??[m tests/ViceSharp.TestHarness/Xbox/XboxAotBindingConventionTests.cs
azure-pipelines.ci.yml:43: trailing whitespace.
+

azure-pipelines.ci.yml:67: trailing whitespace.
+          OCTOPUS_SPACE: $(OCTOPUS_SPACE)

azure-pipelines.ci.yml:68: trailing whitespace.
+

azure-pipelines.ci.yml:68: new blank line at EOF.
azure-pipelines.release.yml:69: trailing whitespace.
+

azure-pipelines.release.yml:93: trailing whitespace.
+          OCTOPUS_SPACE: $(OCTOPUS_SPACE)

azure-pipelines.release.yml:94: trailing whitespace.
+

azure-pipelines.release.yml:94: new blank line at EOF.
ninja@thesharp.ninja
Sharp Ninja
Sharp Ninja ninja@thesharp.ninja
