
FullName
--------
F:\GitHub\vice-sharp\native\vice\vice\src\via.h
F:\GitHub\vice-sharp\native\vice\vice\src\core\viacore.c
F:\GitHub\vice-sharp\native\vice\vice\src\core\viacore.o
F:\GitHub\vice-sharp\native\vice\vice\src\core\.deps\viacore.Po
F:\GitHub\vice-sharp\native\vice\vice\src\drive\viad.h
F:\GitHub\vice-sharp\native\vice\vice\src\drive\iec\via1d1541.c
F:\GitHub\vice-sharp\native\vice\vice\src\drive\iec\via1d1541.h
F:\GitHub\vice-sharp\native\vice\vice\src\drive\iec\via1d1541.o
F:\GitHub\vice-sharp\native\vice\vice\src\drive\iec\via4000.c
F:\GitHub\vice-sharp\native\vice\vice\src\drive\iec\via4000.h
F:\GitHub\vice-sharp\native\vice\vice\src\drive\iec\via4000.o
F:\GitHub\vice-sharp\native\vice\vice\src\drive\iec\.deps\via1d1541.Po
F:\GitHub\vice-sharp\native\vice\vice\src\drive\iec\.deps\via4000.Po
F:\GitHub\vice-sharp\native\vice\vice\src\drive\iecieee\via2d.c
F:\GitHub\vice-sharp\native\vice\vice\src\drive\iecieee\via2d.o
F:\GitHub\vice-sharp\native\vice\vice\src\drive\iecieee\.deps\via2d.Po
F:\GitHub\vice-sharp\native\vice\vice\src\drive\ieee\via1d2031.c
F:\GitHub\vice-sharp\native\vice\vice\src\drive\ieee\via1d2031.h
F:\GitHub\vice-sharp\native\vice\vice\src\drive\ieee\via1d2031.o
F:\GitHub\vice-sharp\native\vice\vice\src\drive\ieee\.deps\via1d2031.Po

