Test run for F:\GitHub\vice-sharp\tests\ViceSharp.TestHarness\bin\Release\net10.0\ViceSharp.TestHarness.dll (.NETCoreApp,Version=v10.0)
A total of 1 test files matched the specified pattern.
[xUnit.net 00:00:05.19]     ViceSharp.TestHarness.Vic20.Vic20DivergeProbe.EveryCycle_CpuRegs_Match_TwoSecondPal [FAIL]
  Failed ViceSharp.TestHarness.Vic20.Vic20DivergeProbe.EveryCycle_CpuRegs_Match_TwoSecondPal [3 s]
  Error Message:
   DIV first=540980 matchedCycles=540979 budget=2216810
c=540969 nPC=$D9B2 mPC=$D9B2 nA=$00 mA=$00 nX=$61 mX=$61 nY=$FE mY=$FE nS=$F3 mS=$F3 nP=$A0 mP=$A0 dbgCyc=3 op=$76 trail=3 nonOvlR=False nonOvlF=False dly=False stg=False irq=0 mis=False
c=540970 nPC=$D9B4 mPC=$D9B4 nA=$00 mA=$00 nX=$61 mX=$61 nY=$FE mY=$FE nS=$F3 mS=$F3 nP=$22 mP=$22 dbgCyc=2 op=$76 trail=3 nonOvlR=False nonOvlF=False dly=False stg=False irq=0 mis=False
c=540971 nPC=$D9B4 mPC=$D9B4 nA=$00 mA=$00 nX=$61 mX=$61 nY=$FE mY=$FE nS=$F3 mS=$F3 nP=$22 mP=$22 dbgCyc=1 op=$76 trail=3 nonOvlR=False nonOvlF=False dly=False stg=False irq=0 mis=False
c=540972 nPC=$D9B4 mPC=$D9B4 nA=$00 mA=$00 nX=$61 mX=$61 nY=$FE mY=$FE nS=$F3 mS=$F3 nP=$22 mP=$22 dbgCyc=0 op=$76 trail=3 nonOvlR=False nonOvlF=False dly=False stg=False irq=0 mis=False
c=540973 nPC=$D9B4 mPC=$D9B4 nA=$00 mA=$00 nX=$61 mX=$61 nY=$FE mY=$FE nS=$F3 mS=$F3 nP=$22 mP=$22 dbgCyc=5 op=$76 trail=3 nonOvlR=False nonOvlF=False dly=False stg=False irq=0 mis=False
c=540974 nPC=$D9B4 mPC=$D9B4 nA=$00 mA=$00 nX=$61 mX=$61 nY=$FE mY=$FE nS=$F3 mS=$F3 nP=$22 mP=$22 dbgCyc=4 op=$76 trail=3 nonOvlR=False nonOvlF=False dly=False stg=False irq=0 mis=False
c=540975 nPC=$D9B4 mPC=$D9B4 nA=$00 mA=$00 nX=$61 mX=$61 nY=$FE mY=$FE nS=$F3 mS=$F3 nP=$22 mP=$22 dbgCyc=3 op=$76 trail=3 nonOvlR=False nonOvlF=False dly=False stg=False irq=0 mis=False
c=540976 nPC=$D9B6 mPC=$D9B6 nA=$00 mA=$00 nX=$61 mX=$61 nY=$FE mY=$FE nS=$F3 mS=$F3 nP=$22 mP=$22 dbgCyc=2 op=$76 trail=3 nonOvlR=False nonOvlF=False dly=False stg=False irq=0 mis=False
c=540977 nPC=$D9B6 mPC=$D9B6 nA=$00 mA=$00 nX=$61 mX=$61 nY=$FE mY=$FE nS=$F3 mS=$F3 nP=$22 mP=$22 dbgCyc=1 op=$76 trail=3 nonOvlR=False nonOvlF=False dly=False stg=False irq=0 mis=False
c=540978 nPC=$D9B6 mPC=$D9B6 nA=$00 mA=$00 nX=$61 mX=$61 nY=$FE mY=$FE nS=$F3 mS=$F3 nP=$22 mP=$22 dbgCyc=0 op=$76 trail=3 nonOvlR=False nonOvlF=False dly=False stg=False irq=0 mis=False
c=540979 nPC=$D9B6 mPC=$D9B6 nA=$00 mA=$00 nX=$61 mX=$61 nY=$FE mY=$FE nS=$F3 mS=$F3 nP=$22 mP=$22 dbgCyc=1 op=$6A trail=3 nonOvlR=False nonOvlF=False dly=False stg=False irq=0 mis=False
c=540980 nPC=$D9B7 mPC=$D9B6 nA=$00 mA=$00 nX=$61 mX=$61 nY=$FE mY=$FE nS=$F3 mS=$F3 nP=$22 mP=$22 dbgCyc=0 op=$6A trail=3 nonOvlR=False nonOvlF=True dly=False stg=False irq=0 mis=True
bus: m$C1=$00 m$C2=$20 n$C1=$00 n$C2=$20 m$C3=$6D m$C4=$FD n$C3=$6D n$C4=$FD m$0314=$BF n$0314=$BF

  Stack Trace:
     at ViceSharp.TestHarness.Vic20.Vic20DivergeProbe.RunEveryCycle(Int32 budget) in F:\GitHub\vice-sharp\tests\ViceSharp.TestHarness\Vic20\Vic20DivergeProbe.cs:line 123
   at ViceSharp.TestHarness.Vic20.Vic20DivergeProbe.EveryCycle_CpuRegs_Match_TwoSecondPal() in F:\GitHub\vice-sharp\tests\ViceSharp.TestHarness\Vic20\Vic20DivergeProbe.cs:line 47
   at System.Reflection.MethodBaseInvoker.InterpretedInvoke_Method(Object obj, IntPtr* args)
   at System.Reflection.MethodBaseInvoker.InvokeWithNoArgs(Object obj, BindingFlags invokeAttr)

Failed!  - Failed:     1, Passed:     0, Skipped:     0, Total:     1, Duration: 3 s - ViceSharp.TestHarness.dll (net10.0)
2S_EXIT=1
