Test run for F:\GitHub\vice-sharp\tests\ViceSharp.TestHarness\bin\Release\net10.0\ViceSharp.TestHarness.dll (.NETCoreApp,Version=v10.0)
A total of 1 test files matched the specified pattern.
[xUnit.net 00:00:04.10]     ViceSharp.TestHarness.Vic20.Vic20DivergeProbe.EveryCycle_CpuRegs_Match_TwoSecondPal [FAIL]
  Failed ViceSharp.TestHarness.Vic20.Vic20DivergeProbe.EveryCycle_CpuRegs_Match_TwoSecondPal [2 s]
  Error Message:
   DIV first=518764 matchedCycles=518763 budget=2216810
c=518753 nPC=$E825 mPC=$E825 nA=$13 mA=$13 nX=$18 mX=$18 nY=$00 mY=$00 nS=$F2 mS=$F2 nP=$B0 mP=$B0 dbgCyc=1 op=$90 trail=0 nonOvlR=False nonOvlF=False dly=False stg=False irq=0 mis=False
c=518754 nPC=$E827 mPC=$E827 nA=$13 mA=$13 nX=$18 mX=$18 nY=$00 mY=$00 nS=$F2 mS=$F2 nP=$B0 mP=$B0 dbgCyc=0 op=$90 trail=0 nonOvlR=False nonOvlF=False dly=False stg=False irq=0 mis=False
c=518755 nPC=$E82A mPC=$E82A nA=$13 mA=$13 nX=$18 mX=$18 nY=$00 mY=$00 nS=$F2 mS=$F2 nP=$B0 mP=$B0 dbgCyc=1 op=$C9 trail=1 nonOvlR=True nonOvlF=True dly=False stg=False irq=0 mis=False
c=518756 nPC=$E82A mPC=$E82A nA=$13 mA=$13 nX=$18 mX=$18 nY=$00 mY=$00 nS=$F2 mS=$F2 nP=$B0 mP=$B0 dbgCyc=0 op=$C9 trail=1 nonOvlR=True nonOvlF=True dly=False stg=False irq=0 mis=False
c=518757 nPC=$E82C mPC=$E82C nA=$13 mA=$13 nX=$18 mX=$18 nY=$00 mY=$00 nS=$F2 mS=$F2 nP=$31 mP=$31 dbgCyc=2 op=$D0 trail=0 nonOvlR=True nonOvlF=True dly=False stg=False irq=0 mis=False
c=518758 nPC=$E82C mPC=$E82C nA=$13 mA=$13 nX=$18 mX=$18 nY=$00 mY=$00 nS=$F2 mS=$F2 nP=$31 mP=$31 dbgCyc=1 op=$D0 trail=0 nonOvlR=True nonOvlF=True dly=False stg=False irq=0 mis=False
c=518759 nPC=$E82E mPC=$E82E nA=$13 mA=$13 nX=$18 mX=$18 nY=$00 mY=$00 nS=$F2 mS=$F2 nP=$31 mP=$31 dbgCyc=0 op=$D0 trail=0 nonOvlR=True nonOvlF=True dly=False stg=False irq=0 mis=False
c=518760 nPC=$E831 mPC=$E831 nA=$13 mA=$13 nX=$18 mX=$18 nY=$00 mY=$00 nS=$F2 mS=$F2 nP=$31 mP=$31 dbgCyc=2 op=$A6 trail=1 nonOvlR=True nonOvlF=True dly=False stg=False irq=0 mis=False
c=518761 nPC=$E831 mPC=$E831 nA=$13 mA=$13 nX=$18 mX=$18 nY=$00 mY=$00 nS=$F2 mS=$F2 nP=$31 mP=$31 dbgCyc=1 op=$A6 trail=1 nonOvlR=True nonOvlF=True dly=False stg=True irq=0 mis=False
c=518762 nPC=$E831 mPC=$E831 nA=$13 mA=$13 nX=$00 mX=$00 nY=$00 mY=$00 nS=$F2 mS=$F2 nP=$31 mP=$31 dbgCyc=0 op=$A6 trail=1 nonOvlR=True nonOvlF=True dly=False stg=False irq=0 mis=False
c=518763 nPC=$E833 mPC=$E833 nA=$13 mA=$13 nX=$00 mX=$00 nY=$00 mY=$00 nS=$F2 mS=$F2 nP=$33 mP=$33 dbgCyc=1 op=$D0 trail=0 nonOvlR=True nonOvlF=True dly=False stg=False irq=0 mis=False
c=518764 nPC=$E833 mPC=$E835 nA=$13 mA=$13 nX=$00 mX=$00 nY=$00 mY=$00 nS=$F2 mS=$F2 nP=$33 mP=$33 dbgCyc=0 op=$D0 trail=0 nonOvlR=True nonOvlF=True dly=False stg=False irq=0 mis=True
bus: m$C1=$00 m$C2=$20 n$C1=$00 n$C2=$20 m$C3=$6D m$C4=$FD n$C3=$6D n$C4=$FD m$0314=$BF n$0314=$BF

  Stack Trace:
     at ViceSharp.TestHarness.Vic20.Vic20DivergeProbe.RunEveryCycle(Int32 budget) in F:\GitHub\vice-sharp\tests\ViceSharp.TestHarness\Vic20\Vic20DivergeProbe.cs:line 123
   at ViceSharp.TestHarness.Vic20.Vic20DivergeProbe.EveryCycle_CpuRegs_Match_TwoSecondPal() in F:\GitHub\vice-sharp\tests\ViceSharp.TestHarness\Vic20\Vic20DivergeProbe.cs:line 47
   at System.Reflection.MethodBaseInvoker.InterpretedInvoke_Method(Object obj, IntPtr* args)
   at System.Reflection.MethodBaseInvoker.InvokeWithNoArgs(Object obj, BindingFlags invokeAttr)

Failed!  - Failed:     1, Passed:     0, Skipped:     0, Total:     1, Duration: 2 s - ViceSharp.TestHarness.dll (net10.0)
2S_EXIT=1
