diff --git a/src/ViceSharp.Xbox/Controls/VirtualKeyboardOverlay.xaml b/src/ViceSharp.Xbox/Controls/VirtualKeyboardOverlay.xaml
index ff3f4ba..b96f4f7 100644
--- a/src/ViceSharp.Xbox/Controls/VirtualKeyboardOverlay.xaml
+++ b/src/ViceSharp.Xbox/Controls/VirtualKeyboardOverlay.xaml
@@ -12,6 +12,7 @@
     xmlns="http://schemas.microsoft.com/winfx/2006/xaml/presentation"
     xmlns:x="http://schemas.microsoft.com/winfx/2006/xaml"
     xmlns:controls="using:ViceSharp.Xbox.Controls"
+    xmlns:vm="using:ViceSharp.Xbox.ViewModels"
     RequiresPointer="Never">
     <UserControl.Resources>
         <!-- Width units -> pixels (one key unit = 52 px at 10-foot scale). -->
@@ -33,7 +34,7 @@
             </Grid.ColumnDefinitions>
 
             <!-- The five physical rows. -->
-            <ItemsControl Grid.Column="0" ItemsSource="{Binding Rows}">
+            <ItemsControl Grid.Column="0" ItemsSource="{x:Bind ViewModel.Rows, Mode=OneWay}">
                 <ItemsControl.ItemTemplate>
                     <DataTemplate>
                         <ItemsControl ItemsSource="{Binding}" HorizontalAlignment="Center">
@@ -43,7 +44,7 @@
                                 </ItemsPanelTemplate>
                             </ItemsControl.ItemsPanel>
                             <ItemsControl.ItemTemplate>
-                                <DataTemplate>
+                                <DataTemplate x:DataType="vm:VirtualKeyEntry">
                                     <!--
                                       FEAT-XKEYCAPSTYLE-001 (operator 2026-07-14: "Apply
                                       CBM button style to the virtual keyboad"): the
@@ -51,8 +52,8 @@
                                       warm brown cap, raised-key bevel).
                                     -->
                                     <Button
-                                        Content="{Binding DisplayLabel}"
-                                        Width="{Binding EffectiveWidthUnits, Converter={StaticResource KeyWidth}}"
+                                        Content="{x:Bind DisplayLabel}"
+                                        Width="{x:Bind EffectiveWidthUnits, Converter={StaticResource KeyWidth}}"
                                         Style="{StaticResource C64KeycapTileStyle}"
                                         Click="OnKeyPressed" />
                                 </DataTemplate>
@@ -63,11 +64,11 @@
             </ItemsControl>
 
             <!-- The function-key column, on the RIGHT like the physical machine. -->
-            <ItemsControl Grid.Column="1" ItemsSource="{Binding Layout.FunctionKeys}" Margin="16,0,0,0">
+            <ItemsControl Grid.Column="1" ItemsSource="{x:Bind ViewModel.Layout.FunctionKeys, Mode=OneWay}" Margin="16,0,0,0">
                 <ItemsControl.ItemTemplate>
-                    <DataTemplate>
+                    <DataTemplate x:DataType="vm:VirtualKeyEntry">
                         <Button
-                            Content="{Binding DisplayLabel}"
+                            Content="{x:Bind DisplayLabel}"
                             Width="96"
                             Style="{StaticResource C64KeycapTileStyle}"
                             Click="OnKeyPressed" />
diff --git a/src/ViceSharp.Xbox/Views/SettingsPage.xaml b/src/ViceSharp.Xbox/Views/SettingsPage.xaml
index 82f19d2..5efcae6 100644
--- a/src/ViceSharp.Xbox/Views/SettingsPage.xaml
+++ b/src/ViceSharp.Xbox/Views/SettingsPage.xaml
@@ -20,15 +20,15 @@
 
         <ScrollViewer Grid.Row="1">
             <StackPanel Spacing="16" MaxWidth="900">
-                <ComboBox Header="Computer" ItemsSource="{Binding Computers}" DisplayMemberPath="DisplayName" SelectedItem="{Binding SelectedComputer, Mode=TwoWay}" />
-                <ComboBox Header="Model" ItemsSource="{Binding Models}" DisplayMemberPath="DisplayName" SelectedItem="{Binding SelectedModel, Mode=TwoWay}" />
+                <ComboBox Header="Computer" ItemsSource="{x:Bind ViewModel.Computers, Mode=OneWay}" DisplayMemberPath="DisplayName" SelectedItem="{x:Bind ViewModel.SelectedComputer, Mode=TwoWay}" />
+                <ComboBox Header="Model" ItemsSource="{x:Bind ViewModel.Models, Mode=OneWay}" DisplayMemberPath="DisplayName" SelectedItem="{x:Bind ViewModel.SelectedModel, Mode=TwoWay}" />
                 <TextBlock Text="Restart required to change model." FontSize="18" Foreground="#FFDDAA88" />
-                <ComboBox Header="Renderer" ItemsSource="{Binding Renderers}" SelectedItem="{Binding SelectedRenderer, Mode=TwoWay}" />
-                <ComboBox Header="Display scale" ItemsSource="{Binding DisplayScales}" SelectedItem="{Binding SelectedDisplayScale, Mode=TwoWay}" />
-                <ComboBox Header="Palette" ItemsSource="{Binding Palettes}" SelectedItem="{Binding SelectedPalette, Mode=TwoWay}" />
-                <ComboBox Header="Audio" ItemsSource="{Binding AudioModes}" SelectedItem="{Binding SelectedAudioMode, Mode=TwoWay}" />
-                <Slider Header="Master volume" Minimum="0" Maximum="100" Value="{Binding MasterVolumePercent, Mode=TwoWay}" />
-                <ToggleSwitch Header="Swap joystick ports" IsOn="{Binding SwapJoystickPorts, Mode=TwoWay}" />
+                <ComboBox Header="Renderer" ItemsSource="{x:Bind ViewModel.Renderers, Mode=OneWay}" SelectedItem="{x:Bind ViewModel.SelectedRenderer, Mode=TwoWay}" />
+                <ComboBox Header="Display scale" ItemsSource="{x:Bind ViewModel.DisplayScales, Mode=OneWay}" SelectedItem="{x:Bind ViewModel.SelectedDisplayScale, Mode=TwoWay}" />
+                <ComboBox Header="Palette" ItemsSource="{x:Bind ViewModel.Palettes, Mode=OneWay}" SelectedItem="{x:Bind ViewModel.SelectedPalette, Mode=TwoWay}" />
+                <ComboBox Header="Audio" ItemsSource="{x:Bind ViewModel.AudioModes, Mode=OneWay}" SelectedItem="{x:Bind ViewModel.SelectedAudioMode, Mode=TwoWay}" />
+                <Slider Header="Master volume" Minimum="0" Maximum="100" Value="{x:Bind ViewModel.MasterVolumePercent, Mode=TwoWay}" />
+                <ToggleSwitch Header="Swap joystick ports" IsOn="{x:Bind ViewModel.SwapJoystickPorts, Mode=TwoWay}" />
                 <!--
                   FEAT-XPERFHUD-001 toggle (operator 2026-07-14): show/hide the letterbox
                   performance counters. Applies LIVE and persists immediately (head-local
@@ -36,12 +36,12 @@
                   this head, not a host session setting.
                 -->
                 <ToggleSwitch x:Name="PerfCountersToggle" Header="Performance counters" Toggled="OnPerfCountersToggled" />
-                <TextBlock Text="{Binding StatusText}" Foreground="#FFAADDAA" />
+                <TextBlock Text="{x:Bind ViewModel.StatusText, Mode=OneWay}" Foreground="#FFAADDAA" />
             </StackPanel>
         </ScrollViewer>
 
         <StackPanel Grid.Row="2" Orientation="Horizontal" HorizontalAlignment="Right">
-            <Button Content="Apply" Style="{StaticResource TenFootButtonStyle}" IsEnabled="{Binding IsDirty}" Click="OnApply" />
+            <Button Content="Apply" Style="{StaticResource TenFootButtonStyle}" IsEnabled="{x:Bind ViewModel.IsDirty, Mode=OneWay}" Click="OnApply" />
             <Button Content="Revert" Style="{StaticResource TenFootButtonStyle}" Click="OnRevert" />
             <Button Content="Back" Style="{StaticResource TenFootButtonStyle}" Click="OnBack" />
         </StackPanel>
--- pipeline ---
diff --git a/azure-pipelines.ci.yml b/azure-pipelines.ci.yml
index c6721d1..b71ba8d 100644
--- a/azure-pipelines.ci.yml
+++ b/azure-pipelines.ci.yml
@@ -40,3 +40,29 @@ stages:
             displayName: 'Run: CiTest'
             inputs:
               script: './build.cmd CiTest --skip'
+

+      - pwsh: |
+          if (-not $env:OCTOPUS_API_KEY) {
+            Write-Host 'OCTOPUS_API_KEY not set; skipping Octopus LEGION2 release'
+            exit 0
+          }
+          $url = if ($env:OCTOPUS_URL) { $env:OCTOPUS_URL.TrimEnd('/') } else { 'http://PAYTON-LEGION2:8066' }
+          $env:OCTOPUS_URL = $url
+          $env:OCTOPUS_SPACE = if ($env:OCTOPUS_SPACE) { $env:OCTOPUS_SPACE } else { 'Default' }
+          $project = 'vice-sharp'
+          $version = ('$(Build.BuildNumber)' -replace '[^0-9A-Za-z\.\-_+]', '-')
+          if ([string]::IsNullOrWhiteSpace($version)) { $version = '0.0.$(Build.BuildId)' }
+          $octo = 'C:\Program Files\Octopus CLI\octopus.exe'
+          if (-not (Test-Path $octo)) { throw "octopus CLI missing: $octo" }
+          Write-Host "Octopus $url project=$project version=$version"
+          & $octo release create --project $project --version $version --packageVersion $version --releaseNotes "ADO $(Build.DefinitionName) $(Build.SourceVersion)" --ignoreExisting --no-prompt
+          if ($LASTEXITCODE -ne 0) { throw "octopus release create failed exit $LASTEXITCODE" }
+          & $octo release deploy --project $project --version $version --deployTo Development --progress --no-prompt
+          if ($LASTEXITCODE -ne 0) { Write-Warning "octopus deploy Development exit $LASTEXITCODE (release still created)" }
+        displayName: Octopus LEGION2 release
+        condition: and(succeeded(), ne(variables['SkipOctopus'], 'true'))
+        env:
+          OCTOPUS_API_KEY: $(OCTOPUS_API_KEY)
+          OCTOPUS_URL: $(OCTOPUS_URL)
+          OCTOPUS_SPACE: $(OCTOPUS_SPACE)

+
