make: Entering directory '/f/GitHub/vice-sharp/native/vice/vice/src'
make: Leaving directory '/f/GitHub/vice-sharp/native/vice/vice/src'
F:/GitHub/vice-sharp/native/vice-shim-vic20.c: In function 'vice_shim_set_current_thread_description':
F:/GitHub/vice-sharp/native/vice-shim-vic20.c:265:30: warning: cast between incompatible function types from 'FARPROC' {aka 'long long int (*)(void)'} to 'HRESULT (*)(void *, const WCHAR *)' {aka 'long int (*)(void *, const short unsigned int *)'} [-Wcast-function-type]
  265 |     set_thread_description = (vice_shim_set_thread_description_fn)GetProcAddress(kernel32, "SetThreadDescription");
      |                              ^
Built: /f/GitHub/vice-sharp/native/vice_xvic.dll
-rwxr-xr-x 1 kingd kingd 10912499 Aug  8 02:51 /f/GitHub/vice-sharp/native/vice_xvic.dll
xvic vice_machine_step_cycle call=7 machine=000001de9e410740
xvic cycle_checkpoint: granted=1 running=1 paused=0 stop=0
xvic vice_machine_step_cycle call=8 machine=000001de9e410740
xvic cycle_checkpoint: granted=1 running=1 paused=0 stop=0
xvic vice_machine_step_cycle call=9 machine=000001de9e410740
xvic cycle_checkpoint: granted=1 running=1 paused=0 stop=0
xvic vice_machine_step_cycle call=10 machine=000001de9e410740
xvic cycle_checkpoint: granted=1 running=1 paused=0 stop=0
xvic vice_machine_step_cycle call=11 machine=000001de9e410740
xvic cycle_checkpoint: granted=1 running=1 paused=0 stop=0
xvic vice_machine_step_cycle call=12 machine=000001de9e410740
xvic cycle_checkpoint: granted=1 running=1 paused=0 stop=0
xvic vice_machine_step_cycle call=13 machine=000001de9e410740
xvic cycle_checkpoint: granted=1 running=1 paused=0 stop=0
xvic vice_machine_step_cycle call=14 machine=000001de9e410740
xvic cycle_checkpoint: granted=1 running=1 paused=0 stop=0
xvic vice_machine_step_cycle call=15 machine=000001de9e410740
xvic cycle_checkpoint: granted=1 running=1 paused=0 stop=0
xvic vice_machine_step_cycle call=16 machine=000001de9e410740
xvic cycle_checkpoint: granted=1 running=1 paused=0 stop=0
xvic vice_machine_create call=2 model=vic20
xvic vice_machine_reset call=2 machine=000001de9e410980
  Passed ViceSharp.TestHarness.Vic20.Vic20VideoLockstep.EveryCycle_VicI_VideoState_Match_2k [757 ms]
[xUnit.net 00:00:05.16]   Finished:    ViceSharp.TestHarness (ID = 'ab71db7394e73a1adc1130e42fc74f059e0e20545bf7641bf1047ee89aadf982')
  Passed ViceSharp.TestHarness.Vic20.Vic20VideoLockstep.EveryCycle_VicI_VideoState_Match_FocusedWindow [1 s]

Test Run Successful.
Total tests: 2
     Passed: 2
 Total time: 5.7660 Seconds
EXIT=0
