Test run for F:\GitHub\vice-sharp\tests\ViceSharp.TestHarness\bin\Release\net10.0\ViceSharp.TestHarness.dll (.NETCoreApp,Version=v10.0)
A total of 1 test files matched the specified pattern.
[xUnit.net 00:00:04.31]     ViceSharp.TestHarness.Vic20.Vic20DivergeProbe.EveryCycle_CpuRegs_Match_TwoSecondPal [FAIL]
  Failed ViceSharp.TestHarness.Vic20.Vic20DivergeProbe.EveryCycle_CpuRegs_Match_TwoSecondPal [2 s]
  Error Message:
   DIV first=559205 matchedCycles=559204 budget=2216810
c=559194 nPC=$E5E8 mPC=$E5E8 nA=$00 mA=$00 nX=$00 mX=$00 nY=$0A mY=$0A nS=$F3 mS=$F3 nP=$32 mP=$32 dbgCyc=2 op=$A5 trail=2 nonOvlR=True nonOvlF=True dly=False stg=False irq=0 mis=False
c=559195 nPC=$E5E8 mPC=$E5E8 nA=$00 mA=$00 nX=$00 mX=$00 nY=$0A mY=$0A nS=$F3 mS=$F3 nP=$32 mP=$32 dbgCyc=1 op=$A5 trail=2 nonOvlR=True nonOvlF=True dly=False stg=True irq=0 mis=False
c=559196 nPC=$E5EA mPC=$E5EA nA=$00 mA=$00 nX=$00 mX=$00 nY=$0A mY=$0A nS=$F3 mS=$F3 nP=$32 mP=$32 dbgCyc=0 op=$A5 trail=2 nonOvlR=True nonOvlF=True dly=False stg=False irq=0 mis=False
c=559197 nPC=$E5EA mPC=$E5EA nA=$00 mA=$00 nX=$00 mX=$00 nY=$0A mY=$0A nS=$F3 mS=$F3 nP=$32 mP=$32 dbgCyc=2 op=$85 trail=1 nonOvlR=True nonOvlF=True dly=False stg=False irq=0 mis=False
c=559198 nPC=$E5EC mPC=$E5EC nA=$00 mA=$00 nX=$00 mX=$00 nY=$0A mY=$0A nS=$F3 mS=$F3 nP=$32 mP=$32 dbgCyc=1 op=$85 trail=1 nonOvlR=True nonOvlF=True dly=False stg=True irq=0 mis=False
c=559199 nPC=$E5EC mPC=$E5EC nA=$00 mA=$00 nX=$00 mX=$00 nY=$0A mY=$0A nS=$F3 mS=$F3 nP=$32 mP=$32 dbgCyc=0 op=$85 trail=1 nonOvlR=True nonOvlF=True dly=False stg=False irq=0 mis=False
c=559200 nPC=$E5EC mPC=$E5EC nA=$00 mA=$00 nX=$00 mX=$00 nY=$0A mY=$0A nS=$F3 mS=$F3 nP=$32 mP=$32 dbgCyc=3 op=$8D trail=2 nonOvlR=True nonOvlF=True dly=False stg=False irq=0 mis=False
c=559201 nPC=$E5EC mPC=$E5EC nA=$00 mA=$00 nX=$00 mX=$00 nY=$0A mY=$0A nS=$F3 mS=$F3 nP=$32 mP=$32 dbgCyc=2 op=$8D trail=2 nonOvlR=True nonOvlF=True dly=False stg=False irq=0 mis=False
c=559202 nPC=$E5EF mPC=$E5EF nA=$00 mA=$00 nX=$00 mX=$00 nY=$0A mY=$0A nS=$F3 mS=$F3 nP=$32 mP=$32 dbgCyc=1 op=$8D trail=2 nonOvlR=True nonOvlF=True dly=False stg=True irq=0 mis=False
c=559203 nPC=$E5EF mPC=$E5EF nA=$00 mA=$00 nX=$00 mX=$00 nY=$0A mY=$0A nS=$F3 mS=$F3 nP=$32 mP=$32 dbgCyc=0 op=$8D trail=2 nonOvlR=True nonOvlF=True dly=False stg=False irq=6 mis=False
c=559204 nPC=$E5EF mPC=$E5EF nA=$00 mA=$00 nX=$00 mX=$00 nY=$0A mY=$0A nS=$F3 mS=$F3 nP=$32 mP=$32 dbgCyc=0 op=$8D trail=2 nonOvlR=True nonOvlF=True dly=False stg=False irq=5 mis=False
c=559205 nPC=$E5F1 mPC=$E5EF nA=$00 mA=$00 nX=$00 mX=$00 nY=$0A mY=$0A nS=$F3 mS=$F2 nP=$32 mP=$22 dbgCyc=0 op=$8D trail=2 nonOvlR=True nonOvlF=True dly=False stg=False irq=4 mis=True
bus: m$C1=$00 m$C2=$20 n$C1=$00 n$C2=$20 m$C3=$6D m$C4=$FD n$C3=$6D n$C4=$FD m$0314=$BF n$0314=$BF opAddr=$E5EC abs=$0292 m[$0292]=$00 n[$0292]=$00

  Stack Trace:
     at ViceSharp.TestHarness.Vic20.Vic20DivergeProbe.RunEveryCycle(Int32 budget) in F:\GitHub\vice-sharp\tests\ViceSharp.TestHarness\Vic20\Vic20DivergeProbe.cs:line 123
   at ViceSharp.TestHarness.Vic20.Vic20DivergeProbe.EveryCycle_CpuRegs_Match_TwoSecondPal() in F:\GitHub\vice-sharp\tests\ViceSharp.TestHarness\Vic20\Vic20DivergeProbe.cs:line 47
   at System.Reflection.MethodBaseInvoker.InterpretedInvoke_Method(Object obj, IntPtr* args)
   at System.Reflection.MethodBaseInvoker.InvokeWithNoArgs(Object obj, BindingFlags invokeAttr)

Failed!  - Failed:     1, Passed:     0, Skipped:     0, Total:     1, Duration: 2 s - ViceSharp.TestHarness.dll (net10.0)
2S_EXIT=1

docs\2s-sta-load-2026-08-06.log:6:   DIV first=559205 matchedCycles=559204 budget=2216810
docs\2s-sta-load-2026-08-06.log:27:Failed!  - Failed:     1, Passed:     0, Skipped:     0, Total:     1, Duration: 2 
s - ViceSharp.TestHarness.dll (net10.0)

