Test run for F:\GitHub\vice-sharp\tests\ViceSharp.TestHarness\bin\Release\net10.0\ViceSharp.TestHarness.dll (.NETCoreApp,Version=v10.0)
A total of 1 test files matched the specified pattern.
[xUnit.net 00:00:04.19]     ViceSharp.TestHarness.Vic20.Vic20DivergeProbe.EveryCycle_CpuRegs_Match_TwoSecondPal [FAIL]
  Failed ViceSharp.TestHarness.Vic20.Vic20DivergeProbe.EveryCycle_CpuRegs_Match_TwoSecondPal [2 s]
  Error Message:
   DIV first=541125 matchedCycles=541124 budget=2216810
c=541114 nPC=$D942 mPC=$D942 nA=$17 mA=$17 nX=$61 mX=$61 nY=$00 mY=$00 nS=$F5 mS=$F5 nP=$22 mP=$22 dbgCyc=3 op=$66 trail=2 nonOvlR=True nonOvlF=True dly=False stg=False irq=0 mis=False
c=541115 nPC=$D942 mPC=$D942 nA=$17 mA=$17 nX=$61 mX=$61 nY=$00 mY=$00 nS=$F5 mS=$F5 nP=$22 mP=$22 dbgCyc=2 op=$66 trail=2 nonOvlR=True nonOvlF=True dly=False stg=False irq=0 mis=False
c=541116 nPC=$D944 mPC=$D944 nA=$17 mA=$17 nX=$61 mX=$61 nY=$00 mY=$00 nS=$F5 mS=$F5 nP=$22 mP=$22 dbgCyc=1 op=$66 trail=2 nonOvlR=True nonOvlF=True dly=False stg=False irq=0 mis=False
c=541117 nPC=$D944 mPC=$D944 nA=$17 mA=$17 nX=$61 mX=$61 nY=$00 mY=$00 nS=$F5 mS=$F5 nP=$22 mP=$22 dbgCyc=0 op=$66 trail=2 nonOvlR=True nonOvlF=True dly=False stg=False irq=0 mis=False
c=541118 nPC=$D944 mPC=$D944 nA=$17 mA=$17 nX=$61 mX=$61 nY=$00 mY=$00 nS=$F5 mS=$F5 nP=$22 mP=$22 dbgCyc=4 op=$66 trail=2 nonOvlR=True nonOvlF=True dly=False stg=False irq=0 mis=False
c=541119 nPC=$D944 mPC=$D944 nA=$17 mA=$17 nX=$61 mX=$61 nY=$00 mY=$00 nS=$F5 mS=$F5 nP=$22 mP=$22 dbgCyc=3 op=$66 trail=2 nonOvlR=True nonOvlF=True dly=False stg=False irq=0 mis=False
c=541120 nPC=$D944 mPC=$D944 nA=$17 mA=$17 nX=$61 mX=$61 nY=$00 mY=$00 nS=$F5 mS=$F5 nP=$22 mP=$22 dbgCyc=2 op=$66 trail=2 nonOvlR=True nonOvlF=True dly=False stg=False irq=0 mis=False
c=541121 nPC=$D946 mPC=$D946 nA=$17 mA=$17 nX=$61 mX=$61 nY=$00 mY=$00 nS=$F5 mS=$F5 nP=$22 mP=$22 dbgCyc=1 op=$66 trail=2 nonOvlR=True nonOvlF=True dly=False stg=False irq=0 mis=False
c=541122 nPC=$D946 mPC=$D946 nA=$17 mA=$17 nX=$61 mX=$61 nY=$00 mY=$00 nS=$F5 mS=$F5 nP=$22 mP=$22 dbgCyc=0 op=$66 trail=2 nonOvlR=True nonOvlF=True dly=False stg=False irq=0 mis=False
c=541123 nPC=$D946 mPC=$D946 nA=$17 mA=$17 nX=$61 mX=$61 nY=$00 mY=$00 nS=$F5 mS=$F5 nP=$22 mP=$22 dbgCyc=5 op=$60 trail=2 nonOvlR=True nonOvlF=True dly=False stg=False irq=0 mis=False
c=541124 nPC=$D946 mPC=$D946 nA=$17 mA=$17 nX=$61 mX=$61 nY=$00 mY=$00 nS=$F5 mS=$F5 nP=$22 mP=$22 dbgCyc=4 op=$60 trail=2 nonOvlR=True nonOvlF=True dly=False stg=False irq=0 mis=False
c=541125 nPC=$D946 mPC=$D946 nA=$17 mA=$17 nX=$61 mX=$61 nY=$00 mY=$00 nS=$F5 mS=$F6 nP=$22 mP=$22 dbgCyc=3 op=$60 trail=2 nonOvlR=True nonOvlF=True dly=False stg=False irq=0 mis=True
bus: m$C1=$00 m$C2=$20 n$C1=$00 n$C2=$20 m$C3=$6D m$C4=$FD n$C3=$6D n$C4=$FD m$0314=$BF n$0314=$BF

  Stack Trace:
     at ViceSharp.TestHarness.Vic20.Vic20DivergeProbe.RunEveryCycle(Int32 budget) in F:\GitHub\vice-sharp\tests\ViceSharp.TestHarness\Vic20\Vic20DivergeProbe.cs:line 123
   at ViceSharp.TestHarness.Vic20.Vic20DivergeProbe.EveryCycle_CpuRegs_Match_TwoSecondPal() in F:\GitHub\vice-sharp\tests\ViceSharp.TestHarness\Vic20\Vic20DivergeProbe.cs:line 47
   at System.Reflection.MethodBaseInvoker.InterpretedInvoke_Method(Object obj, IntPtr* args)
   at System.Reflection.MethodBaseInvoker.InvokeWithNoArgs(Object obj, BindingFlags invokeAttr)

Failed!  - Failed:     1, Passed:     0, Skipped:     0, Total:     1, Duration: 2 s - ViceSharp.TestHarness.dll (net10.0)
EXIT=1
