 src/ViceSharp.Chips/Cpu/Mos6502.cs        | 1807 [32m+++++++++++++++++++++++++++[m[31m--[m
 src/ViceSharp.Core/ArchitectureBuilder.cs |   35 [32m+[m[31m-[m
 src/ViceSharp.Core/SystemClock.cs         |   68 [32m+[m[31m-[m
 3 files changed, 1835 insertions(+), 75 deletions(-)

docs\ntsc-bit-dump.txt:1:DUMP c=521023 nA=$F7 mA=$F7 nP=$A5 mP=$A5 mRast=185 nRast=185 mCyc=54 nCyc=54 mFetch=4 
nFetch=4 m$9124=$C1 n$9124=$C2 m$9125=$41 n$9125=$41 m$912B=$40 n$912B=$40 m$912D=$C0 n$912D=$40 m$912E=$C0 n$912E=$C0 
mis=False
docs\ntsc-bit-dump.txt:2:DUMP c=521024 nA=$F7 mA=$F7 nP=$A5 mP=$A5 mRast=185 nRast=185 mCyc=55 nCyc=55 mFetch=4 
nFetch=4 m$9124=$C0 n$9124=$C1 m$9125=$41 n$9125=$41 m$912B=$40 n$912B=$40 m$912D=$C0 n$912D=$40 m$912E=$C0 n$912E=$C0 
mis=False
docs\ntsc-bit-dump.txt:3:DUMP c=521025 nA=$F7 mA=$F7 nP=$A5 mP=$A5 mRast=185 nRast=185 mCyc=56 nCyc=56 mFetch=4 
nFetch=4 m$9124=$BF n$9124=$C0 m$9125=$41 n$9125=$41 m$912B=$40 n$912B=$40 m$912D=$C0 n$912D=$40 m$912E=$C0 n$912E=$C0 
mis=False
docs\ntsc-bit-dump.txt:4:DUMP c=521026 nA=$F7 mA=$F7 nP=$A5 mP=$A5 mRast=185 nRast=185 mCyc=57 nCyc=57 mFetch=4 
nFetch=4 m$9124=$BE n$9124=$BF m$9125=$41 n$9125=$41 m$912B=$40 n$912B=$40 m$912D=$00 n$912D=$00 m$912E=$C0 n$912E=$C0 
mis=False
docs\ntsc-bit-dump.txt:5:DUMP c=521027 nA=$F7 mA=$F7 nP=$E5 mP=$A5 mRast=185 nRast=185 mCyc=58 nCyc=58 mFetch=4 
nFetch=4 m$9124=$BD n$9124=$BE m$9125=$41 n$9125=$41 m$912B=$40 n$912B=$40 m$912D=$00 n$912D=$00 m$912E=$C0 n$912E=$C0 
mis=True
docs\receipts-lockstep-10s-ntsc-2026-08-06.txt:33:After RTS; BIT $9124 (VIA2 T1 low); PLA starts.
docs\receipts-lockstep-10s-ntsc-2026-08-06.txt:35:  m$9124=n$9124=$BE (same counter on dump)

