F:\GitHub\vice-sharp\src\ViceSharp.Xbox\Views\LibraryPage.xaml.cs:23:public sealed partial class LibraryPage : Page
F:\GitHub\vice-sharp\src\ViceSharp.Xbox\Views\LibraryPage.xaml.cs:30:    public LibraryPage() => InitializeComponent();
F:\GitHub\vice-sharp\src\ViceSharp.Xbox\RomM\GameDetailsRequest.cs:5:/// PLAN-ROMM-001 (AC-XUI-05). The parameter LibraryPage passes to GameDetailsPage via

  It slides in with the keyboard's edge transition. Buttons use the app-level C64 keycap
  style (Styles/C64Keycaps.xaml). Menu actions: Close Menu is the FIRST button and takes
  reset) is the LAST button. Inert on the net10.0 fallback.
                  button and receives focus on every menu open, so a single press of A
                <Button
                    x:Name="CloseMenuButton"
                    Style="{StaticResource C64KeyButtonStyle}"
                <Button
                    Style="{StaticResource C64KeyButtonStyle}"
                <Button
                    Style="{StaticResource C64KeyButtonStyle}"
                <Button
                    Content="Library"
                    Style="{StaticResource C64KeyButtonStyle}"
                    Click="OnLibrary" />
                <Button
                    Style="{StaticResource C64KeyButtonStyle}"
                <Button
                    Style="{StaticResource C64KeyButtonStyle}"
                <Button
                    Style="{StaticResource C64KeyButtonStyle}"
                <Button
                    Style="{StaticResource C64KeyButtonStyle}"
                <Button
                    Style="{StaticResource C64KeyButtonStyle}"
                <Button
                    Style="{StaticResource C64KeyButtonStyle}"
                <Button
                    Style="{StaticResource C64KeyButtonStyle}"
using Windows.UI.Xaml.Controls;
using Windows.UI.Xaml.Navigation;
/// <summary>The launch page. Its buttons raise the HomeViewModel intents and push pages.</summary>
        // InitializeComponent, so ViewModel must be assigned BEFORE it.
        DataContext = ViewModel;
        InitializeComponent();
        // pass, so re-assert once the tree is live.
    /// <summary>The bound view-model. Assigned before InitializeComponent for {x:Bind}.</summary>
    /// focus to the 'Close Menu' button"): programmatic focus on the TOP button so a
    /// single press of A dismisses. Called on navigation here and by App.ShowMenu for
    /// re-shows that only flip the Frame's visibility.
    internal void FocusCloseMenu() => CloseMenuButton.Focus(FocusState.Programmatic);
    protected override void OnNavigatedTo(NavigationEventArgs e)
        base.OnNavigatedTo(e);
    // Menu redesign (operator 2026-07-14): RESTART (cold reset, the last button) reuses
    // the StartNew intent; RESUME is gone (dismissing the menu resumes the paused machine).
    private void OnRestart(object sender, RoutedEventArgs e) => ViewModel.StartNew();
    // holding paused. Fire-and-forget: the App methods log, guard, and dismiss on success.
    private void OnSave(object sender, RoutedEventArgs e) => _ = App.Instance.SaveSnapshotAsync();
    private void OnLoad(object sender, RoutedEventArgs e) => _ = App.Instance.LoadSnapshotAsync();
    // panel now, so clicks left of it land on the emulator view.
    private void OnCloseMenu(object sender, RoutedEventArgs e) => App.Instance.DismissMenu();
    // PLAN-ROMM-001 (AC-XUI-01): open the RomM game library.
    private void OnLibrary(object sender, RoutedEventArgs e) => Push(NavigationDestination.Library, 
typeof(LibraryPage));
    // PLAN-ROMM-001 X4 (FR-CSDB-001): open the CSDb discovery page.
    private void OnCsdb(object sender, RoutedEventArgs e) => Push(NavigationDestination.Csdb, typeof(CsdbPage));
    // PLAN-ROMM-001 X3 (AC-XUI-06): open the RomM list-management page.
    private void OnLists(object sender, RoutedEventArgs e) => Push(NavigationDestination.Lists, typeof(ListsPage));
    private void OnSettings(object sender, RoutedEventArgs e) => Push(NavigationDestination.Settings, 
typeof(SettingsPage));
    private void OnDevices(object sender, RoutedEventArgs e) => Push(NavigationDestination.DeviceSetup, 
typeof(DeviceSetupPage));
    private void OnControls(object sender, RoutedEventArgs e) => Push(NavigationDestination.InputMapping, 
typeof(InputMappingPage));
    private void OnAbout(object sender, RoutedEventArgs e)
        Push(NavigationDestination.About, typeof(AboutPage));
    private void Push(NavigationDestination destination, System.Type page)
        App.Instance.Navigation.Push(destination);

