Test run for F:\GitHub\vice-sharp\tests\ViceSharp.TestHarness\bin\Release\net10.0\ViceSharp.TestHarness.dll (.NETCoreApp,Version=v10.0)
A total of 1 test files matched the specified pattern.
[xUnit.net 00:00:04.83]     ViceSharp.TestHarness.Vic20.Vic20DivergeProbe.EveryCycle_CpuRegs_Match_TwoSecondPal [FAIL]
  Failed ViceSharp.TestHarness.Vic20.Vic20DivergeProbe.EveryCycle_CpuRegs_Match_TwoSecondPal [2 s]
  Error Message:
   DIV first=543280 matchedCycles=543279 budget=2216810
c=543269 nPC=$D9A1 mPC=$D9A1 nA=$FB mA=$FB nX=$69 mX=$69 nY=$00 mY=$00 nS=$F5 mS=$F5 nP=$A0 mP=$A0 dbgCyc=0 op=$E9 trail=1 nonOvlR=False nonOvlF=False dly=False stg=False irq=0 mis=False
c=543270 nPC=$D9A1 mPC=$D9A1 nA=$FB mA=$FB nX=$69 mX=$69 nY=$00 mY=$00 nS=$F5 mS=$F5 nP=$A0 mP=$A0 dbgCyc=1 op=$A8 trail=1 nonOvlR=False nonOvlF=False dly=False stg=False irq=0 mis=False
c=543271 nPC=$D9A2 mPC=$D9A2 nA=$FB mA=$FB nX=$69 mX=$69 nY=$FB mY=$FB nS=$F5 mS=$F5 nP=$A0 mP=$A0 dbgCyc=0 op=$A8 trail=1 nonOvlR=False nonOvlF=False dly=False stg=False irq=0 mis=False
c=543272 nPC=$D9A2 mPC=$D9A2 nA=$FB mA=$FB nX=$69 mX=$69 nY=$FB mY=$FB nS=$F5 mS=$F5 nP=$A0 mP=$A0 dbgCyc=2 op=$A5 trail=0 nonOvlR=False nonOvlF=False dly=False stg=False irq=0 mis=False
c=543273 nPC=$D9A2 mPC=$D9A2 nA=$00 mA=$00 nX=$69 mX=$69 nY=$FB mY=$FB nS=$F5 mS=$F5 nP=$A0 mP=$A0 dbgCyc=1 op=$A5 trail=0 nonOvlR=False nonOvlF=False dly=False stg=True irq=0 mis=False
c=543274 nPC=$D9A4 mPC=$D9A4 nA=$00 mA=$00 nX=$69 mX=$69 nY=$FB mY=$FB nS=$F5 mS=$F5 nP=$22 mP=$22 dbgCyc=0 op=$A5 trail=0 nonOvlR=False nonOvlF=False dly=False stg=False irq=0 mis=False
c=543275 nPC=$D9A4 mPC=$D9A4 nA=$00 mA=$00 nX=$69 mX=$69 nY=$FB mY=$FB nS=$F5 mS=$F5 nP=$22 mP=$22 dbgCyc=1 op=$B0 trail=1 nonOvlR=False nonOvlF=False dly=False stg=False irq=0 mis=False
c=543276 nPC=$D9A6 mPC=$D9A6 nA=$00 mA=$00 nX=$69 mX=$69 nY=$FB mY=$FB nS=$F5 mS=$F5 nP=$22 mP=$22 dbgCyc=0 op=$B0 trail=1 nonOvlR=False nonOvlF=False dly=False stg=False irq=0 mis=False
c=543277 nPC=$D9A6 mPC=$D9A6 nA=$00 mA=$00 nX=$69 mX=$69 nY=$FB mY=$FB nS=$F5 mS=$F5 nP=$22 mP=$22 dbgCyc=5 op=$16 trail=1 nonOvlR=False nonOvlF=False dly=False stg=False irq=0 mis=False
c=543278 nPC=$D9A6 mPC=$D9A6 nA=$00 mA=$00 nX=$69 mX=$69 nY=$FB mY=$FB nS=$F5 mS=$F5 nP=$22 mP=$22 dbgCyc=4 op=$16 trail=1 nonOvlR=False nonOvlF=False dly=False stg=False irq=0 mis=False
c=543279 nPC=$D9A6 mPC=$D9A6 nA=$00 mA=$00 nX=$69 mX=$69 nY=$FB mY=$FB nS=$F5 mS=$F5 nP=$22 mP=$22 dbgCyc=3 op=$16 trail=1 nonOvlR=False nonOvlF=False dly=False stg=False irq=0 mis=False
c=543280 nPC=$D9A8 mPC=$D9A6 nA=$00 mA=$00 nX=$69 mX=$69 nY=$FB mY=$FB nS=$F5 mS=$F5 nP=$22 mP=$22 dbgCyc=2 op=$16 trail=1 nonOvlR=False nonOvlF=False dly=False stg=False irq=0 mis=True
bus: m$C1=$00 m$C2=$20 n$C1=$00 n$C2=$20 m$C3=$6D m$C4=$FD n$C3=$6D n$C4=$FD m$0314=$BF n$0314=$BF

  Stack Trace:
     at ViceSharp.TestHarness.Vic20.Vic20DivergeProbe.RunEveryCycle(Int32 budget) in F:\GitHub\vice-sharp\tests\ViceSharp.TestHarness\Vic20\Vic20DivergeProbe.cs:line 123
   at ViceSharp.TestHarness.Vic20.Vic20DivergeProbe.EveryCycle_CpuRegs_Match_TwoSecondPal() in F:\GitHub\vice-sharp\tests\ViceSharp.TestHarness\Vic20\Vic20DivergeProbe.cs:line 47
   at System.Reflection.MethodBaseInvoker.InterpretedInvoke_Method(Object obj, IntPtr* args)
   at System.Reflection.MethodBaseInvoker.InvokeWithNoArgs(Object obj, BindingFlags invokeAttr)

Failed!  - Failed:     1, Passed:     0, Skipped:     0, Total:     1, Duration: 2 s - ViceSharp.TestHarness.dll (net10.0)
2S_EXIT=1
