Test run for F:\GitHub\vice-sharp\tests\ViceSharp.TestHarness\bin\Release\net10.0\ViceSharp.TestHarness.dll (.NETCoreApp,Version=v10.0)
A total of 1 test files matched the specified pattern.
[xUnit.net 00:00:04.19]     ViceSharp.TestHarness.Vic20.Vic20DivergeProbe.EveryCycle_CpuRegs_Match_TwoSecondPal [FAIL]
  Failed ViceSharp.TestHarness.Vic20.Vic20DivergeProbe.EveryCycle_CpuRegs_Match_TwoSecondPal [2 s]
  Error Message:
   DIV first=541157 matchedCycles=541156 budget=2216810
c=541146 nPC=$DE26 mPC=$DE26 nA=$17 mA=$17 nX=$61 mX=$61 nY=$00 mY=$00 nS=$F9 mS=$F9 nP=$A0 mP=$A0 dbgCyc=1 op=$C6 trail=7 nonOvlR=False nonOvlF=False dly=False stg=True irq=0 mis=False
c=541147 nPC=$DE26 mPC=$DE26 nA=$17 mA=$17 nX=$61 mX=$61 nY=$00 mY=$00 nS=$F9 mS=$F9 nP=$A0 mP=$A0 dbgCyc=0 op=$C6 trail=7 nonOvlR=False nonOvlF=False dly=False stg=False irq=0 mis=False
c=541148 nPC=$DE26 mPC=$DE26 nA=$17 mA=$17 nX=$61 mX=$61 nY=$00 mY=$00 nS=$F9 mS=$F9 nP=$A0 mP=$A0 dbgCyc=1 op=$D0 trail=3 nonOvlR=False nonOvlF=False dly=False stg=False irq=0 mis=False
c=541149 nPC=$DE28 mPC=$DE28 nA=$17 mA=$17 nX=$61 mX=$61 nY=$00 mY=$00 nS=$F9 mS=$F9 nP=$A0 mP=$A0 dbgCyc=0 op=$D0 trail=3 nonOvlR=False nonOvlF=False dly=False stg=False irq=0 mis=False
c=541150 nPC=$DE16 mPC=$DE16 nA=$17 mA=$17 nX=$61 mX=$61 nY=$00 mY=$00 nS=$F9 mS=$F9 nP=$A0 mP=$A0 dbgCyc=1 op=$A9 trail=1 nonOvlR=False nonOvlF=False dly=False stg=False irq=0 mis=False
c=541151 nPC=$DE16 mPC=$DE16 nA=$17 mA=$17 nX=$61 mX=$61 nY=$00 mY=$00 nS=$F9 mS=$F9 nP=$A0 mP=$A0 dbgCyc=0 op=$A9 trail=1 nonOvlR=False nonOvlF=False dly=False stg=False irq=0 mis=False
c=541152 nPC=$DE18 mPC=$DE18 nA=$B3 mA=$B3 nX=$61 mX=$61 nY=$00 mY=$00 nS=$F9 mS=$F9 nP=$A0 mP=$A0 dbgCyc=0 op=$A9 trail=1 nonOvlR=False nonOvlF=False dly=False stg=False irq=0 mis=False
c=541153 nPC=$DE18 mPC=$DE18 nA=$B3 mA=$B3 nX=$61 mX=$61 nY=$00 mY=$00 nS=$F9 mS=$F9 nP=$A0 mP=$A0 dbgCyc=1 op=$A0 trail=1 nonOvlR=False nonOvlF=False dly=False stg=False irq=0 mis=False
c=541154 nPC=$DE1A mPC=$DE1A nA=$B3 mA=$B3 nX=$61 mX=$61 nY=$DD mY=$DD nS=$F9 mS=$F9 nP=$A0 mP=$A0 dbgCyc=0 op=$A0 trail=1 nonOvlR=False nonOvlF=False dly=False stg=False irq=0 mis=False
c=541155 nPC=$DE1A mPC=$DE1A nA=$B3 mA=$B3 nX=$61 mX=$61 nY=$DD mY=$DD nS=$F9 mS=$F9 nP=$A0 mP=$A0 dbgCyc=5 op=$20 trail=1 nonOvlR=True nonOvlF=True dly=False stg=False irq=0 mis=False
c=541156 nPC=$DE1A mPC=$DE1A nA=$B3 mA=$B3 nX=$61 mX=$61 nY=$DD mY=$DD nS=$F9 mS=$F9 nP=$A0 mP=$A0 dbgCyc=4 op=$20 trail=1 nonOvlR=True nonOvlF=True dly=False stg=False irq=0 mis=False
c=541157 nPC=$DE1C mPC=$DE1A nA=$B3 mA=$B3 nX=$61 mX=$61 nY=$DD mY=$DD nS=$F8 mS=$F9 nP=$A0 mP=$A0 dbgCyc=3 op=$20 trail=1 nonOvlR=True nonOvlF=True dly=False stg=False irq=0 mis=True
bus: m$C1=$00 m$C2=$20 n$C1=$00 n$C2=$20 m$C3=$6D m$C4=$FD n$C3=$6D n$C4=$FD m$0314=$BF n$0314=$BF

  Stack Trace:
     at ViceSharp.TestHarness.Vic20.Vic20DivergeProbe.RunEveryCycle(Int32 budget) in F:\GitHub\vice-sharp\tests\ViceSharp.TestHarness\Vic20\Vic20DivergeProbe.cs:line 123
   at ViceSharp.TestHarness.Vic20.Vic20DivergeProbe.EveryCycle_CpuRegs_Match_TwoSecondPal() in F:\GitHub\vice-sharp\tests\ViceSharp.TestHarness\Vic20\Vic20DivergeProbe.cs:line 47
   at System.Reflection.MethodBaseInvoker.InterpretedInvoke_Method(Object obj, IntPtr* args)
   at System.Reflection.MethodBaseInvoker.InvokeWithNoArgs(Object obj, BindingFlags invokeAttr)

Failed!  - Failed:     1, Passed:     0, Skipped:     0, Total:     1, Duration: 2 s - ViceSharp.TestHarness.dll (net10.0)
2S_EXIT=1
