
[xUnit.net 00:00:02.41]       first=5005
c4998: nPC=$FDE0 mPC=$FDE0 nP=$26 mP=$26 mis=False
[xUnit.net 00:00:02.41]       c4999: nPC=$FDAF mPC=$FDAF nP=$26 mP=$26 mis=False
[xUnit.net 00:00:02.41]       c5000: nPC=$FDAF mPC=$FDAF nP=$26 mP=$26 mis=False
[xUnit.net 00:00:02.41]       c5001: nPC=$FDAF mPC=$FDAF nP=$26 mP=$26 mis=False
[xUnit.net 00:00:02.41]       c5002: nPC=$FDB1 mPC=$FDB1 nP=$24 mP=$24 mis=False
[xUnit.net 00:00:02.41]       c5003: nPC=$FDB1 mPC=$FDB1 nP=$24 mP=$24 mis=False
[xUnit.net 00:00:02.41]       c5004: nPC=$FDB1 mPC=$FDB1 nP=$24 mP=$24 mis=False
[xUnit.net 00:00:02.41]       c5005: nPC=$FDB1 mPC=$FDB3 nP=$24 mP=$24 mis=True
[xUnit.net 00:00:02.41]       c5006: nPC=$FDB3 mPC=$FDB5 nP=$24 mP=$24 mis=True
[xUnit.net 00:00:02.41]       c5007: nPC=$FDB5 mPC=$FDB5 nP=$24 mP=$24 mis=False
[xUnit.net 00:00:02.41]       c5008: nPC=$FDB5 mPC=$FDB5 nP=$24 mP=$24 mis=False
[xUnit.net 00:00:02.41]       c5009: nPC=$FDB5 mPC=$FDB7 nP=$24 mP=$24 mis=True
[xUnit.net 00:00:02.41]       c5010: nPC=$FDB7 mPC=$FDB7 nP=$24 mP=$24 mis=True
[xUnit.net 00:00:02.41]       c5011: nPC=$FDB7 mPC=$FDB7 nP=$24 mP=$24 mis=False
[xUnit.net 00:00:02.41]       c5012: nPC=$FDB7 mPC=$FE91 nP=$24 mP=$24 mis=True
[xUnit.net 00:00:02.41]       c5013: nPC=$FE91 mPC=$FE91 nP=$24 mP=$24 mis=False
[xUnit.net 00:00:02.41]       c5014: nPC=$FE91 mPC=$FE91 nP=$24 mP=$24 mis=False
[xUnit.net 00:00:02.41]       c5015: nPC=$FE91 mPC=$FE91 nP=$24 mP=$24 mis=False
[xUnit.net 00:00:02.41]       c5016: nPC=$FE91 mPC=$FE91 nP=$24 mP=$24 mis=True
[xUnit.net 00:00:02.41]       c5017: nPC=$FE91 mPC=$FE93 nP=$24 mP=$24 mis=True
[xUnit.net 00:00:02.41]       c5018: nPC=$FE93 mPC=$FE93 nP=$24 mP=$24 mis=False
[xUnit.net 00:00:02.41]       c5019: nPC=$FE93 mPC=$FE94 nP=$24 mP=$24 mis=True
[xUnit.net 00:00:02.41]       c5020: nPC=$FE94 mPC=$FE94 nP=$24 mP=$24 mis=False
[xUnit.net 00:00:02.41]       c5021: nPC=$FE94 mPC=$FE96 nP=$24 mP=$24 mis=True
[xUnit.net 00:00:02.41]       c5022: nPC=$FE96 mPC=$FE96 nP=$24 mP=$24 mis=False
[xUnit.net 00:00:02.41]       c5023: nPC=$FE96 mPC=$FE98 nP=$24 mP=$24 mis=True
[xUnit.net 00:00:02.41]       c5024: nPC=$FE98 mPC=$FE98 nP=$24 mP=$24 mis=False
[xUnit.net 00:00:02.42]       c5025: nPC=$FE98 mPC=$FE98 nP=$24 mP=$24 mis=False
[xUnit.net 00:00:02.42]       c5026: nPC=$FE98 mPC=$FE98 nP=$24 mP=$24 mis=False
[xUnit.net 00:00:02.42]       c5027: nPC=$FE98 mPC=$FE98 nP=$24 mP=$24 mis=False
[xUnit.net 00:00:02.42]       c5028: nPC=$FE98 mPC=$FE98 nP=$24 mP=$24 mis=False
[xUnit.net 00:00:02.42]       c5029: nPC=$FE98 mPC=$FE98 nP=$24 mP=$24 mis=False
[xUnit.net 00:00:02.42]       c5030: nPC=$FE98 mPC=$FE98 nP=$24 mP=$24 mis=False
[xUnit.net 00:00:02.42]       c5031: nPC=$FE98 mPC=$FE98 nP=$24 mP=$24 mis=False
[xUnit.net 00:00:02.42]       c5032: nPC=$FE98 mPC=$FE9A nP=$24 mP=$25 mis=True
[xUnit.net 00:00:02.42]       c5033: nPC=$FE9A mPC=$FE9A nP=$25 mP=$25 mis=False
[xUnit.net 00:00:02.42]       c5034: nPC=$FE9A mPC=$FE9C nP=$25 mP=$25 mis=True
[xUnit.net 00:00:02.42]       c5035: nPC=$FE9C mPC=$FEA4 nP=$25 mP=$25 mis=True
[xUnit.net 00:00:02.42]       c5036: nPC=$FEA4 mPC=$FEA4 nP=$25 mP=$25 mis=False
[xUnit.net 00:00:02.42]       c5037: nPC=$FEA4 mPC=$FEA5 nP=$25 mP=$24 mis=True
[xUnit.net 00:00:02.42]       c5038: nPC=$FEA5 mPC=$FEA5 nP=$24 mP=$24 mis=False
[xUnit.net 00:00:02.42]       c5039: nPC=$FEA5 mPC=$FEA6 nP=$24 mP=$24 mis=True
[xUnit.net 00:00:02.42]       c5040: nPC=$FEA6 mPC=$FEA6 nP=$24 mP=$24 mis=False
[xUnit.net 00:00:02.42]       c5041: nPC=$FEA6 mPC=$FEA8 nP=$24 mP=$24 mis=True
[xUnit.net 00:00:02.42]       c5042: nPC=$FEA8 mPC=$FEA8 nP=$24 mP=$24 mis=False
[xUnit.net 00:00:02.42]       c5043: nPC=$FEA8 mPC=$FEA8 nP=$24 mP=$24 mis=False
[xUnit.net 00:00:02.42]       c5044: nPC=$FEA8 mPC=$FEA8 nP=$24 mP=$24 mis=False
[xUnit.net 00:00:02.42]       c5045: nPC=$FEA8 mPC=$FEA8 nP=$24 mP=$24 mis=False
[xUnit.net 00:00:02.42]       c5046: nPC=$FEA8 mPC=$FEA8 nP=$24 mP=$24 mis=False
[xUnit.net 00:00:02.42]       c5047: nPC=$FEA8 mPC=$FEA8 nP=$24 mP=$24 mis=False
[xUnit.net 00:00:02.42]       c5048: nPC=$FEA8 mPC=$FEA8 nP=$24 mP=$24 mis=True
[xUnit.net 00:00:02.42]       c5049: nPC=$FEA8 mPC=$FEA8 nP=$24 mP=$24 mis=True
[xUnit.net 00:00:02.42]       c5050: nPC=$FEA8 mPC=$FEA8 nP=$24 mP=$24 mis=False
   first=5005
c4998: nPC=$FDE0 mPC=$FDE0 nP=$26 mP=$26 mis=False
c4999: nPC=$FDAF mPC=$FDAF nP=$26 mP=$26 mis=False
c5000: nPC=$FDAF mPC=$FDAF nP=$26 mP=$26 mis=False
c5001: nPC=$FDAF mPC=$FDAF nP=$26 mP=$26 mis=False
c5002: nPC=$FDB1 mPC=$FDB1 nP=$24 mP=$24 mis=False
EXIT=

