04:54:13 [DBG]   ViceSharp.Monitor -> F:\GitHub\vice-sharp\src\ViceSharp.Monitor\bin\x64\Release-UWP\net10.0\ViceSharp.Monitor.dll
04:54:13 [DBG]   ViceSharp.Protocol -> F:\GitHub\vice-sharp\src\ViceSharp.Protocol\bin\x64\Release-UWP\net10.0\ViceSharp.Protocol.dll
04:54:13 [DBG]   ViceSharp.Host.InProcess -> F:\GitHub\vice-sharp\src\ViceSharp.Host.InProcess\bin\x64\Release-UWP\net10.0\ViceSharp.Host.InProcess.dll
04:54:13 [DBG]   ViceSharp.Xbox.Input -> F:\GitHub\vice-sharp\src\ViceSharp.Xbox.Input\bin\x64\Release-UWP\net10.0\ViceSharp.Xbox.Input.dll
04:54:13 [DBG]   ViceSharp.Xbox.ViewModels -> F:\GitHub\vice-sharp\src\ViceSharp.Xbox.ViewModels\bin\x64\Release-UWP\net10.0\ViceSharp.Xbox.ViewModels.dll
04:54:13 [DBG]   ViceSharp.Library.ViewModels -> F:\GitHub\vice-sharp\src\ViceSharp.Library.ViewModels\bin\x64\Release-UWP\net10.0\ViceSharp.Library.ViewModels.dll
04:54:13 [DBG]   ViceSharp.RomM -> F:\GitHub\vice-sharp\src\ViceSharp.RomM\bin\x64\Release-UWP\net10.0\ViceSharp.RomM.dll
04:54:22 [DBG] F:\GitHub\vice-sharp\src\ViceSharp.Xbox\App.xaml.cs(1015,22): error CS8120: The switch case is unreachable. It has already been handled by a previous case or it is impossible to match. [F:\GitHub\vice-sharp\src\ViceSharp.Xbox\ViceSharp.Xbox.csproj]
04:54:22 [ERR] Target DeployXboxLocal has thrown an exception
System.InvalidOperationException: MSBuild failed with exit code 1.
   at Build.<get_DeployXboxLocal>b__97_1() in F:\GitHub\vice-sharp\build\Build.cs:line 1022
   at Nuke.Common.Execution.BuildExecutor.<>c.<Execute>b__4_2(Action x) in /_/source/Nuke.Build/Execution/BuildExecutor.cs:line 120
   at System.Collections.Generic.List`1.ForEach(Action`1 action)
   at Nuke.Common.Execution.BuildExecutor.Execute(NukeBuild build, ExecutableTarget target, IReadOnlyCollection`1 previouslyExecutedTargets, Boolean failureMode) in /_/source/Nuke.Build/Execution/BuildExecutor.cs:line 120
​
╬══════════════════════
║ Errors & Warnings
╬═════════════
​
[ERR] DeployXboxLocal: Target DeployXboxLocal has thrown an exception
​
═══════════════════════════════════════
Target             Status      Duration
───────────────────────────────────────
DeployXboxLocal    Failed          0:13   // InvalidOperationException: MSBuild failed with exit code 1.
───────────────────────────────────────
Total                              0:13
═══════════════════════════════════════
​
Build failed on 8/5/2026 4:54:22 AM. (╯°□°）╯︵ ┻━┻
