
Name
----
romm-connection.json
romm-recents.json
settings.json
vice-sharp.ini
vice.ini
vicesharp.log
{
  "ProfileId": "c64c",
  "Limiter": {
    "RatePercent": 100,
    "IsEnabled": true,
    "PacingStrategy": "vice"
  },
  "Display": {
    "Renderer": "host",
    "Palette": "vice",
    "ShowBorder": true,
    "MaintainAspectRatio": true,
    "Scale": "fit-window",
    "CropMode": "visible-area",
    "AspectMode": "vice-pixel-aspect"
  },
  "Input": {
    "KeyboardMapId": "c64:gtk3_pos",
    "PrimaryJoystickPort": 1,
    "SwapJoystickPorts": false,
    "Mode": "keyboard-joystick"
  },
  "Audio": {
    "Mode": "enabled"
  },
  "Resources": {
    "Mode": "auto-detect"
  }
}

















