Test run for F:\GitHub\vice-sharp\tests\ViceSharp.TestHarness\bin\Release\net10.0\ViceSharp.TestHarness.dll (.NETCoreApp,Version=v10.0)
A total of 1 test files matched the specified pattern.
[xUnit.net 00:00:04.44]     ViceSharp.TestHarness.Vic20.Vic20DivergeProbe.EveryCycle_CpuRegs_Match_TwoSecondPal [FAIL]
  Failed ViceSharp.TestHarness.Vic20.Vic20DivergeProbe.EveryCycle_CpuRegs_Match_TwoSecondPal [2 s]
  Error Message:
   DIV first=577692 matchedCycles=577691 budget=2216810
c=577681 nPC=$E5EC mPC=$E5EC nA=$00 mA=$00 nX=$00 mX=$00 nY=$0A mY=$0A nS=$F3 mS=$F3 nP=$22 mP=$22 dbgCyc=0 op=$85 trail=1 nonOvlR=True nonOvlF=True dly=False stg=False irq=5 mis=False
c=577682 nPC=$E5EC mPC=$E5EC nA=$00 mA=$00 nX=$00 mX=$00 nY=$0A mY=$0A nS=$F2 mS=$F2 nP=$22 mP=$22 dbgCyc=0 op=$85 trail=1 nonOvlR=True nonOvlF=True dly=False stg=False irq=4 mis=False
c=577683 nPC=$E5EC mPC=$E5EC nA=$00 mA=$00 nX=$00 mX=$00 nY=$0A mY=$0A nS=$F1 mS=$F1 nP=$22 mP=$22 dbgCyc=0 op=$85 trail=1 nonOvlR=True nonOvlF=True dly=False stg=False irq=3 mis=False
c=577684 nPC=$E5EC mPC=$E5EC nA=$00 mA=$00 nX=$00 mX=$00 nY=$0A mY=$0A nS=$F0 mS=$F0 nP=$22 mP=$22 dbgCyc=0 op=$85 trail=1 nonOvlR=True nonOvlF=True dly=False stg=False irq=2 mis=False
c=577685 nPC=$E5EC mPC=$E5EC nA=$00 mA=$00 nX=$00 mX=$00 nY=$0A mY=$0A nS=$F0 mS=$F0 nP=$26 mP=$26 dbgCyc=0 op=$85 trail=1 nonOvlR=True nonOvlF=True dly=False stg=False irq=1 mis=False
c=577686 nPC=$E5EC mPC=$E5EC nA=$00 mA=$00 nX=$00 mX=$00 nY=$0A mY=$0A nS=$F0 mS=$F0 nP=$26 mP=$26 dbgCyc=0 op=$85 trail=1 nonOvlR=True nonOvlF=True dly=True stg=False irq=0 mis=False
c=577687 nPC=$FF72 mPC=$FF72 nA=$00 mA=$00 nX=$00 mX=$00 nY=$0A mY=$0A nS=$F0 mS=$F0 nP=$26 mP=$26 dbgCyc=0 op=$85 trail=1 nonOvlR=True nonOvlF=True dly=False stg=False irq=0 mis=False
c=577688 nPC=$FF72 mPC=$FF72 nA=$00 mA=$00 nX=$00 mX=$00 nY=$0A mY=$0A nS=$F0 mS=$F0 nP=$26 mP=$26 dbgCyc=2 op=$48 trail=9 nonOvlR=True nonOvlF=True dly=False stg=False irq=0 mis=False
c=577689 nPC=$FF72 mPC=$FF72 nA=$00 mA=$00 nX=$00 mX=$00 nY=$0A mY=$0A nS=$EF mS=$EF nP=$26 mP=$26 dbgCyc=1 op=$48 trail=9 nonOvlR=True nonOvlF=True dly=False stg=True irq=0 mis=False
c=577690 nPC=$FF73 mPC=$FF73 nA=$00 mA=$00 nX=$00 mX=$00 nY=$0A mY=$0A nS=$EF mS=$EF nP=$26 mP=$26 dbgCyc=0 op=$48 trail=9 nonOvlR=True nonOvlF=True dly=False stg=False irq=0 mis=False
c=577691 nPC=$FF73 mPC=$FF73 nA=$00 mA=$00 nX=$00 mX=$00 nY=$0A mY=$0A nS=$EF mS=$EF nP=$26 mP=$26 dbgCyc=1 op=$8A trail=1 nonOvlR=True nonOvlF=True dly=False stg=False irq=0 mis=False
c=577692 nPC=$FF74 mPC=$FF73 nA=$00 mA=$00 nX=$00 mX=$00 nY=$0A mY=$0A nS=$EF mS=$EF nP=$26 mP=$26 dbgCyc=0 op=$8A trail=1 nonOvlR=True nonOvlF=True dly=False stg=False irq=0 mis=True
bus: m$C1=$00 m$C2=$20 n$C1=$00 n$C2=$20 m$C3=$6D m$C4=$FD n$C3=$6D n$C4=$FD m$0314=$BF n$0314=$BF
irqdiag: nLastOp=0x8A nDelays=False nPend=0x2 nIrqClk=577682 nClk=577698 mDelays=False mBound=False mIrqSeq=0

  Stack Trace:
     at ViceSharp.TestHarness.Vic20.Vic20DivergeProbe.RunEveryCycle(Int32 budget) in F:\GitHub\vice-sharp\tests\ViceSharp.TestHarness\Vic20\Vic20DivergeProbe.cs:line 132
   at ViceSharp.TestHarness.Vic20.Vic20DivergeProbe.EveryCycle_CpuRegs_Match_TwoSecondPal() in F:\GitHub\vice-sharp\tests\ViceSharp.TestHarness\Vic20\Vic20DivergeProbe.cs:line 47
   at System.Reflection.MethodBaseInvoker.InterpretedInvoke_Method(Object obj, IntPtr* args)
   at System.Reflection.MethodBaseInvoker.InvokeWithNoArgs(Object obj, BindingFlags invokeAttr)

Failed!  - Failed:     1, Passed:     0, Skipped:     0, Total:     1, Duration: 2 s - ViceSharp.TestHarness.dll (net10.0)
EXIT=1
