
src\ViceSharp.Chips\Vic\Mos6561.cs:272:        // xstart = min(cycle*4, screen_width) * VIC_PIXEL_WIDTH
src\ViceSharp.Chips\Vic\Mos6561.cs:273:        var screenW = IsNtsc ? 260 : 284; // victypes.h VIC_*_SCREEN_WIDTH
src\ViceSharp.Core\Vic20\Vic20ColorRam.cs:8:/// previous V-bus data (VICE <c>colorram_read</c> /
src\ViceSharp.Core\Vic20\Vic20ColorRam.cs:13:public sealed class Vic20ColorRam : IMemory
src\ViceSharp.Core\Vic20\Vic20ColorRam.cs:22:    public Vic20ColorRam(BasicBus bus)
src\ViceSharp.Core\Vic20\Vic20ColorRam.cs:36:        var nibble = (byte)(_nibbles[address - StartAddress] & 0x0F);
src\ViceSharp.Core\Vic20\Vic20ColorRam.cs:37:        // VICE colorram_read: mem_ram[addr] | (vic20_v_bus_last_data & 
0xf0)
src\ViceSharp.Core\Vic20\Vic20ColorRam.cs:38:        // then vic20_v_bus_last_data = result. VBusLastData is refreshed 
by
src\ViceSharp.Core\Vic20\Vic20ColorRam.cs:40:        var value = (byte)(nibble | (_bus.VBusLastData & 0xF0));
src\ViceSharp.Core\Vic20\Vic20ColorRam.cs:41:        _bus.NoteVBusData(value);
src\ViceSharp.Core\Vic20\Vic20ColorRam.cs:47:        // VICE colorram_store: value & 0xf only; v_bus_last_data = value.
src\ViceSharp.Core\Vic20\Vic20ColorRam.cs:48:        _nibbles[address - StartAddress] = (byte)(value & 0x0F);
src\ViceSharp.Core\Vic20\Vic20ColorRam.cs:49:        _bus.NoteVBusData(value);
src\ViceSharp.Core\Vic20\Vic20ColorRam.cs:54:        // VICE colorram_peek: no v_bus side effect.
src\ViceSharp.Core\Vic20\Vic20ColorRam.cs:55:        var nibble = (byte)(_nibbles[address - StartAddress] & 0x0F);
src\ViceSharp.Core\Vic20\Vic20ColorRam.cs:56:        return (byte)(nibble | (_bus.VBusLastData & 0xF0));
src\ViceSharp.Core\Vic20\Vic20IecPort.cs:14:/// <item>VIA1 PA7 = ATN out (via PRA/DDRA, not this input mask)</item>
src\ViceSharp.Core\Vic20\Vic20IecPort.cs:20:/// cpu_atn=0, no drives): bus_clock=0, bus_data=1, bus_atn=1 so
src\ViceSharp.Core\Vic20\Vic20IecPort.cs:22:/// Joystick/tape bits 2..6 idle high give <c>0x7E</c> with all-input DDRA 
or
src\ViceSharp.Core\Vic20\Vic20IecPort.cs:23:/// ATN-as-output-low.
src\ViceSharp.Core\Vic20\Vic20IecPort.cs:32:    public const byte IdlePortAInput = 0x7E;
src\ViceSharp.Core\Vic20\Vic20IecPort.cs:50:            // ATN-in path clear (bit7 is PRA out) while keeping other 
bits.

