
Name                                          LastWriteTime       Length
----                                          -------------       ------
2s-sta-bne-2026-08-06.log                     8/6/2026 3:21:44 AM   3524
2s-sta-irq-2026-08-06.log                     8/6/2026 3:12:52 AM   3551
2s-sta-load-2026-08-06.log                    8/6/2026 3:11:19 AM   3551
receipts-lockstep-vice-realign-2026-08-06.txt 8/6/2026 3:08:39 AM   2574
2s-sta-trail-2026-08-06.log                   8/6/2026 2:35:13 AM   3505
focused-store-2026-08-06.log                  8/6/2026 1:10:35 AM   2826
2s-stazp-2026-08-06.log                       8/6/2026 1:09:54 AM   3432
                                                                       1
                                                                       1
                                                                       1
                                                                       1
                                                                       1
                                                                       1
                                                                       1
                                                                       1
                                                                       1
                                                                       1
                                                                       1
                                                                       1
                                                                       1
                                                                       1
                                                                       1
                                                                       1
                                                                       1
                                                                       1
                                                                       1
                                                                       1
                                                                       1
                                                                       1
                                                                       1

