105:static int vice_shim_model_from_selector(const char *selector);
106:static int vice_shim_selector_equals(const char *left, const char *right);
107:static int vice_shim_valid_disk_slot(unsigned int unit, unsigned int drive);
108:static int vice_shim_apply_cartridge_locked(const vice_machine_t *instance);
109:static int vice_shim_cartridge_type_for(const vice_machine_t *instance, int length, int mapping_mode);
110:static void vice_shim_detach_cartridge_locked(void);
111:static int vice_shim_write_temp_file(const uint8_t *data, int length, char *path, size_t path_size);
112:static uint16_t vice_shim_read_cia_timer(cia_context_t *cia, ciat_t *timer);
113:static void vice_shim_set_current_thread_description(const wchar_t *description);
115:static BOOL CALLBACK vice_shim_initialize_sync(PINIT_ONCE init_once, PVOID parameter, PVOID *context)
126:static void vice_shim_ensure_sync_primitives(void)
131:static int vice_shim_is_active_machine(const void *machine)
139:static uint16_t vice_shim_read_cia_timer(cia_context_t *cia, ciat_t *timer)
152:static int vice_shim_wait_for_signal_with_timeout(unsigned int timeout_ms)
157:static int vice_shim_get_module_directory(char *buffer, size_t buffer_size)
187:static int vice_shim_compose_path(char *buffer,
196:static int vice_shim_initialize_runtime_locked(void)
274:static unsigned __stdcall vice_shim_worker_main(void *parameter)
293:static void vice_shim_set_current_thread_description(const wchar_t *description)
311:static int vice_shim_stop_worker(void *machine)
346:static void vice_shim_reset_cpu_state_locked(void)
370:VICE_SHIM_API void *vice_machine_create(void)
375:VICE_SHIM_API void *vice_machine_create_model(const char *model_selector)
494:static int vice_shim_model_from_selector(const char *selector)
580:static int vice_shim_selector_equals(const char *left, const char *right)
600:static void vice_shim_reset_sid_renderer_locked(void);
602:VICE_SHIM_API void vice_machine_destroy(void *machine)
638:VICE_SHIM_API void vice_machine_reset(void *machine)
714:static int vice_shim_peek_snapshot_vicii_model(const char *path)
739:VICE_SHIM_API int vice_machine_read_snapshot(void *machine, const char *path)
790:VICE_SHIM_API int vice_machine_write_snapshot(void *machine, const char *path)
813:VICE_SHIM_API int vice_snapshot_last_error(void)
818:VICE_SHIM_API int vice_machine_attach_cartridge(void *machine, const uint8_t *image, int length, int mapping_mode)
851:VICE_SHIM_API int vice_machine_attach_disk(void *machine, unsigned int unit, unsigned int drive, const char *path)
889:VICE_SHIM_API int vice_machine_detach_disk(void *machine, unsigned int unit, unsigned int drive)
912:VICE_SHIM_API uint8_t vice_machine_peek_ram(void *machine, uint16_t address)
927:VICE_SHIM_API uint8_t vice_machine_read(void *machine, uint16_t address)
942:VICE_SHIM_API void vice_machine_write(void *machine, uint16_t address, uint8_t value)
953:VICE_SHIM_API int vice_machine_get_model(void *machine)
968:VICE_SHIM_API int vice_machine_set_keyboard_matrix_key(void *machine, int row, int column, int pressed)
987:VICE_SHIM_API void vice_machine_cia1_store(void *machine, uint8_t register_index, uint8_t value)
998:VICE_SHIM_API uint8_t vice_machine_cia1_read(void *machine, uint8_t register_index)
1013:static int vice_shim_apply_cartridge_locked(const vice_machine_t *instance)
1044:static int vice_shim_cartridge_type_for(const vice_machine_t *instance, int length, int mapping_mode)
1082:static void vice_shim_detach_cartridge_locked(void)
1090:static int vice_shim_valid_disk_slot(unsigned int unit, unsigned int drive)
1097:static int vice_shim_write_temp_file(const uint8_t *data, int length, char *path, size_t path_size)
1135:VICE_SHIM_API void vice_machine_step_cycle(void *machine)
1194:int vice_shim_cycle_checkpoint(void)
1247:VICE_SHIM_API uint8_t vice_cpu_get_a(void *machine)
1262:VICE_SHIM_API uint8_t vice_cpu_get_x(void *machine)
1277:VICE_SHIM_API uint8_t vice_cpu_get_y(void *machine)
1292:VICE_SHIM_API uint8_t vice_cpu_get_p(void *machine)
1307:VICE_SHIM_API uint8_t vice_cpu_get_sp(void *machine)
1322:VICE_SHIM_API uint16_t vice_cpu_get_pc(void *machine)
1352:VICE_SHIM_API void vice_cpu_get_pipeline_state(void *machine, struct vice_cpu_pipeline_state *state)
1390:static int vice_shim_valid_drive_unit_for_cpu(unsigned int unit)
1399:VICE_SHIM_API uint8_t vice_drivecpu_get_a(void *machine, unsigned int unit)
1414:VICE_SHIM_API uint8_t vice_drivecpu_get_x(void *machine, unsigned int unit)
1429:VICE_SHIM_API uint8_t vice_drivecpu_get_y(void *machine, unsigned int unit)
1444:VICE_SHIM_API uint8_t vice_drivecpu_get_p(void *machine, unsigned int unit)
1459:VICE_SHIM_API uint8_t vice_drivecpu_get_sp(void *machine, unsigned int unit)
1474:VICE_SHIM_API uint16_t vice_drivecpu_get_pc(void *machine, unsigned int unit)
1500:VICE_SHIM_API int vice_drive_get_clock_residue(void *machine, unsigned int unit,
1546:VICE_SHIM_API uint64_t vice_drivecpu_get_cycle_accum(void *machine, unsigned int unit)
1571:VICE_SHIM_API int vice_drivecpu_set_cycle_accum(void *machine, unsigned int unit, uint64_t value)
1592:VICE_SHIM_API int vice_drive_set_true_emulation(void *machine, unsigned int unit, int enabled)
1609:VICE_SHIM_API int vice_drive_get_true_emulation(void *machine, unsigned int unit)
1626:VICE_SHIM_API void vice_vic_get_state(void *machine, struct vice_vic_state *state)
1686:static int vice_shim_vic_visible_window_locked(const uint8_t **out_base, int *out_stride, int *out_w, int *out_h)
1719:VICE_SHIM_API int vice_vic_capture_frame_indices(void *machine, uint8_t *buffer, int length, int *width, int *height)
1754:VICE_SHIM_API int vice_machine_capture_visible_frame(void* machine, uint8_t* buffer, int length, int* width, int* height)
1852:VICE_SHIM_API int vice_vic_get_graphics_priority_at_raster(void* machine, uint16_t raster_line, uint8_t* pri_buffer, int length)
1896:VICE_SHIM_API void vice_cia_get_state(void *machine, int cia_index, struct vice_cia_state *state)
1934:VICE_SHIM_API void vice_sid_get_state(void *machine, struct vice_sid_state *state)
1963:VICE_SHIM_API void vice_interrupt_get_state(void *machine, struct vice_interrupt_state *state)
2005:static int vice_shim_ensure_sid_renderer_locked(int sample_rate_hz, int cycles_per_sec)
2032:static void vice_shim_reset_sid_renderer_locked(void)
2042:static void vice_shim_sync_sid_registers_locked(void)
2055:VICE_SHIM_API size_t vice_sid_render_samples(void *machine, int16_t *buffer, size_t n, int delta_t_cycles)
2100:VICE_SHIM_API uint8_t vice_sid_engine_read(void *machine, uint16_t addr)
2115:VICE_SHIM_API void vice_sid_clock(void *machine, int cycles)
2176:VICE_SHIM_API int vice_sid_exact_open(void *machine)
2203:VICE_SHIM_API void vice_sid_exact_reset(void *machine)
2214:VICE_SHIM_API int vice_sid_exact_clock(void *machine, int cycles)
2229:VICE_SHIM_API void vice_sid_exact_write(void *machine, uint16_t addr, uint8_t value)
2240:VICE_SHIM_API uint8_t vice_sid_exact_read(void *machine, uint16_t addr)
2255:VICE_SHIM_API int16_t vice_sid_exact_output(void *machine)
2275:VICE_SHIM_API void vice_sid_exact_get_state(void *machine, struct vice_sid_exact_state *state)
2326:VICE_SHIM_API int vice_sid_exact_set_sampling(void *machine, int method,
2349:VICE_SHIM_API int vice_sid_exact_clock_buffered(void *machine, int cycles,
