C:\Program Files\dotnet\sdk\10.0.302\Microsoft.Common.CurrentVersion.targets(5397,5): warning MSB3026: Could not copy "F:\GitHub\vice-sharp\src\ViceSharp.Avalonia\obj\Debug\net10.0\apphost.exe" to "bin\Debug\net10.0\ViceSharp.Avalonia.exe". Beginning retry 2 in 1000ms. The process cannot access the file 'F:\GitHub\vice-sharp\src\ViceSharp.Avalonia\bin\Debug\net10.0\ViceSharp.Avalonia.exe' because it is being used by another process. The file is locked by: "dotnet-dump (11252)" [F:\GitHub\vice-sharp\src\ViceSharp.Avalonia\ViceSharp.Avalonia.csproj]
C:\Program Files\dotnet\sdk\10.0.302\Microsoft.Common.CurrentVersion.targets(5397,5): warning MSB3026: Could not copy "F:\GitHub\vice-sharp\src\ViceSharp.Avalonia\obj\Debug\net10.0\apphost.exe" to "bin\Debug\net10.0\ViceSharp.Avalonia.exe". Beginning retry 3 in 1000ms. The process cannot access the file 'F:\GitHub\vice-sharp\src\ViceSharp.Avalonia\bin\Debug\net10.0\ViceSharp.Avalonia.exe' because it is being used by another process. The file is locked by: "dotnet-dump (11252)" [F:\GitHub\vice-sharp\src\ViceSharp.Avalonia\ViceSharp.Avalonia.csproj]
C:\Program Files\dotnet\sdk\10.0.302\Microsoft.Common.CurrentVersion.targets(5397,5): warning MSB3026: Could not copy "F:\GitHub\vice-sharp\src\ViceSharp.Avalonia\obj\Debug\net10.0\apphost.exe" to "bin\Debug\net10.0\ViceSharp.Avalonia.exe". Beginning retry 4 in 1000ms. The process cannot access the file 'F:\GitHub\vice-sharp\src\ViceSharp.Avalonia\bin\Debug\net10.0\ViceSharp.Avalonia.exe' because it is being used by another process. The file is locked by: "dotnet-dump (11252)" [F:\GitHub\vice-sharp\src\ViceSharp.Avalonia\ViceSharp.Avalonia.csproj]
C:\Program Files\dotnet\sdk\10.0.302\Microsoft.Common.CurrentVersion.targets(5397,5): warning MSB3026: Could not copy "F:\GitHub\vice-sharp\src\ViceSharp.Avalonia\obj\Debug\net10.0\apphost.exe" to "bin\Debug\net10.0\ViceSharp.Avalonia.exe". Beginning retry 5 in 1000ms. The process cannot access the file 'F:\GitHub\vice-sharp\src\ViceSharp.Avalonia\bin\Debug\net10.0\ViceSharp.Avalonia.exe' because it is being used by another process. The file is locked by: "dotnet-dump (11252)" [F:\GitHub\vice-sharp\src\ViceSharp.Avalonia\ViceSharp.Avalonia.csproj]
C:\Program Files\dotnet\sdk\10.0.302\Microsoft.Common.CurrentVersion.targets(5397,5): warning MSB3026: Could not copy "F:\GitHub\vice-sharp\src\ViceSharp.Avalonia\obj\Debug\net10.0\apphost.exe" to "bin\Debug\net10.0\ViceSharp.Avalonia.exe". Beginning retry 6 in 1000ms. The process cannot access the file 'F:\GitHub\vice-sharp\src\ViceSharp.Avalonia\bin\Debug\net10.0\ViceSharp.Avalonia.exe' because it is being used by another process. The file is locked by: "dotnet-dump (11252)" [F:\GitHub\vice-sharp\src\ViceSharp.Avalonia\ViceSharp.Avalonia.csproj]
C:\Program Files\dotnet\sdk\10.0.302\Microsoft.Common.CurrentVersion.targets(5397,5): warning MSB3026: Could not copy "F:\GitHub\vice-sharp\src\ViceSharp.Avalonia\obj\Debug\net10.0\apphost.exe" to "bin\Debug\net10.0\ViceSharp.Avalonia.exe". Beginning retry 7 in 1000ms. The process cannot access the file 'F:\GitHub\vice-sharp\src\ViceSharp.Avalonia\bin\Debug\net10.0\ViceSharp.Avalonia.exe' because it is being used by another process. The file is locked by: "dotnet-dump (11252)" [F:\GitHub\vice-sharp\src\ViceSharp.Avalonia\ViceSharp.Avalonia.csproj]
C:\Program Files\dotnet\sdk\10.0.302\Microsoft.Common.CurrentVersion.targets(5397,5): warning MSB3026: Could not copy "F:\GitHub\vice-sharp\src\ViceSharp.Avalonia\obj\Debug\net10.0\apphost.exe" to "bin\Debug\net10.0\ViceSharp.Avalonia.exe". Beginning retry 8 in 1000ms. The process cannot access the file 'F:\GitHub\vice-sharp\src\ViceSharp.Avalonia\bin\Debug\net10.0\ViceSharp.Avalonia.exe' because it is being used by another process. The file is locked by: "dotnet-dump (11252)" [F:\GitHub\vice-sharp\src\ViceSharp.Avalonia\ViceSharp.Avalonia.csproj]
C:\Program Files\dotnet\sdk\10.0.302\Microsoft.Common.CurrentVersion.targets(5397,5): warning MSB3026: Could not copy "F:\GitHub\vice-sharp\src\ViceSharp.Avalonia\obj\Debug\net10.0\apphost.exe" to "bin\Debug\net10.0\ViceSharp.Avalonia.exe". Beginning retry 9 in 1000ms. The process cannot access the file 'F:\GitHub\vice-sharp\src\ViceSharp.Avalonia\bin\Debug\net10.0\ViceSharp.Avalonia.exe' because it is being used by another process. The file is locked by: "dotnet-dump (11252)" [F:\GitHub\vice-sharp\src\ViceSharp.Avalonia\ViceSharp.Avalonia.csproj]
C:\Program Files\dotnet\sdk\10.0.302\Microsoft.Common.CurrentVersion.targets(5397,5): warning MSB3026: Could not copy "F:\GitHub\vice-sharp\src\ViceSharp.Avalonia\obj\Debug\net10.0\apphost.exe" to "bin\Debug\net10.0\ViceSharp.Avalonia.exe". Beginning retry 10 in 1000ms. The process cannot access the file 'F:\GitHub\vice-sharp\src\ViceSharp.Avalonia\bin\Debug\net10.0\ViceSharp.Avalonia.exe' because it is being used by another process. The file is locked by: "dotnet-dump (11252)" [F:\GitHub\vice-sharp\src\ViceSharp.Avalonia\ViceSharp.Avalonia.csproj]
C:\Program Files\dotnet\sdk\10.0.302\Microsoft.Common.CurrentVersion.targets(5397,5): error MSB3027: Could not copy "F:\GitHub\vice-sharp\src\ViceSharp.Avalonia\obj\Debug\net10.0\apphost.exe" to "bin\Debug\net10.0\ViceSharp.Avalonia.exe". Exceeded retry count of 10. Failed. The file is locked by: "dotnet-dump (11252)" [F:\GitHub\vice-sharp\src\ViceSharp.Avalonia\ViceSharp.Avalonia.csproj]
C:\Program Files\dotnet\sdk\10.0.302\Microsoft.Common.CurrentVersion.targets(5397,5): error MSB3021: Unable to copy file "F:\GitHub\vice-sharp\src\ViceSharp.Avalonia\obj\Debug\net10.0\apphost.exe" to "bin\Debug\net10.0\ViceSharp.Avalonia.exe". The process cannot access the file 'F:\GitHub\vice-sharp\src\ViceSharp.Avalonia\bin\Debug\net10.0\ViceSharp.Avalonia.exe' because it is being used by another process. [F:\GitHub\vice-sharp\src\ViceSharp.Avalonia\ViceSharp.Avalonia.csproj]
    10 Warning(s)
    2 Error(s)

Time Elapsed 00:00:15.03
t=0s WS=108MB Title=''
t=1s WS=130MB Title=''
t=2s WS=132MB Title=''
t=3s WS=132MB Title=''
t=4s WS=209MB Title=''
t=5s WS=209MB Title=''
DIED after 6s code=-1073741571
