
   DIV first=5023
c=5020 nPC=$FE94 mPC=$FE94 nA=$04 mA=$04 nX=$04 mX=$04 nY=$00 mY=$00 nS=$FB mS=$FB nP=$24 mP=$24 dbgCyc=1 op=$A9 
bound=False trail=0 fullBr=False mis=False
c=5021 nPC=$FE94 mPC=$FE94 nA=$04 mA=$04 nX=$04 mX=$04 nY=$00 mY=$00 nS=$FB mS=$FB nP=$24 mP=$24 dbgCyc=0 op=$A9 
bound=False trail=0 fullBr=False mis=False
c=5022 nPC=$FE96 mPC=$FE96 nA=$55 mA=$55 nX=$04 mX=$04 nY=$00 mY=$00 nS=$FB mS=$FB nP=$24 mP=$24 dbgCyc=5 op=$91 
bound=False trail=0 fullBr=False mis=False
c=5023 nPC=$FE96 mPC=$FE98 nA=$55 mA=$55 nX=$04 mX=$04 nY=$00 mY=$00 nS=$FB mS=$FB nP=$24 mP=$24 dbgCyc=4 op=$91 
bound=False trail=0 fullBr=False mis=True
c=5024 nPC=$FE98 mPC=$FE98 nA=$55 mA=$55 nX=$04 mX=$04 nY=$00 mY=$00 nS=$FB mS=$FB nP=$24 mP=$24 dbgCyc=3 op=$91 
bound=False trail=0 fullBr=False mis=False
c=5025 nPC=$FE98 mPC=$FE98 nA=$55 mA=$55 nX=$04 mX=$04 nY=$00 mY=$00 nS=$FB mS=$FB nP=$24 mP=$24 dbgCyc=2 op=$91 
bound=False trail=0 fullBr=False mis=False
c=5026 nPC=$FE98 mPC=$FE98 nA=$55 mA=$55 nX=$04 mX=$04 nY=$00 mY=$00 nS=$FB mS=$FB nP=$24 mP=$24 dbgCyc=1 op=$91 
bound=False trail=0 fullBr=False mis=False
c=5027 nPC=$FE98 mPC=$FE98 nA=$55 mA=$55 nX=$04 mX=$04 nY=$00 mY=$00 nS=$FB mS=$FB nP=$24 mP=$24 dbgCyc=0 op=$91 
bound=True trail=0 fullBr=False mis=False
c=5028 nPC=$FE98 mPC=$FE98 nA=$55 mA=$55 nX=$04 mX=$04 nY=$00 mY=$00 nS=$FB mS=$FB nP=$24 mP=$24 dbgCyc=4 op=$D1 
bound=False trail=5 fullBr=False mis=False
c=5029 nPC=$FE98 mPC=$FE98 nA=$55 mA=$55 nX=$04 mX=$04 nY=$00 mY=$00 nS=$FB mS=$FB nP=$24 mP=$24 dbgCyc=3 op=$D1 
bound=False trail=5 fullBr=False mis=False

