Test run for F:\GitHub\vice-sharp\tests\ViceSharp.TestHarness\bin\Release\net10.0\ViceSharp.TestHarness.dll (.NETCoreApp,Version=v10.0)
A total of 1 test files matched the specified pattern.
[xUnit.net 00:00:39.95]     ViceSharp.TestHarness.C64ColorRamPlaNativeTests.Wolf64Disk_ReportsFirstMismatchCycle [FAIL]
Data collector 'Blame' message: All tests finished running, Sequence file will not be generated.
  Failed ViceSharp.TestHarness.C64ColorRamPlaNativeTests.Wolf64Disk_ReportsFirstMismatchCycle [37 s]
  Error Message:
   Wolf64 lockstep diverged at sample 2044617 01=27 d015=00 d018=15: ViceSharp.Abstractions.StateDiff
sampleIndex=2044616 managedCycle=2044617 nativeCycle=2044617
input automation: phase=WaitingForReady, keyIndex=0/12, readyWaitFrames=104, frameDelay=0, nextFrameCycle=2063880, pressed='', lastError=''
cycle 2044602: managed PC=$EA30 A=$D8 X=$01 Y=$84 S=$FD P=$A5; native PC=$EA30 A=$D8 X=$01 Y=$84 S=$FD P=$A5; nativeDelta=1; managed VIC line=$006 x=6 bad=False hold=False; native VIC line=$006 x=6 bad=False spriteDma=$00; cpuStealEligible=True cpuCycle=1 opcode=$60 delay=False
cycle 2044603: managed PC=$EA30 A=$D8 X=$01 Y=$84 S=$FD P=$A5; native PC=$EA30 A=$D8 X=$01 Y=$84 S=$FD P=$A5; nativeDelta=1; managed VIC line=$006 x=7 bad=False hold=False; native VIC line=$006 x=7 bad=False spriteDma=$00; cpuStealEligible=True cpuCycle=0 opcode=$60 delay=True
cycle 2044604: managed PC=$FF5E A=$D8 X=$01 Y=$84 S=$FD P=$A5; native PC=$FF5E A=$D8 X=$01 Y=$84 S=$FD P=$A5; nativeDelta=1; managed VIC line=$006 x=8 bad=False hold=False; native VIC line=$006 x=8 bad=False spriteDma=$00; cpuStealEligible=True cpuCycle=0 opcode=$60 delay=False
cycle 2044605: managed PC=$FF5E A=$D8 X=$01 Y=$84 S=$FD P=$A5; native PC=$FF5E A=$D8 X=$01 Y=$84 S=$FD P=$A5; nativeDelta=1; managed VIC line=$006 x=9 bad=False hold=False; native VIC line=$006 x=9 bad=False spriteDma=$00; cpuStealEligible=True cpuCycle=3 opcode=$AD delay=False
cycle 2044606: managed PC=$FF5E A=$D8 X=$01 Y=$84 S=$FD P=$A5; native PC=$FF5E A=$D8 X=$01 Y=$84 S=$FD P=$A5; nativeDelta=1; managed VIC line=$006 x=10 bad=False hold=False; native VIC line=$006 x=10 bad=False spriteDma=$00; cpuStealEligible=True cpuCycle=2 opcode=$AD delay=False
cycle 2044607: managed PC=$FF5E A=$06 X=$01 Y=$84 S=$FD P=$A5; native PC=$FF5E A=$06 X=$01 Y=$84 S=$FD P=$A5; nativeDelta=1; managed VIC line=$006 x=11 bad=False hold=False; native VIC line=$006 x=11 bad=False spriteDma=$00; cpuStealEligible=True cpuCycle=1 opcode=$AD delay=False
cycle 2044608: managed PC=$FF61 A=$06 X=$01 Y=$84 S=$FD P=$25; native PC=$FF61 A=$06 X=$01 Y=$84 S=$FD P=$25; nativeDelta=1; managed VIC line=$006 x=12 bad=False hold=False; native VIC line=$006 x=12 bad=False spriteDma=$00; cpuStealEligible=True cpuCycle=0 opcode=$AD delay=False
cycle 2044609: managed PC=$FF61 A=$06 X=$01 Y=$84 S=$FD P=$25; native PC=$FF61 A=$06 X=$01 Y=$84 S=$FD P=$25; nativeDelta=1; managed VIC line=$006 x=13 bad=False hold=False; native VIC line=$006 x=13 bad=False spriteDma=$00; cpuStealEligible=True cpuCycle=1 opcode=$D0 delay=False
cycle 2044610: managed PC=$FF63 A=$06 X=$01 Y=$84 S=$FD P=$25; native PC=$FF63 A=$06 X=$01 Y=$84 S=$FD P=$25; nativeDelta=1; managed VIC line=$006 x=14 bad=False hold=False; native VIC line=$006 x=14 bad=False spriteDma=$00; cpuStealEligible=True cpuCycle=0 opcode=$D0 delay=False
cycle 2044611: managed PC=$FF5E A=$06 X=$01 Y=$84 S=$FD P=$25; native PC=$FF5E A=$06 X=$01 Y=$84 S=$FD P=$25; nativeDelta=1; managed VIC line=$006 x=15 bad=False hold=False; native VIC line=$006 x=15 bad=False spriteDma=$00; cpuStealEligible=True cpuCycle=3 opcode=$AD delay=False
cycle 2044612: managed PC=$FF5E A=$06 X=$01 Y=$84 S=$FD P=$25; native PC=$FF5E A=$06 X=$01 Y=$84 S=$FD P=$25; nativeDelta=1; managed VIC line=$006 x=16 bad=False hold=False; native VIC line=$006 x=16 bad=False spriteDma=$00; cpuStealEligible=True cpuCycle=2 opcode=$AD delay=False
cycle 2044613: managed PC=$FF5E A=$06 X=$01 Y=$84 S=$FD P=$25; native PC=$FF5E A=$06 X=$01 Y=$84 S=$FD P=$25; nativeDelta=1; managed VIC line=$006 x=17 bad=False hold=False; native VIC line=$006 x=17 bad=False spriteDma=$00; cpuStealEligible=True cpuCycle=1 opcode=$AD delay=False
cycle 2044614: managed PC=$FF5E A=$06 X=$01 Y=$84 S=$FD P=$25; native PC=$FF5E A=$06 X=$01 Y=$84 S=$FD P=$25; nativeDelta=1; managed VIC line=$006 x=18 bad=False hold=False; native VIC line=$006 x=18 bad=False spriteDma=$00; cpuStealEligible=True cpuCycle=0 opcode=$AD delay=False
cycle 2044615: managed PC=$FF61 A=$06 X=$01 Y=$84 S=$FD P=$25; native PC=$FF61 A=$06 X=$01 Y=$84 S=$FD P=$25; nativeDelta=1; managed VIC line=$006 x=19 bad=False hold=False; native VIC line=$006 x=19 bad=False spriteDma=$00; cpuStealEligible=True cpuCycle=2 opcode=$D0 delay=False
cycle 2044616: managed PC=$FF61 A=$06 X=$01 Y=$84 S=$FD P=$25; native PC=$FF61 A=$06 X=$01 Y=$84 S=$FD P=$25; nativeDelta=1; managed VIC line=$006 x=20 bad=False hold=False; native VIC line=$006 x=20 bad=False spriteDma=$00; cpuStealEligible=True cpuCycle=1 opcode=$D0 delay=False
cycle 2044617: managed PC=$FF5E A=$06 X=$01 Y=$84 S=$FD P=$25; native PC=$FF63 A=$06 X=$01 Y=$84 S=$FD P=$25; nativeDelta=1; managed VIC line=$006 x=21 bad=False hold=False; native VIC line=$006 x=21 bad=False spriteDma=$00; cpuStealEligible=True cpuCycle=0 opcode=$D0 delay=False
managed screen: [                                                                                                                                                                                                                                                                                                                                                                                                                                                                                                                                                                                                                                                                                                                                                                                                                                                                                                                                                                                                                                        ]
native screen: [                                                                                                                                                                                                                                                                                                                                                                                                                                                                                                                                                                                                                                                                                                                                                                                                                                                                                                                                                                                                                                        ]
  Stack Trace:
     at ViceSharp.TestHarness.C64ColorRamPlaNativeTests.Wolf64Disk_ReportsFirstMismatchCycle() in F:\GitHub\vice-sharp\tests\ViceSharp.TestHarness\C64ColorRamPlaNativeTests.cs:line 93
   at System.Reflection.MethodBaseInvoker.InterpretedInvoke_Method(Object obj, IntPtr* args)
   at System.Reflection.MethodBaseInvoker.InvokeWithNoArgs(Object obj, BindingFlags invokeAttr)
Results File: F:\GitHub\vice-sharp\docs\receipts\wolf64-lockstep-20260916T170200Z\wolf64.trx

Failed!  - Failed:     1, Passed:     0, Skipped:     0, Total:     1, Duration: 37 s - ViceSharp.TestHarness.dll (net10.0)
