Test run for F:\GitHub\vice-sharp\tests\ViceSharp.TestHarness\bin\Release\net10.0\ViceSharp.TestHarness.dll (.NETCoreApp,Version=v10.0)
A total of 1 test files matched the specified pattern.
[xUnit.net 00:00:28.57]     ViceSharp.TestHarness.C64ColorRamPlaNativeTests.Wolf64Disk_ReportsFirstMismatchCycle [FAIL]
Data collector 'Blame' message: All tests finished running, Sequence file will not be generated.
  Failed ViceSharp.TestHarness.C64ColorRamPlaNativeTests.Wolf64Disk_ReportsFirstMismatchCycle [26 s]
  Error Message:
   Wolf64 lockstep diverged at sample 2008679 01=27 d015=00 d018=15: ViceSharp.Abstractions.StateDiff
sampleIndex=2008678 managedCycle=2008679 nativeCycle=2008679
input automation: phase=WaitingForReady, keyIndex=0/12, readyWaitFrames=102, frameDelay=0, nextFrameCycle=2024568, pressed='', lastError=''
cycle 2008664: managed PC=$E4DA A=$20 X=$16 Y=$23 S=$F7 P=$25; native PC=$E4DA A=$20 X=$16 Y=$23 S=$F7 P=$25; nativeDelta=1; managed VIC line=$03B x=41 bad=True hold=True; native VIC line=$03B x=41 bad=True spriteDma=$00; cpuStealEligible=True cpuCycle=3 opcode=$AD delay=False
cycle 2008665: managed PC=$E4DA A=$20 X=$16 Y=$23 S=$F7 P=$25; native PC=$E4DA A=$20 X=$16 Y=$23 S=$F7 P=$25; nativeDelta=1; managed VIC line=$03B x=42 bad=True hold=True; native VIC line=$03B x=42 bad=True spriteDma=$00; cpuStealEligible=True cpuCycle=3 opcode=$AD delay=False
cycle 2008666: managed PC=$E4DA A=$20 X=$16 Y=$23 S=$F7 P=$25; native PC=$E4DA A=$20 X=$16 Y=$23 S=$F7 P=$25; nativeDelta=1; managed VIC line=$03B x=43 bad=True hold=True; native VIC line=$03B x=43 bad=True spriteDma=$00; cpuStealEligible=True cpuCycle=3 opcode=$AD delay=False
cycle 2008667: managed PC=$E4DA A=$20 X=$16 Y=$23 S=$F7 P=$25; native PC=$E4DA A=$20 X=$16 Y=$23 S=$F7 P=$25; nativeDelta=1; managed VIC line=$03B x=44 bad=True hold=True; native VIC line=$03B x=44 bad=True spriteDma=$00; cpuStealEligible=True cpuCycle=3 opcode=$AD delay=False
cycle 2008668: managed PC=$E4DA A=$20 X=$16 Y=$23 S=$F7 P=$25; native PC=$E4DA A=$20 X=$16 Y=$23 S=$F7 P=$25; nativeDelta=1; managed VIC line=$03B x=45 bad=True hold=True; native VIC line=$03B x=45 bad=True spriteDma=$00; cpuStealEligible=True cpuCycle=3 opcode=$AD delay=False
cycle 2008669: managed PC=$E4DA A=$20 X=$16 Y=$23 S=$F7 P=$25; native PC=$E4DA A=$20 X=$16 Y=$23 S=$F7 P=$25; nativeDelta=1; managed VIC line=$03B x=46 bad=True hold=True; native VIC line=$03B x=46 bad=True spriteDma=$00; cpuStealEligible=True cpuCycle=3 opcode=$AD delay=False
cycle 2008670: managed PC=$E4DA A=$20 X=$16 Y=$23 S=$F7 P=$25; native PC=$E4DA A=$20 X=$16 Y=$23 S=$F7 P=$25; nativeDelta=1; managed VIC line=$03B x=47 bad=True hold=True; native VIC line=$03B x=47 bad=True spriteDma=$00; cpuStealEligible=True cpuCycle=3 opcode=$AD delay=False
cycle 2008671: managed PC=$E4DA A=$20 X=$16 Y=$23 S=$F7 P=$25; native PC=$E4DA A=$20 X=$16 Y=$23 S=$F7 P=$25; nativeDelta=1; managed VIC line=$03B x=48 bad=True hold=True; native VIC line=$03B x=48 bad=True spriteDma=$00; cpuStealEligible=True cpuCycle=3 opcode=$AD delay=False
cycle 2008672: managed PC=$E4DA A=$20 X=$16 Y=$23 S=$F7 P=$25; native PC=$E4DA A=$20 X=$16 Y=$23 S=$F7 P=$25; nativeDelta=1; managed VIC line=$03B x=49 bad=True hold=True; native VIC line=$03B x=49 bad=True spriteDma=$00; cpuStealEligible=True cpuCycle=3 opcode=$AD delay=False
cycle 2008673: managed PC=$E4DA A=$20 X=$16 Y=$23 S=$F7 P=$25; native PC=$E4DA A=$20 X=$16 Y=$23 S=$F7 P=$25; nativeDelta=1; managed VIC line=$03B x=50 bad=True hold=True; native VIC line=$03B x=50 bad=True spriteDma=$00; cpuStealEligible=True cpuCycle=3 opcode=$AD delay=False
cycle 2008674: managed PC=$E4DA A=$20 X=$16 Y=$23 S=$F7 P=$25; native PC=$E4DA A=$20 X=$16 Y=$23 S=$F7 P=$25; nativeDelta=1; managed VIC line=$03B x=51 bad=True hold=True; native VIC line=$03B x=51 bad=True spriteDma=$00; cpuStealEligible=True cpuCycle=3 opcode=$AD delay=False
cycle 2008675: managed PC=$E4DA A=$20 X=$16 Y=$23 S=$F7 P=$25; native PC=$E4DA A=$20 X=$16 Y=$23 S=$F7 P=$25; nativeDelta=1; managed VIC line=$03B x=52 bad=True hold=True; native VIC line=$03B x=52 bad=True spriteDma=$00; cpuStealEligible=True cpuCycle=3 opcode=$AD delay=False
cycle 2008676: managed PC=$E4DA A=$20 X=$16 Y=$23 S=$F7 P=$25; native PC=$E4DA A=$20 X=$16 Y=$23 S=$F7 P=$25; nativeDelta=1; managed VIC line=$03B x=53 bad=True hold=True; native VIC line=$03B x=53 bad=True spriteDma=$00; cpuStealEligible=True cpuCycle=3 opcode=$AD delay=False
cycle 2008677: managed PC=$E4DA A=$20 X=$16 Y=$23 S=$F7 P=$25; native PC=$E4DA A=$20 X=$16 Y=$23 S=$F7 P=$25; nativeDelta=1; managed VIC line=$03B x=54 bad=True hold=True; native VIC line=$03B x=54 bad=True spriteDma=$00; cpuStealEligible=True cpuCycle=3 opcode=$AD delay=False
cycle 2008678: managed PC=$E4DA A=$20 X=$16 Y=$23 S=$F7 P=$25; native PC=$E4DA A=$20 X=$16 Y=$23 S=$F7 P=$25; nativeDelta=1; managed VIC line=$03B x=55 bad=True hold=False; native VIC line=$03B x=55 bad=True spriteDma=$00; cpuStealEligible=True cpuCycle=3 opcode=$AD delay=False
cycle 2008679: managed PC=$E4DA A=$20 X=$16 Y=$23 S=$F7 P=$25; native PC=$E4DA A=$0E X=$16 Y=$23 S=$F7 P=$25; nativeDelta=1; managed VIC line=$03B x=56 bad=True hold=False; native VIC line=$03B x=56 bad=True spriteDma=$00; cpuStealEligible=True cpuCycle=2 opcode=$AD delay=False
managed screen: [@@????@@@@????@@@@????@@@@????@@@@????@@@@????@@@@????@@@@????@@@@????@@@@????@@@@????@@@@????@@@@????@@@@????@@@@????@@@@????@@@@????@@@@????@@@@????@@@@????@@@@????@@@@????@@@@????@@@@????@@@@????@@@@????@@@@????@@@@????@@@@????@@@@????@@@@????@@@@????@@@@????@@@@????@@@@????@@@@????@@@@????@@@@????@@@@????@@@@????@@@@????@@@@????@@@@????@@@@????@@@@????@@@@????@@@@????@@@@????@@@@????@@@@????@@@@????@@@@????@@@@????@@@@????@@@@????@@@@????@@@@????@@@@????@@@@????@@@@????@@@@????@@@@????@@@@????@@@@????@@@@????@@@@????@@@@????@@@@????@@@@????@@@@????@@@@????@@@@????@@@@????@@@@????@@@@????@@@@????@@@@????@@@@????@@@@????@@@@????@@@@????@@@@????@@@@????@@@@????@@@@????@@@@????@@@@????@@@@????@@@@????@@@@????@@@@????@@@@????@@@@????@@@@????@@@@????@@@@????@@@@????@@@@????@@@@????@@@@????@@@@????@@@@????@@@@????@@@@????@@@@????@@@@????@@@@????@@@@????@@@@????@@@@????@@@@????@@@@????@@@@????@@@@????@@@@??                                                                                    ]
native screen: [@@????@@@@????@@@@????@@@@????@@@@????@@@@????@@@@????@@@@????@@@@????@@@@????@@@@????@@@@????@@@@????@@@@????@@@@????@@@@????@@@@????@@@@????@@@@????@@@@????@@@@????@@@@????@@@@????@@@@????@@@@????@@@@????@@@@????@@@@????@@@@????@@@@????@@@@????@@@@????@@@@????@@@@????@@@@????@@@@????@@@@????@@@@????@@@@????@@@@????@@@@????@@@@????@@@@????@@@@????@@@@????@@@@????@@@@????@@@@????@@@@????@@@@????@@@@????@@@@????@@@@????@@@@????@@@@????@@@@????@@@@????@@@@????@@@@????@@@@????@@@@????@@@@????@@@@????@@@@????@@@@????@@@@????@@@@????@@@@????@@@@????@@@@????@@@@????@@@@????@@@@????@@@@????@@@@????@@@@????@@@@????@@@@????@@@@????@@@@????@@@@????@@@@????@@@@????@@@@????@@@@????@@@@????@@@@????@@@@????@@@@????@@@@????@@@@????@@@@????@@@@????@@@@????@@@@????@@@@????@@@@????@@@@????@@@@????@@@@????@@@@????@@@@????@@@@????@@@@????@@@@????@@@@????@@@@????@@@@????@@@@????@@@@????@@@@????@@@@????@@@@????@@@@????@@@@??                                                                                    ]
  Stack Trace:
     at ViceSharp.TestHarness.C64ColorRamPlaNativeTests.Wolf64Disk_ReportsFirstMismatchCycle() in F:\GitHub\vice-sharp\tests\ViceSharp.TestHarness\C64ColorRamPlaNativeTests.cs:line 93
   at System.Reflection.MethodBaseInvoker.InterpretedInvoke_Method(Object obj, IntPtr* args)
   at System.Reflection.MethodBaseInvoker.InvokeWithNoArgs(Object obj, BindingFlags invokeAttr)
Results File: F:\GitHub\vice-sharp\docs\receipts\wolf64-lockstep-20260916T171500Z\wolf64.trx

Failed!  - Failed:     1, Passed:     0, Skipped:     0, Total:     1, Duration: 26 s - ViceSharp.TestHarness.dll (net10.0)
