Test run for F:\GitHub\vice-sharp\tests\ViceSharp.TestHarness\bin\Release\net10.0\ViceSharp.TestHarness.dll (.NETCoreApp,Version=v10.0)
A total of 1 test files matched the specified pattern.
[xUnit.net 00:00:00.00] xUnit.net VSTest Adapter v3.1.5+1b188a7b0a (64-bit .NET 10.0.10)
[xUnit.net 00:00:00.31]   Discovering: ViceSharp.TestHarness
[xUnit.net 00:00:02.19]   Discovered:  ViceSharp.TestHarness
[xUnit.net 00:00:02.46]   Starting:    ViceSharp.TestHarness
xvic vice_machine_create call=1 model=vic20
xvic vice_machine_reset call=1 machine=000001f69e360860
xvic vice_machine_step_cycle call=1 machine=000001f69e360860
xvic cycle_checkpoint: granted=1 running=1 paused=0 stop=0
xvic vice_machine_step_cycle call=2 machine=000001f69e360860
xvic cycle_checkpoint: granted=1 running=1 paused=0 stop=0
xvic vice_machine_step_cycle call=3 machine=000001f69e360860
xvic cycle_checkpoint: granted=1 running=1 paused=0 stop=0
xvic vice_machine_step_cycle call=4 machine=000001f69e360860
xvic cycle_checkpoint: granted=1 running=1 paused=0 stop=0
xvic vice_machine_step_cycle call=5 machine=000001f69e360860
xvic cycle_checkpoint: granted=1 running=1 paused=0 stop=0
xvic vice_machine_step_cycle call=6 machine=000001f69e360860
xvic cycle_checkpoint: granted=1 running=1 paused=0 stop=0
xvic vice_machine_step_cycle call=7 machine=000001f69e360860
xvic cycle_checkpoint: granted=1 running=1 paused=0 stop=0
xvic vice_machine_step_cycle call=8 machine=000001f69e360860
xvic cycle_checkpoint: granted=1 running=1 paused=0 stop=0
xvic vice_machine_step_cycle call=9 machine=000001f69e360860
xvic cycle_checkpoint: granted=1 running=1 paused=0 stop=0
xvic vice_machine_step_cycle call=10 machine=000001f69e360860
xvic cycle_checkpoint: granted=1 running=1 paused=0 stop=0
xvic vice_machine_step_cycle call=11 machine=000001f69e360860
xvic cycle_checkpoint: granted=1 running=1 paused=0 stop=0
xvic vice_machine_step_cycle call=12 machine=000001f69e360860
xvic cycle_checkpoint: granted=1 running=1 paused=0 stop=0
xvic vice_machine_step_cycle call=13 machine=000001f69e360860
xvic cycle_checkpoint: granted=1 running=1 paused=0 stop=0
xvic vice_machine_step_cycle call=14 machine=000001f69e360860
xvic cycle_checkpoint: granted=1 running=1 paused=0 stop=0
xvic vice_machine_step_cycle call=15 machine=000001f69e360860
xvic cycle_checkpoint: granted=1 running=1 paused=0 stop=0
xvic vice_machine_step_cycle call=16 machine=000001f69e360860
xvic cycle_checkpoint: granted=1 running=1 paused=0 stop=0
[xUnit.net 00:00:03.92]   Finished:    ViceSharp.TestHarness (ID = 'ab71db7394e73a1adc1130e42fc74f059e0e20545bf7641bf1047ee89aadf982')
  Passed ViceSharp.TestHarness.Vic20.Vic20SnapshotRoundTripTests.Unexpanded_ManagedBlob_ResumeLockstep_Short [1 s]
  Passed ViceSharp.TestHarness.Vic20.Vic20SnapshotRoundTripTests.Inventory_DocumentsXvicVsfModules [7 ms]
  Passed ViceSharp.TestHarness.Vic20.Vic20SnapshotRoundTripTests.Unexpanded_ManagedStateBlob_RoundTripEqual [31 ms]
  Passed ViceSharp.TestHarness.Vic20.Vic20SnapshotRoundTripTests.Fe3_ConfigBlob_RoundTrip [1 ms]

Test Run Successful.
Total tests: 4
     Passed: 4
 Total time: 4.6109 Seconds
