Test run for F:\GitHub\vice-sharp\tests\ViceSharp.TestHarness\bin\Release\net10.0\ViceSharp.TestHarness.dll (.NETCoreApp,Version=v10.0)
A total of 1 test files matched the specified pattern.
[xUnit.net 00:00:24.71]     ViceSharp.TestHarness.C64ColorRamPlaNativeTests.Wolf64Disk_ReportsFirstMismatchCycle [FAIL]
Data collector 'Blame' message: All tests finished running, Sequence file will not be generated.
  Failed ViceSharp.TestHarness.C64ColorRamPlaNativeTests.Wolf64Disk_ReportsFirstMismatchCycle [22 s]
  Error Message:
   Wolf64 lockstep diverged at sample 2044662 01=27 d015=00 d018=15: ViceSharp.Abstractions.StateDiff
sampleIndex=2044661 managedCycle=2044662 nativeCycle=2044662
input automation: phase=WaitingForReady, keyIndex=0/12, readyWaitFrames=104, frameDelay=0, nextFrameCycle=2063880, pressed='', lastError=''
cycle 2044647: managed PC=$FF5E A=$06 X=$01 Y=$84 S=$FD P=$25; native PC=$FF5E A=$06 X=$01 Y=$84 S=$FD P=$25; nativeDelta=1; managed VIC line=$006 x=51 bad=False hold=False; native VIC line=$006 x=51 bad=False spriteDma=$00; cpuStealEligible=True cpuCycle=2 opcode=$AD delay=False
cycle 2044648: managed PC=$FF5E A=$06 X=$01 Y=$84 S=$FD P=$25; native PC=$FF5E A=$06 X=$01 Y=$84 S=$FD P=$25; nativeDelta=1; managed VIC line=$006 x=52 bad=False hold=False; native VIC line=$006 x=52 bad=False spriteDma=$00; cpuStealEligible=True cpuCycle=1 opcode=$AD delay=False
cycle 2044649: managed PC=$FF5E A=$06 X=$01 Y=$84 S=$FD P=$25; native PC=$FF5E A=$06 X=$01 Y=$84 S=$FD P=$25; nativeDelta=1; managed VIC line=$006 x=53 bad=False hold=False; native VIC line=$006 x=53 bad=False spriteDma=$00; cpuStealEligible=True cpuCycle=0 opcode=$AD delay=False
cycle 2044650: managed PC=$FF61 A=$06 X=$01 Y=$84 S=$FD P=$25; native PC=$FF61 A=$06 X=$01 Y=$84 S=$FD P=$25; nativeDelta=1; managed VIC line=$006 x=54 bad=False hold=False; native VIC line=$006 x=54 bad=False spriteDma=$00; cpuStealEligible=True cpuCycle=2 opcode=$D0 delay=False
cycle 2044651: managed PC=$FF61 A=$06 X=$01 Y=$84 S=$FD P=$25; native PC=$FF61 A=$06 X=$01 Y=$84 S=$FD P=$25; nativeDelta=1; managed VIC line=$006 x=55 bad=False hold=False; native VIC line=$006 x=55 bad=False spriteDma=$00; cpuStealEligible=True cpuCycle=1 opcode=$D0 delay=False
cycle 2044652: managed PC=$FF63 A=$06 X=$01 Y=$84 S=$FD P=$25; native PC=$FF63 A=$06 X=$01 Y=$84 S=$FD P=$25; nativeDelta=1; managed VIC line=$006 x=56 bad=False hold=False; native VIC line=$006 x=56 bad=False spriteDma=$00; cpuStealEligible=True cpuCycle=0 opcode=$D0 delay=False
cycle 2044653: managed PC=$FF5E A=$06 X=$01 Y=$84 S=$FD P=$25; native PC=$FF5E A=$06 X=$01 Y=$84 S=$FD P=$25; nativeDelta=1; managed VIC line=$006 x=57 bad=False hold=False; native VIC line=$006 x=57 bad=False spriteDma=$00; cpuStealEligible=True cpuCycle=3 opcode=$AD delay=False
cycle 2044654: managed PC=$FF5E A=$06 X=$01 Y=$84 S=$FD P=$25; native PC=$FF5E A=$06 X=$01 Y=$84 S=$FD P=$25; nativeDelta=1; managed VIC line=$006 x=58 bad=False hold=False; native VIC line=$006 x=58 bad=False spriteDma=$00; cpuStealEligible=True cpuCycle=2 opcode=$AD delay=False
cycle 2044655: managed PC=$FF5E A=$06 X=$01 Y=$84 S=$FD P=$25; native PC=$FF5E A=$06 X=$01 Y=$84 S=$FD P=$25; nativeDelta=1; managed VIC line=$006 x=59 bad=False hold=False; native VIC line=$006 x=59 bad=False spriteDma=$00; cpuStealEligible=True cpuCycle=1 opcode=$AD delay=False
cycle 2044656: managed PC=$FF5E A=$06 X=$01 Y=$84 S=$FD P=$25; native PC=$FF5E A=$06 X=$01 Y=$84 S=$FD P=$25; nativeDelta=1; managed VIC line=$006 x=60 bad=False hold=False; native VIC line=$006 x=60 bad=False spriteDma=$00; cpuStealEligible=True cpuCycle=0 opcode=$AD delay=False
cycle 2044657: managed PC=$FF61 A=$06 X=$01 Y=$84 S=$FD P=$25; native PC=$FF61 A=$06 X=$01 Y=$84 S=$FD P=$25; nativeDelta=1; managed VIC line=$006 x=61 bad=False hold=False; native VIC line=$006 x=61 bad=False spriteDma=$00; cpuStealEligible=True cpuCycle=2 opcode=$D0 delay=False
cycle 2044658: managed PC=$FF61 A=$06 X=$01 Y=$84 S=$FD P=$25; native PC=$FF61 A=$06 X=$01 Y=$84 S=$FD P=$25; nativeDelta=1; managed VIC line=$006 x=62 bad=False hold=False; native VIC line=$006 x=62 bad=False spriteDma=$00; cpuStealEligible=True cpuCycle=1 opcode=$D0 delay=False
cycle 2044659: managed PC=$FF63 A=$06 X=$01 Y=$84 S=$FD P=$25; native PC=$FF63 A=$06 X=$01 Y=$84 S=$FD P=$25; nativeDelta=1; managed VIC line=$007 x=0 bad=False hold=False; native VIC line=$007 x=0 bad=False spriteDma=$00; cpuStealEligible=True cpuCycle=0 opcode=$D0 delay=False
cycle 2044660: managed PC=$FF5E A=$06 X=$01 Y=$84 S=$FD P=$25; native PC=$FF5E A=$06 X=$01 Y=$84 S=$FD P=$25; nativeDelta=1; managed VIC line=$007 x=1 bad=False hold=False; native VIC line=$007 x=1 bad=False spriteDma=$00; cpuStealEligible=True cpuCycle=3 opcode=$AD delay=False
cycle 2044661: managed PC=$FF5E A=$06 X=$01 Y=$84 S=$FD P=$25; native PC=$FF5E A=$06 X=$01 Y=$84 S=$FD P=$25; nativeDelta=1; managed VIC line=$007 x=2 bad=False hold=False; native VIC line=$007 x=2 bad=False spriteDma=$00; cpuStealEligible=True cpuCycle=2 opcode=$AD delay=False
cycle 2044662: managed PC=$FF5E A=$07 X=$01 Y=$84 S=$FD P=$25; native PC=$FF5E A=$06 X=$01 Y=$84 S=$FD P=$25; nativeDelta=1; managed VIC line=$007 x=3 bad=False hold=False; native VIC line=$007 x=3 bad=False spriteDma=$00; cpuStealEligible=True cpuCycle=1 opcode=$AD delay=False
managed screen: [                                                                                                                                                                                                                                                                                                                                                                                                                                                                                                                                                                                                                                                                                                                                                                                                                                                                                                                                                                                                                                        ]
native screen: [                                                                                                                                                                                                                                                                                                                                                                                                                                                                                                                                                                                                                                                                                                                                                                                                                                                                                                                                                                                                                                        ]
  Stack Trace:
     at ViceSharp.TestHarness.C64ColorRamPlaNativeTests.Wolf64Disk_ReportsFirstMismatchCycle() in F:\GitHub\vice-sharp\tests\ViceSharp.TestHarness\C64ColorRamPlaNativeTests.cs:line 93
   at System.Reflection.MethodBaseInvoker.InterpretedInvoke_Method(Object obj, IntPtr* args)
   at System.Reflection.MethodBaseInvoker.InvokeWithNoArgs(Object obj, BindingFlags invokeAttr)
Results File: F:\GitHub\vice-sharp\docs\receipts\wolf64-lockstep-20260916T170400Z\wolf64.trx

Failed!  - Failed:     1, Passed:     0, Skipped:     0, Total:     1, Duration: 22 s - ViceSharp.TestHarness.dll (net10.0)
