  Determining projects to restore...
  All projects are up-to-date for restore.
  ViceSharp.Protocol -> F:\GitHub\vice-sharp\src\ViceSharp.Protocol\bin\Release\net10.0\ViceSharp.Protocol.dll
  ViceSharp.Abstractions -> F:\GitHub\vice-sharp\src\ViceSharp.Abstractions\bin\Release\net10.0\ViceSharp.Abstractions.dll
  ViceSharp.RomFetch -> F:\GitHub\vice-sharp\src\ViceSharp.RomFetch\bin\Release\net10.0\ViceSharp.RomFetch.dll
  ViceSharp.Xbox.Input -> F:\GitHub\vice-sharp\src\ViceSharp.Xbox.Input\bin\Release\net10.0\ViceSharp.Xbox.Input.dll
  ViceSharp.Library.ViewModels -> F:\GitHub\vice-sharp\src\ViceSharp.Library.ViewModels\bin\Release\net10.0\ViceSharp.Library.ViewModels.dll
  ViceSharp.Xbox.ViewModels -> F:\GitHub\vice-sharp\src\ViceSharp.Xbox.ViewModels\bin\Release\net10.0\ViceSharp.Xbox.ViewModels.dll
  ViceSharp.Chips -> F:\GitHub\vice-sharp\src\ViceSharp.Chips\bin\Release\net10.0\ViceSharp.Chips.dll
  ViceSharp.RomM -> F:\GitHub\vice-sharp\src\ViceSharp.RomM\bin\Release\net10.0\ViceSharp.RomM.dll
  ViceSharp.Core -> F:\GitHub\vice-sharp\src\ViceSharp.Core\bin\Release\net10.0\ViceSharp.Core.dll
  ViceSharp.Monitor -> F:\GitHub\vice-sharp\src\ViceSharp.Monitor\bin\Release\net10.0\ViceSharp.Monitor.dll
  ViceSharp.Architectures -> F:\GitHub\vice-sharp\src\ViceSharp.Architectures\bin\Release\net10.0\ViceSharp.Architectures.dll
  ViceSharp.Launcher -> F:\GitHub\vice-sharp\src\ViceSharp.Launcher\bin\Release\net10.0\ViceSharp.Launcher.dll
  ViceSharp.Benchmarks -> F:\GitHub\vice-sharp\tests\ViceSharp.Benchmarks\bin\Release\net10.0\ViceSharp.Benchmarks.dll
  ViceSharp.AdhocHelper -> F:\GitHub\vice-sharp\src\ViceSharp.AdhocHelper\bin\Release\net10.0\ViceSharp.AdhocHelper.dll
  ViceSharp.Host.InProcess -> F:\GitHub\vice-sharp\src\ViceSharp.Host.InProcess\bin\Release\net10.0\ViceSharp.Host.InProcess.dll
  ViceSharp.Console -> F:\GitHub\vice-sharp\src\ViceSharp.Console\bin\Release\net10.0\ViceSharp.Console.dll
  ViceSharp.Xbox -> F:\GitHub\vice-sharp\src\ViceSharp.Xbox\bin\Release\net10.0\ViceSharp.Xbox.dll
  ViceSharp.Host -> F:\GitHub\vice-sharp\src\ViceSharp.Host\bin\Release\net10.0\ViceSharp.Host.dll
  ViceSharp.Avalonia -> F:\GitHub\vice-sharp\src\ViceSharp.Avalonia\bin\Release\net10.0\ViceSharp.Avalonia.dll
  ViceSharp.Host.MacOS -> F:\GitHub\vice-sharp\src\ViceSharp.Host.MacOS\bin\Release\net10.0\ViceSharp.Host.MacOS.dll
  ViceSharp.TestHarness -> F:\GitHub\vice-sharp\tests\ViceSharp.TestHarness\bin\Release\net10.0\ViceSharp.TestHarness.dll
Test run for F:\GitHub\vice-sharp\tests\ViceSharp.TestHarness\bin\Release\net10.0\ViceSharp.TestHarness.dll (.NETCoreApp,Version=v10.0)
A total of 1 test files matched the specified pattern.
[xUnit.net 00:00:13.72]     ViceSharp.TestHarness.Vic20.Vic20DivergeProbe.EveryCycle_CpuRegs_Match_TenSecondPal [FAIL]
  Failed ViceSharp.TestHarness.Vic20.Vic20DivergeProbe.EveryCycle_CpuRegs_Match_TenSecondPal [11 s]
  Error Message:
   DIV first=3533371 matchedCycles=3533370 budget=11084050
c=3533360 nPC=$EABE mPC=$EABE nA=$96 mA=$96 nX=$91 mX=$91 nY=$00 mY=$00 nS=$EB mS=$EB nP=$A4 mP=$A4 dbgCyc=0 op=$85 trail=1 nonOvlR=False nonOvlF=False dly=False stg=False irq=0 mis=False
c=3533361 nPC=$EABE mPC=$EABE nA=$96 mA=$96 nX=$91 mX=$91 nY=$00 mY=$00 nS=$EB mS=$EB nP=$A4 mP=$A4 dbgCyc=5 op=$60 trail=1 nonOvlR=False nonOvlF=False dly=False stg=False irq=0 mis=False
c=3533362 nPC=$EABE mPC=$EABE nA=$96 mA=$96 nX=$91 mX=$91 nY=$00 mY=$00 nS=$EB mS=$EB nP=$A4 mP=$A4 dbgCyc=4 op=$60 trail=1 nonOvlR=False nonOvlF=False dly=False stg=False irq=0 mis=False
c=3533363 nPC=$EABE mPC=$EABE nA=$96 mA=$96 nX=$91 mX=$91 nY=$00 mY=$00 nS=$EB mS=$EB nP=$A4 mP=$A4 dbgCyc=3 op=$60 trail=1 nonOvlR=False nonOvlF=False dly=False stg=False irq=0 mis=False
c=3533364 nPC=$EABE mPC=$EABE nA=$96 mA=$96 nX=$91 mX=$91 nY=$00 mY=$00 nS=$EC mS=$EC nP=$A4 mP=$A4 dbgCyc=2 op=$60 trail=1 nonOvlR=False nonOvlF=False dly=False stg=False irq=0 mis=False
c=3533365 nPC=$EABE mPC=$EABE nA=$96 mA=$96 nX=$91 mX=$91 nY=$00 mY=$00 nS=$ED mS=$ED nP=$A4 mP=$A4 dbgCyc=1 op=$60 trail=1 nonOvlR=False nonOvlF=False dly=False stg=False irq=0 mis=False
c=3533366 nPC=$EABE mPC=$EABE nA=$96 mA=$96 nX=$91 mX=$91 nY=$00 mY=$00 nS=$ED mS=$ED nP=$A4 mP=$A4 dbgCyc=0 op=$60 trail=1 nonOvlR=False nonOvlF=False dly=True stg=False irq=0 mis=False
c=3533367 nPC=$EAE0 mPC=$EAE0 nA=$96 mA=$96 nX=$91 mX=$91 nY=$00 mY=$00 nS=$ED mS=$ED nP=$A4 mP=$A4 dbgCyc=0 op=$60 trail=1 nonOvlR=False nonOvlF=False dly=False stg=False irq=0 mis=False
c=3533368 nPC=$EAE0 mPC=$EAE0 nA=$96 mA=$96 nX=$91 mX=$91 nY=$00 mY=$00 nS=$ED mS=$ED nP=$A4 mP=$A4 dbgCyc=4 op=$B1 trail=1 nonOvlR=False nonOvlF=False dly=False stg=False irq=0 mis=False
c=3533369 nPC=$EAE0 mPC=$EAE0 nA=$96 mA=$96 nX=$91 mX=$91 nY=$00 mY=$00 nS=$ED mS=$ED nP=$A4 mP=$A4 dbgCyc=3 op=$B1 trail=1 nonOvlR=False nonOvlF=False dly=False stg=False irq=0 mis=False
c=3533370 nPC=$EAE0 mPC=$EAE0 nA=$96 mA=$96 nX=$91 mX=$91 nY=$00 mY=$00 nS=$ED mS=$ED nP=$A4 mP=$A4 dbgCyc=2 op=$B1 trail=1 nonOvlR=False nonOvlF=False dly=False stg=False irq=0 mis=False
c=3533371 nPC=$EAE0 mPC=$EAE0 nA=$91 mA=$01 nX=$91 mX=$91 nY=$00 mY=$00 nS=$ED mS=$ED nP=$A4 mP=$A4 dbgCyc=1 op=$B1 trail=1 nonOvlR=False nonOvlF=False dly=False stg=True irq=0 mis=True
bus: m$C1=$00 m$C2=$20 n$C1=$00 n$C2=$20 m$C3=$6D m$C4=$FD n$C3=$6D n$C4=$FD m$0314=$BF n$0314=$BF
irqdiag: nLastOp=0xB1 nDelays=False nPend=0x2 nIrqClk=3533202 nClk=3533377 mDelays=False mBound=False mIrqSeq=0
indy: zp=$F3 mPtr=$966E nPtr=$966E mEff=$966E=$21 nEff=$966E=$91 mVBus=$20 mRast=157 mCycLine=56 mFetch=3 mBuf=20 n$9000=$0C m$9000=$0C n$9001=$26 m$9001=$26 n$9002=$96 m$9002=$96 n$9003=$AE n$9004=$4E m$9003=$AE m$9004=$4E

  Stack Trace:
     at ViceSharp.TestHarness.Vic20.Vic20DivergeProbe.RunEveryCycle(Int32 budget) in F:\GitHub\vice-sharp\tests\ViceSharp.TestHarness\Vic20\Vic20DivergeProbe.cs:line 197
   at ViceSharp.TestHarness.Vic20.Vic20DivergeProbe.EveryCycle_CpuRegs_Match_TenSecondPal() in F:\GitHub\vice-sharp\tests\ViceSharp.TestHarness\Vic20\Vic20DivergeProbe.cs:line 68
   at System.Reflection.MethodBaseInvoker.InterpretedInvoke_Method(Object obj, IntPtr* args)
   at System.Reflection.MethodBaseInvoker.InvokeWithNoArgs(Object obj, BindingFlags invokeAttr)
[xUnit.net 00:00:13.75]     ViceSharp.TestHarness.Vic20.Vic20DivergeProbe.EveryCycle_CpuRegs_Match_TwoSecondPal [FAIL]
  Failed ViceSharp.TestHarness.Vic20.Vic20DivergeProbe.EveryCycle_CpuRegs_Match_TwoSecondPal [23 ms]
  Error Message:
   DIV first=5513 matchedCycles=5512 budget=2216810
c=5502 nPC=$FDB3 mPC=$FDB3 nA=$00 mA=$00 nX=$04 mX=$04 nY=$00 mY=$00 nS=$FD mS=$FD nP=$24 mP=$24 dbgCyc=0 op=$D0 trail=2 nonOvlR=False nonOvlF=False dly=False stg=False irq=0 mis=False
c=5503 nPC=$FDB5 mPC=$FDB5 nA=$00 mA=$00 nX=$04 mX=$04 nY=$00 mY=$00 nS=$FD mS=$FD nP=$24 mP=$24 dbgCyc=5 op=$20 trail=1 nonOvlR=True nonOvlF=True dly=False stg=False irq=0 mis=False
c=5504 nPC=$FDB5 mPC=$FDB5 nA=$00 mA=$00 nX=$04 mX=$04 nY=$00 mY=$00 nS=$FD mS=$FD nP=$24 mP=$24 dbgCyc=4 op=$20 trail=1 nonOvlR=True nonOvlF=True dly=False stg=False irq=0 mis=False
c=5505 nPC=$FDB5 mPC=$FDB5 nA=$00 mA=$00 nX=$04 mX=$04 nY=$00 mY=$00 nS=$FD mS=$FD nP=$24 mP=$24 dbgCyc=3 op=$20 trail=1 nonOvlR=True nonOvlF=True dly=False stg=False irq=0 mis=False
c=5506 nPC=$FDB7 mPC=$FDB7 nA=$00 mA=$00 nX=$04 mX=$04 nY=$00 mY=$00 nS=$FC mS=$FC nP=$24 mP=$24 dbgCyc=2 op=$20 trail=1 nonOvlR=True nonOvlF=True dly=False stg=False irq=0 mis=False
c=5507 nPC=$FDB7 mPC=$FDB7 nA=$00 mA=$00 nX=$04 mX=$04 nY=$00 mY=$00 nS=$FB mS=$FB nP=$24 mP=$24 dbgCyc=1 op=$20 trail=1 nonOvlR=True nonOvlF=True dly=False stg=False irq=0 mis=False
c=5508 nPC=$FDB7 mPC=$FDB7 nA=$00 mA=$00 nX=$04 mX=$04 nY=$00 mY=$00 nS=$FB mS=$FB nP=$24 mP=$24 dbgCyc=0 op=$20 trail=1 nonOvlR=True nonOvlF=True dly=False stg=False irq=0 mis=False
c=5509 nPC=$FE91 mPC=$FE91 nA=$00 mA=$00 nX=$04 mX=$04 nY=$00 mY=$00 nS=$FB mS=$FB nP=$24 mP=$24 dbgCyc=4 op=$B1 trail=3 nonOvlR=True nonOvlF=True dly=False stg=False irq=0 mis=False
c=5510 nPC=$FE91 mPC=$FE91 nA=$00 mA=$00 nX=$04 mX=$04 nY=$00 mY=$00 nS=$FB mS=$FB nP=$24 mP=$24 dbgCyc=3 op=$B1 trail=3 nonOvlR=True nonOvlF=True dly=False stg=False irq=0 mis=False
c=5511 nPC=$FE91 mPC=$FE91 nA=$00 mA=$00 nX=$04 mX=$04 nY=$00 mY=$00 nS=$FB mS=$FB nP=$24 mP=$24 dbgCyc=2 op=$B1 trail=3 nonOvlR=True nonOvlF=True dly=False stg=False irq=0 mis=False
c=5512 nPC=$FE91 mPC=$FE91 nA=$00 mA=$00 nX=$04 mX=$04 nY=$00 mY=$00 nS=$FB mS=$FB nP=$24 mP=$24 dbgCyc=1 op=$B1 trail=3 nonOvlR=True nonOvlF=True dly=False stg=True irq=0 mis=False
c=5513 nPC=$FE91 mPC=$FE91 nA=$22 mA=$04 nX=$04 mX=$04 nY=$00 mY=$00 nS=$FB mS=$FB nP=$24 mP=$24 dbgCyc=0 op=$B1 trail=3 nonOvlR=True nonOvlF=True dly=False stg=False irq=0 mis=True
bus: m$C1=$0A m$C2=$04 n$C1=$0A n$C2=$04 m$C3=$00 m$C4=$00 n$C3=$00 n$C4=$00 m$0314=$00 n$0314=$00
irqdiag: nLastOp=0xB1 nDelays=False nPend=0x0 nIrqClk=0 nClk=5519 mDelays=False mBound=False mIrqSeq=0
indy: zp=$C1 mPtr=$040A nPtr=$040A mEff=$040A=$04 nEff=$040A=$FF mVBus=$04 mRast=77 mCycLine=46 mFetch=0 mBuf=0 n$9000=$0C m$9000=$00 n$9001=$26 m$9001=$00 n$9002=$96 m$9002=$00 n$9003=$AE n$9004=$26 m$9003=$80 m$9004=$26

  Stack Trace:
     at ViceSharp.TestHarness.Vic20.Vic20DivergeProbe.RunEveryCycle(Int32 budget) in F:\GitHub\vice-sharp\tests\ViceSharp.TestHarness\Vic20\Vic20DivergeProbe.cs:line 197
   at ViceSharp.TestHarness.Vic20.Vic20DivergeProbe.EveryCycle_CpuRegs_Match_TwoSecondPal() in F:\GitHub\vice-sharp\tests\ViceSharp.TestHarness\Vic20\Vic20DivergeProbe.cs:line 51
   at System.Reflection.MethodBaseInvoker.InterpretedInvoke_Method(Object obj, IntPtr* args)
   at System.Reflection.MethodBaseInvoker.InvokeWithNoArgs(Object obj, BindingFlags invokeAttr)

Failed!  - Failed:     2, Passed:     0, Skipped:     0, Total:     2, Duration: 11 s - ViceSharp.TestHarness.dll (net10.0)
