Test run for F:\GitHub\vice-sharp\tests\ViceSharp.TestHarness\bin\Release\net10.0\ViceSharp.TestHarness.dll (.NETCoreApp,Version=v10.0)
A total of 1 test files matched the specified pattern.
[xUnit.net 00:00:04.20]     ViceSharp.TestHarness.Vic20.Vic20DivergeProbe.EveryCycle_CpuRegs_Match_TwoSecondPal [FAIL]
  Failed ViceSharp.TestHarness.Vic20.Vic20DivergeProbe.EveryCycle_CpuRegs_Match_TwoSecondPal [2 s]
  Error Message:
   DIV first=540231 matchedCycles=540230 budget=2216810
c=540220 nPC=$D925 mPC=$D925 nA=$01 mA=$01 nX=$0D mX=$0D nY=$00 mY=$00 nS=$F9 mS=$F9 nP=$22 mP=$22 dbgCyc=4 op=$26 trail=3 nonOvlR=True nonOvlF=True dly=False stg=False irq=0 mis=False
c=540221 nPC=$D925 mPC=$D925 nA=$01 mA=$01 nX=$0D mX=$0D nY=$00 mY=$00 nS=$F9 mS=$F9 nP=$22 mP=$22 dbgCyc=3 op=$26 trail=3 nonOvlR=True nonOvlF=True dly=False stg=False irq=0 mis=False
c=540222 nPC=$D927 mPC=$D927 nA=$01 mA=$01 nX=$0D mX=$0D nY=$00 mY=$00 nS=$F9 mS=$F9 nP=$A1 mP=$A1 dbgCyc=2 op=$26 trail=3 nonOvlR=True nonOvlF=True dly=False stg=False irq=0 mis=False
c=540223 nPC=$D927 mPC=$D927 nA=$01 mA=$01 nX=$0D mX=$0D nY=$00 mY=$00 nS=$F9 mS=$F9 nP=$A1 mP=$A1 dbgCyc=1 op=$26 trail=3 nonOvlR=True nonOvlF=True dly=False stg=False irq=0 mis=False
c=540224 nPC=$D927 mPC=$D927 nA=$01 mA=$01 nX=$0D mX=$0D nY=$00 mY=$00 nS=$F9 mS=$F9 nP=$A1 mP=$A1 dbgCyc=0 op=$26 trail=3 nonOvlR=True nonOvlF=True dly=False stg=False irq=0 mis=False
c=540225 nPC=$D927 mPC=$D927 nA=$01 mA=$01 nX=$0D mX=$0D nY=$00 mY=$00 nS=$F9 mS=$F9 nP=$A1 mP=$A1 dbgCyc=4 op=$26 trail=3 nonOvlR=True nonOvlF=True dly=False stg=False irq=0 mis=False
c=540226 nPC=$D927 mPC=$D927 nA=$01 mA=$01 nX=$0D mX=$0D nY=$00 mY=$00 nS=$F9 mS=$F9 nP=$A1 mP=$A1 dbgCyc=3 op=$26 trail=3 nonOvlR=True nonOvlF=True dly=False stg=False irq=0 mis=False
c=540227 nPC=$D929 mPC=$D929 nA=$01 mA=$01 nX=$0D mX=$0D nY=$00 mY=$00 nS=$F9 mS=$F9 nP=$20 mP=$20 dbgCyc=2 op=$26 trail=3 nonOvlR=True nonOvlF=True dly=False stg=False irq=0 mis=False
c=540228 nPC=$D929 mPC=$D929 nA=$01 mA=$01 nX=$0D mX=$0D nY=$00 mY=$00 nS=$F9 mS=$F9 nP=$20 mP=$20 dbgCyc=1 op=$26 trail=3 nonOvlR=True nonOvlF=True dly=False stg=False irq=0 mis=False
c=540229 nPC=$D929 mPC=$D929 nA=$01 mA=$01 nX=$0D mX=$0D nY=$00 mY=$00 nS=$F9 mS=$F9 nP=$20 mP=$20 dbgCyc=0 op=$26 trail=3 nonOvlR=True nonOvlF=True dly=False stg=False irq=0 mis=False
c=540230 nPC=$D929 mPC=$D929 nA=$01 mA=$01 nX=$0D mX=$0D nY=$00 mY=$00 nS=$F9 mS=$F9 nP=$20 mP=$20 dbgCyc=2 op=$10 trail=3 nonOvlR=True nonOvlF=True dly=False stg=False irq=0 mis=False
c=540231 nPC=$D92B mPC=$D929 nA=$01 mA=$01 nX=$0D mX=$0D nY=$00 mY=$00 nS=$F9 mS=$F9 nP=$20 mP=$20 dbgCyc=1 op=$10 trail=3 nonOvlR=True nonOvlF=True dly=False stg=False irq=0 mis=True
bus: m$C1=$00 m$C2=$20 n$C1=$00 n$C2=$20 m$C3=$6D m$C4=$FD n$C3=$6D n$C4=$FD m$0314=$BF n$0314=$BF

  Stack Trace:
     at ViceSharp.TestHarness.Vic20.Vic20DivergeProbe.RunEveryCycle(Int32 budget) in F:\GitHub\vice-sharp\tests\ViceSharp.TestHarness\Vic20\Vic20DivergeProbe.cs:line 123
   at ViceSharp.TestHarness.Vic20.Vic20DivergeProbe.EveryCycle_CpuRegs_Match_TwoSecondPal() in F:\GitHub\vice-sharp\tests\ViceSharp.TestHarness\Vic20\Vic20DivergeProbe.cs:line 47
   at System.Reflection.MethodBaseInvoker.InterpretedInvoke_Method(Object obj, IntPtr* args)
   at System.Reflection.MethodBaseInvoker.InvokeWithNoArgs(Object obj, BindingFlags invokeAttr)

Failed!  - Failed:     1, Passed:     0, Skipped:     0, Total:     1, Duration: 2 s - ViceSharp.TestHarness.dll (net10.0)
