Test run for F:\GitHub\vice-sharp\tests\ViceSharp.TestHarness\bin\Release\net10.0\ViceSharp.TestHarness.dll (.NETCoreApp,Version=v10.0)
A total of 1 test files matched the specified pattern.
[xUnit.net 00:00:03.89]     ViceSharp.TestHarness.Vic20.Vic20DivergeProbe.EveryCycle_CpuRegs_Match_TwoSecondPal [FAIL]
  Failed ViceSharp.TestHarness.Vic20.Vic20DivergeProbe.EveryCycle_CpuRegs_Match_TwoSecondPal [2 s]
  Error Message:
   DIV first=522430 matchedCycles=522429 budget=2216810
c=522419 nPC=$EB2A mPC=$EB2A nA=$00 mA=$00 nX=$00 mX=$00 nY=$40 mY=$40 nS=$E6 mS=$E6 nP=$25 mP=$25 dbgCyc=0 op=$8D trail=1 nonOvlR=True nonOvlF=True dly=False stg=False irq=0 mis=False
c=522420 nPC=$EB2A mPC=$EB2A nA=$00 mA=$00 nX=$00 mX=$00 nY=$40 mY=$40 nS=$E6 mS=$E6 nP=$25 mP=$25 dbgCyc=3 op=$AE trail=1 nonOvlR=True nonOvlF=True dly=False stg=False irq=0 mis=False
c=522421 nPC=$EB2A mPC=$EB2A nA=$00 mA=$00 nX=$00 mX=$00 nY=$40 mY=$40 nS=$E6 mS=$E6 nP=$25 mP=$25 dbgCyc=2 op=$AE trail=1 nonOvlR=True nonOvlF=True dly=False stg=False irq=0 mis=False
c=522422 nPC=$EB2A mPC=$EB2A nA=$00 mA=$00 nX=$00 mX=$00 nY=$40 mY=$40 nS=$E6 mS=$E6 nP=$25 mP=$25 dbgCyc=1 op=$AE trail=1 nonOvlR=True nonOvlF=True dly=False stg=True irq=0 mis=False
c=522423 nPC=$EB2A mPC=$EB2A nA=$00 mA=$00 nX=$FF mX=$FF nY=$40 mY=$40 nS=$E6 mS=$E6 nP=$25 mP=$25 dbgCyc=0 op=$AE trail=1 nonOvlR=True nonOvlF=True dly=False stg=False irq=0 mis=False
c=522424 nPC=$EB2D mPC=$EB2D nA=$00 mA=$00 nX=$FF mX=$FF nY=$40 mY=$40 nS=$E6 mS=$E6 nP=$A5 mP=$A5 dbgCyc=1 op=$E0 trail=0 nonOvlR=True nonOvlF=True dly=False stg=False irq=0 mis=False
c=522425 nPC=$EB2D mPC=$EB2D nA=$00 mA=$00 nX=$FF mX=$FF nY=$40 mY=$40 nS=$E6 mS=$E6 nP=$A5 mP=$A5 dbgCyc=0 op=$E0 trail=0 nonOvlR=True nonOvlF=True dly=False stg=False irq=0 mis=False
c=522426 nPC=$EB2F mPC=$EB2F nA=$00 mA=$00 nX=$FF mX=$FF nY=$40 mY=$40 nS=$E6 mS=$E6 nP=$27 mP=$27 dbgCyc=2 op=$F0 trail=0 nonOvlR=True nonOvlF=True dly=False stg=False irq=0 mis=False
c=522427 nPC=$EB2F mPC=$EB2F nA=$00 mA=$00 nX=$FF mX=$FF nY=$40 mY=$40 nS=$E6 mS=$E6 nP=$27 mP=$27 dbgCyc=1 op=$F0 trail=0 nonOvlR=True nonOvlF=True dly=False stg=False irq=0 mis=False
c=522428 nPC=$EB31 mPC=$EB31 nA=$00 mA=$00 nX=$FF mX=$FF nY=$40 mY=$40 nS=$E6 mS=$E6 nP=$27 mP=$27 dbgCyc=0 op=$F0 trail=0 nonOvlR=True nonOvlF=True dly=False stg=False irq=0 mis=False
c=522429 nPC=$EB8F mPC=$EB8F nA=$00 mA=$00 nX=$FF mX=$FF nY=$40 mY=$40 nS=$E6 mS=$E6 nP=$27 mP=$27 dbgCyc=1 op=$F0 trail=1 nonOvlR=True nonOvlF=True dly=False stg=False irq=0 mis=False
c=522430 nPC=$EB8F mPC=$EB91 nA=$00 mA=$00 nX=$FF mX=$FF nY=$40 mY=$40 nS=$E6 mS=$E6 nP=$27 mP=$27 dbgCyc=0 op=$F0 trail=1 nonOvlR=True nonOvlF=True dly=False stg=False irq=0 mis=True
bus: m$C1=$00 m$C2=$20 n$C1=$00 n$C2=$20 m$C3=$6D m$C4=$FD n$C3=$6D n$C4=$FD m$0314=$BF n$0314=$BF

  Stack Trace:
     at ViceSharp.TestHarness.Vic20.Vic20DivergeProbe.RunEveryCycle(Int32 budget) in F:\GitHub\vice-sharp\tests\ViceSharp.TestHarness\Vic20\Vic20DivergeProbe.cs:line 123
   at ViceSharp.TestHarness.Vic20.Vic20DivergeProbe.EveryCycle_CpuRegs_Match_TwoSecondPal() in F:\GitHub\vice-sharp\tests\ViceSharp.TestHarness\Vic20\Vic20DivergeProbe.cs:line 47
   at System.Reflection.MethodBaseInvoker.InterpretedInvoke_Method(Object obj, IntPtr* args)
   at System.Reflection.MethodBaseInvoker.InvokeWithNoArgs(Object obj, BindingFlags invokeAttr)

Failed!  - Failed:     1, Passed:     0, Skipped:     0, Total:     1, Duration: 2 s - ViceSharp.TestHarness.dll (net10.0)
