Test run for F:\GitHub\vice-sharp\tests\ViceSharp.TestHarness\bin\Release\net10.0\ViceSharp.TestHarness.dll (.NETCoreApp,Version=v10.0)
A total of 1 test files matched the specified pattern.
[xUnit.net 00:00:04.04]     ViceSharp.TestHarness.Vic20.Vic20DivergeProbe.EveryCycle_CpuRegs_Match_TwoSecondPal [FAIL]
  Failed ViceSharp.TestHarness.Vic20.Vic20DivergeProbe.EveryCycle_CpuRegs_Match_TwoSecondPal [2 s]
  Error Message:
   DIV first=532024 matchedCycles=532023 budget=2216810
c=532013 nPC=$E10E mPC=$E10E nA=$93 mA=$93 nX=$18 mX=$18 nY=$00 mY=$00 nS=$F7 mS=$F7 nP=$A0 mP=$A0 dbgCyc=5 op=$60 trail=1 nonOvlR=False nonOvlF=False dly=False stg=False irq=0 mis=False
c=532014 nPC=$E10E mPC=$E10E nA=$93 mA=$93 nX=$18 mX=$18 nY=$00 mY=$00 nS=$F7 mS=$F7 nP=$A0 mP=$A0 dbgCyc=4 op=$60 trail=1 nonOvlR=False nonOvlF=False dly=False stg=False irq=0 mis=False
c=532015 nPC=$E10E mPC=$E10E nA=$93 mA=$93 nX=$18 mX=$18 nY=$00 mY=$00 nS=$F7 mS=$F7 nP=$A0 mP=$A0 dbgCyc=3 op=$60 trail=1 nonOvlR=False nonOvlF=False dly=False stg=False irq=0 mis=False
c=532016 nPC=$E10E mPC=$E10E nA=$93 mA=$93 nX=$18 mX=$18 nY=$00 mY=$00 nS=$F8 mS=$F8 nP=$A0 mP=$A0 dbgCyc=2 op=$60 trail=1 nonOvlR=False nonOvlF=False dly=False stg=False irq=0 mis=False
c=532017 nPC=$E10E mPC=$E10E nA=$93 mA=$93 nX=$18 mX=$18 nY=$00 mY=$00 nS=$F9 mS=$F9 nP=$A0 mP=$A0 dbgCyc=1 op=$60 trail=1 nonOvlR=False nonOvlF=False dly=False stg=False irq=0 mis=False
c=532018 nPC=$E10E mPC=$E10E nA=$93 mA=$93 nX=$18 mX=$18 nY=$00 mY=$00 nS=$F9 mS=$F9 nP=$A0 mP=$A0 dbgCyc=0 op=$60 trail=1 nonOvlR=False nonOvlF=False dly=True stg=False irq=0 mis=False
c=532019 nPC=$CB4A mPC=$CB4A nA=$93 mA=$93 nX=$18 mX=$18 nY=$00 mY=$00 nS=$F9 mS=$F9 nP=$A0 mP=$A0 dbgCyc=0 op=$60 trail=1 nonOvlR=False nonOvlF=False dly=False stg=False irq=0 mis=False
c=532020 nPC=$CB4A mPC=$CB4A nA=$93 mA=$93 nX=$18 mX=$18 nY=$00 mY=$00 nS=$F9 mS=$F9 nP=$A0 mP=$A0 dbgCyc=1 op=$29 trail=7 nonOvlR=False nonOvlF=False dly=False stg=False irq=0 mis=False
c=532021 nPC=$CB4C mPC=$CB4C nA=$93 mA=$93 nX=$18 mX=$18 nY=$00 mY=$00 nS=$F9 mS=$F9 nP=$A0 mP=$A0 dbgCyc=0 op=$29 trail=7 nonOvlR=False nonOvlF=False dly=False stg=False irq=0 mis=False
c=532022 nPC=$CB4C mPC=$CB4C nA=$93 mA=$93 nX=$18 mX=$18 nY=$00 mY=$00 nS=$F9 mS=$F9 nP=$A0 mP=$A0 dbgCyc=5 op=$60 trail=1 nonOvlR=False nonOvlF=False dly=False stg=False irq=0 mis=False
c=532023 nPC=$CB4C mPC=$CB4C nA=$93 mA=$93 nX=$18 mX=$18 nY=$00 mY=$00 nS=$F9 mS=$F9 nP=$A0 mP=$A0 dbgCyc=4 op=$60 trail=1 nonOvlR=False nonOvlF=False dly=False stg=False irq=0 mis=False
c=532024 nPC=$CB4C mPC=$CB4C nA=$93 mA=$93 nX=$18 mX=$18 nY=$00 mY=$00 nS=$FA mS=$F9 nP=$A0 mP=$A0 dbgCyc=3 op=$60 trail=1 nonOvlR=False nonOvlF=False dly=False stg=False irq=0 mis=True
bus: m$C1=$00 m$C2=$20 n$C1=$00 n$C2=$20 m$C3=$6D m$C4=$FD n$C3=$6D n$C4=$FD m$0314=$BF n$0314=$BF

  Stack Trace:
     at ViceSharp.TestHarness.Vic20.Vic20DivergeProbe.RunEveryCycle(Int32 budget) in F:\GitHub\vice-sharp\tests\ViceSharp.TestHarness\Vic20\Vic20DivergeProbe.cs:line 123
   at ViceSharp.TestHarness.Vic20.Vic20DivergeProbe.EveryCycle_CpuRegs_Match_TwoSecondPal() in F:\GitHub\vice-sharp\tests\ViceSharp.TestHarness\Vic20\Vic20DivergeProbe.cs:line 47
   at System.Reflection.MethodBaseInvoker.InterpretedInvoke_Method(Object obj, IntPtr* args)
   at System.Reflection.MethodBaseInvoker.InvokeWithNoArgs(Object obj, BindingFlags invokeAttr)

Failed!  - Failed:     1, Passed:     0, Skipped:     0, Total:     1, Duration: 2 s - ViceSharp.TestHarness.dll (net10.0)
