Test run for F:\GitHub\vice-sharp\tests\ViceSharp.TestHarness\bin\Release\net10.0\ViceSharp.TestHarness.dll (.NETCoreApp,Version=v10.0)
A total of 1 test files matched the specified pattern.
[xUnit.net 00:00:04.06]     ViceSharp.TestHarness.Vic20.Vic20DivergeProbe.EveryCycle_CpuRegs_Match_TwoSecondPal [FAIL]
  Failed ViceSharp.TestHarness.Vic20.Vic20DivergeProbe.EveryCycle_CpuRegs_Match_TwoSecondPal [2 s]
  Error Message:
   DIV first=540730 matchedCycles=540729 budget=2216810
c=540719 nPC=$D899 mPC=$D899 nA=$FE mA=$FE nX=$61 mX=$61 nY=$00 mY=$00 nS=$F5 mS=$F5 nP=$21 mP=$21 dbgCyc=0 op=$C9 trail=1 nonOvlR=False nonOvlF=False dly=False stg=False irq=0 mis=False
c=540720 nPC=$D899 mPC=$D899 nA=$FE mA=$FE nX=$61 mX=$61 nY=$00 mY=$00 nS=$F5 mS=$F5 nP=$21 mP=$21 dbgCyc=1 op=$30 trail=1 nonOvlR=False nonOvlF=False dly=False stg=False irq=0 mis=False
c=540721 nPC=$D89B mPC=$D89B nA=$FE mA=$FE nX=$61 mX=$61 nY=$00 mY=$00 nS=$F5 mS=$F5 nP=$21 mP=$21 dbgCyc=0 op=$30 trail=1 nonOvlR=False nonOvlF=False dly=False stg=False irq=0 mis=False
c=540722 nPC=$D89B mPC=$D89B nA=$FE mA=$FE nX=$61 mX=$61 nY=$00 mY=$00 nS=$F5 mS=$F5 nP=$21 mP=$21 dbgCyc=1 op=$A8 trail=1 nonOvlR=False nonOvlF=False dly=False stg=False irq=0 mis=False
c=540723 nPC=$D89C mPC=$D89C nA=$FE mA=$FE nX=$61 mX=$61 nY=$FE mY=$FE nS=$F5 mS=$F5 nP=$A1 mP=$A1 dbgCyc=0 op=$A8 trail=1 nonOvlR=False nonOvlF=False dly=False stg=False irq=0 mis=False
c=540724 nPC=$D89C mPC=$D89C nA=$FE mA=$FE nX=$61 mX=$61 nY=$FE mY=$FE nS=$F5 mS=$F5 nP=$A1 mP=$A1 dbgCyc=2 op=$A5 trail=0 nonOvlR=False nonOvlF=False dly=False stg=False irq=0 mis=False
c=540725 nPC=$D89C mPC=$D89C nA=$00 mA=$00 nX=$61 mX=$61 nY=$FE mY=$FE nS=$F5 mS=$F5 nP=$A1 mP=$A1 dbgCyc=1 op=$A5 trail=0 nonOvlR=False nonOvlF=False dly=False stg=True irq=0 mis=False
c=540726 nPC=$D89E mPC=$D89E nA=$00 mA=$00 nX=$61 mX=$61 nY=$FE mY=$FE nS=$F5 mS=$F5 nP=$23 mP=$23 dbgCyc=0 op=$A5 trail=0 nonOvlR=False nonOvlF=False dly=False stg=False irq=0 mis=False
c=540727 nPC=$D89E mPC=$D89E nA=$00 mA=$00 nX=$61 mX=$61 nY=$FE mY=$FE nS=$F5 mS=$F5 nP=$23 mP=$23 dbgCyc=5 op=$56 trail=1 nonOvlR=False nonOvlF=False dly=False stg=False irq=0 mis=False
c=540728 nPC=$D89E mPC=$D89E nA=$00 mA=$00 nX=$61 mX=$61 nY=$FE mY=$FE nS=$F5 mS=$F5 nP=$23 mP=$23 dbgCyc=4 op=$56 trail=1 nonOvlR=False nonOvlF=False dly=False stg=False irq=0 mis=False
c=540729 nPC=$D89E mPC=$D89E nA=$00 mA=$00 nX=$61 mX=$61 nY=$FE mY=$FE nS=$F5 mS=$F5 nP=$23 mP=$23 dbgCyc=3 op=$56 trail=1 nonOvlR=False nonOvlF=False dly=False stg=False irq=0 mis=False
c=540730 nPC=$D8A0 mPC=$D89E nA=$00 mA=$00 nX=$61 mX=$61 nY=$FE mY=$FE nS=$F5 mS=$F5 nP=$21 mP=$23 dbgCyc=2 op=$56 trail=1 nonOvlR=False nonOvlF=False dly=False stg=False irq=0 mis=True
bus: m$C1=$00 m$C2=$20 n$C1=$00 n$C2=$20 m$C3=$6D m$C4=$FD n$C3=$6D n$C4=$FD m$0314=$BF n$0314=$BF

  Stack Trace:
     at ViceSharp.TestHarness.Vic20.Vic20DivergeProbe.RunEveryCycle(Int32 budget) in F:\GitHub\vice-sharp\tests\ViceSharp.TestHarness\Vic20\Vic20DivergeProbe.cs:line 123
   at ViceSharp.TestHarness.Vic20.Vic20DivergeProbe.EveryCycle_CpuRegs_Match_TwoSecondPal() in F:\GitHub\vice-sharp\tests\ViceSharp.TestHarness\Vic20\Vic20DivergeProbe.cs:line 47
   at System.Reflection.MethodBaseInvoker.InterpretedInvoke_Method(Object obj, IntPtr* args)
   at System.Reflection.MethodBaseInvoker.InvokeWithNoArgs(Object obj, BindingFlags invokeAttr)

Failed!  - Failed:     1, Passed:     0, Skipped:     0, Total:     1, Duration: 2 s - ViceSharp.TestHarness.dll (net10.0)
