Test run for F:\GitHub\vice-sharp\tests\ViceSharp.TestHarness\bin\Release\net10.0\ViceSharp.TestHarness.dll (.NETCoreApp,Version=v10.0)
A total of 1 test files matched the specified pattern.
[xUnit.net 00:00:03.90]     ViceSharp.TestHarness.Vic20.Vic20DivergeProbe.EveryCycle_CpuRegs_Match_TwoSecondPal [FAIL]
  Failed ViceSharp.TestHarness.Vic20.Vic20DivergeProbe.EveryCycle_CpuRegs_Match_TwoSecondPal [2 s]
  Error Message:
   DIV first=517861 matchedCycles=517860 budget=2216810
c=517850 nPC=$E406 mPC=$E406 nA=$01 mA=$01 nX=$00 mX=$00 nY=$00 mY=$00 nS=$FD mS=$FD nP=$21 mP=$21 dbgCyc=2 op=$A4 trail=1 nonOvlR=False nonOvlF=False dly=False stg=False irq=0 mis=False
c=517851 nPC=$E406 mPC=$E406 nA=$01 mA=$01 nX=$00 mX=$00 nY=$10 mY=$10 nS=$FD mS=$FD nP=$21 mP=$21 dbgCyc=1 op=$A4 trail=1 nonOvlR=False nonOvlF=False dly=False stg=True irq=0 mis=False
c=517852 nPC=$E408 mPC=$E408 nA=$01 mA=$01 nX=$00 mX=$00 nY=$10 mY=$10 nS=$FD mS=$FD nP=$21 mP=$21 dbgCyc=0 op=$A4 trail=1 nonOvlR=False nonOvlF=False dly=False stg=False irq=0 mis=False
c=517853 nPC=$E408 mPC=$E408 nA=$01 mA=$01 nX=$00 mX=$00 nY=$10 mY=$10 nS=$FD mS=$FD nP=$21 mP=$21 dbgCyc=5 op=$20 trail=1 nonOvlR=False nonOvlF=False dly=False stg=False irq=0 mis=False
c=517854 nPC=$E408 mPC=$E408 nA=$01 mA=$01 nX=$00 mX=$00 nY=$10 mY=$10 nS=$FD mS=$FD nP=$21 mP=$21 dbgCyc=4 op=$20 trail=1 nonOvlR=False nonOvlF=False dly=False stg=False irq=0 mis=False
c=517855 nPC=$E40A mPC=$E40A nA=$01 mA=$01 nX=$00 mX=$00 nY=$10 mY=$10 nS=$FC mS=$FC nP=$21 mP=$21 dbgCyc=3 op=$20 trail=1 nonOvlR=False nonOvlF=False dly=False stg=False irq=0 mis=False
c=517856 nPC=$E40A mPC=$E40A nA=$01 mA=$01 nX=$00 mX=$00 nY=$10 mY=$10 nS=$FB mS=$FB nP=$21 mP=$21 dbgCyc=2 op=$20 trail=1 nonOvlR=False nonOvlF=False dly=False stg=False irq=0 mis=False
c=517857 nPC=$E40A mPC=$E40A nA=$01 mA=$01 nX=$00 mX=$00 nY=$10 mY=$10 nS=$FB mS=$FB nP=$21 mP=$21 dbgCyc=1 op=$20 trail=1 nonOvlR=False nonOvlF=False dly=False stg=False irq=0 mis=False
c=517858 nPC=$C408 mPC=$C408 nA=$01 mA=$01 nX=$00 mX=$00 nY=$10 mY=$10 nS=$FB mS=$FB nP=$21 mP=$21 dbgCyc=0 op=$20 trail=1 nonOvlR=False nonOvlF=False dly=False stg=False irq=0 mis=False
c=517859 nPC=$C408 mPC=$C408 nA=$01 mA=$01 nX=$00 mX=$00 nY=$10 mY=$10 nS=$FB mS=$FB nP=$21 mP=$21 dbgCyc=2 op=$C4 trail=4 nonOvlR=False nonOvlF=False dly=False stg=False irq=0 mis=False
c=517860 nPC=$C408 mPC=$C408 nA=$01 mA=$01 nX=$00 mX=$00 nY=$10 mY=$10 nS=$FB mS=$FB nP=$21 mP=$21 dbgCyc=1 op=$C4 trail=4 nonOvlR=False nonOvlF=False dly=False stg=False irq=0 mis=False
c=517861 nPC=$C40A mPC=$C408 nA=$01 mA=$01 nX=$00 mX=$00 nY=$10 mY=$10 nS=$FB mS=$FB nP=$A0 mP=$21 dbgCyc=0 op=$C4 trail=4 nonOvlR=False nonOvlF=False dly=False stg=False irq=0 mis=True
bus: m$C1=$00 m$C2=$20 n$C1=$00 n$C2=$20 m$C3=$6D m$C4=$FD n$C3=$6D n$C4=$FD m$0314=$BF n$0314=$BF

  Stack Trace:
     at ViceSharp.TestHarness.Vic20.Vic20DivergeProbe.RunEveryCycle(Int32 budget) in F:\GitHub\vice-sharp\tests\ViceSharp.TestHarness\Vic20\Vic20DivergeProbe.cs:line 123
   at ViceSharp.TestHarness.Vic20.Vic20DivergeProbe.EveryCycle_CpuRegs_Match_TwoSecondPal() in F:\GitHub\vice-sharp\tests\ViceSharp.TestHarness\Vic20\Vic20DivergeProbe.cs:line 47
   at System.Reflection.MethodBaseInvoker.InterpretedInvoke_Method(Object obj, IntPtr* args)
   at System.Reflection.MethodBaseInvoker.InvokeWithNoArgs(Object obj, BindingFlags invokeAttr)

Failed!  - Failed:     1, Passed:     0, Skipped:     0, Total:     1, Duration: 2 s - ViceSharp.TestHarness.dll (net10.0)
