Test run for F:\GitHub\vice-sharp\tests\ViceSharp.TestHarness\bin\Release\net10.0\ViceSharp.TestHarness.dll (.NETCoreApp,Version=v10.0)
A total of 1 test files matched the specified pattern.
[xUnit.net 00:00:02.52]     ViceSharp.TestHarness.Vic20.Vic20DivergeProbe.EveryCycle_CpuRegs_Match_TwoSecondPal [FAIL]
  Failed ViceSharp.TestHarness.Vic20.Vic20DivergeProbe.EveryCycle_CpuRegs_Match_TwoSecondPal [797 ms]
  Error Message:
   DIV first=4977 matchedCycles=4976 budget=2216810
c=4966 nPC=$FE98 mPC=$FE98 nA=$55 mA=$55 nX=$04 mX=$04 nY=$00 mY=$00 nS=$FB mS=$FB nP=$25 mP=$25 dbgCyc=0 op=$91 trail=1 nonOvlR=False nonOvlF=False dly=False stg=False irq=0 mis=False
c=4967 nPC=$FE98 mPC=$FE98 nA=$55 mA=$55 nX=$04 mX=$04 nY=$00 mY=$00 nS=$FB mS=$FB nP=$25 mP=$25 dbgCyc=4 op=$D1 trail=5 nonOvlR=False nonOvlF=False dly=False stg=False irq=0 mis=False
c=4968 nPC=$FE98 mPC=$FE98 nA=$55 mA=$55 nX=$04 mX=$04 nY=$00 mY=$00 nS=$FB mS=$FB nP=$25 mP=$25 dbgCyc=3 op=$D1 trail=5 nonOvlR=False nonOvlF=False dly=False stg=False irq=0 mis=False
c=4969 nPC=$FE98 mPC=$FE98 nA=$55 mA=$55 nX=$04 mX=$04 nY=$00 mY=$00 nS=$FB mS=$FB nP=$25 mP=$25 dbgCyc=2 op=$D1 trail=5 nonOvlR=False nonOvlF=False dly=False stg=False irq=0 mis=False
c=4970 nPC=$FE98 mPC=$FE98 nA=$55 mA=$55 nX=$04 mX=$04 nY=$00 mY=$00 nS=$FB mS=$FB nP=$25 mP=$25 dbgCyc=1 op=$D1 trail=5 nonOvlR=False nonOvlF=False dly=False stg=True irq=0 mis=False
c=4971 nPC=$FE9A mPC=$FE9A nA=$55 mA=$55 nX=$04 mX=$04 nY=$00 mY=$00 nS=$FB mS=$FB nP=$25 mP=$25 dbgCyc=0 op=$D1 trail=5 nonOvlR=False nonOvlF=False dly=False stg=False irq=0 mis=False
c=4972 nPC=$FE9A mPC=$FE9A nA=$55 mA=$55 nX=$04 mX=$04 nY=$00 mY=$00 nS=$FB mS=$FB nP=$25 mP=$25 dbgCyc=1 op=$D0 trail=1 nonOvlR=False nonOvlF=False dly=False stg=False irq=0 mis=False
c=4973 nPC=$FE9C mPC=$FE9C nA=$55 mA=$55 nX=$04 mX=$04 nY=$00 mY=$00 nS=$FB mS=$FB nP=$25 mP=$25 dbgCyc=0 op=$D0 trail=1 nonOvlR=False nonOvlF=False dly=False stg=False irq=0 mis=False
c=4974 nPC=$FEA4 mPC=$FEA4 nA=$55 mA=$55 nX=$04 mX=$04 nY=$00 mY=$00 nS=$FB mS=$FB nP=$25 mP=$25 dbgCyc=1 op=$18 trail=1 nonOvlR=False nonOvlF=False dly=False stg=False irq=0 mis=False
c=4975 nPC=$FEA4 mPC=$FEA4 nA=$55 mA=$55 nX=$04 mX=$04 nY=$00 mY=$00 nS=$FB mS=$FB nP=$25 mP=$25 dbgCyc=0 op=$18 trail=1 nonOvlR=False nonOvlF=False dly=False stg=False irq=0 mis=False
c=4976 nPC=$FEA5 mPC=$FEA5 nA=$55 mA=$55 nX=$04 mX=$04 nY=$00 mY=$00 nS=$FB mS=$FB nP=$24 mP=$24 dbgCyc=1 op=$8A trail=0 nonOvlR=False nonOvlF=False dly=False stg=False irq=0 mis=False
c=4977 nPC=$FEA5 mPC=$FEA6 nA=$55 mA=$04 nX=$04 mX=$04 nY=$00 mY=$00 nS=$FB mS=$FB nP=$24 mP=$24 dbgCyc=0 op=$8A trail=0 nonOvlR=False nonOvlF=False dly=False stg=False irq=0 mis=True
bus: m$C1=$01 m$C2=$04 n$C1=$01 n$C2=$04 m$C3=$00 m$C4=$00 n$C3=$00 n$C4=$00 m$0314=$00 n$0314=$00

  Stack Trace:
     at ViceSharp.TestHarness.Vic20.Vic20DivergeProbe.RunEveryCycle(Int32 budget) in F:\GitHub\vice-sharp\tests\ViceSharp.TestHarness\Vic20\Vic20DivergeProbe.cs:line 105
   at ViceSharp.TestHarness.Vic20.Vic20DivergeProbe.EveryCycle_CpuRegs_Match_TwoSecondPal() in F:\GitHub\vice-sharp\tests\ViceSharp.TestHarness\Vic20\Vic20DivergeProbe.cs:line 47
   at System.Reflection.MethodBaseInvoker.InterpretedInvoke_Method(Object obj, IntPtr* args)
   at System.Reflection.MethodBaseInvoker.InvokeWithNoArgs(Object obj, BindingFlags invokeAttr)

Failed!  - Failed:     1, Passed:     0, Skipped:     0, Total:     1, Duration: 818 ms - ViceSharp.TestHarness.dll (net10.0)
