Test run for F:\GitHub\vice-sharp\tests\ViceSharp.TestHarness\bin\Release\net10.0\ViceSharp.TestHarness.dll (.NETCoreApp,Version=v10.0)
A total of 1 test files matched the specified pattern.
[xUnit.net 00:00:04.30]     ViceSharp.TestHarness.Vic20.Vic20DivergeProbe.EveryCycle_CpuRegs_Match_TwoSecondPal [FAIL]
  Failed ViceSharp.TestHarness.Vic20.Vic20DivergeProbe.EveryCycle_CpuRegs_Match_TwoSecondPal [2 s]
  Error Message:
   DIV first=522317 matchedCycles=522316 budget=2216810
c=522306 nPC=$EAC1 mPC=$EAC1 nA=$00 mA=$00 nX=$E8 mX=$E8 nY=$0A mY=$0A nS=$E7 mS=$E7 nP=$27 mP=$27 dbgCyc=3 op=$20 trail=1 nonOvlR=False nonOvlF=False dly=False stg=False irq=0 mis=False
c=522307 nPC=$EAC1 mPC=$EAC1 nA=$00 mA=$00 nX=$E8 mX=$E8 nY=$0A mY=$0A nS=$E6 mS=$E6 nP=$27 mP=$27 dbgCyc=2 op=$20 trail=1 nonOvlR=False nonOvlF=False dly=False stg=False irq=0 mis=False
c=522308 nPC=$EAC1 mPC=$EAC1 nA=$00 mA=$00 nX=$E8 mX=$E8 nY=$0A mY=$0A nS=$E6 mS=$E6 nP=$27 mP=$27 dbgCyc=1 op=$20 trail=1 nonOvlR=False nonOvlF=False dly=False stg=False irq=0 mis=False
c=522309 nPC=$FFEA mPC=$FFEA nA=$00 mA=$00 nX=$E8 mX=$E8 nY=$0A mY=$0A nS=$E6 mS=$E6 nP=$27 mP=$27 dbgCyc=0 op=$20 trail=1 nonOvlR=False nonOvlF=False dly=False stg=False irq=0 mis=False
c=522310 nPC=$FFEA mPC=$FFEA nA=$00 mA=$00 nX=$E8 mX=$E8 nY=$0A mY=$0A nS=$E6 mS=$E6 nP=$27 mP=$27 dbgCyc=2 op=$4C trail=4 nonOvlR=False nonOvlF=False dly=False stg=False irq=0 mis=False
c=522311 nPC=$FFEA mPC=$FFEA nA=$00 mA=$00 nX=$E8 mX=$E8 nY=$0A mY=$0A nS=$E6 mS=$E6 nP=$27 mP=$27 dbgCyc=1 op=$4C trail=4 nonOvlR=False nonOvlF=False dly=False stg=False irq=0 mis=False
c=522312 nPC=$F734 mPC=$F734 nA=$00 mA=$00 nX=$E8 mX=$E8 nY=$0A mY=$0A nS=$E6 mS=$E6 nP=$27 mP=$27 dbgCyc=0 op=$4C trail=4 nonOvlR=False nonOvlF=False dly=False stg=False irq=0 mis=False
c=522313 nPC=$F734 mPC=$F734 nA=$00 mA=$00 nX=$E8 mX=$E8 nY=$0A mY=$0A nS=$E6 mS=$E6 nP=$27 mP=$27 dbgCyc=1 op=$A2 trail=1 nonOvlR=False nonOvlF=False dly=False stg=False irq=0 mis=False
c=522314 nPC=$F736 mPC=$F736 nA=$00 mA=$00 nX=$00 mX=$00 nY=$0A mY=$0A nS=$E6 mS=$E6 nP=$27 mP=$27 dbgCyc=0 op=$A2 trail=1 nonOvlR=False nonOvlF=False dly=False stg=False irq=0 mis=False
c=522315 nPC=$F736 mPC=$F736 nA=$00 mA=$00 nX=$00 mX=$00 nY=$0A mY=$0A nS=$E6 mS=$E6 nP=$27 mP=$27 dbgCyc=4 op=$E6 trail=1 nonOvlR=False nonOvlF=False dly=False stg=False irq=0 mis=False
c=522316 nPC=$F736 mPC=$F736 nA=$00 mA=$00 nX=$00 mX=$00 nY=$0A mY=$0A nS=$E6 mS=$E6 nP=$27 mP=$27 dbgCyc=3 op=$E6 trail=1 nonOvlR=False nonOvlF=False dly=False stg=False irq=0 mis=False
c=522317 nPC=$F738 mPC=$F736 nA=$00 mA=$00 nX=$00 mX=$00 nY=$0A mY=$0A nS=$E6 mS=$E6 nP=$25 mP=$27 dbgCyc=2 op=$E6 trail=1 nonOvlR=False nonOvlF=False dly=False stg=False irq=0 mis=True
bus: m$C1=$00 m$C2=$20 n$C1=$00 n$C2=$20 m$C3=$6D m$C4=$FD n$C3=$6D n$C4=$FD m$0314=$BF n$0314=$BF

  Stack Trace:
     at ViceSharp.TestHarness.Vic20.Vic20DivergeProbe.RunEveryCycle(Int32 budget) in F:\GitHub\vice-sharp\tests\ViceSharp.TestHarness\Vic20\Vic20DivergeProbe.cs:line 105
   at ViceSharp.TestHarness.Vic20.Vic20DivergeProbe.EveryCycle_CpuRegs_Match_TwoSecondPal() in F:\GitHub\vice-sharp\tests\ViceSharp.TestHarness\Vic20\Vic20DivergeProbe.cs:line 47
   at System.Reflection.MethodBaseInvoker.InterpretedInvoke_Method(Object obj, IntPtr* args)
   at System.Reflection.MethodBaseInvoker.InvokeWithNoArgs(Object obj, BindingFlags invokeAttr)

Failed!  - Failed:     1, Passed:     0, Skipped:     0, Total:     1, Duration: 2 s - ViceSharp.TestHarness.dll (net10.0)
