Test run for F:\GitHub\vice-sharp\tests\ViceSharp.TestHarness\bin\Release\net10.0\ViceSharp.TestHarness.dll (.NETCoreApp,Version=v10.0)
A total of 1 test files matched the specified pattern.
[xUnit.net 00:00:03.89]     ViceSharp.TestHarness.Vic20.Vic20DivergeProbe.EveryCycle_CpuRegs_Match_TwoSecondPal [FAIL]
  Failed ViceSharp.TestHarness.Vic20.Vic20DivergeProbe.EveryCycle_CpuRegs_Match_TwoSecondPal [2 s]
  Error Message:
   DIV first=522370 matchedCycles=522369 budget=2216810
c=522359 nPC=$F75F mPC=$F75F nA=$FF mA=$FF nX=$00 mX=$00 nY=$0A mY=$0A nS=$E8 mS=$E8 nP=$27 mP=$27 dbgCyc=1 op=$60 trail=1 nonOvlR=False nonOvlF=False dly=False stg=False irq=0 mis=False
c=522360 nPC=$F75F mPC=$F75F nA=$FF mA=$FF nX=$00 mX=$00 nY=$0A mY=$0A nS=$E8 mS=$E8 nP=$27 mP=$27 dbgCyc=0 op=$60 trail=1 nonOvlR=False nonOvlF=False dly=True stg=False irq=0 mis=False
c=522361 nPC=$EAC2 mPC=$EAC2 nA=$FF mA=$FF nX=$00 mX=$00 nY=$0A mY=$0A nS=$E8 mS=$E8 nP=$27 mP=$27 dbgCyc=0 op=$60 trail=1 nonOvlR=False nonOvlF=False dly=False stg=False irq=0 mis=False
c=522362 nPC=$EAC2 mPC=$EAC2 nA=$FF mA=$FF nX=$00 mX=$00 nY=$0A mY=$0A nS=$E8 mS=$E8 nP=$27 mP=$27 dbgCyc=2 op=$A5 trail=1 nonOvlR=False nonOvlF=False dly=False stg=False irq=0 mis=False
c=522363 nPC=$EAC2 mPC=$EAC2 nA=$0C mA=$0C nX=$00 mX=$00 nY=$0A mY=$0A nS=$E8 mS=$E8 nP=$27 mP=$27 dbgCyc=1 op=$A5 trail=1 nonOvlR=False nonOvlF=False dly=False stg=True irq=0 mis=False
c=522364 nPC=$EAC4 mPC=$EAC4 nA=$0C mA=$0C nX=$00 mX=$00 nY=$0A mY=$0A nS=$E8 mS=$E8 nP=$25 mP=$25 dbgCyc=0 op=$A5 trail=1 nonOvlR=False nonOvlF=False dly=False stg=False irq=0 mis=False
c=522365 nPC=$EAC4 mPC=$EAC4 nA=$0C mA=$0C nX=$00 mX=$00 nY=$0A mY=$0A nS=$E8 mS=$E8 nP=$25 mP=$25 dbgCyc=1 op=$D0 trail=1 nonOvlR=False nonOvlF=False dly=False stg=False irq=0 mis=False
c=522366 nPC=$EAC6 mPC=$EAC6 nA=$0C mA=$0C nX=$00 mX=$00 nY=$0A mY=$0A nS=$E8 mS=$E8 nP=$25 mP=$25 dbgCyc=0 op=$D0 trail=1 nonOvlR=False nonOvlF=False dly=False stg=False irq=0 mis=False
c=522367 nPC=$EAEF mPC=$EAEF nA=$0C mA=$0C nX=$00 mX=$00 nY=$0A mY=$0A nS=$E8 mS=$E8 nP=$25 mP=$25 dbgCyc=4 op=$AD trail=1 nonOvlR=False nonOvlF=False dly=False stg=False irq=0 mis=False
c=522368 nPC=$EAEF mPC=$EAEF nA=$0C mA=$0C nX=$00 mX=$00 nY=$0A mY=$0A nS=$E8 mS=$E8 nP=$25 mP=$25 dbgCyc=3 op=$AD trail=1 nonOvlR=False nonOvlF=False dly=False stg=False irq=0 mis=False
c=522369 nPC=$EAEF mPC=$EAEF nA=$0C mA=$0C nX=$00 mX=$00 nY=$0A mY=$0A nS=$E8 mS=$E8 nP=$25 mP=$25 dbgCyc=2 op=$AD trail=1 nonOvlR=False nonOvlF=False dly=False stg=False irq=0 mis=False
c=522370 nPC=$EAEF mPC=$EAEF nA=$7E mA=$7F nX=$00 mX=$00 nY=$0A mY=$0A nS=$E8 mS=$E8 nP=$25 mP=$25 dbgCyc=1 op=$AD trail=1 nonOvlR=False nonOvlF=False dly=False stg=True irq=0 mis=True
bus: m$C1=$00 m$C2=$20 n$C1=$00 n$C2=$20 m$C3=$6D m$C4=$FD n$C3=$6D n$C4=$FD m$0314=$BF n$0314=$BF

  Stack Trace:
     at ViceSharp.TestHarness.Vic20.Vic20DivergeProbe.RunEveryCycle(Int32 budget) in F:\GitHub\vice-sharp\tests\ViceSharp.TestHarness\Vic20\Vic20DivergeProbe.cs:line 105
   at ViceSharp.TestHarness.Vic20.Vic20DivergeProbe.EveryCycle_CpuRegs_Match_TwoSecondPal() in F:\GitHub\vice-sharp\tests\ViceSharp.TestHarness\Vic20\Vic20DivergeProbe.cs:line 47
   at System.Reflection.MethodBaseInvoker.InterpretedInvoke_Method(Object obj, IntPtr* args)
   at System.Reflection.MethodBaseInvoker.InvokeWithNoArgs(Object obj, BindingFlags invokeAttr)

Failed!  - Failed:     1, Passed:     0, Skipped:     0, Total:     1, Duration: 2 s - ViceSharp.TestHarness.dll (net10.0)
