Test run for F:\GitHub\vice-sharp\tests\ViceSharp.TestHarness\bin\Release\net10.0\ViceSharp.TestHarness.dll (.NETCoreApp,Version=v10.0)
A total of 1 test files matched the specified pattern.
[xUnit.net 00:00:04.11]     ViceSharp.TestHarness.Vic20.Vic20DivergeProbe.EveryCycle_CpuRegs_Match_TwoSecondPal [FAIL]
  Failed ViceSharp.TestHarness.Vic20.Vic20DivergeProbe.EveryCycle_CpuRegs_Match_TwoSecondPal [2 s]
  Error Message:
   DIV first=614627 matchedCycles=614626 budget=2216810
c=614616 nPC=$E5EA mPC=$E5EA nA=$00 mA=$00 nX=$00 mX=$00 nY=$0A mY=$0A nS=$F3 mS=$F3 nP=$22 mP=$22 dbgCyc=2 op=$85 trail=1 nonOvlR=True nonOvlF=True dly=False stg=False irq=0 mis=False
c=614617 nPC=$E5EC mPC=$E5EC nA=$00 mA=$00 nX=$00 mX=$00 nY=$0A mY=$0A nS=$F3 mS=$F3 nP=$22 mP=$22 dbgCyc=1 op=$85 trail=1 nonOvlR=True nonOvlF=True dly=False stg=True irq=0 mis=False
c=614618 nPC=$E5EC mPC=$E5EC nA=$00 mA=$00 nX=$00 mX=$00 nY=$0A mY=$0A nS=$F3 mS=$F3 nP=$22 mP=$22 dbgCyc=0 op=$85 trail=1 nonOvlR=True nonOvlF=True dly=False stg=False irq=0 mis=False
c=614619 nPC=$E5EC mPC=$E5EC nA=$00 mA=$00 nX=$00 mX=$00 nY=$0A mY=$0A nS=$F3 mS=$F3 nP=$22 mP=$22 dbgCyc=3 op=$8D trail=2 nonOvlR=True nonOvlF=True dly=False stg=False irq=0 mis=False
c=614620 nPC=$E5EC mPC=$E5EC nA=$00 mA=$00 nX=$00 mX=$00 nY=$0A mY=$0A nS=$F3 mS=$F3 nP=$22 mP=$22 dbgCyc=2 op=$8D trail=2 nonOvlR=True nonOvlF=True dly=False stg=False irq=0 mis=False
c=614621 nPC=$E5EF mPC=$E5EF nA=$00 mA=$00 nX=$00 mX=$00 nY=$0A mY=$0A nS=$F3 mS=$F3 nP=$22 mP=$22 dbgCyc=1 op=$8D trail=2 nonOvlR=True nonOvlF=True dly=False stg=True irq=0 mis=False
c=614622 nPC=$E5EF mPC=$E5EF nA=$00 mA=$00 nX=$00 mX=$00 nY=$0A mY=$0A nS=$F3 mS=$F3 nP=$22 mP=$22 dbgCyc=0 op=$8D trail=2 nonOvlR=True nonOvlF=True dly=False stg=False irq=0 mis=False
c=614623 nPC=$E5EF mPC=$E5EF nA=$00 mA=$00 nX=$00 mX=$00 nY=$0A mY=$0A nS=$F3 mS=$F3 nP=$22 mP=$22 dbgCyc=2 op=$F0 trail=2 nonOvlR=True nonOvlF=True dly=False stg=False irq=0 mis=False
c=614624 nPC=$E5F1 mPC=$E5F1 nA=$00 mA=$00 nX=$00 mX=$00 nY=$0A mY=$0A nS=$F3 mS=$F3 nP=$22 mP=$22 dbgCyc=1 op=$F0 trail=2 nonOvlR=True nonOvlF=True dly=False stg=False irq=0 mis=False
c=614625 nPC=$E5E8 mPC=$E5E8 nA=$00 mA=$00 nX=$00 mX=$00 nY=$0A mY=$0A nS=$F3 mS=$F3 nP=$22 mP=$22 dbgCyc=0 op=$F0 trail=2 nonOvlR=True nonOvlF=True dly=False stg=False irq=0 mis=False
c=614626 nPC=$E5E8 mPC=$E5E8 nA=$00 mA=$00 nX=$00 mX=$00 nY=$0A mY=$0A nS=$F3 mS=$F3 nP=$22 mP=$22 dbgCyc=2 op=$A5 trail=2 nonOvlR=True nonOvlF=True dly=False stg=False irq=0 mis=False
c=614627 nPC=$E5E8 mPC=$E5E8 nA=$00 mA=$00 nX=$00 mX=$00 nY=$0A mY=$0A nS=$F2 mS=$F3 nP=$22 mP=$22 dbgCyc=1 op=$A5 trail=2 nonOvlR=True nonOvlF=True dly=False stg=True irq=0 mis=True
bus: m$C1=$00 m$C2=$20 n$C1=$00 n$C2=$20 m$C3=$6D m$C4=$FD n$C3=$6D n$C4=$FD m$0314=$BF n$0314=$BF
irqdiag: nLastOp=0x1F0 nDelays=True nPend=0x2 nIrqClk=614626 nClk=614633 mDelays=False mBound=False mIrqSeq=0

  Stack Trace:
     at ViceSharp.TestHarness.Vic20.Vic20DivergeProbe.RunEveryCycle(Int32 budget) in F:\GitHub\vice-sharp\tests\ViceSharp.TestHarness\Vic20\Vic20DivergeProbe.cs:line 147
   at ViceSharp.TestHarness.Vic20.Vic20DivergeProbe.EveryCycle_CpuRegs_Match_TwoSecondPal() in F:\GitHub\vice-sharp\tests\ViceSharp.TestHarness\Vic20\Vic20DivergeProbe.cs:line 47
   at System.Reflection.MethodBaseInvoker.InterpretedInvoke_Method(Object obj, IntPtr* args)
   at System.Reflection.MethodBaseInvoker.InvokeWithNoArgs(Object obj, BindingFlags invokeAttr)

Failed!  - Failed:     1, Passed:     0, Skipped:     0, Total:     1, Duration: 2 s - ViceSharp.TestHarness.dll (net10.0)
