Test run for F:\GitHub\vice-sharp\tests\ViceSharp.TestHarness\bin\Release\net10.0\ViceSharp.TestHarness.dll (.NETCoreApp,Version=v10.0)
A total of 1 test files matched the specified pattern.
[xUnit.net 00:00:03.94]     ViceSharp.TestHarness.Vic20.Vic20DivergeProbe.EveryCycle_CpuRegs_Match_TwoSecondPal [FAIL]
  Failed ViceSharp.TestHarness.Vic20.Vic20DivergeProbe.EveryCycle_CpuRegs_Match_TwoSecondPal [2 s]
  Error Message:
   DIV first=539733 matchedCycles=539732 budget=2216810
c=539722 nPC=$E710 mPC=$E710 nA=$00 mA=$00 nX=$01 mX=$01 nY=$15 mY=$15 nS=$F0 mS=$F0 nP=$21 mP=$21 dbgCyc=0 op=$16 trail=1 nonOvlR=False nonOvlF=False dly=False stg=False irq=0 mis=False
c=539723 nPC=$E710 mPC=$E710 nA=$00 mA=$00 nX=$01 mX=$01 nY=$15 mY=$15 nS=$F0 mS=$F0 nP=$21 mP=$21 dbgCyc=5 op=$56 trail=2 nonOvlR=False nonOvlF=False dly=False stg=False irq=0 mis=False
c=539724 nPC=$E710 mPC=$E710 nA=$00 mA=$00 nX=$01 mX=$01 nY=$15 mY=$15 nS=$F0 mS=$F0 nP=$21 mP=$21 dbgCyc=4 op=$56 trail=2 nonOvlR=False nonOvlF=False dly=False stg=False irq=0 mis=False
c=539725 nPC=$E710 mPC=$E710 nA=$00 mA=$00 nX=$01 mX=$01 nY=$15 mY=$15 nS=$F0 mS=$F0 nP=$21 mP=$21 dbgCyc=3 op=$56 trail=2 nonOvlR=False nonOvlF=False dly=False stg=False irq=0 mis=False
c=539726 nPC=$E710 mPC=$E710 nA=$00 mA=$00 nX=$01 mX=$01 nY=$15 mY=$15 nS=$F0 mS=$F0 nP=$21 mP=$21 dbgCyc=2 op=$56 trail=2 nonOvlR=False nonOvlF=False dly=False stg=False irq=0 mis=False
c=539727 nPC=$E712 mPC=$E712 nA=$00 mA=$00 nX=$01 mX=$01 nY=$15 mY=$15 nS=$F0 mS=$F0 nP=$20 mP=$20 dbgCyc=1 op=$56 trail=2 nonOvlR=False nonOvlF=False dly=False stg=False irq=0 mis=False
c=539728 nPC=$E712 mPC=$E712 nA=$00 mA=$00 nX=$01 mX=$01 nY=$15 mY=$15 nS=$F0 mS=$F0 nP=$20 mP=$20 dbgCyc=0 op=$56 trail=2 nonOvlR=False nonOvlF=False dly=False stg=False irq=0 mis=False
c=539729 nPC=$E712 mPC=$E712 nA=$00 mA=$00 nX=$01 mX=$01 nY=$15 mY=$15 nS=$F0 mS=$F0 nP=$20 mP=$20 dbgCyc=2 op=$4C trail=2 nonOvlR=False nonOvlF=False dly=False stg=False irq=0 mis=False
c=539730 nPC=$E712 mPC=$E712 nA=$00 mA=$00 nX=$01 mX=$01 nY=$15 mY=$15 nS=$F0 mS=$F0 nP=$20 mP=$20 dbgCyc=1 op=$4C trail=2 nonOvlR=False nonOvlF=False dly=False stg=False irq=0 mis=False
c=539731 nPC=$E712 mPC=$E712 nA=$00 mA=$00 nX=$01 mX=$01 nY=$15 mY=$15 nS=$F0 mS=$F0 nP=$20 mP=$20 dbgCyc=0 op=$4C trail=2 nonOvlR=False nonOvlF=False dly=False stg=False irq=0 mis=False
c=539732 nPC=$ED5B mPC=$ED5B nA=$00 mA=$00 nX=$01 mX=$01 nY=$15 mY=$15 nS=$F0 mS=$F0 nP=$20 mP=$20 dbgCyc=1 op=$E8 trail=0 nonOvlR=False nonOvlF=False dly=False stg=False irq=0 mis=False
c=539733 nPC=$ED5B mPC=$ED5C nA=$00 mA=$00 nX=$01 mX=$02 nY=$15 mY=$15 nS=$F0 mS=$F0 nP=$20 mP=$20 dbgCyc=0 op=$E8 trail=0 nonOvlR=False nonOvlF=False dly=False stg=False irq=0 mis=True
bus: m$C1=$00 m$C2=$20 n$C1=$00 n$C2=$20 m$C3=$6D m$C4=$FD n$C3=$6D n$C4=$FD m$0314=$BF n$0314=$BF

  Stack Trace:
     at ViceSharp.TestHarness.Vic20.Vic20DivergeProbe.RunEveryCycle(Int32 budget) in F:\GitHub\vice-sharp\tests\ViceSharp.TestHarness\Vic20\Vic20DivergeProbe.cs:line 123
   at ViceSharp.TestHarness.Vic20.Vic20DivergeProbe.EveryCycle_CpuRegs_Match_TwoSecondPal() in F:\GitHub\vice-sharp\tests\ViceSharp.TestHarness\Vic20\Vic20DivergeProbe.cs:line 47
   at System.Reflection.MethodBaseInvoker.InterpretedInvoke_Method(Object obj, IntPtr* args)
   at System.Reflection.MethodBaseInvoker.InvokeWithNoArgs(Object obj, BindingFlags invokeAttr)

Failed!  - Failed:     1, Passed:     0, Skipped:     0, Total:     1, Duration: 2 s - ViceSharp.TestHarness.dll (net10.0)
