Test run for F:\GitHub\vice-sharp\tests\ViceSharp.TestHarness\bin\Release\net10.0\ViceSharp.TestHarness.dll (.NETCoreApp,Version=v10.0)
A total of 1 test files matched the specified pattern.
[xUnit.net 00:00:04.15]     ViceSharp.TestHarness.Vic20.Vic20DivergeProbe.EveryCycle_CpuRegs_Match_TwoSecondPal [FAIL]
  Failed ViceSharp.TestHarness.Vic20.Vic20DivergeProbe.EveryCycle_CpuRegs_Match_TwoSecondPal [2 s]
  Error Message:
   DIV first=539962 matchedCycles=539961 budget=2216810
c=539951 nPC=$E8E0 mPC=$E8E0 nA=$0D mA=$0D nX=$00 mX=$00 nY=$16 mY=$16 nS=$F2 mS=$F2 nP=$23 mP=$23 dbgCyc=2 op=$86 trail=2 nonOvlR=False nonOvlF=False dly=False stg=False irq=0 mis=False
c=539952 nPC=$E8E2 mPC=$E8E2 nA=$0D mA=$0D nX=$00 mX=$00 nY=$16 mY=$16 nS=$F2 mS=$F2 nP=$23 mP=$23 dbgCyc=1 op=$86 trail=2 nonOvlR=False nonOvlF=False dly=False stg=True irq=0 mis=False
c=539953 nPC=$E8E2 mPC=$E8E2 nA=$0D mA=$0D nX=$00 mX=$00 nY=$16 mY=$16 nS=$F2 mS=$F2 nP=$23 mP=$23 dbgCyc=0 op=$86 trail=2 nonOvlR=False nonOvlF=False dly=False stg=False irq=0 mis=False
c=539954 nPC=$E8E2 mPC=$E8E2 nA=$0D mA=$0D nX=$00 mX=$00 nY=$16 mY=$16 nS=$F2 mS=$F2 nP=$23 mP=$23 dbgCyc=5 op=$20 trail=2 nonOvlR=False nonOvlF=False dly=False stg=False irq=0 mis=False
c=539955 nPC=$E8E2 mPC=$E8E2 nA=$0D mA=$0D nX=$00 mX=$00 nY=$16 mY=$16 nS=$F2 mS=$F2 nP=$23 mP=$23 dbgCyc=4 op=$20 trail=2 nonOvlR=False nonOvlF=False dly=False stg=False irq=0 mis=False
c=539956 nPC=$E8E4 mPC=$E8E4 nA=$0D mA=$0D nX=$00 mX=$00 nY=$16 mY=$16 nS=$F1 mS=$F1 nP=$23 mP=$23 dbgCyc=3 op=$20 trail=2 nonOvlR=False nonOvlF=False dly=False stg=False irq=0 mis=False
c=539957 nPC=$E8E4 mPC=$E8E4 nA=$0D mA=$0D nX=$00 mX=$00 nY=$16 mY=$16 nS=$F0 mS=$F0 nP=$23 mP=$23 dbgCyc=2 op=$20 trail=2 nonOvlR=False nonOvlF=False dly=False stg=False irq=0 mis=False
c=539958 nPC=$E8E4 mPC=$E8E4 nA=$0D mA=$0D nX=$00 mX=$00 nY=$16 mY=$16 nS=$F0 mS=$F0 nP=$23 mP=$23 dbgCyc=1 op=$20 trail=2 nonOvlR=False nonOvlF=False dly=False stg=False irq=0 mis=False
c=539959 nPC=$E8C3 mPC=$E8C3 nA=$0D mA=$0D nX=$00 mX=$00 nY=$16 mY=$16 nS=$F0 mS=$F0 nP=$23 mP=$23 dbgCyc=0 op=$20 trail=2 nonOvlR=False nonOvlF=False dly=False stg=False irq=0 mis=False
c=539960 nPC=$E8C3 mPC=$E8C3 nA=$0D mA=$0D nX=$00 mX=$00 nY=$16 mY=$16 nS=$F0 mS=$F0 nP=$23 mP=$23 dbgCyc=4 op=$46 trail=4 nonOvlR=False nonOvlF=False dly=False stg=False irq=0 mis=False
c=539961 nPC=$E8C3 mPC=$E8C3 nA=$0D mA=$0D nX=$00 mX=$00 nY=$16 mY=$16 nS=$F0 mS=$F0 nP=$23 mP=$23 dbgCyc=3 op=$46 trail=4 nonOvlR=False nonOvlF=False dly=False stg=False irq=0 mis=False
c=539962 nPC=$E8C5 mPC=$E8C3 nA=$0D mA=$0D nX=$00 mX=$00 nY=$16 mY=$16 nS=$F0 mS=$F0 nP=$22 mP=$23 dbgCyc=2 op=$46 trail=4 nonOvlR=False nonOvlF=False dly=False stg=False irq=0 mis=True
bus: m$C1=$00 m$C2=$20 n$C1=$00 n$C2=$20 m$C3=$6D m$C4=$FD n$C3=$6D n$C4=$FD m$0314=$BF n$0314=$BF

  Stack Trace:
     at ViceSharp.TestHarness.Vic20.Vic20DivergeProbe.RunEveryCycle(Int32 budget) in F:\GitHub\vice-sharp\tests\ViceSharp.TestHarness\Vic20\Vic20DivergeProbe.cs:line 123
   at ViceSharp.TestHarness.Vic20.Vic20DivergeProbe.EveryCycle_CpuRegs_Match_TwoSecondPal() in F:\GitHub\vice-sharp\tests\ViceSharp.TestHarness\Vic20\Vic20DivergeProbe.cs:line 47
   at System.Reflection.MethodBaseInvoker.InterpretedInvoke_Method(Object obj, IntPtr* args)
   at System.Reflection.MethodBaseInvoker.InvokeWithNoArgs(Object obj, BindingFlags invokeAttr)

Failed!  - Failed:     1, Passed:     0, Skipped:     0, Total:     1, Duration: 2 s - ViceSharp.TestHarness.dll (net10.0)
