Test run for F:\GitHub\vice-sharp\tests\ViceSharp.TestHarness\bin\Release\net10.0\ViceSharp.TestHarness.dll (.NETCoreApp,Version=v10.0)
A total of 1 test files matched the specified pattern.
[xUnit.net 00:00:03.92]     ViceSharp.TestHarness.Vic20.Vic20DivergeProbe.EveryCycle_CpuRegs_Match_TwoSecondPal [FAIL]
  Failed ViceSharp.TestHarness.Vic20.Vic20DivergeProbe.EveryCycle_CpuRegs_Match_TwoSecondPal [2 s]
  Error Message:
   DIV first=502749 matchedCycles=502748 budget=2216810
c=502738 nPC=$FDC8 mPC=$FDC8 nA=$10 mA=$10 nX=$00 mX=$00 nY=$20 mY=$20 nS=$FD mS=$FD nP=$A4 mP=$A4 dbgCyc=0 op=$C0 trail=1 nonOvlR=False nonOvlF=False dly=False stg=False irq=0 mis=False
c=502739 nPC=$FDC8 mPC=$FDC8 nA=$10 mA=$10 nX=$00 mX=$00 nY=$20 mY=$20 nS=$FD mS=$FD nP=$A4 mP=$A4 dbgCyc=1 op=$B0 trail=1 nonOvlR=False nonOvlF=False dly=False stg=False irq=0 mis=False
c=502740 nPC=$FDCA mPC=$FDCA nA=$10 mA=$10 nX=$00 mX=$00 nY=$20 mY=$20 nS=$FD mS=$FD nP=$A4 mP=$A4 dbgCyc=0 op=$B0 trail=1 nonOvlR=False nonOvlF=False dly=False stg=False irq=0 mis=False
c=502741 nPC=$FDCA mPC=$FDCA nA=$10 mA=$10 nX=$00 mX=$00 nY=$20 mY=$20 nS=$FD mS=$FD nP=$A4 mP=$A4 dbgCyc=1 op=$A0 trail=1 nonOvlR=False nonOvlF=False dly=False stg=False irq=0 mis=False
c=502742 nPC=$FDCC mPC=$FDCC nA=$10 mA=$10 nX=$00 mX=$00 nY=$1E mY=$1E nS=$FD mS=$FD nP=$24 mP=$24 dbgCyc=0 op=$A0 trail=1 nonOvlR=False nonOvlF=False dly=False stg=False irq=0 mis=False
c=502743 nPC=$FDCC mPC=$FDCC nA=$10 mA=$10 nX=$00 mX=$00 nY=$1E mY=$1E nS=$FD mS=$FD nP=$24 mP=$24 dbgCyc=3 op=$8C trail=1 nonOvlR=False nonOvlF=False dly=False stg=False irq=0 mis=False
c=502744 nPC=$FDCC mPC=$FDCC nA=$10 mA=$10 nX=$00 mX=$00 nY=$1E mY=$1E nS=$FD mS=$FD nP=$24 mP=$24 dbgCyc=2 op=$8C trail=1 nonOvlR=False nonOvlF=False dly=False stg=False irq=0 mis=False
c=502745 nPC=$FDCF mPC=$FDCF nA=$10 mA=$10 nX=$00 mX=$00 nY=$1E mY=$1E nS=$FD mS=$FD nP=$24 mP=$24 dbgCyc=1 op=$8C trail=1 nonOvlR=False nonOvlF=False dly=False stg=True irq=0 mis=False
c=502746 nPC=$FDCF mPC=$FDCF nA=$10 mA=$10 nX=$00 mX=$00 nY=$1E mY=$1E nS=$FD mS=$FD nP=$24 mP=$24 dbgCyc=0 op=$8C trail=1 nonOvlR=False nonOvlF=False dly=False stg=False irq=0 mis=False
c=502747 nPC=$FDCF mPC=$FDCF nA=$10 mA=$10 nX=$00 mX=$00 nY=$1E mY=$1E nS=$FD mS=$FD nP=$24 mP=$24 dbgCyc=2 op=$4C trail=2 nonOvlR=False nonOvlF=False dly=False stg=False irq=0 mis=False
c=502748 nPC=$FDCF mPC=$FDCF nA=$10 mA=$10 nX=$00 mX=$00 nY=$1E mY=$1E nS=$FD mS=$FD nP=$24 mP=$24 dbgCyc=1 op=$4C trail=2 nonOvlR=False nonOvlF=False dly=False stg=False irq=0 mis=False
c=502749 nPC=$FE7B mPC=$FDCF nA=$10 mA=$10 nX=$00 mX=$00 nY=$1E mY=$1E nS=$FD mS=$FD nP=$24 mP=$24 dbgCyc=0 op=$4C trail=2 nonOvlR=False nonOvlF=False dly=False stg=False irq=0 mis=True
bus: m$C1=$00 m$C2=$20 n$C1=$00 n$C2=$20 m$C3=$00 m$C4=$00 n$C3=$00 n$C4=$00 m$0314=$00 n$0314=$00

  Stack Trace:
     at ViceSharp.TestHarness.Vic20.Vic20DivergeProbe.RunEveryCycle(Int32 budget) in F:\GitHub\vice-sharp\tests\ViceSharp.TestHarness\Vic20\Vic20DivergeProbe.cs:line 123
   at ViceSharp.TestHarness.Vic20.Vic20DivergeProbe.EveryCycle_CpuRegs_Match_TwoSecondPal() in F:\GitHub\vice-sharp\tests\ViceSharp.TestHarness\Vic20\Vic20DivergeProbe.cs:line 47
   at System.Reflection.MethodBaseInvoker.InterpretedInvoke_Method(Object obj, IntPtr* args)
   at System.Reflection.MethodBaseInvoker.InvokeWithNoArgs(Object obj, BindingFlags invokeAttr)

Failed!  - Failed:     1, Passed:     0, Skipped:     0, Total:     1, Duration: 2 s - ViceSharp.TestHarness.dll (net10.0)
