Test run for F:\GitHub\vice-sharp\tests\ViceSharp.TestHarness\bin\Release\net10.0\ViceSharp.TestHarness.dll (.NETCoreApp,Version=v10.0)
A total of 1 test files matched the specified pattern.
[xUnit.net 00:00:04.11]     ViceSharp.TestHarness.Vic20.Vic20DivergeProbe.EveryCycle_CpuRegs_Match_TwoSecondPal [FAIL]
  Failed ViceSharp.TestHarness.Vic20.Vic20DivergeProbe.EveryCycle_CpuRegs_Match_TwoSecondPal [2 s]
  Error Message:
   DIV first=522485 matchedCycles=522484 budget=2216810
c=522474 nPC=$EB1A mPC=$EB1A nA=$0A mA=$0A nX=$FF mX=$FF nY=$0A mY=$0A nS=$E9 mS=$E9 nP=$65 mP=$65 dbgCyc=2 op=$68 trail=0 nonOvlR=False nonOvlF=True dly=False stg=False irq=0 mis=False
c=522475 nPC=$EB1A mPC=$EB1A nA=$0A mA=$0A nX=$FF mX=$FF nY=$0A mY=$0A nS=$E9 mS=$E9 nP=$65 mP=$65 dbgCyc=1 op=$68 trail=0 nonOvlR=False nonOvlF=True dly=False stg=False irq=0 mis=False
c=522476 nPC=$EB1A mPC=$EB1A nA=$11 mA=$11 nX=$FF mX=$FF nY=$0A mY=$0A nS=$EA mS=$EA nP=$65 mP=$65 dbgCyc=0 op=$68 trail=0 nonOvlR=False nonOvlF=True dly=False stg=False irq=0 mis=False
c=522477 nPC=$EB1B mPC=$EB1B nA=$11 mA=$11 nX=$FF mX=$FF nY=$0A mY=$0A nS=$EA mS=$EA nP=$65 mP=$65 dbgCyc=1 op=$AA trail=0 nonOvlR=False nonOvlF=True dly=False stg=False irq=0 mis=False
c=522478 nPC=$EB1B mPC=$EB1B nA=$11 mA=$11 nX=$FF mX=$FF nY=$0A mY=$0A nS=$EA mS=$EA nP=$65 mP=$65 dbgCyc=0 op=$AA trail=0 nonOvlR=False nonOvlF=True dly=False stg=False irq=0 mis=False
c=522479 nPC=$EB1C mPC=$EB1C nA=$11 mA=$11 nX=$11 mX=$11 nY=$0A mY=$0A nS=$EA mS=$EA nP=$65 mP=$65 dbgCyc=3 op=$68 trail=0 nonOvlR=False nonOvlF=True dly=False stg=False irq=0 mis=False
c=522480 nPC=$EB1C mPC=$EB1C nA=$11 mA=$11 nX=$11 mX=$11 nY=$0A mY=$0A nS=$EA mS=$EA nP=$65 mP=$65 dbgCyc=2 op=$68 trail=0 nonOvlR=False nonOvlF=True dly=False stg=False irq=0 mis=False
c=522481 nPC=$EB1C mPC=$EB1C nA=$11 mA=$11 nX=$11 mX=$11 nY=$0A mY=$0A nS=$EA mS=$EA nP=$65 mP=$65 dbgCyc=1 op=$68 trail=0 nonOvlR=False nonOvlF=True dly=False stg=False irq=0 mis=False
c=522482 nPC=$EB1C mPC=$EB1C nA=$20 mA=$20 nX=$11 mX=$11 nY=$0A mY=$0A nS=$EB mS=$EB nP=$65 mP=$65 dbgCyc=0 op=$68 trail=0 nonOvlR=False nonOvlF=True dly=False stg=False irq=0 mis=False
c=522483 nPC=$EB1D mPC=$EB1D nA=$20 mA=$20 nX=$11 mX=$11 nY=$0A mY=$0A nS=$EB mS=$EB nP=$65 mP=$65 dbgCyc=5 op=$40 trail=0 nonOvlR=False nonOvlF=True dly=False stg=False irq=0 mis=False
c=522484 nPC=$EB1D mPC=$EB1D nA=$20 mA=$20 nX=$11 mX=$11 nY=$0A mY=$0A nS=$EB mS=$EB nP=$65 mP=$65 dbgCyc=4 op=$40 trail=0 nonOvlR=False nonOvlF=True dly=False stg=False irq=0 mis=False
c=522485 nPC=$EB1D mPC=$EB1D nA=$20 mA=$20 nX=$11 mX=$11 nY=$0A mY=$0A nS=$EB mS=$EC nP=$65 mP=$65 dbgCyc=3 op=$40 trail=0 nonOvlR=False nonOvlF=True dly=False stg=False irq=0 mis=True
bus: m$C1=$00 m$C2=$20 n$C1=$00 n$C2=$20 m$C3=$6D m$C4=$FD n$C3=$6D n$C4=$FD m$0314=$BF n$0314=$BF

  Stack Trace:
     at ViceSharp.TestHarness.Vic20.Vic20DivergeProbe.RunEveryCycle(Int32 budget) in F:\GitHub\vice-sharp\tests\ViceSharp.TestHarness\Vic20\Vic20DivergeProbe.cs:line 123
   at ViceSharp.TestHarness.Vic20.Vic20DivergeProbe.EveryCycle_CpuRegs_Match_TwoSecondPal() in F:\GitHub\vice-sharp\tests\ViceSharp.TestHarness\Vic20\Vic20DivergeProbe.cs:line 47
   at System.Reflection.MethodBaseInvoker.InterpretedInvoke_Method(Object obj, IntPtr* args)
   at System.Reflection.MethodBaseInvoker.InvokeWithNoArgs(Object obj, BindingFlags invokeAttr)

Failed!  - Failed:     1, Passed:     0, Skipped:     0, Total:     1, Duration: 2 s - ViceSharp.TestHarness.dll (net10.0)
