Test run for F:\GitHub\vice-sharp\tests\ViceSharp.TestHarness\bin\Release\net10.0\ViceSharp.TestHarness.dll (.NETCoreApp,Version=v10.0)
A total of 1 test files matched the specified pattern.
[xUnit.net 00:00:03.95]     ViceSharp.TestHarness.Vic20.Vic20DivergeProbe.EveryCycle_CpuRegs_Match_TwoSecondPal [FAIL]
  Failed ViceSharp.TestHarness.Vic20.Vic20DivergeProbe.EveryCycle_CpuRegs_Match_TwoSecondPal [2 s]
  Error Message:
   DIV first=540355 matchedCycles=540354 budget=2216810
c=540344 nPC=$DDD7 mPC=$DDD7 nA=$8C mA=$8C nX=$0D mX=$0D nY=$00 mY=$00 nS=$FB mS=$FB nP=$A0 mP=$A0 dbgCyc=0 op=$60 trail=2 nonOvlR=False nonOvlF=False dly=False stg=False irq=0 mis=False
c=540345 nPC=$DDD7 mPC=$DDD7 nA=$8C mA=$8C nX=$0D mX=$0D nY=$00 mY=$00 nS=$FB mS=$FB nP=$A0 mP=$A0 dbgCyc=5 op=$20 trail=1 nonOvlR=False nonOvlF=False dly=False stg=False irq=0 mis=False
c=540346 nPC=$DDD7 mPC=$DDD7 nA=$8C mA=$8C nX=$0D mX=$0D nY=$00 mY=$00 nS=$FB mS=$FB nP=$A0 mP=$A0 dbgCyc=4 op=$20 trail=1 nonOvlR=False nonOvlF=False dly=False stg=False irq=0 mis=False
c=540347 nPC=$DDD9 mPC=$DDD9 nA=$8C mA=$8C nX=$0D mX=$0D nY=$00 mY=$00 nS=$FA mS=$FA nP=$A0 mP=$A0 dbgCyc=3 op=$20 trail=1 nonOvlR=False nonOvlF=False dly=False stg=False irq=0 mis=False
c=540348 nPC=$DDD9 mPC=$DDD9 nA=$8C mA=$8C nX=$0D mX=$0D nY=$00 mY=$00 nS=$F9 mS=$F9 nP=$A0 mP=$A0 dbgCyc=2 op=$20 trail=1 nonOvlR=False nonOvlF=False dly=False stg=False irq=0 mis=False
c=540349 nPC=$DDD9 mPC=$DDD9 nA=$8C mA=$8C nX=$0D mX=$0D nY=$00 mY=$00 nS=$F9 mS=$F9 nP=$A0 mP=$A0 dbgCyc=1 op=$20 trail=1 nonOvlR=False nonOvlF=False dly=False stg=False irq=0 mis=False
c=540350 nPC=$DDDF mPC=$DDDF nA=$8C mA=$8C nX=$0D mX=$0D nY=$00 mY=$00 nS=$F9 mS=$F9 nP=$A0 mP=$A0 dbgCyc=0 op=$20 trail=1 nonOvlR=False nonOvlF=False dly=False stg=False irq=0 mis=False
c=540351 nPC=$DDDF mPC=$DDDF nA=$8C mA=$8C nX=$0D mX=$0D nY=$00 mY=$00 nS=$F9 mS=$F9 nP=$A0 mP=$A0 dbgCyc=1 op=$A9 trail=4 nonOvlR=False nonOvlF=False dly=False stg=False irq=0 mis=False
c=540352 nPC=$DDE1 mPC=$DDE1 nA=$20 mA=$20 nX=$0D mX=$0D nY=$00 mY=$00 nS=$F9 mS=$F9 nP=$20 mP=$20 dbgCyc=0 op=$A9 trail=4 nonOvlR=False nonOvlF=False dly=False stg=False irq=0 mis=False
c=540353 nPC=$DDE1 mPC=$DDE1 nA=$20 mA=$20 nX=$0D mX=$0D nY=$00 mY=$00 nS=$F9 mS=$F9 nP=$20 mP=$20 dbgCyc=2 op=$24 trail=1 nonOvlR=False nonOvlF=False dly=False stg=False irq=0 mis=False
c=540354 nPC=$DDE1 mPC=$DDE1 nA=$20 mA=$20 nX=$0D mX=$0D nY=$00 mY=$00 nS=$F9 mS=$F9 nP=$20 mP=$20 dbgCyc=1 op=$24 trail=1 nonOvlR=False nonOvlF=False dly=False stg=False irq=0 mis=False
c=540355 nPC=$DDE3 mPC=$DDE1 nA=$20 mA=$20 nX=$0D mX=$0D nY=$00 mY=$00 nS=$F9 mS=$F9 nP=$22 mP=$20 dbgCyc=0 op=$24 trail=1 nonOvlR=False nonOvlF=False dly=False stg=False irq=0 mis=True
bus: m$C1=$00 m$C2=$20 n$C1=$00 n$C2=$20 m$C3=$6D m$C4=$FD n$C3=$6D n$C4=$FD m$0314=$BF n$0314=$BF

  Stack Trace:
     at ViceSharp.TestHarness.Vic20.Vic20DivergeProbe.RunEveryCycle(Int32 budget) in F:\GitHub\vice-sharp\tests\ViceSharp.TestHarness\Vic20\Vic20DivergeProbe.cs:line 123
   at ViceSharp.TestHarness.Vic20.Vic20DivergeProbe.EveryCycle_CpuRegs_Match_TwoSecondPal() in F:\GitHub\vice-sharp\tests\ViceSharp.TestHarness\Vic20\Vic20DivergeProbe.cs:line 47
   at System.Reflection.MethodBaseInvoker.InterpretedInvoke_Method(Object obj, IntPtr* args)
   at System.Reflection.MethodBaseInvoker.InvokeWithNoArgs(Object obj, BindingFlags invokeAttr)

Failed!  - Failed:     1, Passed:     0, Skipped:     0, Total:     1, Duration: 2 s - ViceSharp.TestHarness.dll (net10.0)
