Test run for F:\GitHub\vice-sharp\tests\ViceSharp.TestHarness\bin\Release\net10.0\ViceSharp.TestHarness.dll (.NETCoreApp,Version=v10.0)
A total of 1 test files matched the specified pattern.
[xUnit.net 00:00:04.14]     ViceSharp.TestHarness.Vic20.Vic20DivergeProbe.EveryCycle_CpuRegs_Match_TwoSecondPal [FAIL]
  Failed ViceSharp.TestHarness.Vic20.Vic20DivergeProbe.EveryCycle_CpuRegs_Match_TwoSecondPal [2 s]
  Error Message:
   DIV first=519285 matchedCycles=519284 budget=2216810
c=519274 nPC=$EA81 mPC=$EA81 nA=$E4 mA=$E4 nX=$16 mX=$16 nY=$15 mY=$15 nS=$EC mS=$EC nP=$B1 mP=$B1 dbgCyc=1 op=$85 trail=0 nonOvlR=True nonOvlF=True dly=False stg=True mis=False
c=519275 nPC=$EA83 mPC=$EA83 nA=$E4 mA=$E4 nX=$16 mX=$16 nY=$15 mY=$15 nS=$EC mS=$EC nP=$B1 mP=$B1 dbgCyc=0 op=$85 trail=0 nonOvlR=True nonOvlF=True dly=False stg=False mis=False
c=519276 nPC=$EA83 mPC=$EA83 nA=$E4 mA=$E4 nX=$16 mX=$16 nY=$15 mY=$15 nS=$EC mS=$EC nP=$B1 mP=$B1 dbgCyc=3 op=$B5 trail=1 nonOvlR=True nonOvlF=True dly=False stg=False mis=False
c=519277 nPC=$EA83 mPC=$EA83 nA=$E4 mA=$E4 nX=$16 mX=$16 nY=$15 mY=$15 nS=$EC mS=$EC nP=$B1 mP=$B1 dbgCyc=2 op=$B5 trail=1 nonOvlR=True nonOvlF=True dly=False stg=False mis=False
c=519278 nPC=$EA83 mPC=$EA83 nA=$E4 mA=$E4 nX=$16 mX=$16 nY=$15 mY=$15 nS=$EC mS=$EC nP=$B1 mP=$B1 dbgCyc=1 op=$B5 trail=1 nonOvlR=True nonOvlF=True dly=False stg=True mis=False
c=519279 nPC=$EA83 mPC=$EA83 nA=$9F mA=$9F nX=$16 mX=$16 nY=$15 mY=$15 nS=$EC mS=$EC nP=$B1 mP=$B1 dbgCyc=0 op=$B5 trail=1 nonOvlR=True nonOvlF=True dly=False stg=False mis=False
c=519280 nPC=$EA85 mPC=$EA85 nA=$9F mA=$9F nX=$16 mX=$16 nY=$15 mY=$15 nS=$EC mS=$EC nP=$B1 mP=$B1 dbgCyc=1 op=$29 trail=0 nonOvlR=True nonOvlF=True dly=False stg=False mis=False
c=519281 nPC=$EA85 mPC=$EA85 nA=$9F mA=$9F nX=$16 mX=$16 nY=$15 mY=$15 nS=$EC mS=$EC nP=$B1 mP=$B1 dbgCyc=0 op=$29 trail=0 nonOvlR=True nonOvlF=True dly=False stg=False mis=False
c=519282 nPC=$EA87 mPC=$EA87 nA=$03 mA=$03 nX=$16 mX=$16 nY=$15 mY=$15 nS=$EC mS=$EC nP=$31 mP=$31 dbgCyc=3 op=$0D trail=0 nonOvlR=True nonOvlF=True dly=False stg=False mis=False
c=519283 nPC=$EA87 mPC=$EA87 nA=$03 mA=$03 nX=$16 mX=$16 nY=$15 mY=$15 nS=$EC mS=$EC nP=$31 mP=$31 dbgCyc=2 op=$0D trail=0 nonOvlR=True nonOvlF=True dly=False stg=False mis=False
c=519284 nPC=$EA87 mPC=$EA87 nA=$03 mA=$03 nX=$16 mX=$16 nY=$15 mY=$15 nS=$EC mS=$EC nP=$31 mP=$31 dbgCyc=1 op=$0D trail=0 nonOvlR=True nonOvlF=True dly=False stg=False mis=False
c=519285 nPC=$EA87 mPC=$EA8A nA=$03 mA=$1F nX=$16 mX=$16 nY=$15 mY=$15 nS=$EC mS=$EC nP=$31 mP=$31 dbgCyc=0 op=$0D trail=0 nonOvlR=True nonOvlF=True dly=False stg=False mis=True
bus: m$C1=$00 m$C2=$20 n$C1=$00 n$C2=$20 m$C3=$6D m$C4=$FD n$C3=$6D n$C4=$FD m$0314=$BF n$0314=$BF

  Stack Trace:
     at ViceSharp.TestHarness.Vic20.Vic20DivergeProbe.RunEveryCycle(Int32 budget) in F:\GitHub\vice-sharp\tests\ViceSharp.TestHarness\Vic20\Vic20DivergeProbe.cs:line 104
   at ViceSharp.TestHarness.Vic20.Vic20DivergeProbe.EveryCycle_CpuRegs_Match_TwoSecondPal() in F:\GitHub\vice-sharp\tests\ViceSharp.TestHarness\Vic20\Vic20DivergeProbe.cs:line 47
   at System.Reflection.MethodBaseInvoker.InterpretedInvoke_Method(Object obj, IntPtr* args)
   at System.Reflection.MethodBaseInvoker.InvokeWithNoArgs(Object obj, BindingFlags invokeAttr)

Failed!  - Failed:     1, Passed:     0, Skipped:     0, Total:     1, Duration: 2 s - ViceSharp.TestHarness.dll (net10.0)
