Test run for F:\GitHub\vice-sharp\tests\ViceSharp.TestHarness\bin\Release\net10.0\ViceSharp.TestHarness.dll (.NETCoreApp,Version=v10.0)
A total of 1 test files matched the specified pattern.
[xUnit.net 00:00:03.88]     ViceSharp.TestHarness.Vic20.Vic20DivergeProbe.EveryCycle_CpuRegs_Match_TwoSecondPal [FAIL]
  Failed ViceSharp.TestHarness.Vic20.Vic20DivergeProbe.EveryCycle_CpuRegs_Match_TwoSecondPal [2 s]
  Error Message:
   DIV first=518815 matchedCycles=518814 budget=2216810
c=518804 nPC=$E55F mPC=$E55F nA=$1E mA=$1E nX=$00 mX=$00 nY=$00 mY=$00 nS=$F0 mS=$F0 nP=$33 mP=$33 dbgCyc=0 op=$AD trail=3 nonOvlR=True nonOvlF=True dly=False stg=False mis=False
c=518805 nPC=$E562 mPC=$E562 nA=$1E mA=$1E nX=$00 mX=$00 nY=$00 mY=$00 nS=$F0 mS=$F0 nP=$31 mP=$31 dbgCyc=1 op=$09 trail=0 nonOvlR=True nonOvlF=True dly=False stg=False mis=False
c=518806 nPC=$E562 mPC=$E562 nA=$1E mA=$1E nX=$00 mX=$00 nY=$00 mY=$00 nS=$F0 mS=$F0 nP=$31 mP=$31 dbgCyc=0 op=$09 trail=0 nonOvlR=True nonOvlF=True dly=False stg=False mis=False
c=518807 nPC=$E564 mPC=$E564 nA=$9E mA=$9E nX=$00 mX=$00 nY=$00 mY=$00 nS=$F0 mS=$F0 nP=$B1 mP=$B1 dbgCyc=1 op=$A8 trail=0 nonOvlR=True nonOvlF=True dly=False stg=False mis=False
c=518808 nPC=$E564 mPC=$E564 nA=$9E mA=$9E nX=$00 mX=$00 nY=$00 mY=$00 nS=$F0 mS=$F0 nP=$B1 mP=$B1 dbgCyc=0 op=$A8 trail=0 nonOvlR=True nonOvlF=True dly=False stg=False mis=False
c=518809 nPC=$E565 mPC=$E565 nA=$9E mA=$9E nX=$00 mX=$00 nY=$9E mY=$9E nS=$F0 mS=$F0 nP=$B1 mP=$B1 dbgCyc=1 op=$A9 trail=0 nonOvlR=True nonOvlF=True dly=False stg=False mis=False
c=518810 nPC=$E565 mPC=$E565 nA=$9E mA=$9E nX=$00 mX=$00 nY=$9E mY=$9E nS=$F0 mS=$F0 nP=$B1 mP=$B1 dbgCyc=0 op=$A9 trail=0 nonOvlR=True nonOvlF=True dly=False stg=False mis=False
c=518811 nPC=$E567 mPC=$E567 nA=$00 mA=$00 nX=$00 mX=$00 nY=$9E mY=$9E nS=$F0 mS=$F0 nP=$33 mP=$33 dbgCyc=1 op=$AA trail=0 nonOvlR=True nonOvlF=True dly=False stg=False mis=False
c=518812 nPC=$E567 mPC=$E567 nA=$00 mA=$00 nX=$00 mX=$00 nY=$9E mY=$9E nS=$F0 mS=$F0 nP=$33 mP=$33 dbgCyc=0 op=$AA trail=0 nonOvlR=True nonOvlF=True dly=False stg=False mis=False
c=518813 nPC=$E568 mPC=$E568 nA=$00 mA=$00 nX=$00 mX=$00 nY=$9E mY=$9E nS=$F0 mS=$F0 nP=$33 mP=$33 dbgCyc=3 op=$94 trail=0 nonOvlR=True nonOvlF=True dly=False stg=False mis=False
c=518814 nPC=$E568 mPC=$E568 nA=$00 mA=$00 nX=$00 mX=$00 nY=$9E mY=$9E nS=$F0 mS=$F0 nP=$33 mP=$33 dbgCyc=2 op=$94 trail=0 nonOvlR=True nonOvlF=True dly=False stg=False mis=False
c=518815 nPC=$E56A mPC=$E568 nA=$00 mA=$00 nX=$00 mX=$00 nY=$9E mY=$9E nS=$F0 mS=$F0 nP=$33 mP=$33 dbgCyc=1 op=$94 trail=0 nonOvlR=True nonOvlF=True dly=False stg=True mis=True
bus: m$C1=$00 m$C2=$20 n$C1=$00 n$C2=$20 m$C3=$6D m$C4=$FD n$C3=$6D n$C4=$FD m$0314=$BF n$0314=$BF

  Stack Trace:
     at ViceSharp.TestHarness.Vic20.Vic20DivergeProbe.RunEveryCycle(Int32 budget) in F:\GitHub\vice-sharp\tests\ViceSharp.TestHarness\Vic20\Vic20DivergeProbe.cs:line 104
   at ViceSharp.TestHarness.Vic20.Vic20DivergeProbe.EveryCycle_CpuRegs_Match_TwoSecondPal() in F:\GitHub\vice-sharp\tests\ViceSharp.TestHarness\Vic20\Vic20DivergeProbe.cs:line 47
   at System.Reflection.MethodBaseInvoker.InterpretedInvoke_Method(Object obj, IntPtr* args)
   at System.Reflection.MethodBaseInvoker.InvokeWithNoArgs(Object obj, BindingFlags invokeAttr)

Failed!  - Failed:     1, Passed:     0, Skipped:     0, Total:     1, Duration: 2 s - ViceSharp.TestHarness.dll (net10.0)
