​
███╗   ██╗██╗   ██╗██╗  ██╗███████╗
████╗  ██║██║   ██║██║ ██╔╝██╔════╝
██╔██╗ ██║██║   ██║█████╔╝ █████╗  
██║╚██╗██║██║   ██║██╔═██╗ ██╔══╝  
██║ ╚████║╚██████╔╝██║  ██╗███████╗
╚═╝  ╚═══╝ ╚═════╝ ╚═╝  ╚═╝╚══════╝
​
NUKE Execution Engine version 10.1.0 (Windows,.NETCoreApp,Version=v10.0)
​
​
╬════════════════════
║ DeployXboxLocal
╬═══════════
​
04:53:57 [INF] > C:\Windows\System32\WindowsPowerShell\v1.0\powershell.exe -NoProfile -NonInteractive -Command ""Stop-Process -Name 'ViceSharp.Xbox' -Force -ErrorAction SilentlyContinue""
04:53:58 [INF] > C:\Users\kingd\.dotnet\tools\dotnet-gitversion.exe /targetpath "F:\GitHub\vice-sharp" /output json
04:53:59 [INF] MSI version from GitVersion: 1.2.7
04:53:59 [INF] Stamping Xbox assemblies with Version/InformationalVersion=1.2.7
04:53:59 [INF] > "C:\Program Files (x86)\Microsoft Visual Studio\Installer\vswhere.exe" -latest -requires Microsoft.Component.MSBuild -find MSBuild\**\Bin\MSBuild.exe
04:53:59 [INF] > "C:\Program Files\Microsoft Visual Studio\18\Community\MSBuild\Current\Bin\MSBuild.exe" "F:\GitHub\vice-sharp\src\ViceSharp.Xbox\ViceSharp.Xbox.csproj" /p:Configuration=Release-UWP /p:Platform=x64 /p:Version=1.2.7 /p:AssemblyVersion=1.2.7.0 /p:FileVersion=1.2.7.0 /p:InformationalVersion=1.2.7 /restore /t:Build,GenerateProjectPriFile /v:m /nologo
04:54:00 [DBG] 
04:54:01 [DBG]   Determining projects to restore...
04:54:03 [DBG]   Restored F:\GitHub\vice-sharp\src\ViceSharp.Chips\ViceSharp.Chips.csproj (in 1.33 sec).
04:54:03 [DBG]   Restored F:\GitHub\vice-sharp\src\ViceSharp.Xbox.ViewModels\ViceSharp.Xbox.ViewModels.csproj (in 1.33 sec).
04:54:03 [DBG]   Restored F:\GitHub\vice-sharp\src\ViceSharp.RomFetch\ViceSharp.RomFetch.csproj (in 1.33 sec).
04:54:03 [DBG]   Restored F:\GitHub\vice-sharp\src\ViceSharp.Abstractions\ViceSharp.Abstractions.csproj (in 1.33 sec).
04:54:03 [DBG]   Restored F:\GitHub\vice-sharp\src\ViceSharp.Protocol\ViceSharp.Protocol.csproj (in 1.33 sec).
04:54:03 [DBG]   Restored F:\GitHub\vice-sharp\src\ViceSharp.Library.ViewModels\ViceSharp.Library.ViewModels.csproj (in 1.33 sec).
04:54:03 [DBG]   Restored F:\GitHub\vice-sharp\src\ViceSharp.Core\ViceSharp.Core.csproj (in 1.33 sec).
04:54:03 [DBG]   Restored F:\GitHub\vice-sharp\src\ViceSharp.Xbox.Input\ViceSharp.Xbox.Input.csproj (in 1.33 sec).
04:54:03 [DBG]   Restored F:\GitHub\vice-sharp\src\ViceSharp.RomM\ViceSharp.RomM.csproj (in 1.33 sec).
04:54:03 [DBG]   Restored F:\GitHub\vice-sharp\src\ViceSharp.Architectures\ViceSharp.Architectures.csproj (in 1.32 sec).
04:54:03 [DBG]   Restored F:\GitHub\vice-sharp\src\ViceSharp.Monitor\ViceSharp.Monitor.csproj (in 1.33 sec).
04:54:03 [DBG]   Restored F:\GitHub\vice-sharp\src\ViceSharp.Host.InProcess\ViceSharp.Host.InProcess.csproj (in 1.33 sec).
04:54:03 [DBG]   Restored F:\GitHub\vice-sharp\src\ViceSharp.Xbox\ViceSharp.Xbox.csproj (in 1.33 sec).
04:54:05 [DBG]   ViceSharp.Abstractions -> F:\GitHub\vice-sharp\src\ViceSharp.Abstractions\bin\x64\Release-UWP\net10.0\ViceSharp.Abstractions.dll
04:54:09 [DBG]   ViceSharp.Chips -> F:\GitHub\vice-sharp\src\ViceSharp.Chips\bin\x64\Release-UWP\net10.0\ViceSharp.Chips.dll
04:54:09 [DBG]   ViceSharp.RomFetch -> F:\GitHub\vice-sharp\src\ViceSharp.RomFetch\bin\x64\Release-UWP\net10.0\ViceSharp.RomFetch.dll
04:54:10 [DBG]   ViceSharp.Core -> F:\GitHub\vice-sharp\src\ViceSharp.Core\bin\x64\Release-UWP\net10.0\ViceSharp.Core.dll
04:54:11 [DBG]   ViceSharp.Architectures -> F:\GitHub\vice-sharp\src\ViceSharp.Architectures\bin\x64\Release-UWP\net10.0\ViceSharp.Architectures.dll
04:54:11 [DBG]   ViceSharp.Monitor -> F:\GitHub\vice-sharp\src\ViceSharp.Monitor\bin\x64\Release-UWP\net10.0\ViceSharp.Monitor.dll
04:54:11 [DBG]   ViceSharp.Protocol -> F:\GitHub\vice-sharp\src\ViceSharp.Protocol\bin\x64\Release-UWP\net10.0\ViceSharp.Protocol.dll
04:54:12 [DBG]   ViceSharp.Host.InProcess -> F:\GitHub\vice-sharp\src\ViceSharp.Host.InProcess\bin\x64\Release-UWP\net10.0\ViceSharp.Host.InProcess.dll
04:54:12 [DBG]   ViceSharp.Xbox.Input -> F:\GitHub\vice-sharp\src\ViceSharp.Xbox.Input\bin\x64\Release-UWP\net10.0\ViceSharp.Xbox.Input.dll
04:54:12 [DBG]   ViceSharp.Xbox.ViewModels -> F:\GitHub\vice-sharp\src\ViceSharp.Xbox.ViewModels\bin\x64\Release-UWP\net10.0\ViceSharp.Xbox.ViewModels.dll
04:54:12 [DBG]   ViceSharp.Library.ViewModels -> F:\GitHub\vice-sharp\src\ViceSharp.Library.ViewModels\bin\x64\Release-UWP\net10.0\ViceSharp.Library.ViewModels.dll
04:54:12 [DBG]   ViceSharp.RomM -> F:\GitHub\vice-sharp\src\ViceSharp.RomM\bin\x64\Release-UWP\net10.0\ViceSharp.RomM.dll
04:54:24 [DBG] F:\GitHub\vice-sharp\src\ViceSharp.Xbox\Views\AboutPage.xaml(15,28): XamlCompiler warning WMC1506: OneWay bindings require at least one of their steps to support raising notifications when their value changes [F:\GitHub\vice-sharp\src\ViceSharp.Xbox\ViceSharp.Xbox.csproj]
04:54:24 [DBG] F:\GitHub\vice-sharp\src\ViceSharp.Xbox\Views\AboutPage.xaml(16,28): XamlCompiler warning WMC1506: OneWay bindings require at least one of their steps to support raising notifications when their value changes [F:\GitHub\vice-sharp\src\ViceSharp.Xbox\ViceSharp.Xbox.csproj]
04:54:24 [DBG] F:\GitHub\vice-sharp\src\ViceSharp.Xbox\Views\AboutPage.xaml(17,28): XamlCompiler warning WMC1506: OneWay bindings require at least one of their steps to support raising notifications when their value changes [F:\GitHub\vice-sharp\src\ViceSharp.Xbox\ViceSharp.Xbox.csproj]
04:54:24 [DBG] F:\GitHub\vice-sharp\src\ViceSharp.Xbox\Views\AboutPage.xaml(18,28): XamlCompiler warning WMC1506: OneWay bindings require at least one of their steps to support raising notifications when their value changes [F:\GitHub\vice-sharp\src\ViceSharp.Xbox\ViceSharp.Xbox.csproj]
04:54:24 [DBG] F:\GitHub\vice-sharp\src\ViceSharp.Xbox\Views\AboutPage.xaml(19,28): XamlCompiler warning WMC1506: OneWay bindings require at least one of their steps to support raising notifications when their value changes [F:\GitHub\vice-sharp\src\ViceSharp.Xbox\ViceSharp.Xbox.csproj]
04:54:24 [DBG] F:\GitHub\vice-sharp\src\ViceSharp.Xbox\Views\AboutPage.xaml(20,28): XamlCompiler warning WMC1506: OneWay bindings require at least one of their steps to support raising notifications when their value changes [F:\GitHub\vice-sharp\src\ViceSharp.Xbox\ViceSharp.Xbox.csproj]
04:54:24 [DBG] F:\GitHub\vice-sharp\src\ViceSharp.Xbox\Views\AboutPage.xaml(21,28): XamlCompiler warning WMC1506: OneWay bindings require at least one of their steps to support raising notifications when their value changes [F:\GitHub\vice-sharp\src\ViceSharp.Xbox\ViceSharp.Xbox.csproj]
04:54:24 [DBG] F:\GitHub\vice-sharp\src\ViceSharp.Xbox\Views\HomePage.xaml(33,21): XamlCompiler warning WMC1506: OneWay bindings require at least one of their steps to support raising notifications when their value changes [F:\GitHub\vice-sharp\src\ViceSharp.Xbox\ViceSharp.Xbox.csproj]
04:54:27 [DBG]   ViceSharp.Xbox -> F:\GitHub\vice-sharp\src\ViceSharp.Xbox\bin\x64\Release-UWP\net10.0-windows10.0.26100.0\win-x64\ViceSharp.Xbox.dll
04:54:28 [INF] > C:\Windows\System32\WindowsPowerShell\v1.0\powershell.exe -NoProfile -NonInteractive -Command ""(Get-AppxPackage -Name 'sharpninja.ViceSharp.Xbox').InstallLocation""
04:54:30 [INF] > C:\Windows\System32\Robocopy.exe "F:\GitHub\vice-sharp\src\ViceSharp.Xbox\bin\x64\Release-UWP\net10.0-windows10.0.26100.0\win-x64" "C:\Users\kingd\AppData\Local\ViceSharp.Xbox.AppXLayout" /S /XF AppxManifest.xml /XD AppX /NJH /NJS /NDL /NFL /NP
04:54:30 [DBG] 
04:54:30 [INF] Deployed Release-UWP build into the registered layout: C:\Users\kingd\AppData\Local\ViceSharp.Xbox.AppXLayout
04:54:30 [INF] > C:\Windows\System32\WindowsPowerShell\v1.0\powershell.exe -NoProfile -NonInteractive -Command ""(Get-AppxPackage -Name 'sharpninja.ViceSharp.Xbox').PackageFamilyName""
04:54:31 [INF] > C:\Windows\System32\WindowsPowerShell\v1.0\powershell.exe -NoProfile -NonInteractive -Command ""Start-Process 'shell:AppsFolder\sharpninja.ViceSharp.Xbox_wbxy578d68v3y!App'""
04:54:31 [INF] Launched sharpninja.ViceSharp.Xbox_wbxy578d68v3y. Log: %LOCALAPPDATA%\Packages\sharpninja.ViceSharp.Xbox_wbxy578d68v3y\LocalState\vicesharp.log
​
═══════════════════════════════════════
Target             Status      Duration
───────────────────────────────────────
DeployXboxLocal    Succeeded       0:34
───────────────────────────────────────
Total                              0:34
═══════════════════════════════════════
​
Build succeeded on 8/8/2026 4:54:31 AM. ＼（＾ᴗ＾）／
