  Determining projects to restore...
  All projects are up-to-date for restore.
  ViceSharp.Protocol -> F:\GitHub\vice-sharp\src\ViceSharp.Protocol\bin\Release\net10.0\ViceSharp.Protocol.dll
  ViceSharp.Abstractions -> F:\GitHub\vice-sharp\src\ViceSharp.Abstractions\bin\Release\net10.0\ViceSharp.Abstractions.dll
  ViceSharp.RomFetch -> F:\GitHub\vice-sharp\src\ViceSharp.RomFetch\bin\Release\net10.0\ViceSharp.RomFetch.dll
  ViceSharp.Chips -> F:\GitHub\vice-sharp\src\ViceSharp.Chips\bin\Release\net10.0\ViceSharp.Chips.dll
  ViceSharp.Xbox.Input -> F:\GitHub\vice-sharp\src\ViceSharp.Xbox.Input\bin\Release\net10.0\ViceSharp.Xbox.Input.dll
  ViceSharp.Library.ViewModels -> F:\GitHub\vice-sharp\src\ViceSharp.Library.ViewModels\bin\Release\net10.0\ViceSharp.Library.ViewModels.dll
  ViceSharp.Xbox.ViewModels -> F:\GitHub\vice-sharp\src\ViceSharp.Xbox.ViewModels\bin\Release\net10.0\ViceSharp.Xbox.ViewModels.dll
  ViceSharp.Core -> F:\GitHub\vice-sharp\src\ViceSharp.Core\bin\Release\net10.0\ViceSharp.Core.dll
  ViceSharp.RomM -> F:\GitHub\vice-sharp\src\ViceSharp.RomM\bin\Release\net10.0\ViceSharp.RomM.dll
  ViceSharp.Architectures -> F:\GitHub\vice-sharp\src\ViceSharp.Architectures\bin\Release\net10.0\ViceSharp.Architectures.dll
  ViceSharp.Monitor -> F:\GitHub\vice-sharp\src\ViceSharp.Monitor\bin\Release\net10.0\ViceSharp.Monitor.dll
  ViceSharp.Benchmarks -> F:\GitHub\vice-sharp\tests\ViceSharp.Benchmarks\bin\Release\net10.0\ViceSharp.Benchmarks.dll
  ViceSharp.AdhocHelper -> F:\GitHub\vice-sharp\src\ViceSharp.AdhocHelper\bin\Release\net10.0\ViceSharp.AdhocHelper.dll
  ViceSharp.Launcher -> F:\GitHub\vice-sharp\src\ViceSharp.Launcher\bin\Release\net10.0\ViceSharp.Launcher.dll
  ViceSharp.Host.InProcess -> F:\GitHub\vice-sharp\src\ViceSharp.Host.InProcess\bin\Release\net10.0\ViceSharp.Host.InProcess.dll
  ViceSharp.Console -> F:\GitHub\vice-sharp\src\ViceSharp.Console\bin\Release\net10.0\ViceSharp.Console.dll
  ViceSharp.Xbox -> F:\GitHub\vice-sharp\src\ViceSharp.Xbox\bin\Release\net10.0\ViceSharp.Xbox.dll
  ViceSharp.Host -> F:\GitHub\vice-sharp\src\ViceSharp.Host\bin\Release\net10.0\ViceSharp.Host.dll
  ViceSharp.Avalonia -> F:\GitHub\vice-sharp\src\ViceSharp.Avalonia\bin\Release\net10.0\ViceSharp.Avalonia.dll
  ViceSharp.Host.MacOS -> F:\GitHub\vice-sharp\src\ViceSharp.Host.MacOS\bin\Release\net10.0\ViceSharp.Host.MacOS.dll
  ViceSharp.TestHarness -> F:\GitHub\vice-sharp\tests\ViceSharp.TestHarness\bin\Release\net10.0\ViceSharp.TestHarness.dll
Test run for F:\GitHub\vice-sharp\tests\ViceSharp.TestHarness\bin\Release\net10.0\ViceSharp.TestHarness.dll (.NETCoreApp,Version=v10.0)
A total of 1 test files matched the specified pattern.
[xUnit.net 00:00:04.20]     ViceSharp.TestHarness.Vic20.Vic20DivergeProbe.EveryCycle_CpuRegs_Match_TwoSecondPal [FAIL]
  Failed ViceSharp.TestHarness.Vic20.Vic20DivergeProbe.EveryCycle_CpuRegs_Match_TwoSecondPal [2 s]
  Error Message:
   DIV first=517829 matchedCycles=517828 budget=2216810
c=517818 nPC=$E3FA mPC=$E3FA nA=$00 mA=$00 nX=$00 mX=$00 nY=$00 mY=$00 nS=$FD mS=$FD nP=$23 mP=$23 dbgCyc=0 op=$A0 mis=False
c=517819 nPC=$E3FA mPC=$E3FA nA=$00 mA=$00 nX=$00 mX=$00 nY=$00 mY=$00 nS=$FD mS=$FD nP=$23 mP=$23 dbgCyc=1 op=$98 mis=False
c=517820 nPC=$E3FB mPC=$E3FB nA=$00 mA=$00 nX=$00 mX=$00 nY=$00 mY=$00 nS=$FD mS=$FD nP=$23 mP=$23 dbgCyc=0 op=$98 mis=False
c=517821 nPC=$E3FB mPC=$E3FB nA=$00 mA=$00 nX=$00 mX=$00 nY=$00 mY=$00 nS=$FD mS=$FD nP=$23 mP=$23 dbgCyc=5 op=$91 mis=False
c=517822 nPC=$E3FD mPC=$E3FD nA=$00 mA=$00 nX=$00 mX=$00 nY=$00 mY=$00 nS=$FD mS=$FD nP=$23 mP=$23 dbgCyc=4 op=$91 mis=False
c=517823 nPC=$E3FD mPC=$E3FD nA=$00 mA=$00 nX=$00 mX=$00 nY=$00 mY=$00 nS=$FD mS=$FD nP=$23 mP=$23 dbgCyc=3 op=$91 mis=False
c=517824 nPC=$E3FD mPC=$E3FD nA=$00 mA=$00 nX=$00 mX=$00 nY=$00 mY=$00 nS=$FD mS=$FD nP=$23 mP=$23 dbgCyc=2 op=$91 mis=False
c=517825 nPC=$E3FD mPC=$E3FD nA=$00 mA=$00 nX=$00 mX=$00 nY=$00 mY=$00 nS=$FD mS=$FD nP=$23 mP=$23 dbgCyc=1 op=$91 mis=False
c=517826 nPC=$E3FD mPC=$E3FD nA=$00 mA=$00 nX=$00 mX=$00 nY=$00 mY=$00 nS=$FD mS=$FD nP=$23 mP=$23 dbgCyc=0 op=$91 mis=False
c=517827 nPC=$E3FD mPC=$E3FD nA=$00 mA=$00 nX=$00 mX=$00 nY=$00 mY=$00 nS=$FD mS=$FD nP=$23 mP=$23 dbgCyc=4 op=$E6 mis=False
c=517828 nPC=$E3FD mPC=$E3FD nA=$00 mA=$00 nX=$00 mX=$00 nY=$00 mY=$00 nS=$FD mS=$FD nP=$23 mP=$23 dbgCyc=3 op=$E6 mis=False
c=517829 nPC=$E3FF mPC=$E3FF nA=$00 mA=$00 nX=$00 mX=$00 nY=$00 mY=$00 nS=$FD mS=$FD nP=$21 mP=$23 dbgCyc=2 op=$E6 mis=True
bus: m$C1=$00 m$C2=$20 n$C1=$00 n$C2=$20 m$C3=$6D m$C4=$FD n$C3=$6D n$C4=$FD m$0314=$BF n$0314=$BF

  Stack Trace:
     at ViceSharp.TestHarness.Vic20.Vic20DivergeProbe.RunEveryCycle(Int32 budget) in F:\GitHub\vice-sharp\tests\ViceSharp.TestHarness\Vic20\Vic20DivergeProbe.cs:line 102
   at ViceSharp.TestHarness.Vic20.Vic20DivergeProbe.EveryCycle_CpuRegs_Match_TwoSecondPal() in F:\GitHub\vice-sharp\tests\ViceSharp.TestHarness\Vic20\Vic20DivergeProbe.cs:line 47
   at System.Reflection.MethodBaseInvoker.InterpretedInvoke_Method(Object obj, IntPtr* args)
   at System.Reflection.MethodBaseInvoker.InvokeWithNoArgs(Object obj, BindingFlags invokeAttr)

Failed!  - Failed:     1, Passed:     0, Skipped:     0, Total:     1, Duration: 2 s - ViceSharp.TestHarness.dll (net10.0)
