Test run for F:\GitHub\vice-sharp\tests\ViceSharp.TestHarness\bin\Release\net10.0\ViceSharp.TestHarness.dll (.NETCoreApp,Version=v10.0)
A total of 1 test files matched the specified pattern.
[xUnit.net 00:00:04.16]     ViceSharp.TestHarness.Vic20.Vic20DivergeProbe.EveryCycle_CpuRegs_Match_TwoSecondPal [FAIL]
  Failed ViceSharp.TestHarness.Vic20.Vic20DivergeProbe.EveryCycle_CpuRegs_Match_TwoSecondPal [2 s]
  Error Message:
   DIV first=518797 matchedCycles=518796 budget=2216810
c=518786 nPC=$E89B mPC=$E89B nA=$13 mA=$13 nX=$00 mX=$00 nY=$00 mY=$00 nS=$F2 mS=$F2 nP=$31 mP=$31 dbgCyc=1 op=$C9 trail=1 nonOvlR=True nonOvlF=True dly=False stg=False mis=False
c=518787 nPC=$E89B mPC=$E89B nA=$13 mA=$13 nX=$00 mX=$00 nY=$00 mY=$00 nS=$F2 mS=$F2 nP=$31 mP=$31 dbgCyc=0 op=$C9 trail=1 nonOvlR=True nonOvlF=True dly=False stg=False mis=False
c=518788 nPC=$E89D mPC=$E89D nA=$13 mA=$13 nX=$00 mX=$00 nY=$00 mY=$00 nS=$F2 mS=$F2 nP=$B0 mP=$B0 dbgCyc=2 op=$D0 trail=0 nonOvlR=True nonOvlF=True dly=False stg=False mis=False
c=518789 nPC=$E89D mPC=$E89D nA=$13 mA=$13 nX=$00 mX=$00 nY=$00 mY=$00 nS=$F2 mS=$F2 nP=$B0 mP=$B0 dbgCyc=1 op=$D0 trail=0 nonOvlR=True nonOvlF=True dly=False stg=False mis=False
c=518790 nPC=$E89F mPC=$E89F nA=$13 mA=$13 nX=$00 mX=$00 nY=$00 mY=$00 nS=$F2 mS=$F2 nP=$B0 mP=$B0 dbgCyc=0 op=$D0 trail=0 nonOvlR=True nonOvlF=True dly=False stg=False mis=False
c=518791 nPC=$E8B1 mPC=$E8B1 nA=$13 mA=$13 nX=$00 mX=$00 nY=$00 mY=$00 nS=$F2 mS=$F2 nP=$B0 mP=$B0 dbgCyc=1 op=$C9 trail=1 nonOvlR=True nonOvlF=True dly=False stg=False mis=False
c=518792 nPC=$E8B1 mPC=$E8B1 nA=$13 mA=$13 nX=$00 mX=$00 nY=$00 mY=$00 nS=$F2 mS=$F2 nP=$B0 mP=$B0 dbgCyc=0 op=$C9 trail=1 nonOvlR=True nonOvlF=True dly=False stg=False mis=False
c=518793 nPC=$E8B3 mPC=$E8B3 nA=$13 mA=$13 nX=$00 mX=$00 nY=$00 mY=$00 nS=$F2 mS=$F2 nP=$33 mP=$33 dbgCyc=1 op=$D0 trail=0 nonOvlR=True nonOvlF=True dly=False stg=False mis=False
c=518794 nPC=$E8B3 mPC=$E8B3 nA=$13 mA=$13 nX=$00 mX=$00 nY=$00 mY=$00 nS=$F2 mS=$F2 nP=$33 mP=$33 dbgCyc=0 op=$D0 trail=0 nonOvlR=True nonOvlF=True dly=False stg=False mis=False
c=518795 nPC=$E8B5 mPC=$E8B5 nA=$13 mA=$13 nX=$00 mX=$00 nY=$00 mY=$00 nS=$F2 mS=$F2 nP=$33 mP=$33 dbgCyc=5 op=$20 trail=0 nonOvlR=True nonOvlF=True dly=False stg=False mis=False
c=518796 nPC=$E8B5 mPC=$E8B5 nA=$13 mA=$13 nX=$00 mX=$00 nY=$00 mY=$00 nS=$F2 mS=$F2 nP=$33 mP=$33 dbgCyc=4 op=$20 trail=0 nonOvlR=True nonOvlF=True dly=False stg=False mis=False
c=518797 nPC=$E8B5 mPC=$E8B7 nA=$13 mA=$13 nX=$00 mX=$00 nY=$00 mY=$00 nS=$F2 mS=$F1 nP=$33 mP=$33 dbgCyc=3 op=$20 trail=0 nonOvlR=True nonOvlF=True dly=False stg=False mis=True
bus: m$C1=$00 m$C2=$20 n$C1=$00 n$C2=$20 m$C3=$6D m$C4=$FD n$C3=$6D n$C4=$FD m$0314=$BF n$0314=$BF

  Stack Trace:
     at ViceSharp.TestHarness.Vic20.Vic20DivergeProbe.RunEveryCycle(Int32 budget) in F:\GitHub\vice-sharp\tests\ViceSharp.TestHarness\Vic20\Vic20DivergeProbe.cs:line 104
   at ViceSharp.TestHarness.Vic20.Vic20DivergeProbe.EveryCycle_CpuRegs_Match_TwoSecondPal() in F:\GitHub\vice-sharp\tests\ViceSharp.TestHarness\Vic20\Vic20DivergeProbe.cs:line 47
   at System.Reflection.MethodBaseInvoker.InterpretedInvoke_Method(Object obj, IntPtr* args)
   at System.Reflection.MethodBaseInvoker.InvokeWithNoArgs(Object obj, BindingFlags invokeAttr)

Failed!  - Failed:     1, Passed:     0, Skipped:     0, Total:     1, Duration: 2 s - ViceSharp.TestHarness.dll (net10.0)
