Test run for F:\GitHub\vice-sharp\tests\ViceSharp.TestHarness\bin\Release\net10.0\ViceSharp.TestHarness.dll (.NETCoreApp,Version=v10.0)
A total of 1 test files matched the specified pattern.
[xUnit.net 00:00:04.24]     ViceSharp.TestHarness.Vic20.Vic20DivergeProbe.EveryCycle_CpuRegs_Match_TwoSecondPal [FAIL]
  Failed ViceSharp.TestHarness.Vic20.Vic20DivergeProbe.EveryCycle_CpuRegs_Match_TwoSecondPal [2 s]
  Error Message:
   DIV first=518741 matchedCycles=518740 budget=2216810
c=518730 nPC=$E814 mPC=$E814 nA=$93 mA=$93 nX=$18 mX=$18 nY=$00 mY=$00 nS=$F2 mS=$F2 nP=$B1 mP=$B1 dbgCyc=1 op=$EA trail=0 nonOvlR=False nonOvlF=False dly=False stg=False mis=False
c=518731 nPC=$E815 mPC=$E815 nA=$93 mA=$93 nX=$18 mX=$18 nY=$00 mY=$00 nS=$F2 mS=$F2 nP=$B1 mP=$B1 dbgCyc=0 op=$EA trail=0 nonOvlR=False nonOvlF=False dly=False stg=False mis=False
c=518732 nPC=$E815 mPC=$E815 nA=$93 mA=$93 nX=$18 mX=$18 nY=$00 mY=$00 nS=$F2 mS=$F2 nP=$B1 mP=$B1 dbgCyc=1 op=$29 trail=0 nonOvlR=False nonOvlF=False dly=False stg=False mis=False
c=518733 nPC=$E817 mPC=$E817 nA=$13 mA=$13 nX=$18 mX=$18 nY=$00 mY=$00 nS=$F2 mS=$F2 nP=$31 mP=$31 dbgCyc=0 op=$29 trail=0 nonOvlR=False nonOvlF=False dly=False stg=False mis=False
c=518734 nPC=$E817 mPC=$E817 nA=$13 mA=$13 nX=$18 mX=$18 nY=$00 mY=$00 nS=$F2 mS=$F2 nP=$31 mP=$31 dbgCyc=1 op=$C9 trail=1 nonOvlR=False nonOvlF=False dly=False stg=False mis=False
c=518735 nPC=$E819 mPC=$E819 nA=$13 mA=$13 nX=$18 mX=$18 nY=$00 mY=$00 nS=$F2 mS=$F2 nP=$B0 mP=$B0 dbgCyc=0 op=$C9 trail=1 nonOvlR=False nonOvlF=False dly=False stg=False mis=False
c=518736 nPC=$E819 mPC=$E819 nA=$13 mA=$13 nX=$18 mX=$18 nY=$00 mY=$00 nS=$F2 mS=$F2 nP=$B0 mP=$B0 dbgCyc=1 op=$D0 trail=1 nonOvlR=False nonOvlF=False dly=False stg=False mis=False
c=518737 nPC=$E81B mPC=$E81B nA=$13 mA=$13 nX=$18 mX=$18 nY=$00 mY=$00 nS=$F2 mS=$F2 nP=$B0 mP=$B0 dbgCyc=0 op=$D0 trail=1 nonOvlR=False nonOvlF=False dly=False stg=False mis=False
c=518738 nPC=$E81D mPC=$E81D nA=$13 mA=$13 nX=$18 mX=$18 nY=$00 mY=$00 nS=$F2 mS=$F2 nP=$B0 mP=$B0 dbgCyc=1 op=$EA trail=1 nonOvlR=False nonOvlF=False dly=False stg=False mis=False
c=518739 nPC=$E81D mPC=$E81D nA=$13 mA=$13 nX=$18 mX=$18 nY=$00 mY=$00 nS=$F2 mS=$F2 nP=$B0 mP=$B0 dbgCyc=0 op=$EA trail=1 nonOvlR=False nonOvlF=False dly=False stg=False mis=False
c=518740 nPC=$E81E mPC=$E81E nA=$13 mA=$13 nX=$18 mX=$18 nY=$00 mY=$00 nS=$F2 mS=$F2 nP=$B0 mP=$B0 dbgCyc=1 op=$EA trail=0 nonOvlR=False nonOvlF=False dly=False stg=False mis=False
c=518741 nPC=$E81E mPC=$E81F nA=$13 mA=$13 nX=$18 mX=$18 nY=$00 mY=$00 nS=$F2 mS=$F2 nP=$B0 mP=$B0 dbgCyc=0 op=$EA trail=0 nonOvlR=False nonOvlF=False dly=False stg=False mis=True
bus: m$C1=$00 m$C2=$20 n$C1=$00 n$C2=$20 m$C3=$6D m$C4=$FD n$C3=$6D n$C4=$FD m$0314=$BF n$0314=$BF

  Stack Trace:
     at ViceSharp.TestHarness.Vic20.Vic20DivergeProbe.RunEveryCycle(Int32 budget) in F:\GitHub\vice-sharp\tests\ViceSharp.TestHarness\Vic20\Vic20DivergeProbe.cs:line 104
   at ViceSharp.TestHarness.Vic20.Vic20DivergeProbe.EveryCycle_CpuRegs_Match_TwoSecondPal() in F:\GitHub\vice-sharp\tests\ViceSharp.TestHarness\Vic20\Vic20DivergeProbe.cs:line 47
   at System.Reflection.MethodBaseInvoker.InterpretedInvoke_Method(Object obj, IntPtr* args)
   at System.Reflection.MethodBaseInvoker.InvokeWithNoArgs(Object obj, BindingFlags invokeAttr)

Failed!  - Failed:     1, Passed:     0, Skipped:     0, Total:     1, Duration: 2 s - ViceSharp.TestHarness.dll (net10.0)
