Test run for F:\GitHub\vice-sharp\tests\ViceSharp.TestHarness\bin\Release\net10.0\ViceSharp.TestHarness.dll (.NETCoreApp,Version=v10.0)
A total of 1 test files matched the specified pattern.
[xUnit.net 00:00:04.06]     ViceSharp.TestHarness.Vic20.Vic20DivergeProbe.EveryCycle_CpuRegs_Match_TwoSecondPal [FAIL]
  Failed ViceSharp.TestHarness.Vic20.Vic20DivergeProbe.EveryCycle_CpuRegs_Match_TwoSecondPal [2 s]
  Error Message:
   DIV first=518803 matchedCycles=518802 budget=2216810
c=518792 nPC=$E8B1 mPC=$E8B1 nA=$13 mA=$13 nX=$00 mX=$00 nY=$00 mY=$00 nS=$F2 mS=$F2 nP=$B0 mP=$B0 dbgCyc=0 op=$C9 trail=1 nonOvlR=True nonOvlF=True dly=False stg=False mis=False
c=518793 nPC=$E8B3 mPC=$E8B3 nA=$13 mA=$13 nX=$00 mX=$00 nY=$00 mY=$00 nS=$F2 mS=$F2 nP=$33 mP=$33 dbgCyc=1 op=$D0 trail=0 nonOvlR=True nonOvlF=True dly=False stg=False mis=False
c=518794 nPC=$E8B3 mPC=$E8B3 nA=$13 mA=$13 nX=$00 mX=$00 nY=$00 mY=$00 nS=$F2 mS=$F2 nP=$33 mP=$33 dbgCyc=0 op=$D0 trail=0 nonOvlR=True nonOvlF=True dly=False stg=False mis=False
c=518795 nPC=$E8B5 mPC=$E8B5 nA=$13 mA=$13 nX=$00 mX=$00 nY=$00 mY=$00 nS=$F2 mS=$F2 nP=$33 mP=$33 dbgCyc=5 op=$20 trail=0 nonOvlR=True nonOvlF=True dly=False stg=False mis=False
c=518796 nPC=$E8B5 mPC=$E8B5 nA=$13 mA=$13 nX=$00 mX=$00 nY=$00 mY=$00 nS=$F2 mS=$F2 nP=$33 mP=$33 dbgCyc=4 op=$20 trail=0 nonOvlR=True nonOvlF=True dly=False stg=False mis=False
c=518797 nPC=$E8B5 mPC=$E8B5 nA=$13 mA=$13 nX=$00 mX=$00 nY=$00 mY=$00 nS=$F2 mS=$F2 nP=$33 mP=$33 dbgCyc=3 op=$20 trail=0 nonOvlR=True nonOvlF=True dly=False stg=False mis=False
c=518798 nPC=$E8B7 mPC=$E8B7 nA=$13 mA=$13 nX=$00 mX=$00 nY=$00 mY=$00 nS=$F1 mS=$F1 nP=$33 mP=$33 dbgCyc=2 op=$20 trail=0 nonOvlR=True nonOvlF=True dly=False stg=False mis=False
c=518799 nPC=$E8B7 mPC=$E8B7 nA=$13 mA=$13 nX=$00 mX=$00 nY=$00 mY=$00 nS=$F0 mS=$F0 nP=$33 mP=$33 dbgCyc=1 op=$20 trail=0 nonOvlR=True nonOvlF=True dly=False stg=False mis=False
c=518800 nPC=$E8B7 mPC=$E8B7 nA=$13 mA=$13 nX=$00 mX=$00 nY=$00 mY=$00 nS=$F0 mS=$F0 nP=$33 mP=$33 dbgCyc=0 op=$20 trail=0 nonOvlR=True nonOvlF=True dly=False stg=False mis=False
c=518801 nPC=$E55F mPC=$E55F nA=$13 mA=$13 nX=$00 mX=$00 nY=$00 mY=$00 nS=$F0 mS=$F0 nP=$33 mP=$33 dbgCyc=3 op=$AD trail=3 nonOvlR=True nonOvlF=True dly=False stg=False mis=False
c=518802 nPC=$E55F mPC=$E55F nA=$13 mA=$13 nX=$00 mX=$00 nY=$00 mY=$00 nS=$F0 mS=$F0 nP=$33 mP=$33 dbgCyc=2 op=$AD trail=3 nonOvlR=True nonOvlF=True dly=False stg=False mis=False
c=518803 nPC=$E55F mPC=$E55F nA=$13 mA=$1E nX=$00 mX=$00 nY=$00 mY=$00 nS=$F0 mS=$F0 nP=$33 mP=$33 dbgCyc=1 op=$AD trail=3 nonOvlR=True nonOvlF=True dly=False stg=True mis=True
bus: m$C1=$00 m$C2=$20 n$C1=$00 n$C2=$20 m$C3=$6D m$C4=$FD n$C3=$6D n$C4=$FD m$0314=$BF n$0314=$BF

  Stack Trace:
     at ViceSharp.TestHarness.Vic20.Vic20DivergeProbe.RunEveryCycle(Int32 budget) in F:\GitHub\vice-sharp\tests\ViceSharp.TestHarness\Vic20\Vic20DivergeProbe.cs:line 104
   at ViceSharp.TestHarness.Vic20.Vic20DivergeProbe.EveryCycle_CpuRegs_Match_TwoSecondPal() in F:\GitHub\vice-sharp\tests\ViceSharp.TestHarness\Vic20\Vic20DivergeProbe.cs:line 47
   at System.Reflection.MethodBaseInvoker.InterpretedInvoke_Method(Object obj, IntPtr* args)
   at System.Reflection.MethodBaseInvoker.InvokeWithNoArgs(Object obj, BindingFlags invokeAttr)

Failed!  - Failed:     1, Passed:     0, Skipped:     0, Total:     1, Duration: 2 s - ViceSharp.TestHarness.dll (net10.0)
