  Determining projects to restore...
  All projects are up-to-date for restore.
  ViceSharp.Protocol -> F:\GitHub\vice-sharp\src\ViceSharp.Protocol\bin\Release\net10.0\ViceSharp.Protocol.dll
  ViceSharp.Abstractions -> F:\GitHub\vice-sharp\src\ViceSharp.Abstractions\bin\Release\net10.0\ViceSharp.Abstractions.dll
  ViceSharp.Library.ViewModels -> F:\GitHub\vice-sharp\src\ViceSharp.Library.ViewModels\bin\Release\net10.0\ViceSharp.Library.ViewModels.dll
  ViceSharp.RomFetch -> F:\GitHub\vice-sharp\src\ViceSharp.RomFetch\bin\Release\net10.0\ViceSharp.RomFetch.dll
  ViceSharp.Chips -> F:\GitHub\vice-sharp\src\ViceSharp.Chips\bin\Release\net10.0\ViceSharp.Chips.dll
  ViceSharp.Xbox.Input -> F:\GitHub\vice-sharp\src\ViceSharp.Xbox.Input\bin\Release\net10.0\ViceSharp.Xbox.Input.dll
  ViceSharp.RomM -> F:\GitHub\vice-sharp\src\ViceSharp.RomM\bin\Release\net10.0\ViceSharp.RomM.dll
  ViceSharp.Xbox.ViewModels -> F:\GitHub\vice-sharp\src\ViceSharp.Xbox.ViewModels\bin\Release\net10.0\ViceSharp.Xbox.ViewModels.dll
  ViceSharp.Core -> F:\GitHub\vice-sharp\src\ViceSharp.Core\bin\Release\net10.0\ViceSharp.Core.dll
  ViceSharp.Monitor -> F:\GitHub\vice-sharp\src\ViceSharp.Monitor\bin\Release\net10.0\ViceSharp.Monitor.dll
  ViceSharp.Architectures -> F:\GitHub\vice-sharp\src\ViceSharp.Architectures\bin\Release\net10.0\ViceSharp.Architectures.dll
  ViceSharp.Launcher -> F:\GitHub\vice-sharp\src\ViceSharp.Launcher\bin\Release\net10.0\ViceSharp.Launcher.dll
  ViceSharp.Benchmarks -> F:\GitHub\vice-sharp\tests\ViceSharp.Benchmarks\bin\Release\net10.0\ViceSharp.Benchmarks.dll
  ViceSharp.AdhocHelper -> F:\GitHub\vice-sharp\src\ViceSharp.AdhocHelper\bin\Release\net10.0\ViceSharp.AdhocHelper.dll
  ViceSharp.Console -> F:\GitHub\vice-sharp\src\ViceSharp.Console\bin\Release\net10.0\ViceSharp.Console.dll
  ViceSharp.Host.InProcess -> F:\GitHub\vice-sharp\src\ViceSharp.Host.InProcess\bin\Release\net10.0\ViceSharp.Host.InProcess.dll
  ViceSharp.Xbox -> F:\GitHub\vice-sharp\src\ViceSharp.Xbox\bin\Release\net10.0\ViceSharp.Xbox.dll
  ViceSharp.Host -> F:\GitHub\vice-sharp\src\ViceSharp.Host\bin\Release\net10.0\ViceSharp.Host.dll
  ViceSharp.Avalonia -> F:\GitHub\vice-sharp\src\ViceSharp.Avalonia\bin\Release\net10.0\ViceSharp.Avalonia.dll
  ViceSharp.Host.MacOS -> F:\GitHub\vice-sharp\src\ViceSharp.Host.MacOS\bin\Release\net10.0\ViceSharp.Host.MacOS.dll
  ViceSharp.TestHarness -> F:\GitHub\vice-sharp\tests\ViceSharp.TestHarness\bin\Release\net10.0\ViceSharp.TestHarness.dll
Test run for F:\GitHub\vice-sharp\tests\ViceSharp.TestHarness\bin\Release\net10.0\ViceSharp.TestHarness.dll (.NETCoreApp,Version=v10.0)
A total of 1 test files matched the specified pattern.
[xUnit.net 00:00:02.77]     ViceSharp.TestHarness.Vic20.Vic20DivergeProbe.FirstDiverge_WithWindowDump [FAIL]
  Failed ViceSharp.TestHarness.Vic20.Vic20DivergeProbe.FirstDiverge_WithWindowDump [1 s]
  Error Message:
   DIV first=5023
c=5009 nPC=$FDB5 mPC=$FDB5 nA=$00 mA=$00 nX=$04 mX=$04 nY=$00 mY=$00 nS=$FD mS=$FD nP=$24 mP=$24 dbgCyc=3 op=$20 bound=False trail=1 fullBr=False mis=False
c=5010 nPC=$FDB7 mPC=$FDB7 nA=$00 mA=$00 nX=$04 mX=$04 nY=$00 mY=$00 nS=$FC mS=$FC nP=$24 mP=$24 dbgCyc=2 op=$20 bound=False trail=1 fullBr=False mis=False
c=5011 nPC=$FDB7 mPC=$FDB7 nA=$00 mA=$00 nX=$04 mX=$04 nY=$00 mY=$00 nS=$FB mS=$FB nP=$24 mP=$24 dbgCyc=1 op=$20 bound=False trail=1 fullBr=False mis=False
c=5012 nPC=$FDB7 mPC=$FDB7 nA=$00 mA=$00 nX=$04 mX=$04 nY=$00 mY=$00 nS=$FB mS=$FB nP=$24 mP=$24 dbgCyc=0 op=$20 bound=False trail=1 fullBr=False mis=False
c=5013 nPC=$FE91 mPC=$FE91 nA=$00 mA=$00 nX=$04 mX=$04 nY=$00 mY=$00 nS=$FB mS=$FB nP=$24 mP=$24 dbgCyc=4 op=$B1 bound=False trail=3 fullBr=False mis=False
c=5014 nPC=$FE91 mPC=$FE91 nA=$00 mA=$00 nX=$04 mX=$04 nY=$00 mY=$00 nS=$FB mS=$FB nP=$24 mP=$24 dbgCyc=3 op=$B1 bound=False trail=3 fullBr=False mis=False
c=5015 nPC=$FE91 mPC=$FE91 nA=$00 mA=$00 nX=$04 mX=$04 nY=$00 mY=$00 nS=$FB mS=$FB nP=$24 mP=$24 dbgCyc=2 op=$B1 bound=False trail=3 fullBr=False mis=False
c=5016 nPC=$FE91 mPC=$FE91 nA=$00 mA=$00 nX=$04 mX=$04 nY=$00 mY=$00 nS=$FB mS=$FB nP=$24 mP=$24 dbgCyc=1 op=$B1 bound=False trail=3 fullBr=False mis=False
c=5017 nPC=$FE91 mPC=$FE91 nA=$04 mA=$04 nX=$04 mX=$04 nY=$00 mY=$00 nS=$FB mS=$FB nP=$24 mP=$24 dbgCyc=0 op=$B1 bound=False trail=3 fullBr=False mis=False
c=5018 nPC=$FE93 mPC=$FE93 nA=$04 mA=$04 nX=$04 mX=$04 nY=$00 mY=$00 nS=$FB mS=$FB nP=$24 mP=$24 dbgCyc=1 op=$AA bound=False trail=0 fullBr=False mis=False
c=5019 nPC=$FE93 mPC=$FE93 nA=$04 mA=$04 nX=$04 mX=$04 nY=$00 mY=$00 nS=$FB mS=$FB nP=$24 mP=$24 dbgCyc=0 op=$AA bound=False trail=0 fullBr=False mis=False
c=5020 nPC=$FE94 mPC=$FE94 nA=$04 mA=$04 nX=$04 mX=$04 nY=$00 mY=$00 nS=$FB mS=$FB nP=$24 mP=$24 dbgCyc=1 op=$A9 bound=False trail=0 fullBr=False mis=False
c=5021 nPC=$FE94 mPC=$FE94 nA=$04 mA=$04 nX=$04 mX=$04 nY=$00 mY=$00 nS=$FB mS=$FB nP=$24 mP=$24 dbgCyc=0 op=$A9 bound=False trail=0 fullBr=False mis=False
c=5022 nPC=$FE96 mPC=$FE96 nA=$55 mA=$55 nX=$04 mX=$04 nY=$00 mY=$00 nS=$FB mS=$FB nP=$24 mP=$24 dbgCyc=5 op=$91 bound=False trail=0 fullBr=False mis=False
c=5023 nPC=$FE96 mPC=$FE98 nA=$55 mA=$55 nX=$04 mX=$04 nY=$00 mY=$00 nS=$FB mS=$FB nP=$24 mP=$24 dbgCyc=4 op=$91 bound=False trail=0 fullBr=False mis=True
c=5024 nPC=$FE98 mPC=$FE98 nA=$55 mA=$55 nX=$04 mX=$04 nY=$00 mY=$00 nS=$FB mS=$FB nP=$24 mP=$24 dbgCyc=3 op=$91 bound=False trail=0 fullBr=False mis=False
c=5025 nPC=$FE98 mPC=$FE98 nA=$55 mA=$55 nX=$04 mX=$04 nY=$00 mY=$00 nS=$FB mS=$FB nP=$24 mP=$24 dbgCyc=2 op=$91 bound=False trail=0 fullBr=False mis=False
c=5026 nPC=$FE98 mPC=$FE98 nA=$55 mA=$55 nX=$04 mX=$04 nY=$00 mY=$00 nS=$FB mS=$FB nP=$24 mP=$24 dbgCyc=1 op=$91 bound=False trail=0 fullBr=False mis=False
c=5027 nPC=$FE98 mPC=$FE98 nA=$55 mA=$55 nX=$04 mX=$04 nY=$00 mY=$00 nS=$FB mS=$FB nP=$24 mP=$24 dbgCyc=0 op=$91 bound=True trail=0 fullBr=False mis=False
c=5028 nPC=$FE98 mPC=$FE98 nA=$55 mA=$55 nX=$04 mX=$04 nY=$00 mY=$00 nS=$FB mS=$FB nP=$24 mP=$24 dbgCyc=4 op=$D1 bound=False trail=5 fullBr=False mis=False
c=5029 nPC=$FE98 mPC=$FE98 nA=$55 mA=$55 nX=$04 mX=$04 nY=$00 mY=$00 nS=$FB mS=$FB nP=$24 mP=$24 dbgCyc=3 op=$D1 bound=False trail=5 fullBr=False mis=False
c=5030 nPC=$FE98 mPC=$FE98 nA=$55 mA=$55 nX=$04 mX=$04 nY=$00 mY=$00 nS=$FB mS=$FB nP=$24 mP=$24 dbgCyc=2 op=$D1 bound=False trail=5 fullBr=False mis=False
c=5031 nPC=$FE98 mPC=$FE98 nA=$55 mA=$55 nX=$04 mX=$04 nY=$00 mY=$00 nS=$FB mS=$FB nP=$24 mP=$24 dbgCyc=1 op=$D1 bound=False trail=5 fullBr=False mis=False
c=5032 nPC=$FE98 mPC=$FE9A nA=$55 mA=$55 nX=$04 mX=$04 nY=$00 mY=$00 nS=$FB mS=$FB nP=$24 mP=$25 dbgCyc=0 op=$D1 bound=True trail=5 fullBr=False mis=True
c=5033 nPC=$FE9A mPC=$FE9A nA=$55 mA=$55 nX=$04 mX=$04 nY=$00 mY=$00 nS=$FB mS=$FB nP=$25 mP=$25 dbgCyc=1 op=$D0 bound=False trail=1 fullBr=False mis=False
c=5034 nPC=$FE9A mPC=$FE9C nA=$55 mA=$55 nX=$04 mX=$04 nY=$00 mY=$00 nS=$FB mS=$FB nP=$25 mP=$25 dbgCyc=0 op=$D0 bound=False trail=1 fullBr=False mis=True
c=5035 nPC=$FE9C mPC=$FEA4 nA=$55 mA=$55 nX=$04 mX=$04 nY=$00 mY=$00 nS=$FB mS=$FB nP=$25 mP=$25 dbgCyc=1 op=$18 bound=False trail=1 fullBr=False mis=True
c=5036 nPC=$FEA4 mPC=$FEA4 nA=$55 mA=$55 nX=$04 mX=$04 nY=$00 mY=$00 nS=$FB mS=$FB nP=$25 mP=$25 dbgCyc=0 op=$18 bound=False trail=1 fullBr=False mis=False
c=5037 nPC=$FEA4 mPC=$FEA5 nA=$55 mA=$55 nX=$04 mX=$04 nY=$00 mY=$00 nS=$FB mS=$FB nP=$25 mP=$24 dbgCyc=0 op=$18 bound=True trail=1 fullBr=False mis=True
c=5038 nPC=$FEA5 mPC=$FEA5 nA=$55 mA=$55 nX=$04 mX=$04 nY=$00 mY=$00 nS=$FB mS=$FB nP=$24 mP=$24 dbgCyc=1 op=$8A bound=False trail=1 fullBr=False mis=False
c=5039 nPC=$FEA5 mPC=$FEA6 nA=$55 mA=$04 nX=$04 mX=$04 nY=$00 mY=$00 nS=$FB mS=$FB nP=$24 mP=$24 dbgCyc=0 op=$8A bound=True trail=1 fullBr=False mis=True
c=5040 nPC=$FEA6 mPC=$FEA6 nA=$04 mA=$04 nX=$04 mX=$04 nY=$00 mY=$00 nS=$FB mS=$FB nP=$24 mP=$24 dbgCyc=5 op=$91 bound=False trail=0 fullBr=False mis=False
c=5041 nPC=$FEA6 mPC=$FEA8 nA=$04 mA=$04 nX=$04 mX=$04 nY=$00 mY=$00 nS=$FB mS=$FB nP=$24 mP=$24 dbgCyc=4 op=$91 bound=False trail=0 fullBr=False mis=True
c=5042 nPC=$FEA8 mPC=$FEA8 nA=$04 mA=$04 nX=$04 mX=$04 nY=$00 mY=$00 nS=$FB mS=$FB nP=$24 mP=$24 dbgCyc=3 op=$91 bound=False trail=0 fullBr=False mis=False
c=5043 nPC=$FEA8 mPC=$FEA8 nA=$04 mA=$04 nX=$04 mX=$04 nY=$00 mY=$00 nS=$FB mS=$FB nP=$24 mP=$24 dbgCyc=2 op=$91 bound=False trail=0 fullBr=False mis=False

  Stack Trace:
     at ViceSharp.TestHarness.Vic20.Vic20DivergeProbe.FirstDiverge_WithWindowDump() in F:\GitHub\vice-sharp\tests\ViceSharp.TestHarness\Vic20\Vic20DivergeProbe.cs:line 73
   at System.Reflection.MethodBaseInvoker.InterpretedInvoke_Method(Object obj, IntPtr* args)
   at System.Reflection.MethodBaseInvoker.InvokeWithNoArgs(Object obj, BindingFlags invokeAttr)

Failed!  - Failed:     1, Passed:     0, Skipped:     0, Total:     1, Duration: 1 s - ViceSharp.TestHarness.dll (net10.0)
