Test run for F:\GitHub\vice-sharp\tests\ViceSharp.TestHarness\bin\Release\net10.0\ViceSharp.TestHarness.dll (.NETCoreApp,Version=v10.0)
A total of 1 test files matched the specified pattern.
[xUnit.net 00:00:00.00] xUnit.net VSTest Adapter v3.1.5+1b188a7b0a (64-bit .NET 10.0.10)
[xUnit.net 00:00:00.26]   Discovering: ViceSharp.TestHarness
[xUnit.net 00:00:02.07]   Discovered:  ViceSharp.TestHarness
[xUnit.net 00:00:02.33]   Starting:    ViceSharp.TestHarness
xvic vice_machine_create call=1 model=vic20
xvic vice_machine_reset call=1 machine=000001de9e410740
xvic vice_machine_step_cycle call=1 machine=000001de9e410740
xvic cycle_checkpoint: granted=1 running=1 paused=0 stop=0
xvic vice_machine_step_cycle call=2 machine=000001de9e410740
xvic cycle_checkpoint: granted=1 running=1 paused=0 stop=0
xvic vice_machine_step_cycle call=3 machine=000001de9e410740
xvic cycle_checkpoint: granted=1 running=1 paused=0 stop=0
xvic vice_machine_step_cycle call=4 machine=000001de9e410740
xvic cycle_checkpoint: granted=1 running=1 paused=0 stop=0
xvic vice_machine_step_cycle call=5 machine=000001de9e410740
xvic cycle_checkpoint: granted=1 running=1 paused=0 stop=0
xvic vice_machine_step_cycle call=6 machine=000001de9e410740
xvic cycle_checkpoint: granted=1 running=1 paused=0 stop=0
xvic vice_machine_step_cycle call=7 machine=000001de9e410740
xvic cycle_checkpoint: granted=1 running=1 paused=0 stop=0
xvic vice_machine_step_cycle call=8 machine=000001de9e410740
xvic cycle_checkpoint: granted=1 running=1 paused=0 stop=0
xvic vice_machine_step_cycle call=9 machine=000001de9e410740
xvic cycle_checkpoint: granted=1 running=1 paused=0 stop=0
xvic vice_machine_step_cycle call=10 machine=000001de9e410740
xvic cycle_checkpoint: granted=1 running=1 paused=0 stop=0
xvic vice_machine_step_cycle call=11 machine=000001de9e410740
xvic cycle_checkpoint: granted=1 running=1 paused=0 stop=0
xvic vice_machine_step_cycle call=12 machine=000001de9e410740
xvic cycle_checkpoint: granted=1 running=1 paused=0 stop=0
xvic vice_machine_step_cycle call=13 machine=000001de9e410740
xvic cycle_checkpoint: granted=1 running=1 paused=0 stop=0
xvic vice_machine_step_cycle call=14 machine=000001de9e410740
xvic cycle_checkpoint: granted=1 running=1 paused=0 stop=0
xvic vice_machine_step_cycle call=15 machine=000001de9e410740
xvic cycle_checkpoint: granted=1 running=1 paused=0 stop=0
xvic vice_machine_step_cycle call=16 machine=000001de9e410740
xvic cycle_checkpoint: granted=1 running=1 paused=0 stop=0
xvic vice_machine_create call=2 model=vic20
xvic vice_machine_reset call=2 machine=000001de9e410980
  Passed ViceSharp.TestHarness.Vic20.Vic20VideoLockstep.EveryCycle_VicI_VideoState_Match_2k [757 ms]
[xUnit.net 00:00:05.16]   Finished:    ViceSharp.TestHarness (ID = 'ab71db7394e73a1adc1130e42fc74f059e0e20545bf7641bf1047ee89aadf982')
  Passed ViceSharp.TestHarness.Vic20.Vic20VideoLockstep.EveryCycle_VicI_VideoState_Match_FocusedWindow [1 s]

Test Run Successful.
Total tests: 2
     Passed: 2
 Total time: 5.7660 Seconds
