Test run for F:\GitHub\vice-sharp\tests\ViceSharp.TestHarness\bin\Release\net10.0\ViceSharp.TestHarness.dll (.NETCoreApp,Version=v10.0)
A total of 1 test files matched the specified pattern.
[xUnit.net 00:00:21.01]     ViceSharp.TestHarness.C64ColorRamPlaNativeTests.Wolf64Disk_ReportsFirstMismatchCycle [FAIL]
Data collector 'Blame' message: All tests finished running, Sequence file will not be generated.
  Failed ViceSharp.TestHarness.C64ColorRamPlaNativeTests.Wolf64Disk_ReportsFirstMismatchCycle [18 s]
  Error Message:
   Wolf64 lockstep diverged at sample 2049502 01=27 d015=00 d018=15: ViceSharp.Abstractions.StateDiff
sampleIndex=2049501 managedCycle=2049502 nativeCycle=2049502
input automation: phase=WaitingForReady, keyIndex=0/12, readyWaitFrames=104, frameDelay=0, nextFrameCycle=2063880, pressed='', lastError=''
cycle 2049487: managed PC=$FF63 A=$53 X=$01 Y=$84 S=$FD P=$25; native PC=$FF63 A=$53 X=$01 Y=$84 S=$FD P=$25; nativeDelta=1; managed VIC line=$053 x=40 bad=True hold=True; native VIC line=$053 x=40 bad=True spriteDma=$00; cpuStealEligible=True cpuCycle=0 opcode=$D0 delay=False
cycle 2049488: managed PC=$FF63 A=$53 X=$01 Y=$84 S=$FD P=$25; native PC=$FF63 A=$53 X=$01 Y=$84 S=$FD P=$25; nativeDelta=1; managed VIC line=$053 x=41 bad=True hold=True; native VIC line=$053 x=41 bad=True spriteDma=$00; cpuStealEligible=True cpuCycle=0 opcode=$D0 delay=False
cycle 2049489: managed PC=$FF63 A=$53 X=$01 Y=$84 S=$FD P=$25; native PC=$FF63 A=$53 X=$01 Y=$84 S=$FD P=$25; nativeDelta=1; managed VIC line=$053 x=42 bad=True hold=True; native VIC line=$053 x=42 bad=True spriteDma=$00; cpuStealEligible=True cpuCycle=0 opcode=$D0 delay=False
cycle 2049490: managed PC=$FF63 A=$53 X=$01 Y=$84 S=$FD P=$25; native PC=$FF63 A=$53 X=$01 Y=$84 S=$FD P=$25; nativeDelta=1; managed VIC line=$053 x=43 bad=True hold=True; native VIC line=$053 x=43 bad=True spriteDma=$00; cpuStealEligible=True cpuCycle=0 opcode=$D0 delay=False
cycle 2049491: managed PC=$FF63 A=$53 X=$01 Y=$84 S=$FD P=$25; native PC=$FF63 A=$53 X=$01 Y=$84 S=$FD P=$25; nativeDelta=1; managed VIC line=$053 x=44 bad=True hold=True; native VIC line=$053 x=44 bad=True spriteDma=$00; cpuStealEligible=True cpuCycle=0 opcode=$D0 delay=False
cycle 2049492: managed PC=$FF63 A=$53 X=$01 Y=$84 S=$FD P=$25; native PC=$FF63 A=$53 X=$01 Y=$84 S=$FD P=$25; nativeDelta=1; managed VIC line=$053 x=45 bad=True hold=True; native VIC line=$053 x=45 bad=True spriteDma=$00; cpuStealEligible=True cpuCycle=0 opcode=$D0 delay=False
cycle 2049493: managed PC=$FF63 A=$53 X=$01 Y=$84 S=$FD P=$25; native PC=$FF63 A=$53 X=$01 Y=$84 S=$FD P=$25; nativeDelta=1; managed VIC line=$053 x=46 bad=True hold=True; native VIC line=$053 x=46 bad=True spriteDma=$00; cpuStealEligible=True cpuCycle=0 opcode=$D0 delay=False
cycle 2049494: managed PC=$FF63 A=$53 X=$01 Y=$84 S=$FD P=$25; native PC=$FF63 A=$53 X=$01 Y=$84 S=$FD P=$25; nativeDelta=1; managed VIC line=$053 x=47 bad=True hold=True; native VIC line=$053 x=47 bad=True spriteDma=$00; cpuStealEligible=True cpuCycle=0 opcode=$D0 delay=False
cycle 2049495: managed PC=$FF63 A=$53 X=$01 Y=$84 S=$FD P=$25; native PC=$FF63 A=$53 X=$01 Y=$84 S=$FD P=$25; nativeDelta=1; managed VIC line=$053 x=48 bad=True hold=True; native VIC line=$053 x=48 bad=True spriteDma=$00; cpuStealEligible=True cpuCycle=0 opcode=$D0 delay=False
cycle 2049496: managed PC=$FF63 A=$53 X=$01 Y=$84 S=$FD P=$25; native PC=$FF63 A=$53 X=$01 Y=$84 S=$FD P=$25; nativeDelta=1; managed VIC line=$053 x=49 bad=True hold=True; native VIC line=$053 x=49 bad=True spriteDma=$00; cpuStealEligible=True cpuCycle=0 opcode=$D0 delay=False
cycle 2049497: managed PC=$FF63 A=$53 X=$01 Y=$84 S=$FD P=$25; native PC=$FF63 A=$53 X=$01 Y=$84 S=$FD P=$25; nativeDelta=1; managed VIC line=$053 x=50 bad=True hold=True; native VIC line=$053 x=50 bad=True spriteDma=$00; cpuStealEligible=True cpuCycle=0 opcode=$D0 delay=False
cycle 2049498: managed PC=$FF63 A=$53 X=$01 Y=$84 S=$FD P=$25; native PC=$FF63 A=$53 X=$01 Y=$84 S=$FD P=$25; nativeDelta=1; managed VIC line=$053 x=51 bad=True hold=True; native VIC line=$053 x=51 bad=True spriteDma=$00; cpuStealEligible=True cpuCycle=0 opcode=$D0 delay=False
cycle 2049499: managed PC=$FF63 A=$53 X=$01 Y=$84 S=$FD P=$25; native PC=$FF63 A=$53 X=$01 Y=$84 S=$FD P=$25; nativeDelta=1; managed VIC line=$053 x=52 bad=True hold=True; native VIC line=$053 x=52 bad=True spriteDma=$00; cpuStealEligible=True cpuCycle=0 opcode=$D0 delay=False
cycle 2049500: managed PC=$FF63 A=$53 X=$01 Y=$84 S=$FD P=$25; native PC=$FF63 A=$53 X=$01 Y=$84 S=$FD P=$25; nativeDelta=1; managed VIC line=$053 x=53 bad=True hold=True; native VIC line=$053 x=53 bad=True spriteDma=$00; cpuStealEligible=True cpuCycle=0 opcode=$D0 delay=False
cycle 2049501: managed PC=$FF63 A=$53 X=$01 Y=$84 S=$FD P=$25; native PC=$FF63 A=$53 X=$01 Y=$84 S=$FD P=$25; nativeDelta=1; managed VIC line=$053 x=54 bad=True hold=True; native VIC line=$053 x=54 bad=True spriteDma=$00; cpuStealEligible=True cpuCycle=0 opcode=$D0 delay=False
cycle 2049502: managed PC=$FF63 A=$53 X=$01 Y=$84 S=$FD P=$25; native PC=$FF5E A=$53 X=$01 Y=$84 S=$FD P=$25; nativeDelta=1; managed VIC line=$053 x=55 bad=True hold=False; native VIC line=$053 x=55 bad=True spriteDma=$00; cpuStealEligible=True cpuCycle=0 opcode=$D0 delay=False
managed screen: [                                                                                                                                                                                                                                                                                                                                                                                                                                                                                                                                                                                                                                                                                                                                                                                                                                                                                                                                                                                                                                        ]
native screen: [                                                                                                                                                                                                                                                                                                                                                                                                                                                                                                                                                                                                                                                                                                                                                                                                                                                                                                                                                                                                                                        ]
  Stack Trace:
     at ViceSharp.TestHarness.C64ColorRamPlaNativeTests.Wolf64Disk_ReportsFirstMismatchCycle() in F:\GitHub\vice-sharp\tests\ViceSharp.TestHarness\C64ColorRamPlaNativeTests.cs:line 93
   at System.Reflection.MethodBaseInvoker.InterpretedInvoke_Method(Object obj, IntPtr* args)
   at System.Reflection.MethodBaseInvoker.InvokeWithNoArgs(Object obj, BindingFlags invokeAttr)
Results File: F:\GitHub\vice-sharp\docs\receipts\wolf64-lockstep-20260916T171000Z\wolf64.trx

Failed!  - Failed:     1, Passed:     0, Skipped:     0, Total:     1, Duration: 18 s - ViceSharp.TestHarness.dll (net10.0)
